Archive member included because of file (symbol)

c:/app/coide/gcc/sourcery g++ lite/bin/../lib/gcc/arm-none-eabi/4.5.1/thumb2\libgcc.a(_arm_addsubdf3.o)
                              ..\obj\stellaris_1.o (__aeabi_dsub)
c:/app/coide/gcc/sourcery g++ lite/bin/../lib/gcc/arm-none-eabi/4.5.1/thumb2\libgcc.a(_arm_muldivdf3.o)
                              ..\obj\stellaris_1.o (__aeabi_dmul)
c:/app/coide/gcc/sourcery g++ lite/bin/../lib/gcc/arm-none-eabi/4.5.1/thumb2\libgcc.a(_arm_cmpdf2.o)
                              ..\obj\stellaris_1.o (__aeabi_dcmpeq)
c:/app/coide/gcc/sourcery g++ lite/bin/../lib/gcc/arm-none-eabi/4.5.1/thumb2\libgcc.a(_arm_truncdfsf2.o)
                              ..\obj\Task_Control.o (__aeabi_d2f)
c:/app/coide/gcc/sourcery g++ lite/bin/../lib/gcc/arm-none-eabi/4.5.1/thumb2\libgcc.a(_arm_addsubsf3.o)
                              ..\obj\pwm_generico.o (__aeabi_ui2f)
c:/app/coide/gcc/sourcery g++ lite/bin/../lib/gcc/arm-none-eabi/4.5.1/thumb2\libgcc.a(_arm_muldivsf3.o)
                              ..\obj\pwm_generico.o (__aeabi_fmul)
c:/app/coide/gcc/sourcery g++ lite/bin/../lib/gcc/arm-none-eabi/4.5.1/thumb2\libgcc.a(_arm_cmpsf2.o)
                              ..\obj\ultrasonidos.o (__aeabi_fcmplt)
c:/app/coide/gcc/sourcery g++ lite/bin/../lib/gcc/arm-none-eabi/4.5.1/thumb2\libgcc.a(_arm_fixunssfsi.o)
                              ..\obj\pwm_generico.o (__aeabi_f2uiz)
c:/app/coide/gcc/sourcery g++ lite/bin/../lib/gcc/arm-none-eabi/4.5.1/../../../../arm-none-eabi/lib/thumb2\libc.a(lib_a-memcpy.o)
                              ..\obj\queue.o (memcpy)
c:/app/coide/gcc/sourcery g++ lite/bin/../lib/gcc/arm-none-eabi/4.5.1/../../../../arm-none-eabi/lib/thumb2\libc.a(lib_a-memset.o)
                              ..\obj\stellaris_1.o (memset)
c:/app/coide/gcc/sourcery g++ lite/bin/../lib/gcc/arm-none-eabi/4.5.1/../../../../arm-none-eabi/lib/thumb2\libc.a(lib_a-sprintf.o)
                              ..\obj\task_display.o (sprintf)
c:/app/coide/gcc/sourcery g++ lite/bin/../lib/gcc/arm-none-eabi/4.5.1/../../../../arm-none-eabi/lib/thumb2\libc.a(lib_a-strlen.o)
                              ..\obj\framebuffer.o (strlen)
c:/app/coide/gcc/sourcery g++ lite/bin/../lib/gcc/arm-none-eabi/4.5.1/../../../../arm-none-eabi/lib/thumb2\libc.a(lib_a-strncpy.o)
                              ..\obj\tasks.o (strncpy)
c:/app/coide/gcc/sourcery g++ lite/bin/../lib/gcc/arm-none-eabi/4.5.1/../../../../arm-none-eabi/lib/thumb2\libc.a(lib_a-svfprintf.o)
                              c:/app/coide/gcc/sourcery g++ lite/bin/../lib/gcc/arm-none-eabi/4.5.1/../../../../arm-none-eabi/lib/thumb2\libc.a(lib_a-sprintf.o) (_svfprintf_r)
c:/app/coide/gcc/sourcery g++ lite/bin/../lib/gcc/arm-none-eabi/4.5.1/../../../../arm-none-eabi/lib/thumb2\libc.a(lib_a-dtoa.o)
                              c:/app/coide/gcc/sourcery g++ lite/bin/../lib/gcc/arm-none-eabi/4.5.1/../../../../arm-none-eabi/lib/thumb2\libc.a(lib_a-svfprintf.o) (_dtoa_r)
c:/app/coide/gcc/sourcery g++ lite/bin/../lib/gcc/arm-none-eabi/4.5.1/../../../../arm-none-eabi/lib/thumb2\libc.a(lib_a-impure.o)
                              c:/app/coide/gcc/sourcery g++ lite/bin/../lib/gcc/arm-none-eabi/4.5.1/../../../../arm-none-eabi/lib/thumb2\libc.a(lib_a-sprintf.o) (_impure_ptr)
c:/app/coide/gcc/sourcery g++ lite/bin/../lib/gcc/arm-none-eabi/4.5.1/../../../../arm-none-eabi/lib/thumb2\libc.a(lib_a-locale.o)
                              c:/app/coide/gcc/sourcery g++ lite/bin/../lib/gcc/arm-none-eabi/4.5.1/../../../../arm-none-eabi/lib/thumb2\libc.a(lib_a-svfprintf.o) (_localeconv_r)
c:/app/coide/gcc/sourcery g++ lite/bin/../lib/gcc/arm-none-eabi/4.5.1/../../../../arm-none-eabi/lib/thumb2\libc.a(lib_a-malloc.o)
                              c:/app/coide/gcc/sourcery g++ lite/bin/../lib/gcc/arm-none-eabi/4.5.1/../../../../arm-none-eabi/lib/thumb2\libc.a(lib_a-dtoa.o) (malloc)
c:/app/coide/gcc/sourcery g++ lite/bin/../lib/gcc/arm-none-eabi/4.5.1/../../../../arm-none-eabi/lib/thumb2\libc.a(lib_a-mallocr.o)
                              c:/app/coide/gcc/sourcery g++ lite/bin/../lib/gcc/arm-none-eabi/4.5.1/../../../../arm-none-eabi/lib/thumb2\libc.a(lib_a-svfprintf.o) (_malloc_r)
c:/app/coide/gcc/sourcery g++ lite/bin/../lib/gcc/arm-none-eabi/4.5.1/../../../../arm-none-eabi/lib/thumb2\libc.a(lib_a-memchr.o)
                              c:/app/coide/gcc/sourcery g++ lite/bin/../lib/gcc/arm-none-eabi/4.5.1/../../../../arm-none-eabi/lib/thumb2\libc.a(lib_a-svfprintf.o) (memchr)
c:/app/coide/gcc/sourcery g++ lite/bin/../lib/gcc/arm-none-eabi/4.5.1/../../../../arm-none-eabi/lib/thumb2\libc.a(lib_a-mlock.o)
                              c:/app/coide/gcc/sourcery g++ lite/bin/../lib/gcc/arm-none-eabi/4.5.1/../../../../arm-none-eabi/lib/thumb2\libc.a(lib_a-mallocr.o) (__malloc_lock)
c:/app/coide/gcc/sourcery g++ lite/bin/../lib/gcc/arm-none-eabi/4.5.1/../../../../arm-none-eabi/lib/thumb2\libc.a(lib_a-mprec.o)
[...]
Memory Configuration

Name             Origin             Length             Attributes
rom              0x00000000         0x00040000         xr
ram              0x20000000         0x00010000         xrw
*default*        0x00000000         0xffffffff

Linker script and memory map

                0x20010000                _eram = 0x20010000

.text           0x00000000     0xd208
 *(.isr_vector .isr_vector.*)
 .isr_vector    0x00000000      0x100 ..\obj\startup_lm3s.o
                0x00000000                g_pfnVectors
 *(.text .text.* .gnu.linkonce.t.*)
 .text.RECECPCION_INFRARROJOS_fev_flanco_positivo
                0x00000100       0x1c ..\obj\Recepcion_Infrarrojos.o
                0x00000100                RECECPCION_INFRARROJOS_fev_flanco_positivo
 .text.RECECPCION_INFRARROJOS_fev_flanco_t_corto_min
                0x0000011c       0x58 ..\obj\Recepcion_Infrarrojos.o
                0x0000011c                RECECPCION_INFRARROJOS_fev_flanco_t_corto_min
 .text.RECECPCION_INFRARROJOS_fev_flanco_positivo_t_corto_ok
                0x00000174       0x9c ..\obj\Recepcion_Infrarrojos.o
                0x00000174                RECECPCION_INFRARROJOS_fev_flanco_positivo_t_corto_ok
 .text.RECECPCION_INFRARROJOS_fev_flanco_t_largo_min
                0x00000210       0x58 ..\obj\Recepcion_Infrarrojos.o
                0x00000210                RECECPCION_INFRARROJOS_fev_flanco_t_largo_min
 .text.RECECPCION_INFRARROJOS_fev_flanco_positivo_t_largo_ok
                0x00000268       0x9c ..\obj\Recepcion_Infrarrojos.o
                0x00000268                RECECPCION_INFRARROJOS_fev_flanco_positivo_t_largo_ok
 .text.RECECPCION_INFRARROJOS_fev_flanco_negativo
                0x00000304       0x1c ..\obj\Recepcion_Infrarrojos.o
                0x00000304                RECECPCION_INFRARROJOS_fev_flanco_negativo
 .text.RECECPCION_INFRARROJOS_fev_flanco_negativo_t_corto_ok
                0x00000320       0x9c ..\obj\Recepcion_Infrarrojos.o
                0x00000320                RECECPCION_INFRARROJOS_fev_flanco_negativo_t_corto_ok
 .text.RECECPCION_INFRARROJOS_fev_flanco_negativo_t_largo_ok
                0x000003bc       0x9c ..\obj\Recepcion_Infrarrojos.o
                0x000003bc                RECECPCION_INFRARROJOS_fev_flanco_negativo_t_largo_ok
 .text.RECECPCION_INFRARROJOS_fev_izquierda_pulsado
                0x00000458       0x30 ..\obj\Recepcion_Infrarrojos.o
                0x00000458                RECECPCION_INFRARROJOS_fev_izquierda_pulsado
 .text.RECECPCION_INFRARROJOS_fev_derecha_pulsado
                0x00000488       0x30 ..\obj\Recepcion_Infrarrojos.o
                0x00000488                RECECPCION_INFRARROJOS_fev_derecha_pulsado
 .text.RECECPCION_INFRARROJOS_fac_leer_on
                0x000004b8       0x1c ..\obj\Recepcion_Infrarrojos.o
                0x000004b8                RECECPCION_INFRARROJOS_fac_leer_on
 .text.RECECPCION_INFRARROJOS_fac_leer_off
                0x000004d4       0x1c ..\obj\Recepcion_Infrarrojos.o
                0x000004d4                RECECPCION_INFRARROJOS_fac_leer_off
 .text.RECECPCION_INFRARROJOS_fac_leer_on_2
                0x000004f0       0x1c ..\obj\Recepcion_Infrarrojos.o
                0x000004f0                RECECPCION_INFRARROJOS_fac_leer_on_2
 .text.RECECPCION_INFRARROJOS_fac_leer_off_2
                0x0000050c       0x1c ..\obj\Recepcion_Infrarrojos.o
                0x0000050c                RECECPCION_INFRARROJOS_fac_leer_off_2
 .text.RECECPCION_INFRARROJOS_fac_leer_on_4
                0x00000528       0x1c ..\obj\Recepcion_Infrarrojos.o
                0x00000528                RECECPCION_INFRARROJOS_fac_leer_on_4
 .text.RECECPCION_INFRARROJOS_fac_leer_off_3
                0x00000544       0x1c ..\obj\Recepcion_Infrarrojos.o
                0x00000544                RECECPCION_INFRARROJOS_fac_leer_off_3
 .text.RECECPCION_INFRARROJOS_fac_leer_on_3
                0x00000560       0x1c ..\obj\Recepcion_Infrarrojos.o
                0x00000560                RECECPCION_INFRARROJOS_fac_leer_on_3
 .text.RECECPCION_INFRARROJOS_fac_leer_off_4
                0x0000057c       0x1c ..\obj\Recepcion_Infrarrojos.o
                0x0000057c                RECECPCION_INFRARROJOS_fac_leer_off_4
 .text.RECECPCION_INFRARROJOS_fac_activar
                0x00000598       0x44 ..\obj\Recepcion_Infrarrojos.o
                0x00000598                RECECPCION_INFRARROJOS_fac_activar
 .text.RECECPCION_INFRARROJOS_fac_desactivar
                0x000005dc       0x48 ..\obj\Recepcion_Infrarrojos.o
                0x000005dc                RECECPCION_INFRARROJOS_fac_desactivar
 .text.RECECPCION_INFRARROJOS_fev_t_corto
                0x00000624       0x58 ..\obj\Recepcion_Infrarrojos.o
                0x00000624                RECECPCION_INFRARROJOS_fev_t_corto
 .text.RECECPCION_INFRARROJOS_fev_t_largo
                0x0000067c       0x58 ..\obj\Recepcion_Infrarrojos.o
                0x0000067c                RECECPCION_INFRARROJOS_fev_t_largo
 .text.RECECPCION_INFRARROJOS_fac_cancelar
                0x000006d4       0x34 ..\obj\Recepcion_Infrarrojos.o
                0x000006d4                RECECPCION_INFRARROJOS_fac_cancelar
 .text.RECEPCION_INFRARROJOS_fac_borrar_inter
                0x00000708       0x28 ..\obj\Recepcion_Infrarrojos.o
                0x00000708                RECEPCION_INFRARROJOS_fac_borrar_inter
 .text.RECECPCION_INFRARROJOS_fac_preguntar
                0x00000730       0x28 ..\obj\Recepcion_Infrarrojos.o
                0x00000730                RECECPCION_INFRARROJOS_fac_preguntar
 .text.RECEPCION_INFRARROJOS_coger_tiempo_actual
                0x00000758       0x34 ..\obj\Recepcion_Infrarrojos.o
                0x00000758                RECEPCION_INFRARROJOS_coger_tiempo_actual
 .text.RECEPCION_INFRARROJOS_dormir_tarea_190ms
                0x0000078c       0x18 ..\obj\Recepcion_Infrarrojos.o
                0x0000078c                RECEPCION_INFRARROJOS_dormir_tarea_190ms
 .text.RECEPCION_INFRARROJOS_dormir_tarea_90ms
                0x000007a4       0x18 ..\obj\Recepcion_Infrarrojos.o
                0x000007a4                RECEPCION_INFRARROJOS_dormir_tarea_90ms
 .text.RECEPCION_INFRARROJOS_mirar_flanco_positivo
                0x000007bc       0x30 ..\obj\Recepcion_Infrarrojos.o
                0x000007bc                RECEPCION_INFRARROJOS_mirar_flanco_positivo
 .text.RECEPCION_INFRARROJOS_mirar_flanco_negativo
                0x000007ec       0x30 ..\obj\Recepcion_Infrarrojos.o
                0x000007ec                RECEPCION_INFRARROJOS_mirar_flanco_negativo
 .text.RECECPCION_INFRARROJOS_fev_comunicacion_activada
                0x0000081c       0x18 ..\obj\Recepcion_Infrarrojos.o
                0x0000081c                RECECPCION_INFRARROJOS_fev_comunicacion_activada
 .text.RECECPCION_INFRARROJOS_fac_medir_senal
                0x00000834       0xf4 ..\obj\Recepcion_Infrarrojos.o
                0x00000834                RECECPCION_INFRARROJOS_fac_medir_senal
 .text.PINES_inicializar
                0x00000928      0x168 ..\obj\pines.o
                0x00000928                PINES_inicializar
 .text.PINES_inicializar_int_both_edges
                0x00000a90      0x148 ..\obj\pines.o
                0x00000a90                PINES_inicializar_int_both_edges
 .text.PortDInterruptHandler
                0x00000bd8      0x11c ..\obj\pines.o
                0x00000bd8                PortDInterruptHandler
 .text.SystemInit
                0x00000cf4      0x238 ..\obj\system_lm3s.o
                0x00000cf4                SystemInit
 .text.getOscClk
                0x00000f2c      0x15c ..\obj\system_lm3s.o
 .text.stellaris_1_step
                0x00001088      0x300 ..\obj\stellaris_1.o
                0x00001088                stellaris_1_step
 .text.stellaris_1_initialize
                0x00001388       0x40 ..\obj\stellaris_1.o
                0x00001388                stellaris_1_initialize
 .text.PWMGenConfigure
                0x000013c8       0x74 ..\obj\pwm.o
                0x000013c8                PWMGenConfigure
 .text.PWMGenPeriodSet
                0x0000143c       0x48 ..\obj\pwm.o
                0x0000143c                PWMGenPeriodSet
 .text.PWMGenEnable
                0x00001484       0x28 ..\obj\pwm.o
                0x00001484                PWMGenEnable
 .text.PWMPulseWidthSet
                0x000014ac       0x6c ..\obj\pwm.o
                0x000014ac                PWMPulseWidthSet
 .text.PWMOutputState
                0x00001518       0x50 ..\obj\pwm.o
                0x00001518                PWMOutputState
 .text.vTask_Control
                0x00001568       0x40 ..\obj\Task_Control.o
                0x00001568                vTask_Control
 .text.rt_OneStep
                0x000015a8      0x240 ..\obj\Task_Control.o
                0x000015a8                rt_OneStep
 .text.SYSTEM_TICK_coger_valor_ticks
                0x000017e8       0x20 ..\obj\system_tick.o
                0x000017e8                SYSTEM_TICK_coger_valor_ticks
 .text.main     0x00001808      0x26c ..\obj\main.o
                0x00001808                main
 .text.pwm_init
                0x00001a74       0x20 ..\obj\main.o
                0x00001a74                pwm_init
 .text.FRAME_BUFFER_init
                0x00001a94      0x10c ..\obj\framebuffer.o
                0x00001a94                FRAME_BUFFER_init
 .text.FRAME_BUFFER_insert_text
                0x00001ba0      0x16c ..\obj\framebuffer.o
                0x00001ba0                FRAME_BUFFER_insert_text
 .text.FRAME_BUFFER_change_text
                0x00001d0c       0x58 ..\obj\framebuffer.o
                0x00001d0c                FRAME_BUFFER_change_text
 .text.FRAME_BUFFER_write_to_display
                0x00001d64      0x2e8 ..\obj\framebuffer.o
                0x00001d64                FRAME_BUFFER_write_to_display
 .text.SysCtlPeripheralEnable
                0x0000204c       0x58 ..\obj\sysctl.o
                0x0000204c                SysCtlPeripheralEnable
 .text.SysCtlDelay
                0x000020a4        0x8 ..\obj\sysctl.o
                0x000020a4                SysCtlDelay
 .text.SysCtlClockSet
                0x000020ac      0x290 ..\obj\sysctl.o
                0x000020ac                SysCtlClockSet
 .text.SysCtlClockGet
                0x0000233c      0x384 ..\obj\sysctl.o
                0x0000233c                SysCtlClockGet
 .text.SysCtlPWMClockSet
                0x000026c0       0x30 ..\obj\sysctl.o
                0x000026c0                SysCtlPWMClockSet
 .text.SysCtlADCSpeedSet
                0x000026f0       0x50 ..\obj\sysctl.o
                0x000026f0                SysCtlADCSpeedSet
 .text.GPIODirModeSet
                0x00002740       0x88 ..\obj\gpio.o
                0x00002740                GPIODirModeSet
 .text.GPIOIntTypeSet
                0x000027c8       0xd4 ..\obj\gpio.o
                0x000027c8                GPIOIntTypeSet
 .text.GPIOPadConfigSet
                0x0000289c      0x230 ..\obj\gpio.o
                0x0000289c                GPIOPadConfigSet
 .text.GPIOPinIntEnable
                0x00002acc       0x2c ..\obj\gpio.o
                0x00002acc                GPIOPinIntEnable
 .text.GPIOPinIntStatus
                0x00002af8       0x34 ..\obj\gpio.o
                0x00002af8                GPIOPinIntStatus
 .text.GPIOPinIntClear
                0x00002b2c       0x24 ..\obj\gpio.o
                0x00002b2c                GPIOPinIntClear
 .text.GPIOPinRead
                0x00002b50       0x28 ..\obj\gpio.o
                0x00002b50                GPIOPinRead
 .text.GPIOPinWrite
                0x00002b78       0x2c ..\obj\gpio.o
                0x00002b78                GPIOPinWrite
 .text.GPIOPinTypeADC
                0x00002ba4       0x34 ..\obj\gpio.o
                0x00002ba4                GPIOPinTypeADC
 .text.GPIOPinTypeGPIOInput
                0x00002bd8       0x34 ..\obj\gpio.o
                0x00002bd8                GPIOPinTypeGPIOInput
 .text.GPIOPinTypeGPIOOutput
                0x00002c0c       0x34 ..\obj\gpio.o
                0x00002c0c                GPIOPinTypeGPIOOutput
 .text.GPIOPinTypePWM
                0x00002c40       0x34 ..\obj\gpio.o
                0x00002c40                GPIOPinTypePWM
 .text.GPIOPinTypeSSI
                0x00002c74       0x34 ..\obj\gpio.o
                0x00002c74                GPIOPinTypeSSI
 .text.DISPLAY_inicializar
                0x00002ca8      0x114 ..\obj\display.o
                0x00002ca8                DISPLAY_inicializar
 .text.DISPLAY_indicar_estado
                0x00002dbc       0xdc ..\obj\display.o
                0x00002dbc                DISPLAY_indicar_estado
 .text.DISPLAY_peticion_seguimiento
                0x00002e98       0x38 ..\obj\display.o
                0x00002e98                DISPLAY_peticion_seguimiento
 .text.DISPLAY_GENERICO_dibuja_string
                0x00002ed0       0x24 ..\obj\display_RIT.o
                0x00002ed0                DISPLAY_GENERICO_dibuja_string
 .text.DISPLAY_GENERICO_dibuja_imagen
                0x00002ef4       0x28 ..\obj\display_RIT.o
                0x00002ef4                DISPLAY_GENERICO_dibuja_imagen
 .text.DISPLAY_GENERICO_init
                0x00002f1c       0x14 ..\obj\display_RIT.o
                0x00002f1c                DISPLAY_GENERICO_init
 .text.xTaskGenericCreate
                0x00002f30      0x1ac ..\obj\tasks.o
                0x00002f30                xTaskGenericCreate
 .text.vTaskDelayUntil
                0x000030dc       0xb0 ..\obj\tasks.o
                0x000030dc                vTaskDelayUntil
 .text.vTaskSuspend
                0x0000318c       0xc0 ..\obj\tasks.o
                0x0000318c                vTaskSuspend
 .text.xTaskIsTaskSuspended
                0x0000324c       0x50 ..\obj\tasks.o
                0x0000324c                xTaskIsTaskSuspended
 .text.vTaskResume
                0x0000329c       0xac ..\obj\tasks.o
                0x0000329c                vTaskResume
 .text.vTaskStartScheduler
                0x00003348       0x74 ..\obj\tasks.o
                0x00003348                vTaskStartScheduler
 .text.vTaskSuspendAll
                0x000033bc       0x24 ..\obj\tasks.o
                0x000033bc                vTaskSuspendAll
 .text.xTaskResumeAll
                0x000033e0      0x154 ..\obj\tasks.o
                0x000033e0                xTaskResumeAll
 .text.xTaskGetTickCount
                0x00003534       0x28 ..\obj\tasks.o
                0x00003534                xTaskGetTickCount
 .text.vTaskIncrementTick
                0x0000355c      0x1b8 ..\obj\tasks.o
                0x0000355c                vTaskIncrementTick
 .text.vTaskSwitchContext
                0x00003714       0xd0 ..\obj\tasks.o
                0x00003714                vTaskSwitchContext
 .text.prvIdleTask
                0x000037e4       0x10 ..\obj\tasks.o
 .text.prvInitialiseTCBVariables
                0x000037f4       0x78 ..\obj\tasks.o
 .text.prvInitialiseTaskLists
                0x0000386c       0x98 ..\obj\tasks.o
 .text.prvCheckTasksWaitingTermination
                0x00003904        0xc ..\obj\tasks.o
 .text.prvAddCurrentTaskToDelayedList
                0x00003910       0x8c ..\obj\tasks.o
 .text.prvAllocateTCBAndStack
                0x0000399c       0x74 ..\obj\tasks.o
 .text.EjecutaAutomata
                0x00003a10       0x50 ..\obj\egoera_makina.o
                0x00003a10                EjecutaAutomata
 .text.EjecutaEstadoVertical
                0x00003a60       0x78 ..\obj\egoera_makina.o
                0x00003a60                EjecutaEstadoVertical
 .text.vTask_Seguridad
                0x00003ad8      0x1dc ..\obj\Task_Seguridad.o
                0x00003ad8                vTask_Seguridad
 .text.SEGURIDAD_ini
                0x00003cb4        0xc ..\obj\Task_Seguridad.o
                0x00003cb4                SEGURIDAD_ini
 .text.IntEnable
                0x00003cc0       0xd8 ..\obj\interrupt.o
                0x00003cc0                IntEnable
 .text.RITWriteCommand
                0x00003d98       0xfc ..\obj\rit128x96x4.o
 .text.RITWriteData
                0x00003e94       0xfc ..\obj\rit128x96x4.o
 .text.RIT128x96x4Clear
                0x00003f90       0x9c ..\obj\rit128x96x4.o
                0x00003f90                RIT128x96x4Clear
 .text.RIT128x96x4StringDraw
                0x0000402c      0x1e0 ..\obj\rit128x96x4.o
                0x0000402c                RIT128x96x4StringDraw
 .text.RIT128x96x4ImageDraw
                0x0000420c       0xec ..\obj\rit128x96x4.o
                0x0000420c                RIT128x96x4ImageDraw
 .text.RIT128x96x4Enable
                0x000042f8       0xa4 ..\obj\rit128x96x4.o
                0x000042f8                RIT128x96x4Enable
 .text.RIT128x96x4Init
                0x0000439c      0x128 ..\obj\rit128x96x4.o
                0x0000439c                RIT128x96x4Init
 .text.KEYPAD_inicializacion_keypad
                0x000044c4       0xf0 ..\obj\keypad.o
                0x000044c4                KEYPAD_inicializacion_keypad
 .text.PortEInterruptHandler
                0x000045b4      0x11c ..\obj\keypad.o
                0x000045b4                PortEInterruptHandler
 .text.PortFInterruptHandler
                0x000046d0       0x60 ..\obj\keypad.o
                0x000046d0                PortFInterruptHandler
 .text.AD_ObtenerValorADC_Channel2
                0x00004730       0xc0 ..\obj\ad.o
                0x00004730                AD_ObtenerValorADC_Channel2
 .text.AD_ObtenerValorADC_Channel3
                0x000047f0       0xc0 ..\obj\ad.o
                0x000047f0                AD_ObtenerValorADC_Channel3
 .text.Default_Reset_Handler
                0x000048b0       0x6c ..\obj\startup_lm3s.o
                0x000048b0                Default_Reset_Handler
                0x000048b0                Reset_Handler
 .text.Default_Handler
                0x0000491c        0x8 ..\obj\startup_lm3s.o
                0x0000491c                DebugMon_Handler
                0x0000491c                FlashCtrl_IRQHandler
                0x0000491c                Timer0B_IRQHandler
                0x0000491c                I2C0_IRQHandler
                0x0000491c                HardFault_Handler
                0x0000491c                SysTick_Handler
                0x0000491c                PendSV_Handler
                0x0000491c                NMI_Handler
                0x0000491c                I2C1_IRQHandler
                0x0000491c                PWMGen0_IRQHandler
                0x0000491c                UART1_IRQHandler
                0x0000491c                CAN1_IRQHandler
                0x0000491c                Timer1B_IRQHandler
                0x0000491c                Watchdog_IRQHandler
                0x0000491c                UART0_IRQHandler
                0x0000491c                SSI0_IRQHandler
                0x0000491c                UsageFault_Handler
                0x0000491c                ADCSeq1_IRQHandler
                0x0000491c                PWMFault_IRQHandler
                0x0000491c                PWMGen1_IRQHandler
                0x0000491c                SSI1_IRQHandler
                0x0000491c                uDMA_IRQHandler
                0x0000491c                GPIOPortC_IRQHandler
                0x0000491c                ADCSeq2_IRQHandler
                0x0000491c                PWMGen2_IRQHandler
                0x0000491c                UART2_IRQHandler
                0x0000491c                uDMAErr_IRQHandler
                0x0000491c                QEI1_IRQHandler
                0x0000491c                QEI0_IRQHandler
                0x0000491c                PWMGen3_IRQHandler
                0x0000491c                GPIOPortD_IRQHandler
                0x0000491c                USB0_IRQHandler
                0x0000491c                MemManage_Handler
                0x0000491c                Ethernet_IRQHandler
                0x0000491c                SVC_Handler
                0x0000491c                Timer3B_IRQHandler
                0x0000491c                Timer3A_IRQHandler
                0x0000491c                GPIOPortA_IRQHandler
                0x0000491c                Timer0A_IRQHandler
                0x0000491c                ADCSeq0_IRQHandler
                0x0000491c                Timer1A_IRQHandler
                0x0000491c                GPIOPortG_IRQHandler
                0x0000491c                ADCSeq3_IRQHandler
                0x0000491c                GPIOPortE_IRQHandler
                0x0000491c                CAN0_IRQHandler
                0x0000491c                Comp0_IRQHandler
                0x0000491c                Comp1_IRQHandler
                0x0000491c                Comp2_IRQHandler
                0x0000491c                GPIOPortF_IRQHandler
                0x0000491c                GPIOPortB_IRQHandler
                0x0000491c                CAN2_IRQHandler
                0x0000491c                GPIOPortH_IRQHandler
                0x0000491c                BusFault_Handler
                0x0000491c                Timer2A_IRQHandler
                0x0000491c                Timer2B_IRQHandler
                0x0000491c                SysCtrl_IRQHandler
                0x0000491c                Hibernate_IRQHandler
 .text.vListInitialise
                0x00004924       0x48 ..\obj\list.o
                0x00004924                vListInitialise
 .text.vListInitialiseItem
                0x0000496c       0x1c ..\obj\list.o
                0x0000496c                vListInitialiseItem
 .text.vListInsertEnd
                0x00004988       0x54 ..\obj\list.o
                0x00004988                vListInsertEnd
 .text.vListInsert
                0x000049dc       0x78 ..\obj\list.o
                0x000049dc                vListInsert
 .text.vListRemove
                0x00004a54       0x54 ..\obj\list.o
                0x00004a54                vListRemove
 .text._sbrk    0x00004aa8       0x5c ..\obj\syscalls.o
                0x00004aa8                _sbrk
 .text.SSIConfigSetExpClk
                0x00004b04       0xb4 ..\obj\ssi.o
                0x00004b04                SSIConfigSetExpClk
 .text.SSIEnable
                0x00004bb8       0x28 ..\obj\ssi.o
                0x00004bb8                SSIEnable
 .text.SSIDisable
                0x00004be0       0x28 ..\obj\ssi.o
                0x00004be0                SSIDisable
 .text.SSIDataPut
                0x00004c08       0x30 ..\obj\ssi.o
                0x00004c08                SSIDataPut
 .text.SSIBusy  0x00004c38       0x2c ..\obj\ssi.o
                0x00004c38                SSIBusy
 .text.ADCIntStatus
                0x00004c64       0x80 ..\obj\adc.o
                0x00004c64                ADCIntStatus
 .text.ADCIntClear
                0x00004ce4       0x28 ..\obj\adc.o
                0x00004ce4                ADCIntClear
 .text.ADCSequenceEnable
                0x00004d0c       0x2c ..\obj\adc.o
                0x00004d0c                ADCSequenceEnable
 .text.ADCSequenceConfigure
                0x00004d38       0x80 ..\obj\adc.o
                0x00004d38                ADCSequenceConfigure
 .text.ADCSequenceStepConfigure
                0x00004db8      0x12c ..\obj\adc.o
                0x00004db8                ADCSequenceStepConfigure
 .text.ADCSequenceDataGet
                0x00004ee4       0x64 ..\obj\adc.o
                0x00004ee4                ADCSequenceDataGet
 .text.ADCProcessorTrigger
                0x00004f48       0x28 ..\obj\adc.o
                0x00004f48                ADCProcessorTrigger
 .text.pxPortInitialiseStack
                0x00004f70       0x60 ..\obj\port.o
                0x00004f70                pxPortInitialiseStack
 .text.vPortSVCHandler
                0x00004fd0       0x20 ..\obj\port.o
                0x00004fd0                vPortSVCHandler
 .text.vPortStartFirstTask
                0x00004ff0       0x14 ..\obj\port.o
                0x00004ff0                vPortStartFirstTask
 .text.xPortStartScheduler
                0x00005004       0x54 ..\obj\port.o
                0x00005004                xPortStartScheduler
 .text.vPortYieldFromISR
                0x00005058       0x18 ..\obj\port.o
                0x00005058                vPortYieldFromISR
 .text.vPortEnterCritical
                0x00005070       0x2c ..\obj\port.o
                0x00005070                vPortEnterCritical
 .text.vPortExitCritical
                0x0000509c       0x38 ..\obj\port.o
                0x0000509c                vPortExitCritical
 .text.xPortPendSVHandler
                0x000050d4       0x3c ..\obj\port.o
                0x000050d4                xPortPendSVHandler
 .text.xPortSysTickHandler
                0x00005110       0x68 ..\obj\port.o
                0x00005110                xPortSysTickHandler
 .text.prvSetupTimerInterrupt
                0x00005178       0x28 ..\obj\port.o
 .text.PWM_GENERICO_salida_init
                0x000051a0      0x1b0 ..\obj\pwm_generico.o
                0x000051a0                PWM_GENERICO_salida_init
 .text.PWM_GENERICO_cambiar_anchura_pulso
                0x00005350       0x6c ..\obj\pwm_generico.o
                0x00005350                PWM_GENERICO_cambiar_anchura_pulso
 .text.vTask_Display
                0x000053bc      0x2b8 ..\obj\task_display.o
                0x000053bc                vTask_Display
 .text.initConsole
                0x00005674       0x84 ..\obj\console.o
                0x00005674                initConsole
 .text.SysTickValueGet
                0x000056f8       0x18 ..\obj\systick.o
                0x000056f8                SysTickValueGet
 .text.pvPortMalloc
                0x00005710       0x98 ..\obj\heap_1.o
                0x00005710                pvPortMalloc
 .text.vPortFree
                0x000057a8       0x14 ..\obj\heap_1.o
                0x000057a8                vPortFree
 .text.ULTRASONIDOS_ini
                0x000057bc       0x70 ..\obj\ultrasonidos.o
                0x000057bc                ULTRASONIDOS_ini
 *fill*         0x0000582c        0x4 00
 .text.ULTRASONIDOS_echoInt_PB4
                0x00005830      0x180 ..\obj\ultrasonidos.o
                0x00005830                ULTRASONIDOS_echoInt_PB4
 .text.ULTRASONIDOS_echoInt_PC4
                0x000059b0      0x180 ..\obj\ultrasonidos.o
                0x000059b0                ULTRASONIDOS_echoInt_PC4
 .text.ULTRASONIDOS_obstaculo
                0x00005b30       0x44 ..\obj\ultrasonidos.o
                0x00005b30                ULTRASONIDOS_obstaculo
 .text.ULTRASONIDOS_escalon
                0x00005b74       0x44 ..\obj\ultrasonidos.o
                0x00005b74                ULTRASONIDOS_escalon
 .text.CLOCK_inicializar_clock
                0x00005bb8       0x14 ..\obj\clock.o
                0x00005bb8                CLOCK_inicializar_clock
 .text.vTask_Recibir_Infrarrojos
                0x00005bcc       0x30 ..\obj\Task_Recibir_Infrarrojos.o
                0x00005bcc                vTask_Recibir_Infrarrojos
 .text          0x00005bfc      0x370 c:/app/coide/gcc/sourcery g++ lite/bin/../lib/gcc/arm-none-eabi/4.5.1/thumb2\libgcc.a(_arm_addsubdf3.o)
                0x00005bfc                __aeabi_drsub
                0x00005c04                __aeabi_dsub
                0x00005c04                __subdf3
                0x00005c08                __aeabi_dadd
                0x00005c08                __adddf3
                0x00005e80                __floatunsidf
                0x00005e80                __aeabi_ui2d
                0x00005ea0                __floatsidf
                0x00005ea0                __aeabi_i2d
                0x00005ec4                __aeabi_f2d
                0x00005ec4                __extendsfdf2
                0x00005f00                __floatundidf
                0x00005f00                __aeabi_ul2d
                0x00005f10                __floatdidf
                0x00005f10                __aeabi_l2d
 .text          0x00005f6c      0x424 c:/app/coide/gcc/sourcery g++ lite/bin/../lib/gcc/arm-none-eabi/4.5.1/thumb2\libgcc.a(_arm_muldivdf3.o)
                0x00005f6c                __aeabi_dmul
                0x00005f6c                __muldf3
                0x000061c0                __divdf3
                0x000061c0                __aeabi_ddiv
 .text          0x00006390      0x110 c:/app/coide/gcc/sourcery g++ lite/bin/../lib/gcc/arm-none-eabi/4.5.1/thumb2\libgcc.a(_arm_cmpdf2.o)
                0x00006390                __gtdf2
                0x00006390                __gedf2
                0x00006398                __ltdf2
                0x00006398                __ledf2
                0x000063a0                __nedf2
                0x000063a0                __eqdf2
                0x000063a0                __cmpdf2
                0x0000641c                __aeabi_cdrcmple
                0x0000642c                __aeabi_cdcmpeq
                0x0000642c                __aeabi_cdcmple
                0x0000643c                __aeabi_dcmpeq
                0x00006450                __aeabi_dcmplt
                0x00006464                __aeabi_dcmple
                0x00006478                __aeabi_dcmpge
                0x0000648c                __aeabi_dcmpgt
 .text          0x000064a0       0xa0 c:/app/coide/gcc/sourcery g++ lite/bin/../lib/gcc/arm-none-eabi/4.5.1/thumb2\libgcc.a(_arm_truncdfsf2.o)
                0x000064a0                __truncdfsf2
                0x000064a0                __aeabi_d2f
 .text          0x00006540      0x21c c:/app/coide/gcc/sourcery g++ lite/bin/../lib/gcc/arm-none-eabi/4.5.1/thumb2\libgcc.a(_arm_addsubsf3.o)
                0x00006540                __aeabi_frsub
                0x00006548                __subsf3
                0x00006548                __aeabi_fsub
                0x0000654c                __aeabi_fadd
                0x0000654c                __addsf3
                0x000066ac                __aeabi_ui2f
                0x000066ac                __floatunsisf
                0x000066b4                __aeabi_i2f
                0x000066b4                __floatsisf
                0x000066d0                __aeabi_ul2f
                0x000066d0                __floatundisf
                0x000066e0                __aeabi_l2f
                0x000066e0                __floatdisf
 .text          0x0000675c      0x2a0 c:/app/coide/gcc/sourcery g++ lite/bin/../lib/gcc/arm-none-eabi/4.5.1/thumb2\libgcc.a(_arm_muldivsf3.o)
                0x0000675c                __mulsf3
                0x0000675c                __aeabi_fmul
                0x000068c4                __aeabi_fdiv
                0x000068c4                __divsf3
 .text          0x000069fc       0xec c:/app/coide/gcc/sourcery g++ lite/bin/../lib/gcc/arm-none-eabi/4.5.1/thumb2\libgcc.a(_arm_cmpsf2.o)
                0x000069fc                __gesf2
                0x000069fc                __gtsf2
                0x00006a04                __lesf2
                0x00006a04                __ltsf2
                0x00006a0c                __nesf2
                0x00006a0c                __eqsf2
                0x00006a0c                __cmpsf2
                0x00006a6c                __aeabi_cfrcmple
                0x00006a74                __aeabi_cfcmpeq
                0x00006a74                __aeabi_cfcmple
                0x00006a84                __aeabi_fcmpeq
                0x00006a98                __aeabi_fcmplt
                0x00006aac                __aeabi_fcmple
                0x00006ac0                __aeabi_fcmpge
                0x00006ad4                __aeabi_fcmpgt
 .text          0x00006ae8       0x40 c:/app/coide/gcc/sourcery g++ lite/bin/../lib/gcc/arm-none-eabi/4.5.1/thumb2\libgcc.a(_arm_fixunssfsi.o)
                0x00006ae8                __fixunssfsi
                0x00006ae8                __aeabi_f2uiz
 .text          0x00006b28      0x150 c:/app/coide/gcc/sourcery g++ lite/bin/../lib/gcc/arm-none-eabi/4.5.1/../../../../arm-none-eabi/lib/thumb2\libc.a(lib_a-memcpy.o)
                0x00006b28                memcpy
 .text          0x00006c78       0xb4 c:/app/coide/gcc/sourcery g++ lite/bin/../lib/gcc/arm-none-eabi/4.5.1/../../../../arm-none-eabi/lib/thumb2\libc.a(lib_a-memset.o)
                0x00006c78                memset
 .text          0x00006d2c       0x94 c:/app/coide/gcc/sourcery g++ lite/bin/../lib/gcc/arm-none-eabi/4.5.1/../../../../arm-none-eabi/lib/thumb2\libc.a(lib_a-sprintf.o)
                0x00006d2c                _sprintf_r
                0x00006d70                sprintf
 .text          0x00006dc0       0x60 c:/app/coide/gcc/sourcery g++ lite/bin/../lib/gcc/arm-none-eabi/4.5.1/../../../../arm-none-eabi/lib/thumb2\libc.a(lib_a-strlen.o)
                0x00006dc0                strlen
 .text          0x00006e20       0x7c c:/app/coide/gcc/sourcery g++ lite/bin/../lib/gcc/arm-none-eabi/4.5.1/../../../../arm-none-eabi/lib/thumb2\libc.a(lib_a-strncpy.o)
                0x00006e20                strncpy
 .text          0x00006e9c     0x1658 c:/app/coide/gcc/sourcery g++ lite/bin/../lib/gcc/arm-none-eabi/4.5.1/../../../../arm-none-eabi/lib/thumb2\libc.a(lib_a-svfprintf.o)
                0x00006e9c                _svfprintf_r
 *fill*         0x000084f4        0x4 00
 .text          0x000084f8     0x1000 c:/app/coide/gcc/sourcery g++ lite/bin/../lib/gcc/arm-none-eabi/4.5.1/../../../../arm-none-eabi/lib/thumb2\libc.a(lib_a-dtoa.o)
                0x00008624                _dtoa_r
 .text          0x000094f8       0xa0 c:/app/coide/gcc/sourcery g++ lite/bin/../lib/gcc/arm-none-eabi/4.5.1/../../../../arm-none-eabi/lib/thumb2\libc.a(lib_a-locale.o)
                0x000094f8                _setlocale_r
                0x00009554                __locale_charset
                0x00009560                __locale_mb_cur_max
                0x0000956c                __locale_msgcharset
                0x00009574                __locale_cjk_lang
                0x00009578                _localeconv_r
                0x00009580                setlocale
                0x00009590                localeconv
 .text          0x00009598       0x20 c:/app/coide/gcc/sourcery g++ lite/bin/../lib/gcc/arm-none-eabi/4.5.1/../../../../arm-none-eabi/lib/thumb2\libc.a(lib_a-malloc.o)
                0x00009598                malloc
                0x000095a8                free
 .text          0x000095b8      0x57c c:/app/coide/gcc/sourcery g++ lite/bin/../lib/gcc/arm-none-eabi/4.5.1/../../../../arm-none-eabi/lib/thumb2\libc.a(lib_a-mallocr.o)
                0x000095b8                _malloc_r
 .text          0x00009b34       0x88 c:/app/coide/gcc/sourcery g++ lite/bin/../lib/gcc/arm-none-eabi/4.5.1/../../../../arm-none-eabi/lib/thumb2\libc.a(lib_a-memchr.o)
                0x00009b34                memchr
 .text          0x00009bbc        0x8 c:/app/coide/gcc/sourcery g++ lite/bin/../lib/gcc/arm-none-eabi/4.5.1/../../../../arm-none-eabi/lib/thumb2\libc.a(lib_a-mlock.o)
                0x00009bbc                __malloc_lock
                0x00009bc0                __malloc_unlock
 .text          0x00009bc4      0x920 c:/app/coide/gcc/sourcery g++ lite/bin/../lib/gcc/arm-none-eabi/4.5.1/../../../../arm-none-eabi/lib/thumb2\libc.a(lib_a-mprec.o)
                0x00009bc4                _Balloc
                0x00009c2c                _Bfree
                0x00009c64                __multadd
                0x00009ce8                __s2b
                0x00009d7c                __hi0bits
                0x00009dbc                __lo0bits
                0x00009e20                __i2b
                0x00009e34                __multiply
                0x00009f5c                __pow5mult
                0x0000a000                __lshift
                0x0000a0ac                __mcmp
                0x0000a0e8                __mdiff
                0x0000a1e0                __ulp
                0x0000a228                __b2d
                0x0000a2d4                __d2b
                0x0000a39c                __ratio
                0x0000a40c                _mprec_log10
                0x0000a440                __copybits
                0x0000a488                __any_on
 .text          0x0000a4e4       0x90 c:/app/coide/gcc/sourcery g++ lite/bin/../lib/gcc/arm-none-eabi/4.5.1/../../../../arm-none-eabi/lib/thumb2\libc.a(lib_a-s_fpclassify.o)
                0x0000a4e4                __fpclassifyd
 .text          0x0000a574       0x28 c:/app/coide/gcc/sourcery g++ lite/bin/../lib/gcc/arm-none-eabi/4.5.1/../../../../arm-none-eabi/lib/thumb2\libc.a(lib_a-sbrkr.o)
                0x0000a574                _sbrk_r
 .text          0x0000a59c      0x1dc c:/app/coide/gcc/sourcery g++ lite/bin/../lib/gcc/arm-none-eabi/4.5.1/../../../../arm-none-eabi/lib/thumb2\libc.a(lib_a-strcmp.o)
                0x0000a59c                strcmp
 .text          0x0000a778      0xbe4 c:/app/coide/gcc/sourcery g++ lite/bin/../lib/gcc/arm-none-eabi/4.5.1/../../../../arm-none-eabi/lib/thumb2\libc.a(lib_a-svfiprintf.o)
                0x0000a778                __ssprint_r
                0x0000a880                _svfiprintf_r
 .text          0x0000b35c       0x5c c:/app/coide/gcc/sourcery g++ lite/bin/../lib/gcc/arm-none-eabi/4.5.1/../../../../arm-none-eabi/lib/thumb2\libc.a(lib_a-callocr.o)
                0x0000b35c                _calloc_r
 .text          0x0000b3b8      0x240 c:/app/coide/gcc/sourcery g++ lite/bin/../lib/gcc/arm-none-eabi/4.5.1/../../../../arm-none-eabi/lib/thumb2\libc.a(lib_a-freer.o)
                0x0000b3b8                _malloc_trim_r
                0x0000b460                _free_r
 .text          0x0000b5f8       0xa0 c:/app/coide/gcc/sourcery g++ lite/bin/../lib/gcc/arm-none-eabi/4.5.1/../../../../arm-none-eabi/lib/thumb2\libc.a(lib_a-memmove.o)
                0x0000b5f8                memmove
 .text          0x0000b698      0x41c c:/app/coide/gcc/sourcery g++ lite/bin/../lib/gcc/arm-none-eabi/4.5.1/../../../../arm-none-eabi/lib/thumb2\libc.a(lib_a-reallocr.o)
                0x0000b698                _realloc_r
 *fill*         0x0000bab4        0x4 00
 .text          0x0000bab8      0x278 c:/app/coide/gcc/sourcery g++ lite/bin/../lib/gcc/arm-none-eabi/4.5.1/thumb2\libgcc.a(_udivsi3.o)
                0x0000bab8                __aeabi_uidiv
                0x0000bab8                __udivsi3
                0x0000bd14                __aeabi_uidivmod
 .text          0x0000bd30        0x4 c:/app/coide/gcc/sourcery g++ lite/bin/../lib/gcc/arm-none-eabi/4.5.1/thumb2\libgcc.a(_dvmd_tls.o)
                0x0000bd30                __aeabi_idiv0
                0x0000bd30                __aeabi_ldiv0
 .text          0x0000bd34       0x50 c:/app/coide/gcc/sourcery g++ lite/bin/../lib/gcc/arm-none-eabi/4.5.1/thumb2\libgcc.a(_arm_fixdfsi.o)
                0x0000bd34                __aeabi_d2iz
                0x0000bd34                __fixdfsi
 .text          0x0000bd84       0x2c c:/app/coide/gcc/sourcery g++ lite/bin/../lib/gcc/arm-none-eabi/4.5.1/thumb2\libgcc.a(_aeabi_uldivmod.o)
                0x0000bd84                __aeabi_uldivmod
 .text          0x0000bdb0       0x60 c:/app/coide/gcc/sourcery g++ lite/bin/../lib/gcc/arm-none-eabi/4.5.1/thumb2\libgcc.a(bpabi.o)
                0x0000bdb0                __gnu_ldivmod_helper
                0x0000bde0                __gnu_uldivmod_helper
 .text          0x0000be10      0x364 c:/app/coide/gcc/sourcery g++ lite/bin/../lib/gcc/arm-none-eabi/4.5.1/thumb2\libgcc.a(_divdi3.o)
                0x0000be10                __divdi3
 .text          0x0000c174      0x314 c:/app/coide/gcc/sourcery g++ lite/bin/../lib/gcc/arm-none-eabi/4.5.1/thumb2\libgcc.a(_udivdi3.o)
                0x0000c174                __udivdi3
 *(.glue_7t)
 .glue_7t       0x00000000        0x0 linker stubs
 *(.glue_7)
 .glue_7        0x00000000        0x0 linker stubs
 *(.rodata .rodata* .gnu.linkonce.r.*)
 .rodata        0x0000c488      0x640 ..\obj\Recepcion_Infrarrojos.o
                0x0000c4b4                xesperar
                0x0000c4dc                esperar
                0x0000c578                xleer_on
                0x0000c5c0                leer_on
                0x0000c65c                xleer_off
                0x0000c6a8                leer_off
                0x0000c6f0                xleer_on_2
                0x0000c73c                leer_on_2
                0x0000c784                xleer_off_2
                0x0000c7d0                leer_off_2
                0x0000c83c                xpreguntar
                0x0000c878                preguntar
                0x0000c8e8                xactivado
                0x0000c924                activado
                0x0000c934                xleer_off_3
                0x0000c980                leer_off_3
                0x0000c990                xleer_on_3
                0x0000c9dc                leer_on_3
                0x0000c9ec                xleer_off_4
                0x0000ca38                leer_off_4
                0x0000ca48                xleer_on_4
                0x0000ca94                leer_on_4
                0x0000cab8                activar_infrarrojos
 .rodata        0x0000cac8        0x4 ..\obj\stellaris_1.o
                0x0000cac8                stellaris_1_M
 .rodata        0x0000cacc        0x8 ..\obj\Task_Control.o
 .rodata        0x0000cad4       0x4c ..\obj\main.o
 .rodata        0x0000cb20       0x78 ..\obj\framebuffer.o
                0x0000cb20                g_puc_circ
                0x0000cb5c                g_puc_nada
 .rodata        0x0000cb98       0x9c ..\obj\sysctl.o
 .rodata        0x0000cc34      0x140 ..\obj\display.o
 .rodata        0x0000cd74        0x8 ..\obj\tasks.o
 .rodata        0x0000cd7c      0x244 ..\obj\rit128x96x4.o
 .rodata        0x0000cfc0       0x78 ..\obj\task_display.o
 .rodata        0x0000d038       0x20 c:/app/coide/gcc/sourcery g++ lite/bin/../lib/gcc/arm-none-eabi/4.5.1/../../../../arm-none-eabi/lib/thumb2\libc.a(lib_a-svfprintf.o)
 .rodata.str1.4
                0x0000d058       0x42 c:/app/coide/gcc/sourcery g++ lite/bin/../lib/gcc/arm-none-eabi/4.5.1/../../../../arm-none-eabi/lib/thumb2\libc.a(lib_a-svfprintf.o)
                                 0x44 (size before relaxing)
 *fill*         0x0000d09a        0x2 00
 .rodata.str1.4
                0x0000d09c       0x10 c:/app/coide/gcc/sourcery g++ lite/bin/../lib/gcc/arm-none-eabi/4.5.1/../../../../arm-none-eabi/lib/thumb2\libc.a(lib_a-dtoa.o)
                                 0x14 (size before relaxing)
 .rodata.str1.4
                0x0000d0ac        0x2 c:/app/coide/gcc/sourcery g++ lite/bin/../lib/gcc/arm-none-eabi/4.5.1/../../../../arm-none-eabi/lib/thumb2\libc.a(lib_a-impure.o)
                                  0x4 (size before relaxing)
 *fill*         0x0000d0ae        0x2 00
 .rodata.str1.4
                0x0000d0b0        0xc c:/app/coide/gcc/sourcery g++ lite/bin/../lib/gcc/arm-none-eabi/4.5.1/../../../../arm-none-eabi/lib/thumb2\libc.a(lib_a-locale.o)
                                 0x14 (size before relaxing)
 *fill*         0x0000d0bc        0x4 00
 .rodata        0x0000d0c0      0x128 c:/app/coide/gcc/sourcery g++ lite/bin/../lib/gcc/arm-none-eabi/4.5.1/../../../../arm-none-eabi/lib/thumb2\libc.a(lib_a-mprec.o)
                0x0000d0d0                __mprec_tens
                0x0000d198                __mprec_bigtens
                0x0000d1c0                __mprec_tinytens
 .rodata        0x0000d1e8       0x20 c:/app/coide/gcc/sourcery g++ lite/bin/../lib/gcc/arm-none-eabi/4.5.1/../../../../arm-none-eabi/lib/thumb2\libc.a(lib_a-svfiprintf.o)
 .rodata.str1.4
                0x00000000       0x30 c:/app/coide/gcc/sourcery g++ lite/bin/../lib/gcc/arm-none-eabi/4.5.1/../../../../arm-none-eabi/lib/thumb2\libc.a(lib_a-svfiprintf.o)

.vfp11_veneer   0x0000d208        0x0
 .vfp11_veneer  0x00000000        0x0 linker stubs

.v4_bx          0x0000d208        0x0
 .v4_bx         0x00000000        0x0 linker stubs

.ARM.extab
 *(.ARM.extab* .gnu.linkonce.armextab.*)

.ARM.exidx      0x0000d208        0x8
 *(.ARM.exidx* .gnu.linkonce.armexidx.*)
 .ARM.exidx     0x0000d208        0x8 c:/app/coide/gcc/sourcery g++ lite/bin/../lib/gcc/arm-none-eabi/4.5.1/thumb2\libgcc.a(_divdi3.o)
 .ARM.exidx     0x0000d210        0x0 c:/app/coide/gcc/sourcery g++ lite/bin/../lib/gcc/arm-none-eabi/4.5.1/thumb2\libgcc.a(_udivdi3.o)
                                  0x8 (size before relaxing)
                0x0000d210                . = ALIGN (0x4)
                0x0000d210                _etext = .
                0x0000d210                _sidata = .

.data           0x20000000      0x60c load address 0x0000d210
                0x20000000                _sdata = .
 *(.data .data.*)
 .data          0x20000000       0x30 ..\obj\Recepcion_Infrarrojos.o
                0x20000000                xactivar_infrarrojos
 .data          0x20000030       0x10 ..\obj\system_lm3s.o
                0x20000030                SystemFrequency
                0x20000034                SystemFrequency_PwmClk
                0x20000038                SystemFrequency_AdcClk
                0x2000003c                SystemFrequency_CanClk
 .data          0x20000040       0x10 ..\obj\stellaris_1.o
                0x20000040                Kpx
                0x20000048                Kpy
 .data          0x20000050        0x4 ..\obj\Task_Control.o
                0x20000050                periodo
 .data          0x20000054        0x4 ..\obj\tasks.o
 .data          0x20000058        0x4 ..\obj\port.o
 .data          0x2000005c       0x30 ..\obj\pwm_generico.o
 .data          0x2000008c       0xf4 c:/app/coide/gcc/sourcery g++ lite/bin/../lib/gcc/arm-none-eabi/4.5.1/../../../../arm-none-eabi/lib/thumb2\libc.a(lib_a-impure.o)
                0x2000008c                _impure_ptr
 .data          0x20000180       0x7c c:/app/coide/gcc/sourcery g++ lite/bin/../lib/gcc/arm-none-eabi/4.5.1/../../../../arm-none-eabi/lib/thumb2\libc.a(lib_a-locale.o)
                0x200001a0                __mb_cur_max
 .data          0x200001fc      0x410 c:/app/coide/gcc/sourcery g++ lite/bin/../lib/gcc/arm-none-eabi/4.5.1/../../../../arm-none-eabi/lib/thumb2\libc.a(lib_a-mallocr.o)
                0x200001fc                __malloc_av_
                0x20000604                __malloc_sbrk_base
                0x20000608                __malloc_trim_threshold
                0x2000060c                . = ALIGN (0x4)
                0x2000060c                _edata = .

.bss            0x20000610     0x1e30 load address 0x0000d820
                0x20000610                _sbss = .
 *(.bss .bss.*)
 .bss           0x20000610       0x14 ..\obj\Recepcion_Infrarrojos.o
                0x20000610                g_time
                0x20000614                g_cycles
                0x20000618                g_comunicacion_activada
                0x2000061c                estado
                0x20000620                peticion
 *fill*         0x20000624        0x4 00
 .bss           0x20000628       0x20 ..\obj\Task_Control.o
                0x20000628                ref_motor1
                0x20000630                ref_motor2
                0x20000638                duty1
                0x2000063c                duty2
                0x20000640                cntControl
 .bss           0x20000648       0x18 ..\obj\main.o
                0x20000648                sens1
                0x2000064c                sens2
                0x20000650                sens3
                0x20000654                sens4
                0x20000658                sens5
                0x2000065c                sens6
 .bss           0x20000660        0x4 ..\obj\framebuffer.o
                0x20000660                g_display_element_kop
 .bss           0x20000664       0xfc ..\obj\tasks.o
                0x20000664                pxCurrentTCB
 .bss           0x20000760        0x2 ..\obj\egoera_makina.o
                0x20000760                fms_mv
                0x20000761                fms_mv_anterior
 *fill*         0x20000762        0x2 00
 .bss           0x20000764       0x1c ..\obj\Task_Seguridad.o
                0x20000764                gf_uSecho_widht_obs
                0x20000768                gf_uSecho_widht_esc
                0x2000076c                nivel_bateria
                0x20000770                cntSegur
                0x20000774                distancia_obs
                0x20000778                distancia_esc
                0x2000077c                obstaculo
                0x2000077d                escalon
                0x2000077e                bateria
                0x2000077f                g_parada_seguridad
 .bss           0x20000780        0xc ..\obj\rit128x96x4.o
 .bss           0x2000078c        0x8 ..\obj\ad.o
                0x2000078c                infra1
                0x20000790                infra2
 .bss           0x20000794        0x4 ..\obj\syscalls.o
 .bss           0x20000798        0x4 ..\obj\task_display.o
                0x20000798                seguridad
 *fill*         0x2000079c        0x4 00
 .bss           0x200007a0     0x1408 ..\obj\heap_1.o
 .bss           0x20001ba8       0x18 ..\obj\ultrasonidos.o
                0x20001ba8                time_flanco_pos_obs
                0x20001bac                time_flanco_neg_obs
                0x20001bb0                time_flanco_pos_esc
                0x20001bb4                time_flanco_neg_esc
                0x20001bb8                flancoPos_Obs
                0x20001bb9                flancoPos_Esc
                0x20001bba                echo_OK_Obs
                0x20001bbb                echo_OK_Esc
                0x20001bbc                g_cycles_us
 .bss           0x20001bc0        0x5 ..\obj\Task_Recibir_Infrarrojos.o
                0x20001bc0                g_arriba
                0x20001bc1                g_abajo
                0x20001bc2                g_izquierda
                0x20001bc3                g_derecha
                0x20001bc4                g_select
 *fill*         0x20001bc5        0x3 00
 .bss           0x20001bc8       0x34 c:/app/coide/gcc/sourcery g++ lite/bin/../lib/gcc/arm-none-eabi/4.5.1/../../../../arm-none-eabi/lib/thumb2\libc.a(lib_a-mallocr.o)
                0x20001bc8                __malloc_top_pad
                0x20001bcc                __malloc_current_mallinfo
                0x20001bf4                __malloc_max_sbrked_mem
                0x20001bf8                __malloc_max_total_mem
 *(COMMON)
 COMMON         0x20001bfc        0xc ..\obj\Recepcion_Infrarrojos.o
                0x20001bfc                g_ul_xTimeTimerOn
                0x20001c00                g_ul_xTimeTimerOff1
                0x20001c04                g_xTimeFlanco
 COMMON         0x20001c08       0x50 ..\obj\stellaris_1.o
                0x20001c08                stellaris_1_Y
                0x20001c18                stellaris_1_M_
                0x20001c20                stellaris_1_U
 COMMON         0x20001c58        0x4 ..\obj\main.o
                0x20001c58                xHandle_Task_Recibir_Infrarrojos
 COMMON         0x20001c5c      0x2d0 ..\obj\framebuffer.o
                0x20001c5c                g_display_elements
 COMMON         0x20001f2c        0x8 ..\obj\ad.o
                0x20001f2c                ulADC2_Value
                0x20001f30                ulADC3_Value
 COMMON         0x20001f34      0x400 ..\obj\task_display.o
                0x20001f34                str7
                0x20001fb4                str4
                0x20002034                str3
                0x200020b4                str5
                0x20002134                str1
                0x200021b4                str6
                0x20002234                str
                0x200022b4                str2
 COMMON         0x20002334      0x108 ..\obj\console.o
                0x20002334                consoleImage
 COMMON         0x2000243c        0x4 c:/app/coide/gcc/sourcery g++ lite/bin/../lib/gcc/arm-none-eabi/4.5.1/../../../../arm-none-eabi/lib/thumb2\libc.a(lib_a-reent.o)
                0x2000243c                errno
                0x20002440                . = ALIGN (0x4)
                0x20002440                _ebss = .

.co_stack       0x20002440      0x400 load address 0x0000f650
                0x20002440                . = ALIGN (0x8)
 *(.co_stack .co_stack.*)
 .co_stack      0x20002440      0x400 ..\obj\startup_lm3s.o
                0x20002440                pulStack
                0x20002840                . = ALIGN (0x4)
                0x20002840                _end = .
LOAD ..\obj\Recepcion_Infrarrojos.o
LOAD ..\obj\pines.o
LOAD ..\obj\system_lm3s.o
LOAD ..\obj\core_cm3.o
LOAD ..\obj\stellaris_1.o
LOAD ..\obj\timer.o
LOAD ..\obj\pwm.o
LOAD ..\obj\Task_Control.o
LOAD ..\obj\system_tick.o
LOAD ..\obj\main.o
LOAD ..\obj\framebuffer.o
LOAD ..\obj\sysctl.o
LOAD ..\obj\timers.o
LOAD ..\obj\gpio.o
LOAD ..\obj\display.o
LOAD ..\obj\display_RIT.o
LOAD ..\obj\tasks.o
LOAD ..\obj\egoera_makina.o
LOAD ..\obj\Task_Seguridad.o
LOAD ..\obj\interrupt.o
LOAD ..\obj\rit128x96x4.o
LOAD ..\obj\keypad.o
LOAD ..\obj\ad.o
LOAD ..\obj\startup_lm3s.o
LOAD ..\obj\list.o
LOAD ..\obj\syscalls.o
LOAD ..\obj\ssi.o
LOAD ..\obj\adc.o
LOAD ..\obj\queue.o
LOAD ..\obj\port.o
LOAD ..\obj\pwm_generico.o
LOAD ..\obj\croutine.o
LOAD ..\obj\task_display.o
LOAD ..\obj\cpu.o
LOAD ..\obj\console.o
LOAD ..\obj\systick.o
LOAD ..\obj\heap_1.o
LOAD ..\obj\ultrasonidos.o
LOAD ..\obj\Task_Idle.o
LOAD ..\obj\clock.o
LOAD ..\obj\Task_Recibir_Infrarrojos.o
START GROUP
LOAD c:/app/coide/gcc/sourcery g++ lite/bin/../lib/gcc/arm-none-eabi/4.5.1/thumb2\libgcc.a
LOAD c:/app/coide/gcc/sourcery g++ lite/bin/../lib/gcc/arm-none-eabi/4.5.1/../../../../arm-none-eabi/lib/thumb2\libc.a
END GROUP
OUTPUT(POPBL.elf elf32-littlearm)

.debug_abbrev   0x00000000     0x2116
 .debug_abbrev  0x00000000      0x1a4 ..\obj\Recepcion_Infrarrojos.o
 .debug_abbrev  0x000001a4       0xcf ..\obj\pines.o
 .debug_abbrev  0x00000273      0x112 ..\obj\system_lm3s.o
 .debug_abbrev  0x00000385       0xd7 ..\obj\core_cm3.o
 .debug_abbrev  0x0000045c       0xfa ..\obj\stellaris_1.o
 .debug_abbrev  0x00000556       0xb8 ..\obj\timer.o
 .debug_abbrev  0x0000060e       0xc7 ..\obj\pwm.o
 .debug_abbrev  0x000006d5       0xdb ..\obj\Task_Control.o
 .debug_abbrev  0x000007b0       0x49 ..\obj\system_tick.o
 .debug_abbrev  0x000007f9       0xbb ..\obj\main.o
 .debug_abbrev  0x000008b4      0x12d ..\obj\framebuffer.o
 .debug_abbrev  0x000009e1      0x115 ..\obj\sysctl.o
 .debug_abbrev  0x00000af6       0x2a ..\obj\timers.o
 .debug_abbrev  0x00000b20       0xf1 ..\obj\gpio.o
 .debug_abbrev  0x00000c11       0x7d ..\obj\display.o
 .debug_abbrev  0x00000c8e       0x84 ..\obj\display_RIT.o
 .debug_abbrev  0x00000d12      0x197 ..\obj\tasks.o
 .debug_abbrev  0x00000ea9       0xd6 ..\obj\egoera_makina.o
 .debug_abbrev  0x00000f7f       0xae ..\obj\Task_Seguridad.o
 .debug_abbrev  0x0000102d      0x104 ..\obj\interrupt.o
 .debug_abbrev  0x00001131       0xb2 ..\obj\rit128x96x4.o
 .debug_abbrev  0x000011e3       0x9b ..\obj\keypad.o
 .debug_abbrev  0x0000127e       0x9f ..\obj\ad.o
 .debug_abbrev  0x0000131d       0xa5 ..\obj\startup_lm3s.o
 .debug_abbrev  0x000013c2       0xb8 ..\obj\list.o
 .debug_abbrev  0x0000147a       0xe0 ..\obj\syscalls.o
 .debug_abbrev  0x0000155a       0xd8 ..\obj\ssi.o
 .debug_abbrev  0x00001632       0xec ..\obj\adc.o
 .debug_abbrev  0x0000171e      0x142 ..\obj\queue.o
 .debug_abbrev  0x00001860      0x133 ..\obj\port.o
 .debug_abbrev  0x00001993       0x73 ..\obj\pwm_generico.o
 .debug_abbrev  0x00001a06      0x188 ..\obj\croutine.o
 .debug_abbrev  0x00001b8e       0xff ..\obj\task_display.o
 .debug_abbrev  0x00001c8d       0x5e ..\obj\cpu.o
 .debug_abbrev  0x00001ceb       0xa0 ..\obj\console.o
 .debug_abbrev  0x00001d8b       0x83 ..\obj\systick.o
 .debug_abbrev  0x00001e0e       0xfe ..\obj\heap_1.o
 .debug_abbrev  0x00001f0c       0xb4 ..\obj\ultrasonidos.o
 .debug_abbrev  0x00001fc0       0x43 ..\obj\Task_Idle.o
 .debug_abbrev  0x00002003       0x36 ..\obj\clock.o
 .debug_abbrev  0x00002039       0xdd ..\obj\Task_Recibir_Infrarrojos.o

.debug_info     0x00000000     0x90bb
 .debug_info    0x00000000      0xb85 ..\obj\Recepcion_Infrarrojos.o
 .debug_info    0x00000b85      0x1ff ..\obj\pines.o
 .debug_info    0x00000d84      0x45a ..\obj\system_lm3s.o
 .debug_info    0x000011de      0x54c ..\obj\core_cm3.o
 .debug_info    0x0000172a      0x2eb ..\obj\stellaris_1.o
 .debug_info    0x00001a15      0x5b4 ..\obj\timer.o
 .debug_info    0x00001fc9      0x950 ..\obj\pwm.o
 .debug_info    0x00002919      0x3cb ..\obj\Task_Control.o
 .debug_info    0x00002ce4       0x5b ..\obj\system_tick.o
 .debug_info    0x00002d3f      0x16f ..\obj\main.o
 .debug_info    0x00002eae      0x3b9 ..\obj\framebuffer.o
 .debug_info    0x00003267      0x7f1 ..\obj\sysctl.o
 .debug_info    0x00003a58       0x50 ..\obj\timers.o
 .debug_info    0x00003aa8      0x8a1 ..\obj\gpio.o
 .debug_info    0x00004349       0xa3 ..\obj\display.o
 .debug_info    0x000043ec      0x153 ..\obj\display_RIT.o
 .debug_info    0x0000453f      0xaff ..\obj\tasks.o
 .debug_info    0x0000503e      0x259 ..\obj\egoera_makina.o
 .debug_info    0x00005297      0x25d ..\obj\Task_Seguridad.o
 .debug_info    0x000054f4      0x2b7 ..\obj\interrupt.o
 .debug_info    0x000057ab      0x3db ..\obj\rit128x96x4.o
 .debug_info    0x00005b86      0x1bd ..\obj\keypad.o
 .debug_info    0x00005d43      0x161 ..\obj\ad.o
 .debug_info    0x00005ea4      0x135 ..\obj\startup_lm3s.o
 .debug_info    0x00005fd9      0x2aa ..\obj\list.o
 .debug_info    0x00006283      0x444 ..\obj\syscalls.o
 .debug_info    0x000066c7      0x449 ..\obj\ssi.o
 .debug_info    0x00006b10      0x809 ..\obj\adc.o
 .debug_info    0x00007319      0x731 ..\obj\queue.o
 .debug_info    0x00007a4a      0x213 ..\obj\port.o
 .debug_info    0x00007c5d      0x107 ..\obj\pwm_generico.o
 .debug_info    0x00007d64      0x4b3 ..\obj\croutine.o
 .debug_info    0x00008217      0x3a0 ..\obj\task_display.o
 .debug_info    0x000085b7       0x99 ..\obj\cpu.o
 .debug_info    0x00008650      0x1b2 ..\obj\console.o
 .debug_info    0x00008802      0x12b ..\obj\systick.o
 .debug_info    0x0000892d      0x176 ..\obj\heap_1.o
 .debug_info    0x00008aa3      0x310 ..\obj\ultrasonidos.o
 .debug_info    0x00008db3       0x54 ..\obj\Task_Idle.o
 .debug_info    0x00008e07       0x46 ..\obj\clock.o
 .debug_info    0x00008e4d      0x26e ..\obj\Task_Recibir_Infrarrojos.o

.debug_line     0x00000000     0x951d
 .debug_line    0x00000000      0x7c1 ..\obj\Recepcion_Infrarrojos.o
 .debug_line    0x000007c1      0x30d ..\obj\pines.o
 .debug_line    0x00000ace      0x24c ..\obj\system_lm3s.o
 .debug_line    0x00000d1a      0x2ce ..\obj\core_cm3.o
 .debug_line    0x00000fe8      0x3ff ..\obj\stellaris_1.o
 .debug_line    0x000013e7      0x403 ..\obj\timer.o
 .debug_line    0x000017ea      0x3fc ..\obj\pwm.o
 .debug_line    0x00001be6      0x62f ..\obj\Task_Control.o
 .debug_line    0x00002215       0xde ..\obj\system_tick.o
 .debug_line    0x000022f3      0x629 ..\obj\main.o
 .debug_line    0x0000291c      0x4db ..\obj\framebuffer.o
 .debug_line    0x00002df7      0x5dd ..\obj\sysctl.o
 .debug_line    0x000033d4      0x1d7 ..\obj\timers.o
 .debug_line    0x000035ab      0x5d4 ..\obj\gpio.o
 .debug_line    0x00003b7f      0x12f ..\obj\display.o
 .debug_line    0x00003cae      0x371 ..\obj\display_RIT.o
 .debug_line    0x0000401f      0x7d9 ..\obj\tasks.o
 .debug_line    0x000047f8      0x360 ..\obj\egoera_makina.o
 .debug_line    0x00004b58      0x5b6 ..\obj\Task_Seguridad.o
 .debug_line    0x0000510e      0x226 ..\obj\interrupt.o
 .debug_line    0x00005334      0x300 ..\obj\rit128x96x4.o
 .debug_line    0x00005634      0x33d ..\obj\keypad.o
 .debug_line    0x00005971      0x3a1 ..\obj\ad.o
 .debug_line    0x00005d12       0x93 ..\obj\startup_lm3s.o
 .debug_line    0x00005da5      0x41d ..\obj\list.o
 .debug_line    0x000061c2      0x367 ..\obj\syscalls.o
 .debug_line    0x00006529      0x2f8 ..\obj\ssi.o
 .debug_line    0x00006821      0x3ca ..\obj\adc.o
 .debug_line    0x00006beb      0x5d0 ..\obj\queue.o
 .debug_line    0x000071bb      0x26d ..\obj\port.o
 .debug_line    0x00007428      0x1ac ..\obj\pwm_generico.o
 .debug_line    0x000075d4      0x310 ..\obj\croutine.o
 .debug_line    0x000078e4      0x536 ..\obj\task_display.o
 .debug_line    0x00007e1a       0xcb ..\obj\cpu.o
 .debug_line    0x00007ee5      0x3dc ..\obj\console.o
 .debug_line    0x000082c1      0x1ab ..\obj\systick.o
 .debug_line    0x0000846c      0x409 ..\obj\heap_1.o
 .debug_line    0x00008875      0x5f9 ..\obj\ultrasonidos.o
 .debug_line    0x00008e6e       0x67 ..\obj\Task_Idle.o
 .debug_line    0x00008ed5      0x108 ..\obj\clock.o
 .debug_line    0x00008fdd      0x540 ..\obj\Task_Recibir_Infrarrojos.o

.debug_macinfo  0x00000000   0x1343b1
 .debug_macinfo
                0x00000000     0xc2e5 ..\obj\Recepcion_Infrarrojos.o
 .debug_macinfo
                0x0000c2e5     0x9488 ..\obj\pines.o
 .debug_macinfo
                0x0001576d     0x61d1 ..\obj\system_lm3s.o
 .debug_macinfo
                0x0001b93e     0x1f65 ..\obj\core_cm3.o
 .debug_macinfo
                0x0001d8a3     0x3bdd ..\obj\stellaris_1.o
 .debug_macinfo
                0x00021480     0x42cf ..\obj\timer.o
 .debug_macinfo
                0x0002574f     0xf3b2 ..\obj\pwm.o
 .debug_macinfo
                0x00034b01     0xfb57 ..\obj\Task_Control.o
 .debug_macinfo
                0x00044658     0x16c9 ..\obj\system_tick.o
 .debug_macinfo
                0x00045d21    0x109ca ..\obj\main.o
 .debug_macinfo
                0x000566eb     0x4c4f ..\obj\framebuffer.o
 .debug_macinfo
                0x0005b33a    0x1284d ..\obj\sysctl.o
 .debug_macinfo
                0x0006db87     0x427f ..\obj\timers.o
 .debug_macinfo
                0x00071e06    0x119e1 ..\obj\gpio.o
 .debug_macinfo
                0x000837e7     0x1fce ..\obj\display.o
 .debug_macinfo
                0x000857b5     0x3d68 ..\obj\display_RIT.o
 .debug_macinfo
                0x0008951d     0x6afa ..\obj\tasks.o
 .debug_macinfo
                0x00090017     0x4c21 ..\obj\egoera_makina.o
 .debug_macinfo
                0x00094c38    0x100b1 ..\obj\Task_Seguridad.o
 .debug_macinfo
                0x000a4ce9     0x76e6 ..\obj\interrupt.o
 .debug_macinfo
                0x000ac3cf    0x1090a ..\obj\rit128x96x4.o
 .debug_macinfo
                0x000bccd9     0x946f ..\obj\keypad.o
 .debug_macinfo
                0x000c6148     0x58b5 ..\obj\ad.o
 .debug_macinfo
                0x000cb9fd     0x16a5 ..\obj\startup_lm3s.o
 .debug_macinfo
                0x000cd0a2     0x4f5e ..\obj\list.o
 .debug_macinfo
                0x000d2000     0x492d ..\obj\syscalls.o
 .debug_macinfo
                0x000d692d     0x57bf ..\obj\ssi.o
 .debug_macinfo
                0x000dc0ec     0x8145 ..\obj\adc.o
 .debug_macinfo
                0x000e4231     0x566d ..\obj\queue.o
 .debug_macinfo
                0x000e989e     0x37bd ..\obj\port.o
 .debug_macinfo
                0x000ed05b     0xab1a ..\obj\pwm_generico.o
 .debug_macinfo
                0x000f7b75     0x3c8a ..\obj\croutine.o
 .debug_macinfo
                0x000fb7ff     0x796a ..\obj\task_display.o
 .debug_macinfo
                0x00103169     0x1680 ..\obj\cpu.o
 .debug_macinfo
                0x001047e9     0x431d ..\obj\console.o
 .debug_macinfo
                0x00108b06     0x76ea ..\obj\systick.o
 .debug_macinfo
                0x001101f0     0x52fc ..\obj\heap_1.o
 .debug_macinfo
                0x001154ec     0xf967 ..\obj\ultrasonidos.o
 .debug_macinfo
                0x00124e53     0x1683 ..\obj\Task_Idle.o
 .debug_macinfo
                0x001264d6     0x42b1 ..\obj\clock.o
 .debug_macinfo
                0x0012a787     0x9c2a ..\obj\Task_Recibir_Infrarrojos.o

.debug_loc      0x00000000     0x4fb8
 .debug_loc     0x00000000      0x5f8 ..\obj\Recepcion_Infrarrojos.o
 .debug_loc     0x000005f8       0xa8 ..\obj\pines.o
 .debug_loc     0x000006a0       0x70 ..\obj\system_lm3s.o
 .debug_loc     0x00000710      0x3f0 ..\obj\core_cm3.o
 .debug_loc     0x00000b00       0x92 ..\obj\stellaris_1.o
 .debug_loc     0x00000b92      0x508 ..\obj\timer.o
 .debug_loc     0x0000109a      0x738 ..\obj\pwm.o
 .debug_loc     0x000017d2       0x64 ..\obj\Task_Control.o
 .debug_loc     0x00001836       0x38 ..\obj\system_tick.o
 .debug_loc     0x0000186e       0x64 ..\obj\main.o
 .debug_loc     0x000018d2      0x18a ..\obj\framebuffer.o
 .debug_loc     0x00001a5c      0x894 ..\obj\sysctl.o
 .debug_loc     0x000022f0      0x700 ..\obj\gpio.o
 .debug_loc     0x000029f0       0x90 ..\obj\display.o
 .debug_loc     0x00002a80       0x9c ..\obj\display_RIT.o
 .debug_loc     0x00002b1c      0x574 ..\obj\tasks.o
 .debug_loc     0x00003090       0x70 ..\obj\egoera_makina.o
 .debug_loc     0x00003100       0x64 ..\obj\Task_Seguridad.o
 .debug_loc     0x00003164      0x244 ..\obj\interrupt.o
 .debug_loc     0x000033a8      0x224 ..\obj\rit128x96x4.o
 .debug_loc     0x000035cc       0x9c ..\obj\keypad.o
 .debug_loc     0x00003668       0x58 ..\obj\ad.o
 .debug_loc     0x000036c0       0x64 ..\obj\startup_lm3s.o
 .debug_loc     0x00003724      0x118 ..\obj\list.o
 .debug_loc     0x0000383c      0x1ec ..\obj\syscalls.o
 .debug_loc     0x00003a28      0x380 ..\obj\ssi.o
 .debug_loc     0x00003da8      0x5e8 ..\obj\adc.o
 .debug_loc     0x00004390      0x348 ..\obj\queue.o
 .debug_loc     0x000046d8      0x178 ..\obj\port.o
 .debug_loc     0x00004850       0x70 ..\obj\pwm_generico.o
 .debug_loc     0x000048c0      0x188 ..\obj\croutine.o
 .debug_loc     0x00004a48       0x38 ..\obj\task_display.o
 .debug_loc     0x00004a80      0x118 ..\obj\console.o
 .debug_loc     0x00004b98      0x1a4 ..\obj\systick.o
 .debug_loc     0x00004d3c       0xc8 ..\obj\heap_1.o
 .debug_loc     0x00004e04      0x118 ..\obj\ultrasonidos.o
 .debug_loc     0x00004f1c       0x38 ..\obj\Task_Idle.o
 .debug_loc     0x00004f54       0x2c ..\obj\clock.o
 .debug_loc     0x00004f80       0x38 ..\obj\Task_Recibir_Infrarrojos.o

.debug_pubnames
                0x00000000     0x2c37
 .debug_pubnames
                0x00000000      0x7f1 ..\obj\Recepcion_Infrarrojos.o
 .debug_pubnames
                0x000007f1       0x67 ..\obj\pines.o
 .debug_pubnames
                0x00000858       0x86 ..\obj\system_lm3s.o
 .debug_pubnames
                0x000008de      0x159 ..\obj\core_cm3.o
 .debug_pubnames
                0x00000a37       0xb5 ..\obj\stellaris_1.o
 .debug_pubnames
                0x00000aec      0x1d2 ..\obj\timer.o
 .debug_pubnames
                0x00000cbe      0x2d1 ..\obj\pwm.o
 .debug_pubnames
                0x00000f8f       0x80 ..\obj\Task_Control.o
 .debug_pubnames
                0x0000100f       0x34 ..\obj\system_tick.o
 .debug_pubnames
                0x00001043       0x89 ..\obj\main.o
 .debug_pubnames
                0x000010cc      0x13e ..\obj\framebuffer.o
 .debug_pubnames
                0x0000120a      0x41f ..\obj\sysctl.o
 .debug_pubnames
                0x00001629      0x2a9 ..\obj\gpio.o
 .debug_pubnames
                0x000018d2       0x66 ..\obj\display.o
 .debug_pubnames
                0x00001938       0x72 ..\obj\display_RIT.o
 .debug_pubnames
                0x000019aa      0x1ee ..\obj\tasks.o
 .debug_pubnames
                0x00001b98       0x5f ..\obj\egoera_makina.o
 .debug_pubnames
                0x00001bf7       0xe8 ..\obj\Task_Seguridad.o
 .debug_pubnames
                0x00001cdf       0xd6 ..\obj\interrupt.o
 .debug_pubnames
                0x00001db5       0xce ..\obj\rit128x96x4.o
 .debug_pubnames
                0x00001e83       0x80 ..\obj\keypad.o
 .debug_pubnames
                0x00001f03       0x92 ..\obj\ad.o
 .debug_pubnames
                0x00001f95       0x4a ..\obj\startup_lm3s.o
 .debug_pubnames
                0x00001fdf       0x71 ..\obj\list.o
 .debug_pubnames
                0x00002050       0x71 ..\obj\syscalls.o
 .debug_pubnames
                0x000020c1      0x133 ..\obj\ssi.o
 .debug_pubnames
                0x000021f4      0x2c3 ..\obj\adc.o
 .debug_pubnames
                0x000024b7      0x111 ..\obj\queue.o
 .debug_pubnames
                0x000025c8      0x10d ..\obj\port.o
 .debug_pubnames
                0x000026d5       0x56 ..\obj\pwm_generico.o
 .debug_pubnames
                0x0000272b       0x96 ..\obj\croutine.o
 .debug_pubnames
                0x000027c1       0x79 ..\obj\task_display.o
 .debug_pubnames
                0x0000283a       0x37 ..\obj\cpu.o
 .debug_pubnames
                0x00002871       0x86 ..\obj\console.o
 .debug_pubnames
                0x000028f7       0xd0 ..\obj\systick.o
 .debug_pubnames
                0x000029c7       0x64 ..\obj\heap_1.o
 .debug_pubnames
                0x00002a2b      0x149 ..\obj\ultrasonidos.o
 .debug_pubnames
                0x00002b74       0x21 ..\obj\Task_Idle.o
 .debug_pubnames
                0x00002b95       0x2e ..\obj\clock.o
 .debug_pubnames
                0x00002bc3       0x74 ..\obj\Task_Recibir_Infrarrojos.o

.debug_pubtypes
                0x00000000      0xa28
 .debug_pubtypes
                0x00000000       0x86 ..\obj\Recepcion_Infrarrojos.o
 .debug_pubtypes
                0x00000086       0x2f ..\obj\pines.o
 .debug_pubtypes
                0x000000b5       0x3b ..\obj\system_lm3s.o
 .debug_pubtypes
                0x000000f0       0x50 ..\obj\core_cm3.o
 .debug_pubtypes
                0x00000140       0xa7 ..\obj\stellaris_1.o
 .debug_pubtypes
                0x000001e7       0x1f ..\obj\timer.o
 .debug_pubtypes
                0x00000206       0x1f ..\obj\pwm.o
 .debug_pubtypes
                0x00000225       0xac ..\obj\Task_Control.o
 .debug_pubtypes
                0x000002d1       0x22 ..\obj\main.o
 .debug_pubtypes
                0x000002f3       0x3f ..\obj\framebuffer.o
 .debug_pubtypes
                0x00000332       0x1f ..\obj\sysctl.o
 .debug_pubtypes
                0x00000351       0x12 ..\obj\timers.o
 .debug_pubtypes
                0x00000363       0x1f ..\obj\gpio.o
 .debug_pubtypes
                0x00000382       0x12 ..\obj\display.o
 .debug_pubtypes
                0x00000394       0x12 ..\obj\display_RIT.o
 .debug_pubtypes
                0x000003a6      0x10c ..\obj\tasks.o
 .debug_pubtypes
                0x000004b2       0x65 ..\obj\egoera_makina.o
 .debug_pubtypes
                0x00000517       0x30 ..\obj\Task_Seguridad.o
 .debug_pubtypes
                0x00000547       0x1f ..\obj\interrupt.o
 .debug_pubtypes
                0x00000566       0x12 ..\obj\rit128x96x4.o
 .debug_pubtypes
                0x00000578       0x2f ..\obj\keypad.o
 .debug_pubtypes
                0x000005a7       0x12 ..\obj\ad.o
 .debug_pubtypes
                0x000005b9       0x7a ..\obj\list.o
 .debug_pubtypes
                0x00000633       0xaa ..\obj\syscalls.o
 .debug_pubtypes
                0x000006dd       0x1f ..\obj\ssi.o
 .debug_pubtypes
                0x000006fc       0x1f ..\obj\adc.o
 .debug_pubtypes
                0x0000071b       0xd4 ..\obj\queue.o
 .debug_pubtypes
                0x000007ef       0x33 ..\obj\port.o
 .debug_pubtypes
                0x00000822       0x12 ..\obj\pwm_generico.o
 .debug_pubtypes
                0x00000834       0xcd ..\obj\croutine.o
 .debug_pubtypes
                0x00000901       0x30 ..\obj\task_display.o
 .debug_pubtypes
                0x00000931       0x12 ..\obj\console.o
 .debug_pubtypes
                0x00000943       0x12 ..\obj\systick.o
 .debug_pubtypes
                0x00000955       0x2c ..\obj\heap_1.o
 .debug_pubtypes
                0x00000981       0x1f ..\obj\ultrasonidos.o
 .debug_pubtypes
                0x000009a0       0x12 ..\obj\clock.o
 .debug_pubtypes
                0x000009b2       0x76 ..\obj\Task_Recibir_Infrarrojos.o

.debug_aranges  0x00000000      0xff8
 .debug_aranges
                0x00000000      0x118 ..\obj\Recepcion_Infrarrojos.o
 .debug_aranges
                0x00000118       0x30 ..\obj\pines.o
 .debug_aranges
                0x00000148       0x28 ..\obj\system_lm3s.o
 .debug_aranges
                0x00000170       0xc8 ..\obj\core_cm3.o
 .debug_aranges
                0x00000238       0x30 ..\obj\stellaris_1.o
 .debug_aranges
                0x00000268       0xd0 ..\obj\timer.o
 .debug_aranges
                0x00000338      0x120 ..\obj\pwm.o
 .debug_aranges
                0x00000458       0x28 ..\obj\Task_Control.o
 .debug_aranges
                0x00000480       0x20 ..\obj\system_tick.o
 .debug_aranges
                0x000004a0       0x28 ..\obj\main.o
 .debug_aranges
                0x000004c8       0x50 ..\obj\framebuffer.o
 .debug_aranges
                0x00000518      0x170 ..\obj\sysctl.o
 .debug_aranges
                0x00000688      0x118 ..\obj\gpio.o
 .debug_aranges
                0x000007a0       0x30 ..\obj\display.o
 .debug_aranges
                0x000007d0       0x30 ..\obj\display_RIT.o
 .debug_aranges
                0x00000800       0xe8 ..\obj\tasks.o
 .debug_aranges
                0x000008e8       0x28 ..\obj\egoera_makina.o
 .debug_aranges
                0x00000910       0x28 ..\obj\Task_Seguridad.o
 .debug_aranges
                0x00000938       0x70 ..\obj\interrupt.o
 .debug_aranges
                0x000009a8       0x68 ..\obj\rit128x96x4.o
 .debug_aranges
                0x00000a10       0x30 ..\obj\keypad.o
 .debug_aranges
                0x00000a40       0x28 ..\obj\ad.o
 .debug_aranges
                0x00000a68       0x28 ..\obj\startup_lm3s.o
 .debug_aranges
                0x00000a90       0x40 ..\obj\list.o
 .debug_aranges
                0x00000ad0       0x60 ..\obj\syscalls.o
 .debug_aranges
                0x00000b30       0x98 ..\obj\ssi.o
 .debug_aranges
                0x00000bc8       0xf0 ..\obj\adc.o
 .debug_aranges
                0x00000cb8       0x90 ..\obj\queue.o
 .debug_aranges
                0x00000d48       0x70 ..\obj\port.o
 .debug_aranges
                0x00000db8       0x28 ..\obj\pwm_generico.o
 .debug_aranges
                0x00000de0       0x50 ..\obj\croutine.o
 .debug_aranges
                0x00000e30       0x20 ..\obj\task_display.o
 .debug_aranges
                0x00000e50       0x30 ..\obj\cpu.o
 .debug_aranges
                0x00000e80       0x40 ..\obj\console.o
 .debug_aranges
                0x00000ec0       0x60 ..\obj\systick.o
 .debug_aranges
                0x00000f20       0x38 ..\obj\heap_1.o
 .debug_aranges
                0x00000f58       0x40 ..\obj\ultrasonidos.o
 .debug_aranges
                0x00000f98       0x20 ..\obj\Task_Idle.o
 .debug_aranges
                0x00000fb8       0x20 ..\obj\clock.o
 .debug_aranges
                0x00000fd8       0x20 ..\obj\Task_Recibir_Infrarrojos.o

.debug_ranges   0x00000000      0xd78
 .debug_ranges  0x00000000      0x108 ..\obj\Recepcion_Infrarrojos.o
 .debug_ranges  0x00000108       0x20 ..\obj\pines.o
 .debug_ranges  0x00000128       0x18 ..\obj\system_lm3s.o
 .debug_ranges  0x00000140       0xb8 ..\obj\core_cm3.o
 .debug_ranges  0x000001f8       0x20 ..\obj\stellaris_1.o
 .debug_ranges  0x00000218       0xc0 ..\obj\timer.o
 .debug_ranges  0x000002d8      0x110 ..\obj\pwm.o
 .debug_ranges  0x000003e8       0x18 ..\obj\Task_Control.o
 .debug_ranges  0x00000400       0x10 ..\obj\system_tick.o
 .debug_ranges  0x00000410       0x18 ..\obj\main.o
 .debug_ranges  0x00000428       0x40 ..\obj\framebuffer.o
 .debug_ranges  0x00000468      0x160 ..\obj\sysctl.o
 .debug_ranges  0x000005c8      0x108 ..\obj\gpio.o
 .debug_ranges  0x000006d0       0x20 ..\obj\display.o
 .debug_ranges  0x000006f0       0x20 ..\obj\display_RIT.o
 .debug_ranges  0x00000710       0xd8 ..\obj\tasks.o
 .debug_ranges  0x000007e8       0x18 ..\obj\egoera_makina.o
 .debug_ranges  0x00000800       0x18 ..\obj\Task_Seguridad.o
 .debug_ranges  0x00000818       0x60 ..\obj\interrupt.o
 .debug_ranges  0x00000878       0x58 ..\obj\rit128x96x4.o
 .debug_ranges  0x000008d0       0x20 ..\obj\keypad.o
 .debug_ranges  0x000008f0       0x18 ..\obj\ad.o
 .debug_ranges  0x00000908       0x18 ..\obj\startup_lm3s.o
 .debug_ranges  0x00000920       0x30 ..\obj\list.o
 .debug_ranges  0x00000950       0x50 ..\obj\syscalls.o
 .debug_ranges  0x000009a0       0x88 ..\obj\ssi.o
 .debug_ranges  0x00000a28       0xe0 ..\obj\adc.o
 .debug_ranges  0x00000b08       0x80 ..\obj\queue.o
 .debug_ranges  0x00000b88       0x60 ..\obj\port.o
 .debug_ranges  0x00000be8       0x18 ..\obj\pwm_generico.o
 .debug_ranges  0x00000c00       0x40 ..\obj\croutine.o
 .debug_ranges  0x00000c40       0x10 ..\obj\task_display.o
 .debug_ranges  0x00000c50       0x20 ..\obj\cpu.o
 .debug_ranges  0x00000c70       0x30 ..\obj\console.o
 .debug_ranges  0x00000ca0       0x50 ..\obj\systick.o
 .debug_ranges  0x00000cf0       0x28 ..\obj\heap_1.o
 .debug_ranges  0x00000d18       0x30 ..\obj\ultrasonidos.o
 .debug_ranges  0x00000d48       0x10 ..\obj\Task_Idle.o
 .debug_ranges  0x00000d58       0x10 ..\obj\clock.o
 .debug_ranges  0x00000d68       0x10 ..\obj\Task_Recibir_Infrarrojos.o

.debug_str      0x00000000     0x3de6
 .debug_str     0x00000000      0x7f7 ..\obj\Recepcion_Infrarrojos.o
                                0x8b6 (size before relaxing)
 .debug_str     0x000007f7       0xb7 ..\obj\pines.o
                                0x15f (size before relaxing)
 .debug_str     0x000008ae      0x1d8 ..\obj\system_lm3s.o
                                0x26d (size before relaxing)
 .debug_str     0x00000a86      0x172 ..\obj\core_cm3.o
                                0x223 (size before relaxing)
 .debug_str     0x00000bf8      0x1cd ..\obj\stellaris_1.o
                                0x268 (size before relaxing)
 .debug_str     0x00000dc5      0x1fa ..\obj\timer.o
                                0x22f (size before relaxing)
 .debug_str     0x00000fbf      0x35b ..\obj\pwm.o
                                0x3cb (size before relaxing)
 .debug_str     0x0000131a       0xbe ..\obj\Task_Control.o
                                0x2a3 (size before relaxing)
 .debug_str     0x000013d8       0x53 ..\obj\system_tick.o
                                 0x71 (size before relaxing)
 .debug_str     0x0000142b       0x59 ..\obj\main.o
                                0x185 (size before relaxing)
 .debug_str     0x00001484      0x18e ..\obj\framebuffer.o
                                0x267 (size before relaxing)
 .debug_str     0x00001612      0x479 ..\obj\sysctl.o
                                0x4e6 (size before relaxing)
 .debug_str     0x00001a8b       0x36 ..\obj\timers.o
                                 0x89 (size before relaxing)
 .debug_str     0x00001ac1      0x306 ..\obj\gpio.o
                                0x390 (size before relaxing)
 .debug_str     0x00001dc7       0x7f ..\obj\display.o
                                 0xa4 (size before relaxing)
 .debug_str     0x00001e46       0xa9 ..\obj\display_RIT.o
                                0x146 (size before relaxing)
 .debug_str     0x00001eef      0x64b ..\obj\tasks.o
                                0x74a (size before relaxing)
 .debug_str     0x0000253a       0x8d ..\obj\egoera_makina.o
                                0x1bd (size before relaxing)
 .debug_str     0x000025c7       0xc9 ..\obj\Task_Seguridad.o
                                0x1f2 (size before relaxing)
 .debug_str     0x00002690      0x116 ..\obj\interrupt.o
                                0x1a3 (size before relaxing)
 .debug_str     0x000027a6      0x19f ..\obj\rit128x96x4.o
                                0x234 (size before relaxing)
 .debug_str     0x00002945       0x7a ..\obj\keypad.o
                                0x169 (size before relaxing)
 .debug_str     0x000029bf       0x8c ..\obj\ad.o
                                0x150 (size before relaxing)
 .debug_str     0x00002a4b       0xa1 ..\obj\startup_lm3s.o
                                 0xcc (size before relaxing)
 .debug_str     0x00002aec       0xc7 ..\obj\list.o
                                0x1fa (size before relaxing)
 .debug_str     0x00002bb3      0x15a ..\obj\syscalls.o
                                0x23f (size before relaxing)
 .debug_str     0x00002d0d      0x18b ..\obj\ssi.o
                                0x1fb (size before relaxing)
 .debug_str     0x00002e98      0x303 ..\obj\adc.o
                                0x39f (size before relaxing)
 .debug_str     0x0000319b      0x2cd ..\obj\queue.o
                                0x472 (size before relaxing)
 .debug_str     0x00003468      0x15b ..\obj\port.o
                                0x1ea (size before relaxing)
 .debug_str     0x000035c3       0xaf ..\obj\pwm_generico.o
                                 0xf4 (size before relaxing)
 .debug_str     0x00003672      0x27a ..\obj\croutine.o
                                0x3c9 (size before relaxing)
 .debug_str     0x000038ec       0x4e ..\obj\task_display.o
                                0x213 (size before relaxing)
 .debug_str     0x0000393a       0x56 ..\obj\cpu.o
                                 0x74 (size before relaxing)
 .debug_str     0x00003990       0x97 ..\obj\console.o
                                0x155 (size before relaxing)
 .debug_str     0x00003a27       0xd5 ..\obj\systick.o
                                0x115 (size before relaxing)
 .debug_str     0x00003afc       0xc2 ..\obj\heap_1.o
                                0x165 (size before relaxing)
 .debug_str     0x00003bbe      0x147 ..\obj\ultrasonidos.o
                                0x277 (size before relaxing)
 .debug_str     0x00003d05       0x3e ..\obj\Task_Idle.o
                                 0x57 (size before relaxing)
 .debug_str     0x00003d43       0x47 ..\obj\clock.o
                                 0x61 (size before relaxing)
 .debug_str     0x00003d8a       0x5c ..\obj\Task_Recibir_Infrarrojos.o
                                0x1ff (size before relaxing)

.comment        0x00000000       0x2a
 .comment       0x00000000       0x2a ..\obj\Recepcion_Infrarrojos.o
                                 0x2b (size before relaxing)
 .comment       0x00000000       0x2b ..\obj\pines.o
 .comment       0x00000000       0x2b ..\obj\system_lm3s.o
 .comment       0x00000000       0x2b ..\obj\core_cm3.o
 .comment       0x00000000       0x2b ..\obj\stellaris_1.o
 .comment       0x00000000       0x2b ..\obj\timer.o
 .comment       0x00000000       0x2b ..\obj\pwm.o
 .comment       0x00000000       0x2b ..\obj\Task_Control.o
 .comment       0x00000000       0x2b ..\obj\system_tick.o
 .comment       0x00000000       0x2b ..\obj\main.o
 .comment       0x00000000       0x2b ..\obj\framebuffer.o
 .comment       0x00000000       0x2b ..\obj\sysctl.o
 .comment       0x00000000       0x2b ..\obj\timers.o
 .comment       0x00000000       0x2b ..\obj\gpio.o
 .comment       0x00000000       0x2b ..\obj\display.o
 .comment       0x00000000       0x2b ..\obj\display_RIT.o
 .comment       0x00000000       0x2b ..\obj\tasks.o
 .comment       0x00000000       0x2b ..\obj\egoera_makina.o
 .comment       0x00000000       0x2b ..\obj\Task_Seguridad.o
 .comment       0x00000000       0x2b ..\obj\interrupt.o
 .comment       0x00000000       0x2b ..\obj\rit128x96x4.o
 .comment       0x00000000       0x2b ..\obj\keypad.o
 .comment       0x00000000       0x2b ..\obj\ad.o
 .comment       0x00000000       0x2b ..\obj\startup_lm3s.o
 .comment       0x00000000       0x2b ..\obj\list.o
 .comment       0x00000000       0x2b ..\obj\syscalls.o
 .comment       0x00000000       0x2b ..\obj\ssi.o
 .comment       0x00000000       0x2b ..\obj\adc.o
 .comment       0x00000000       0x2b ..\obj\queue.o
 .comment       0x00000000       0x2b ..\obj\port.o
 .comment       0x00000000       0x2b ..\obj\pwm_generico.o
 .comment       0x00000000       0x2b ..\obj\croutine.o
 .comment       0x00000000       0x2b ..\obj\task_display.o
 .comment       0x00000000       0x2b ..\obj\cpu.o
 .comment       0x00000000       0x2b ..\obj\console.o
 .comment       0x00000000       0x2b ..\obj\systick.o
 .comment       0x00000000       0x2b ..\obj\heap_1.o
 .comment       0x00000000       0x2b ..\obj\ultrasonidos.o
 .comment       0x00000000       0x2b ..\obj\Task_Idle.o
 .comment       0x00000000       0x2b ..\obj\clock.o
 .comment       0x00000000       0x2b ..\obj\Task_Recibir_Infrarrojos.o

.ARM.attributes
                0x00000000       0x31
 .ARM.attributes
                0x00000000       0x31 ..\obj\Recepcion_Infrarrojos.o
 .ARM.attributes
                0x00000031       0x31 ..\obj\pines.o
 .ARM.attributes
                0x00000062       0x31 ..\obj\system_lm3s.o
 .ARM.attributes
                0x00000093       0x31 ..\obj\core_cm3.o
 .ARM.attributes
                0x000000c4       0x31 ..\obj\stellaris_1.o
 .ARM.attributes
                0x000000f5       0x31 ..\obj\timer.o
 .ARM.attributes
                0x00000126       0x31 ..\obj\pwm.o
 .ARM.attributes
                0x00000157       0x31 ..\obj\Task_Control.o
 .ARM.attributes
                0x00000188       0x31 ..\obj\system_tick.o
 .ARM.attributes
                0x000001b9       0x31 ..\obj\main.o
 .ARM.attributes
                0x000001ea       0x31 ..\obj\framebuffer.o
 .ARM.attributes
                0x0000021b       0x31 ..\obj\sysctl.o
 .ARM.attributes
                0x0000024c       0x31 ..\obj\timers.o
 .ARM.attributes
                0x0000027d       0x31 ..\obj\gpio.o
 .ARM.attributes
                0x000002ae       0x31 ..\obj\display.o
 .ARM.attributes
                0x000002df       0x31 ..\obj\display_RIT.o
 .ARM.attributes
                0x00000310       0x31 ..\obj\tasks.o
 .ARM.attributes
                0x00000341       0x31 ..\obj\egoera_makina.o
 .ARM.attributes
                0x00000372       0x31 ..\obj\Task_Seguridad.o
 .ARM.attributes
                0x000003a3       0x31 ..\obj\interrupt.o
 .ARM.attributes
                0x000003d4       0x31 ..\obj\rit128x96x4.o
 .ARM.attributes
                0x00000405       0x31 ..\obj\keypad.o
 .ARM.attributes
                0x00000436       0x31 ..\obj\ad.o
 .ARM.attributes
                0x00000467       0x31 ..\obj\startup_lm3s.o
 .ARM.attributes
                0x00000498       0x31 ..\obj\list.o
 .ARM.attributes
                0x000004c9       0x31 ..\obj\syscalls.o
 .ARM.attributes
                0x000004fa       0x31 ..\obj\ssi.o
 .ARM.attributes
                0x0000052b       0x31 ..\obj\adc.o
 .ARM.attributes
                0x0000055c       0x31 ..\obj\queue.o
 .ARM.attributes
                0x0000058d       0x31 ..\obj\port.o
 .ARM.attributes
                0x000005be       0x31 ..\obj\pwm_generico.o
 .ARM.attributes
                0x000005ef       0x31 ..\obj\croutine.o
 .ARM.attributes
                0x00000620       0x31 ..\obj\task_display.o
 .ARM.attributes
                0x00000651       0x31 ..\obj\cpu.o
 .ARM.attributes
                0x00000682       0x31 ..\obj\console.o
 .ARM.attributes
                0x000006b3       0x31 ..\obj\systick.o
 .ARM.attributes
                0x000006e4       0x31 ..\obj\heap_1.o
 .ARM.attributes
                0x00000715       0x31 ..\obj\ultrasonidos.o
 .ARM.attributes
                0x00000746       0x31 ..\obj\Task_Idle.o
 .ARM.attributes
                0x00000777       0x31 ..\obj\clock.o
 .ARM.attributes
                0x000007a8       0x31 ..\obj\Task_Recibir_Infrarrojos.o
 .ARM.attributes
                0x000007d9       0x1b c:/app/coide/gcc/sourcery g++ lite/bin/../lib/gcc/arm-none-eabi/4.5.1/thumb2\libgcc.a(_arm_addsubdf3.o)
 .ARM.attributes
                0x000007f4       0x1b c:/app/coide/gcc/sourcery g++ lite/bin/../lib/gcc/arm-none-eabi/4.5.1/thumb2\libgcc.a(_arm_muldivdf3.o)
 .ARM.attributes
                0x0000080f       0x1b c:/app/coide/gcc/sourcery g++ lite/bin/../lib/gcc/arm-none-eabi/4.5.1/thumb2\libgcc.a(_arm_cmpdf2.o)
 .ARM.attributes
                0x0000082a       0x1b c:/app/coide/gcc/sourcery g++ lite/bin/../lib/gcc/arm-none-eabi/4.5.1/thumb2\libgcc.a(_arm_truncdfsf2.o)
 .ARM.attributes
                0x00000845       0x1b c:/app/coide/gcc/sourcery g++ lite/bin/../lib/gcc/arm-none-eabi/4.5.1/thumb2\libgcc.a(_arm_addsubsf3.o)
 .ARM.attributes
                0x00000860       0x1b c:/app/coide/gcc/sourcery g++ lite/bin/../lib/gcc/arm-none-eabi/4.5.1/thumb2\libgcc.a(_arm_muldivsf3.o)
 .ARM.attributes
                0x0000087b       0x1b c:/app/coide/gcc/sourcery g++ lite/bin/../lib/gcc/arm-none-eabi/4.5.1/thumb2\libgcc.a(_arm_cmpsf2.o)
 .ARM.attributes
                0x00000896       0x1b c:/app/coide/gcc/sourcery g++ lite/bin/../lib/gcc/arm-none-eabi/4.5.1/thumb2\libgcc.a(_arm_fixunssfsi.o)
 .ARM.attributes
                0x000008b1       0x29 c:/app/coide/gcc/sourcery g++ lite/bin/../lib/gcc/arm-none-eabi/4.5.1/../../../../arm-none-eabi/lib/thumb2\libc.a(lib_a-memcpy.o)
 .ARM.attributes
                0x000008da       0x29 c:/app/coide/gcc/sourcery g++ lite/bin/../lib/gcc/arm-none-eabi/4.5.1/../../../../arm-none-eabi/lib/thumb2\libc.a(lib_a-memset.o)
 .ARM.attributes
                0x00000903       0x29 c:/app/coide/gcc/sourcery g++ lite/bin/../lib/gcc/arm-none-eabi/4.5.1/../../../../arm-none-eabi/lib/thumb2\libc.a(lib_a-sprintf.o)
 .ARM.attributes
                0x0000092c       0x29 c:/app/coide/gcc/sourcery g++ lite/bin/../lib/gcc/arm-none-eabi/4.5.1/../../../../arm-none-eabi/lib/thumb2\libc.a(lib_a-strlen.o)
 .ARM.attributes
                0x00000955       0x29 c:/app/coide/gcc/sourcery g++ lite/bin/../lib/gcc/arm-none-eabi/4.5.1/../../../../arm-none-eabi/lib/thumb2\libc.a(lib_a-strncpy.o)
 .ARM.attributes
                0x0000097e       0x29 c:/app/coide/gcc/sourcery g++ lite/bin/../lib/gcc/arm-none-eabi/4.5.1/../../../../arm-none-eabi/lib/thumb2\libc.a(lib_a-svfprintf.o)
 .ARM.attributes
                0x000009a7       0x29 c:/app/coide/gcc/sourcery g++ lite/bin/../lib/gcc/arm-none-eabi/4.5.1/../../../../arm-none-eabi/lib/thumb2\libc.a(lib_a-dtoa.o)
 .ARM.attributes
                0x000009d0       0x29 c:/app/coide/gcc/sourcery g++ lite/bin/../lib/gcc/arm-none-eabi/4.5.1/../../../../arm-none-eabi/lib/thumb2\libc.a(lib_a-impure.o)
 .ARM.attributes
                0x000009f9       0x29 c:/app/coide/gcc/sourcery g++ lite/bin/../lib/gcc/arm-none-eabi/4.5.1/../../../../arm-none-eabi/lib/thumb2\libc.a(lib_a-locale.o)
 .ARM.attributes
                0x00000a22       0x29 c:/app/coide/gcc/sourcery g++ lite/bin/../lib/gcc/arm-none-eabi/4.5.1/../../../../arm-none-eabi/lib/thumb2\libc.a(lib_a-malloc.o)
 .ARM.attributes
                0x00000a4b       0x29 c:/app/coide/gcc/sourcery g++ lite/bin/../lib/gcc/arm-none-eabi/4.5.1/../../../../arm-none-eabi/lib/thumb2\libc.a(lib_a-mallocr.o)
 .ARM.attributes
                0x00000a74       0x29 c:/app/coide/gcc/sourcery g++ lite/bin/../lib/gcc/arm-none-eabi/4.5.1/../../../../arm-none-eabi/lib/thumb2\libc.a(lib_a-memchr.o)
 .ARM.attributes
                0x00000a9d       0x29 c:/app/coide/gcc/sourcery g++ lite/bin/../lib/gcc/arm-none-eabi/4.5.1/../../../../arm-none-eabi/lib/thumb2\libc.a(lib_a-mlock.o)
 .ARM.attributes
                0x00000ac6       0x29 c:/app/coide/gcc/sourcery g++ lite/bin/../lib/gcc/arm-none-eabi/4.5.1/../../../../arm-none-eabi/lib/thumb2\libc.a(lib_a-mprec.o)
 .ARM.attributes
                0x00000aef       0x29 c:/app/coide/gcc/sourcery g++ lite/bin/../lib/gcc/arm-none-eabi/4.5.1/../../../../arm-none-eabi/lib/thumb2\libc.a(lib_a-s_fpclassify.o)
 .ARM.attributes
                0x00000b18       0x29 c:/app/coide/gcc/sourcery g++ lite/bin/../lib/gcc/arm-none-eabi/4.5.1/../../../../arm-none-eabi/lib/thumb2\libc.a(lib_a-sbrkr.o)
 .ARM.attributes
                0x00000b41       0x29 c:/app/coide/gcc/sourcery g++ lite/bin/../lib/gcc/arm-none-eabi/4.5.1/../../../../arm-none-eabi/lib/thumb2\libc.a(lib_a-strcmp.o)
 .ARM.attributes
                0x00000b6a       0x29 c:/app/coide/gcc/sourcery g++ lite/bin/../lib/gcc/arm-none-eabi/4.5.1/../../../../arm-none-eabi/lib/thumb2\libc.a(lib_a-svfiprintf.o)
 .ARM.attributes
                0x00000b93       0x29 c:/app/coide/gcc/sourcery g++ lite/bin/../lib/gcc/arm-none-eabi/4.5.1/../../../../arm-none-eabi/lib/thumb2\libc.a(lib_a-callocr.o)
 .ARM.attributes
                0x00000bbc       0x29 c:/app/coide/gcc/sourcery g++ lite/bin/../lib/gcc/arm-none-eabi/4.5.1/../../../../arm-none-eabi/lib/thumb2\libc.a(lib_a-freer.o)
 .ARM.attributes
                0x00000be5       0x29 c:/app/coide/gcc/sourcery g++ lite/bin/../lib/gcc/arm-none-eabi/4.5.1/../../../../arm-none-eabi/lib/thumb2\libc.a(lib_a-memmove.o)
 .ARM.attributes
                0x00000c0e       0x29 c:/app/coide/gcc/sourcery g++ lite/bin/../lib/gcc/arm-none-eabi/4.5.1/../../../../arm-none-eabi/lib/thumb2\libc.a(lib_a-reallocr.o)
 .ARM.attributes
                0x00000c37       0x29 c:/app/coide/gcc/sourcery g++ lite/bin/../lib/gcc/arm-none-eabi/4.5.1/../../../../arm-none-eabi/lib/thumb2\libc.a(lib_a-reent.o)
 .ARM.attributes
                0x00000c60       0x1b c:/app/coide/gcc/sourcery g++ lite/bin/../lib/gcc/arm-none-eabi/4.5.1/thumb2\libgcc.a(_udivsi3.o)
 .ARM.attributes
                0x00000c7b       0x1b c:/app/coide/gcc/sourcery g++ lite/bin/../lib/gcc/arm-none-eabi/4.5.1/thumb2\libgcc.a(_dvmd_tls.o)
 .ARM.attributes
                0x00000c96       0x1b c:/app/coide/gcc/sourcery g++ lite/bin/../lib/gcc/arm-none-eabi/4.5.1/thumb2\libgcc.a(_arm_fixdfsi.o)
 .ARM.attributes
                0x00000cb1       0x1b c:/app/coide/gcc/sourcery g++ lite/bin/../lib/gcc/arm-none-eabi/4.5.1/thumb2\libgcc.a(_aeabi_uldivmod.o)
 .ARM.attributes
                0x00000ccc       0x29 c:/app/coide/gcc/sourcery g++ lite/bin/../lib/gcc/arm-none-eabi/4.5.1/thumb2\libgcc.a(bpabi.o)
 .ARM.attributes
                0x00000cf5       0x29 c:/app/coide/gcc/sourcery g++ lite/bin/../lib/gcc/arm-none-eabi/4.5.1/thumb2\libgcc.a(_divdi3.o)
 .ARM.attributes
                0x00000d1e       0x29 c:/app/coide/gcc/sourcery g++ lite/bin/../lib/gcc/arm-none-eabi/4.5.1/thumb2\libgcc.a(_udivdi3.o)

.debug_frame    0x00000000     0x36d8
 .debug_frame   0x00000000      0x39c ..\obj\Recepcion_Infrarrojos.o
 .debug_frame   0x0000039c       0x74 ..\obj\pines.o
 .debug_frame   0x00000410       0x4c ..\obj\system_lm3s.o
 .debug_frame   0x0000045c      0x280 ..\obj\core_cm3.o
 .debug_frame   0x000006dc       0x68 ..\obj\stellaris_1.o
 .debug_frame   0x00000744      0x2a0 ..\obj\timer.o
 .debug_frame   0x000009e4      0x3bc ..\obj\pwm.o