Archive member included because of file (symbol)

c:/app/coide/gcc/sourcery g++ lite/bin/../lib/gcc/arm-none-eabi/4.5.1/thumb2\libgcc.a(_arm_addsubdf3.o)
                              ..\obj\ultrasonidos.o (__aeabi_ui2d)
c:/app/coide/gcc/sourcery g++ lite/bin/../lib/gcc/arm-none-eabi/4.5.1/thumb2\libgcc.a(_arm_muldivdf3.o)
                              ..\obj\ultrasonidos.o (__aeabi_ddiv)
c:/app/coide/gcc/sourcery g++ lite/bin/../lib/gcc/arm-none-eabi/4.5.1/thumb2\libgcc.a(_arm_truncdfsf2.o)
                              ..\obj\ultrasonidos.o (__aeabi_d2f)
c:/app/coide/gcc/sourcery g++ lite/bin/../lib/gcc/arm-none-eabi/4.5.1/thumb2\libgcc.a(_arm_addsubsf3.o)
                              ..\obj\pwm_generico.o (__aeabi_ui2f)
c:/app/coide/gcc/sourcery g++ lite/bin/../lib/gcc/arm-none-eabi/4.5.1/thumb2\libgcc.a(_arm_muldivsf3.o)
                              ..\obj\pwm_generico.o (__aeabi_fmul)
c:/app/coide/gcc/sourcery g++ lite/bin/../lib/gcc/arm-none-eabi/4.5.1/thumb2\libgcc.a(_arm_fixunssfsi.o)
                              ..\obj\pwm_generico.o (__aeabi_f2uiz)
c:/app/coide/gcc/sourcery g++ lite/bin/../lib/gcc/arm-none-eabi/4.5.1/../../../../arm-none-eabi/lib/thumb2\libc.a(lib_a-memcpy.o)
                              ..\obj\queue.o (memcpy)
c:/app/coide/gcc/sourcery g++ lite/bin/../lib/gcc/arm-none-eabi/4.5.1/../../../../arm-none-eabi/lib/thumb2\libc.a(lib_a-memset.o)
                              ..\obj\tasks.o (memset)
c:/app/coide/gcc/sourcery g++ lite/bin/../lib/gcc/arm-none-eabi/4.5.1/../../../../arm-none-eabi/lib/thumb2\libc.a(lib_a-sprintf.o)
                              ..\obj\Task_Comunicaciones.o (sprintf)
c:/app/coide/gcc/sourcery g++ lite/bin/../lib/gcc/arm-none-eabi/4.5.1/../../../../arm-none-eabi/lib/thumb2\libc.a(lib_a-strlen.o)
                              ..\obj\framebuffer.o (strlen)
c:/app/coide/gcc/sourcery g++ lite/bin/../lib/gcc/arm-none-eabi/4.5.1/../../../../arm-none-eabi/lib/thumb2\libc.a(lib_a-strncpy.o)
                              ..\obj\tasks.o (strncpy)
c:/app/coide/gcc/sourcery g++ lite/bin/../lib/gcc/arm-none-eabi/4.5.1/../../../../arm-none-eabi/lib/thumb2\libc.a(lib_a-svfprintf.o)
                              c:/app/coide/gcc/sourcery g++ lite/bin/../lib/gcc/arm-none-eabi/4.5.1/../../../../arm-none-eabi/lib/thumb2\libc.a(lib_a-sprintf.o) (_svfprintf_r)
c:/app/coide/gcc/sourcery g++ lite/bin/../lib/gcc/arm-none-eabi/4.5.1/../../../../arm-none-eabi/lib/thumb2\libc.a(lib_a-dtoa.o)
                              c:/app/coide/gcc/sourcery g++ lite/bin/../lib/gcc/arm-none-eabi/4.5.1/../../../../arm-none-eabi/lib/thumb2\libc.a(lib_a-svfprintf.o) (_dtoa_r)
c:/app/coide/gcc/sourcery g++ lite/bin/../lib/gcc/arm-none-eabi/4.5.1/../../../../arm-none-eabi/lib/thumb2\libc.a(lib_a-impure.o)
                              c:/app/coide/gcc/sourcery g++ lite/bin/../lib/gcc/arm-none-eabi/4.5.1/../../../../arm-none-eabi/lib/thumb2\libc.a(lib_a-sprintf.o) (_impure_ptr)
c:/app/coide/gcc/sourcery g++ lite/bin/../lib/gcc/arm-none-eabi/4.5.1/../../../../arm-none-eabi/lib/thumb2\libc.a(lib_a-locale.o)
                              c:/app/coide/gcc/sourcery g++ lite/bin/../lib/gcc/arm-none-eabi/4.5.1/../../../../arm-none-eabi/lib/thumb2\libc.a(lib_a-svfprintf.o) (_localeconv_r)
c:/app/coide/gcc/sourcery g++ lite/bin/../lib/gcc/arm-none-eabi/4.5.1/../../../../arm-none-eabi/lib/thumb2\libc.a(lib_a-malloc.o)
                              c:/app/coide/gcc/sourcery g++ lite/bin/../lib/gcc/arm-none-eabi/4.5.1/../../../../arm-none-eabi/lib/thumb2\libc.a(lib_a-dtoa.o) (malloc)
c:/app/coide/gcc/sourcery g++ lite/bin/../lib/gcc/arm-none-eabi/4.5.1/../../../../arm-none-eabi/lib/thumb2\libc.a(lib_a-mallocr.o)
                              c:/app/coide/gcc/sourcery g++ lite/bin/../lib/gcc/arm-none-eabi/4.5.1/../../../../arm-none-eabi/lib/thumb2\libc.a(lib_a-svfprintf.o) (_malloc_r)
c:/app/coide/gcc/sourcery g++ lite/bin/../lib/gcc/arm-none-eabi/4.5.1/../../../../arm-none-eabi/lib/thumb2\libc.a(lib_a-memchr.o)
                              c:/app/coide/gcc/sourcery g++ lite/bin/../lib/gcc/arm-none-eabi/4.5.1/../../../../arm-none-eabi/lib/thumb2\libc.a(lib_a-svfprintf.o) (memchr)
c:/app/coide/gcc/sourcery g++ lite/bin/../lib/gcc/arm-none-eabi/4.5.1/../../../../arm-none-eabi/lib/thumb2\libc.a(lib_a-mlock.o)
                              c:/app/coide/gcc/sourcery g++ lite/bin/../lib/gcc/arm-none-eabi/4.5.1/../../../../arm-none-eabi/lib/thumb2\libc.a(lib_a-mallocr.o) (__malloc_lock)
c:/app/coide/gcc/sourcery g++ lite/bin/../lib/gcc/arm-none-eabi/4.5.1/../../../../arm-none-eabi/lib/thumb2\libc.a(lib_a-mprec.o)
                              c:/app/coide/gcc/sourcery g++ lite/bin/../lib/gcc/arm-none-eabi/4.5.1/../../../../arm-none-eabi/lib/thumb2\libc.a(lib_a-dtoa.o) (_Balloc)
c:/app/coide/gcc/sourcery g++ lite/bin/../lib/gcc/arm-none-eabi/4.5.1/../../../../arm-none-eabi/lib/thumb2\libc.a(lib_a-s_fpclassify.o)
[...]
Memory Configuration

Name             Origin             Length             Attributes
rom              0x00000000         0x00040000         xr
ram              0x20000000         0x00010000         xrw
*default*        0x00000000         0xffffffff

Linker script and memory map

                0x20010000                _eram = 0x20010000

.text           0x00000000     0xa088
 *(.isr_vector .isr_vector.*)
 .isr_vector    0x00000000      0x100 ..\obj\startup_lm3s.o
                0x00000000                g_pfnVectors
 *(.text .text.* .gnu.linkonce.t.*)
 .text.vTask_Comunicaciones
                0x00000100       0x78 ..\obj\Task_Comunicaciones.o
                0x00000100                vTask_Comunicaciones
 .text.PINES_inicializar
                0x00000178      0x168 ..\obj\pines.o
                0x00000178                PINES_inicializar
 .text.PINES_inicializar_int_both_edges
                0x000002e0      0x148 ..\obj\pines.o
                0x000002e0                PINES_inicializar_int_both_edges
 .text.SystemInit
                0x00000428      0x238 ..\obj\system_lm3s.o
                0x00000428                SystemInit
 .text.getOscClk
                0x00000660      0x15c ..\obj\system_lm3s.o
 .text.PWMGenConfigure
                0x000007bc       0x74 ..\obj\pwm.o
                0x000007bc                PWMGenConfigure
 .text.PWMGenPeriodSet
                0x00000830       0x48 ..\obj\pwm.o
                0x00000830                PWMGenPeriodSet
 .text.PWMGenEnable
                0x00000878       0x28 ..\obj\pwm.o
                0x00000878                PWMGenEnable
 .text.PWMPulseWidthSet
                0x000008a0       0x6c ..\obj\pwm.o
                0x000008a0                PWMPulseWidthSet
 .text.PWMOutputState
                0x0000090c       0x50 ..\obj\pwm.o
                0x0000090c                PWMOutputState
 .text.vTask_Control
                0x0000095c       0x78 ..\obj\Task_Control.o
                0x0000095c                vTask_Control
 .text.main     0x000009d4       0xec ..\obj\main.o
                0x000009d4                main
 .text.SysCtlPeripheralEnable
                0x00000ac0       0x58 ..\obj\sysctl.o
                0x00000ac0                SysCtlPeripheralEnable
 .text.SysCtlDelay
                0x00000b18        0x8 ..\obj\sysctl.o
                0x00000b18                SysCtlDelay
 .text.SysCtlClockSet
                0x00000b20      0x290 ..\obj\sysctl.o
                0x00000b20                SysCtlClockSet
 .text.SysCtlClockGet
                0x00000db0      0x384 ..\obj\sysctl.o
                0x00000db0                SysCtlClockGet
 .text.SysCtlPWMClockSet
                0x00001134       0x30 ..\obj\sysctl.o
                0x00001134                SysCtlPWMClockSet
 .text.GPIODirModeSet
                0x00001164       0x88 ..\obj\gpio.o
                0x00001164                GPIODirModeSet
 .text.GPIOIntTypeSet
                0x000011ec       0xd4 ..\obj\gpio.o
                0x000011ec                GPIOIntTypeSet
 .text.GPIOPadConfigSet
                0x000012c0      0x230 ..\obj\gpio.o
                0x000012c0                GPIOPadConfigSet
 .text.GPIOPinIntEnable
                0x000014f0       0x2c ..\obj\gpio.o
                0x000014f0                GPIOPinIntEnable
 .text.GPIOPinIntStatus
                0x0000151c       0x34 ..\obj\gpio.o
                0x0000151c                GPIOPinIntStatus
 .text.GPIOPinIntClear
                0x00001550       0x24 ..\obj\gpio.o
                0x00001550                GPIOPinIntClear
 .text.GPIOPinRead
                0x00001574       0x28 ..\obj\gpio.o
                0x00001574                GPIOPinRead
 .text.GPIOPinWrite
                0x0000159c       0x2c ..\obj\gpio.o
                0x0000159c                GPIOPinWrite
 .text.GPIOPinTypeGPIOInput
                0x000015c8       0x34 ..\obj\gpio.o
                0x000015c8                GPIOPinTypeGPIOInput
 .text.GPIOPinTypeGPIOOutput
                0x000015fc       0x34 ..\obj\gpio.o
                0x000015fc                GPIOPinTypeGPIOOutput
 .text.GPIOPinTypePWM
                0x00001630       0x34 ..\obj\gpio.o
                0x00001630                GPIOPinTypePWM
 .text.GPIOPinTypeSSI
                0x00001664       0x34 ..\obj\gpio.o
                0x00001664                GPIOPinTypeSSI
 .text.xTaskGenericCreate
                0x00001698      0x1ac ..\obj\tasks.o
                0x00001698                xTaskGenericCreate
 .text.vTaskDelayUntil
                0x00001844       0xb0 ..\obj\tasks.o
                0x00001844                vTaskDelayUntil
 .text.vTaskStartScheduler
                0x000018f4       0x74 ..\obj\tasks.o
                0x000018f4                vTaskStartScheduler
 .text.vTaskSuspendAll
                0x00001968       0x24 ..\obj\tasks.o
                0x00001968                vTaskSuspendAll
 .text.xTaskResumeAll
                0x0000198c      0x154 ..\obj\tasks.o
                0x0000198c                xTaskResumeAll
 .text.xTaskGetTickCount
                0x00001ae0       0x28 ..\obj\tasks.o
                0x00001ae0                xTaskGetTickCount
 .text.vTaskIncrementTick
                0x00001b08      0x1b8 ..\obj\tasks.o
                0x00001b08                vTaskIncrementTick
 .text.vTaskSwitchContext
                0x00001cc0       0xd0 ..\obj\tasks.o
                0x00001cc0                vTaskSwitchContext
 .text.prvIdleTask
                0x00001d90       0x10 ..\obj\tasks.o
 .text.prvInitialiseTCBVariables
                0x00001da0       0x78 ..\obj\tasks.o
 .text.prvInitialiseTaskLists
                0x00001e18       0x8c ..\obj\tasks.o
 .text.prvCheckTasksWaitingTermination
                0x00001ea4        0xc ..\obj\tasks.o
 .text.prvAddCurrentTaskToDelayedList
                0x00001eb0       0x8c ..\obj\tasks.o
 .text.prvAllocateTCBAndStack
                0x00001f3c       0x74 ..\obj\tasks.o
 .text.vTask_Seguridad
                0x00001fb0       0xf8 ..\obj\Task_Seguridad.o
                0x00001fb0                vTask_Seguridad
 .text.SEGURIDAD_ini
                0x000020a8        0xc ..\obj\Task_Seguridad.o
                0x000020a8                SEGURIDAD_ini
 .text.IntEnable
                0x000020b4       0xd8 ..\obj\interrupt.o
                0x000020b4                IntEnable
 .text.RITWriteCommand
                0x0000218c       0xfc ..\obj\rit128x96x4.o
 .text.RITWriteData
                0x00002288       0xfc ..\obj\rit128x96x4.o
 .text.RIT128x96x4Clear
                0x00002384       0x9c ..\obj\rit128x96x4.o
                0x00002384                RIT128x96x4Clear
 .text.RIT128x96x4StringDraw
                0x00002420      0x1e0 ..\obj\rit128x96x4.o
                0x00002420                RIT128x96x4StringDraw
 .text.RIT128x96x4Enable
                0x00002600       0xa4 ..\obj\rit128x96x4.o
                0x00002600                RIT128x96x4Enable
 .text.RIT128x96x4Init
                0x000026a4      0x128 ..\obj\rit128x96x4.o
                0x000026a4                RIT128x96x4Init
 .text.Default_Reset_Handler
                0x000027cc       0x6c ..\obj\startup_lm3s.o
                0x000027cc                Default_Reset_Handler
                0x000027cc                Reset_Handler
 .text.Default_Handler
                0x00002838        0x8 ..\obj\startup_lm3s.o
                0x00002838                DebugMon_Handler
                0x00002838                FlashCtrl_IRQHandler
                0x00002838                Timer0B_IRQHandler
                0x00002838                I2C0_IRQHandler
                0x00002838                HardFault_Handler
                0x00002838                SysTick_Handler
                0x00002838                PendSV_Handler
                0x00002838                NMI_Handler
                0x00002838                I2C1_IRQHandler
                0x00002838                PWMGen0_IRQHandler
                0x00002838                UART1_IRQHandler
                0x00002838                CAN1_IRQHandler
                0x00002838                Timer1B_IRQHandler
                0x00002838                Watchdog_IRQHandler
                0x00002838                UART0_IRQHandler
                0x00002838                SSI0_IRQHandler
                0x00002838                UsageFault_Handler
                0x00002838                ADCSeq1_IRQHandler
                0x00002838                PWMFault_IRQHandler
                0x00002838                PWMGen1_IRQHandler
                0x00002838                SSI1_IRQHandler
                0x00002838                uDMA_IRQHandler
                0x00002838                GPIOPortC_IRQHandler
                0x00002838                ADCSeq2_IRQHandler
                0x00002838                PWMGen2_IRQHandler
                0x00002838                UART2_IRQHandler
                0x00002838                uDMAErr_IRQHandler
                0x00002838                QEI1_IRQHandler
                0x00002838                QEI0_IRQHandler
                0x00002838                PWMGen3_IRQHandler
                0x00002838                GPIOPortD_IRQHandler
                0x00002838                USB0_IRQHandler
                0x00002838                MemManage_Handler
                0x00002838                Ethernet_IRQHandler
                0x00002838                SVC_Handler
                0x00002838                Timer3B_IRQHandler
                0x00002838                Timer3A_IRQHandler
                0x00002838                GPIOPortA_IRQHandler
                0x00002838                Timer0A_IRQHandler
                0x00002838                ADCSeq0_IRQHandler
                0x00002838                Timer1A_IRQHandler
                0x00002838                GPIOPortG_IRQHandler
                0x00002838                ADCSeq3_IRQHandler
                0x00002838                GPIOPortE_IRQHandler
                0x00002838                CAN0_IRQHandler
                0x00002838                Comp0_IRQHandler
                0x00002838                Comp1_IRQHandler
                0x00002838                Comp2_IRQHandler
                0x00002838                GPIOPortF_IRQHandler
                0x00002838                GPIOPortB_IRQHandler
                0x00002838                CAN2_IRQHandler
                0x00002838                GPIOPortH_IRQHandler
                0x00002838                BusFault_Handler
                0x00002838                Timer2A_IRQHandler
                0x00002838                Timer2B_IRQHandler
                0x00002838                SysCtrl_IRQHandler
                0x00002838                Hibernate_IRQHandler
 .text.vListInitialise
                0x00002840       0x48 ..\obj\list.o
                0x00002840                vListInitialise
 .text.vListInitialiseItem
                0x00002888       0x1c ..\obj\list.o
                0x00002888                vListInitialiseItem
 .text.vListInsertEnd
                0x000028a4       0x54 ..\obj\list.o
                0x000028a4                vListInsertEnd
 .text.vListInsert
                0x000028f8       0x78 ..\obj\list.o
                0x000028f8                vListInsert
 .text.vListRemove
                0x00002970       0x54 ..\obj\list.o
                0x00002970                vListRemove
 .text._sbrk    0x000029c4       0x5c ..\obj\syscalls.o
                0x000029c4                _sbrk
 .text.SSIConfigSetExpClk
                0x00002a20       0xb4 ..\obj\ssi.o
                0x00002a20                SSIConfigSetExpClk
 .text.SSIEnable
                0x00002ad4       0x28 ..\obj\ssi.o
                0x00002ad4                SSIEnable
 .text.SSIDisable
                0x00002afc       0x28 ..\obj\ssi.o
                0x00002afc                SSIDisable
 .text.SSIDataPut
                0x00002b24       0x30 ..\obj\ssi.o
                0x00002b24                SSIDataPut
 .text.SSIBusy  0x00002b54       0x2c ..\obj\ssi.o
                0x00002b54                SSIBusy
 .text.pxPortInitialiseStack
                0x00002b80       0x60 ..\obj\port.o
                0x00002b80                pxPortInitialiseStack
 .text.vPortSVCHandler
                0x00002be0       0x20 ..\obj\port.o
                0x00002be0                vPortSVCHandler
 .text.vPortStartFirstTask
                0x00002c00       0x14 ..\obj\port.o
                0x00002c00                vPortStartFirstTask
 .text.xPortStartScheduler
                0x00002c14       0x54 ..\obj\port.o
                0x00002c14                xPortStartScheduler
 .text.vPortYieldFromISR
                0x00002c68       0x18 ..\obj\port.o
                0x00002c68                vPortYieldFromISR
 .text.vPortEnterCritical
                0x00002c80       0x2c ..\obj\port.o
                0x00002c80                vPortEnterCritical
 .text.vPortExitCritical
                0x00002cac       0x38 ..\obj\port.o
                0x00002cac                vPortExitCritical
 .text.xPortPendSVHandler
                0x00002ce4       0x3c ..\obj\port.o
                0x00002ce4                xPortPendSVHandler
 .text.xPortSysTickHandler
                0x00002d20       0x38 ..\obj\port.o
                0x00002d20                xPortSysTickHandler
 .text.prvSetupTimerInterrupt
                0x00002d58       0x28 ..\obj\port.o
 .text.PWM_GENERICO_salida_init
                0x00002d80      0x1b0 ..\obj\pwm_generico.o
                0x00002d80                PWM_GENERICO_salida_init
 .text.PWM_GENERICO_cambiar_anchura_pulso
                0x00002f30       0x6c ..\obj\pwm_generico.o
                0x00002f30                PWM_GENERICO_cambiar_anchura_pulso
 .text.consolePrintStr
                0x00002f9c       0x58 ..\obj\console.o
                0x00002f9c                consolePrintStr
 .text.refreshConsoleLine
                0x00002ff4       0x3c ..\obj\console.o
                0x00002ff4                refreshConsoleLine
 .text.initConsole
                0x00003030       0x84 ..\obj\console.o
                0x00003030                initConsole
 .text.SysTickEnable
                0x000030b4       0x24 ..\obj\systick.o
                0x000030b4                SysTickEnable
 .text.SysTickPeriodSet
                0x000030d8       0x24 ..\obj\systick.o
                0x000030d8                SysTickPeriodSet
 .text.SysTickValueGet
                0x000030fc       0x18 ..\obj\systick.o
                0x000030fc                SysTickValueGet
 .text.pvPortMalloc
                0x00003114       0x98 ..\obj\heap_1.o
                0x00003114                pvPortMalloc
 .text.vPortFree
                0x000031ac       0x14 ..\obj\heap_1.o
                0x000031ac                vPortFree
 .text.ULTRASONIDOS_ini
                0x000031c0       0x58 ..\obj\ultrasonidos.o
                0x000031c0                ULTRASONIDOS_ini
 .text.ULTRASONIDOS_echoInt_PD4
                0x00003218       0xd0 ..\obj\ultrasonidos.o
                0x00003218                ULTRASONIDOS_echoInt_PD4
 .text.ULTRASONIDOS_obstaculo
                0x000032e8       0xc0 ..\obj\ultrasonidos.o
                0x000032e8                ULTRASONIDOS_obstaculo
 .text          0x000033a8      0x370 c:/app/coide/gcc/sourcery g++ lite/bin/../lib/gcc/arm-none-eabi/4.5.1/thumb2\libgcc.a(_arm_addsubdf3.o)
                0x000033a8                __aeabi_drsub
                0x000033b0                __aeabi_dsub
                0x000033b0                __subdf3
                0x000033b4                __aeabi_dadd
                0x000033b4                __adddf3
                0x0000362c                __floatunsidf
                0x0000362c                __aeabi_ui2d
                0x0000364c                __floatsidf
                0x0000364c                __aeabi_i2d
                0x00003670                __aeabi_f2d
                0x00003670                __extendsfdf2
                0x000036ac                __floatundidf
                0x000036ac                __aeabi_ul2d
                0x000036bc                __floatdidf
                0x000036bc                __aeabi_l2d
 .text          0x00003718      0x424 c:/app/coide/gcc/sourcery g++ lite/bin/../lib/gcc/arm-none-eabi/4.5.1/thumb2\libgcc.a(_arm_muldivdf3.o)
                0x00003718                __aeabi_dmul
                0x00003718                __muldf3
                0x0000396c                __divdf3
                0x0000396c                __aeabi_ddiv
 .text          0x00003b3c       0xa0 c:/app/coide/gcc/sourcery g++ lite/bin/../lib/gcc/arm-none-eabi/4.5.1/thumb2\libgcc.a(_arm_truncdfsf2.o)
                0x00003b3c                __truncdfsf2
                0x00003b3c                __aeabi_d2f
 .text          0x00003bdc      0x21c c:/app/coide/gcc/sourcery g++ lite/bin/../lib/gcc/arm-none-eabi/4.5.1/thumb2\libgcc.a(_arm_addsubsf3.o)
                0x00003bdc                __aeabi_frsub
                0x00003be4                __subsf3
                0x00003be4                __aeabi_fsub
                0x00003be8                __aeabi_fadd
                0x00003be8                __addsf3
                0x00003d48                __aeabi_ui2f
                0x00003d48                __floatunsisf
                0x00003d50                __aeabi_i2f
                0x00003d50                __floatsisf
                0x00003d6c                __aeabi_ul2f
                0x00003d6c                __floatundisf
                0x00003d7c                __aeabi_l2f
                0x00003d7c                __floatdisf
 .text          0x00003df8      0x2a0 c:/app/coide/gcc/sourcery g++ lite/bin/../lib/gcc/arm-none-eabi/4.5.1/thumb2\libgcc.a(_arm_muldivsf3.o)
                0x00003df8                __mulsf3
                0x00003df8                __aeabi_fmul
                0x00003f60                __aeabi_fdiv
                0x00003f60                __divsf3
 .text          0x00004098       0x40 c:/app/coide/gcc/sourcery g++ lite/bin/../lib/gcc/arm-none-eabi/4.5.1/thumb2\libgcc.a(_arm_fixunssfsi.o)
                0x00004098                __fixunssfsi
                0x00004098                __aeabi_f2uiz
 .text          0x000040d8      0x150 c:/app/coide/gcc/sourcery g++ lite/bin/../lib/gcc/arm-none-eabi/4.5.1/../../../../arm-none-eabi/lib/thumb2\libc.a(lib_a-memcpy.o)
                0x000040d8                memcpy
 .text          0x00004228       0xb4 c:/app/coide/gcc/sourcery g++ lite/bin/../lib/gcc/arm-none-eabi/4.5.1/../../../../arm-none-eabi/lib/thumb2\libc.a(lib_a-memset.o)
                0x00004228                memset
 .text          0x000042dc       0x94 c:/app/coide/gcc/sourcery g++ lite/bin/../lib/gcc/arm-none-eabi/4.5.1/../../../../arm-none-eabi/lib/thumb2\libc.a(lib_a-sprintf.o)
                0x000042dc                _sprintf_r
                0x00004320                sprintf
 .text          0x00004370       0x60 c:/app/coide/gcc/sourcery g++ lite/bin/../lib/gcc/arm-none-eabi/4.5.1/../../../../arm-none-eabi/lib/thumb2\libc.a(lib_a-strlen.o)
                0x00004370                strlen
 .text          0x000043d0       0x7c c:/app/coide/gcc/sourcery g++ lite/bin/../lib/gcc/arm-none-eabi/4.5.1/../../../../arm-none-eabi/lib/thumb2\libc.a(lib_a-strncpy.o)
                0x000043d0                strncpy
 .text          0x0000444c     0x1658 c:/app/coide/gcc/sourcery g++ lite/bin/../lib/gcc/arm-none-eabi/4.5.1/../../../../arm-none-eabi/lib/thumb2\libc.a(lib_a-svfprintf.o)
                0x0000444c                _svfprintf_r
 *fill*         0x00005aa4        0x4 00
 .text          0x00005aa8     0x1000 c:/app/coide/gcc/sourcery g++ lite/bin/../lib/gcc/arm-none-eabi/4.5.1/../../../../arm-none-eabi/lib/thumb2\libc.a(lib_a-dtoa.o)
                0x00005bd4                _dtoa_r
 .text          0x00006aa8       0xa0 c:/app/coide/gcc/sourcery g++ lite/bin/../lib/gcc/arm-none-eabi/4.5.1/../../../../arm-none-eabi/lib/thumb2\libc.a(lib_a-locale.o)
                0x00006aa8                _setlocale_r
                0x00006b04                __locale_charset
                0x00006b10                __locale_mb_cur_max
                0x00006b1c                __locale_msgcharset
                0x00006b24                __locale_cjk_lang
                0x00006b28                _localeconv_r
                0x00006b30                setlocale
                0x00006b40                localeconv
 .text          0x00006b48       0x20 c:/app/coide/gcc/sourcery g++ lite/bin/../lib/gcc/arm-none-eabi/4.5.1/../../../../arm-none-eabi/lib/thumb2\libc.a(lib_a-malloc.o)
                0x00006b48                malloc
                0x00006b58                free
 .text          0x00006b68      0x57c c:/app/coide/gcc/sourcery g++ lite/bin/../lib/gcc/arm-none-eabi/4.5.1/../../../../arm-none-eabi/lib/thumb2\libc.a(lib_a-mallocr.o)
                0x00006b68                _malloc_r
 .text          0x000070e4       0x88 c:/app/coide/gcc/sourcery g++ lite/bin/../lib/gcc/arm-none-eabi/4.5.1/../../../../arm-none-eabi/lib/thumb2\libc.a(lib_a-memchr.o)
                0x000070e4                memchr
 .text          0x0000716c        0x8 c:/app/coide/gcc/sourcery g++ lite/bin/../lib/gcc/arm-none-eabi/4.5.1/../../../../arm-none-eabi/lib/thumb2\libc.a(lib_a-mlock.o)
                0x0000716c                __malloc_lock
                0x00007170                __malloc_unlock
 .text          0x00007174      0x920 c:/app/coide/gcc/sourcery g++ lite/bin/../lib/gcc/arm-none-eabi/4.5.1/../../../../arm-none-eabi/lib/thumb2\libc.a(lib_a-mprec.o)
                0x00007174                _Balloc
                0x000071dc                _Bfree
                0x00007214                __multadd
                0x00007298                __s2b
                0x0000732c                __hi0bits
                0x0000736c                __lo0bits
                0x000073d0                __i2b
                0x000073e4                __multiply
                0x0000750c                __pow5mult
                0x000075b0                __lshift
                0x0000765c                __mcmp
                0x00007698                __mdiff
                0x00007790                __ulp
                0x000077d8                __b2d
                0x00007884                __d2b
                0x0000794c                __ratio
                0x000079bc                _mprec_log10
                0x000079f0                __copybits
                0x00007a38                __any_on
 .text          0x00007a94       0x90 c:/app/coide/gcc/sourcery g++ lite/bin/../lib/gcc/arm-none-eabi/4.5.1/../../../../arm-none-eabi/lib/thumb2\libc.a(lib_a-s_fpclassify.o)
                0x00007a94                __fpclassifyd
 .text          0x00007b24       0x28 c:/app/coide/gcc/sourcery g++ lite/bin/../lib/gcc/arm-none-eabi/4.5.1/../../../../arm-none-eabi/lib/thumb2\libc.a(lib_a-sbrkr.o)
                0x00007b24                _sbrk_r
 .text          0x00007b4c      0x1dc c:/app/coide/gcc/sourcery g++ lite/bin/../lib/gcc/arm-none-eabi/4.5.1/../../../../arm-none-eabi/lib/thumb2\libc.a(lib_a-strcmp.o)
                0x00007b4c                strcmp
 .text          0x00007d28      0xbe4 c:/app/coide/gcc/sourcery g++ lite/bin/../lib/gcc/arm-none-eabi/4.5.1/../../../../arm-none-eabi/lib/thumb2\libc.a(lib_a-svfiprintf.o)
                0x00007d28                __ssprint_r
                0x00007e30                _svfiprintf_r
 .text          0x0000890c       0x5c c:/app/coide/gcc/sourcery g++ lite/bin/../lib/gcc/arm-none-eabi/4.5.1/../../../../arm-none-eabi/lib/thumb2\libc.a(lib_a-callocr.o)
                0x0000890c                _calloc_r
 .text          0x00008968      0x240 c:/app/coide/gcc/sourcery g++ lite/bin/../lib/gcc/arm-none-eabi/4.5.1/../../../../arm-none-eabi/lib/thumb2\libc.a(lib_a-freer.o)
                0x00008968                _malloc_trim_r
                0x00008a10                _free_r
 .text          0x00008ba8       0xa0 c:/app/coide/gcc/sourcery g++ lite/bin/../lib/gcc/arm-none-eabi/4.5.1/../../../../arm-none-eabi/lib/thumb2\libc.a(lib_a-memmove.o)
                0x00008ba8                memmove
 .text          0x00008c48      0x41c c:/app/coide/gcc/sourcery g++ lite/bin/../lib/gcc/arm-none-eabi/4.5.1/../../../../arm-none-eabi/lib/thumb2\libc.a(lib_a-reallocr.o)
                0x00008c48                _realloc_r
 *fill*         0x00009064        0x4 00
 .text          0x00009068      0x278 c:/app/coide/gcc/sourcery g++ lite/bin/../lib/gcc/arm-none-eabi/4.5.1/thumb2\libgcc.a(_udivsi3.o)
                0x00009068                __aeabi_uidiv
                0x00009068                __udivsi3
                0x000092c4                __aeabi_uidivmod
 .text          0x000092e0        0x4 c:/app/coide/gcc/sourcery g++ lite/bin/../lib/gcc/arm-none-eabi/4.5.1/thumb2\libgcc.a(_dvmd_tls.o)
                0x000092e0                __aeabi_idiv0
                0x000092e0                __aeabi_ldiv0
 .text          0x000092e4      0x110 c:/app/coide/gcc/sourcery g++ lite/bin/../lib/gcc/arm-none-eabi/4.5.1/thumb2\libgcc.a(_arm_cmpdf2.o)
                0x000092e4                __gtdf2
                0x000092e4                __gedf2
                0x000092ec                __ltdf2
                0x000092ec                __ledf2
                0x000092f4                __nedf2
                0x000092f4                __eqdf2
                0x000092f4                __cmpdf2
                0x00009370                __aeabi_cdrcmple
                0x00009380                __aeabi_cdcmpeq
                0x00009380                __aeabi_cdcmple
                0x00009390                __aeabi_dcmpeq
                0x000093a4                __aeabi_dcmplt
                0x000093b8                __aeabi_dcmple
                0x000093cc                __aeabi_dcmpge
                0x000093e0                __aeabi_dcmpgt
 .text          0x000093f4       0x50 c:/app/coide/gcc/sourcery g++ lite/bin/../lib/gcc/arm-none-eabi/4.5.1/thumb2\libgcc.a(_arm_fixdfsi.o)
                0x000093f4                __aeabi_d2iz
                0x000093f4                __fixdfsi
 .text          0x00009444       0x2c c:/app/coide/gcc/sourcery g++ lite/bin/../lib/gcc/arm-none-eabi/4.5.1/thumb2\libgcc.a(_aeabi_uldivmod.o)
                0x00009444                __aeabi_uldivmod
 .text          0x00009470       0x60 c:/app/coide/gcc/sourcery g++ lite/bin/../lib/gcc/arm-none-eabi/4.5.1/thumb2\libgcc.a(bpabi.o)
                0x00009470                __gnu_ldivmod_helper
                0x000094a0                __gnu_uldivmod_helper
 .text          0x000094d0      0x364 c:/app/coide/gcc/sourcery g++ lite/bin/../lib/gcc/arm-none-eabi/4.5.1/thumb2\libgcc.a(_divdi3.o)
                0x000094d0                __divdi3
 .text          0x00009834      0x314 c:/app/coide/gcc/sourcery g++ lite/bin/../lib/gcc/arm-none-eabi/4.5.1/thumb2\libgcc.a(_udivdi3.o)
                0x00009834                __udivdi3
 *(.glue_7t)
 .glue_7t       0x00000000        0x0 linker stubs
 *(.glue_7)
 .glue_7        0x00000000        0x0 linker stubs
 *(.rodata .rodata* .gnu.linkonce.r.*)
 .rodata        0x00009b48       0x10 ..\obj\Task_Comunicaciones.o
 .rodata        0x00009b58       0x10 ..\obj\Task_Control.o
 .rodata        0x00009b68       0x44 ..\obj\main.o
 .rodata        0x00009bac       0x9c ..\obj\sysctl.o
 .rodata        0x00009c48        0x8 ..\obj\tasks.o
 .rodata        0x00009c50       0x24 ..\obj\Task_Seguridad.o
 .rodata        0x00009c74      0x244 ..\obj\rit128x96x4.o
 .rodata        0x00009eb8       0x20 c:/app/coide/gcc/sourcery g++ lite/bin/../lib/gcc/arm-none-eabi/4.5.1/../../../../arm-none-eabi/lib/thumb2\libc.a(lib_a-svfprintf.o)
 .rodata.str1.4
                0x00009ed8       0x42 c:/app/coide/gcc/sourcery g++ lite/bin/../lib/gcc/arm-none-eabi/4.5.1/../../../../arm-none-eabi/lib/thumb2\libc.a(lib_a-svfprintf.o)
                                 0x44 (size before relaxing)
 *fill*         0x00009f1a        0x2 00
 .rodata.str1.4
                0x00009f1c       0x10 c:/app/coide/gcc/sourcery g++ lite/bin/../lib/gcc/arm-none-eabi/4.5.1/../../../../arm-none-eabi/lib/thumb2\libc.a(lib_a-dtoa.o)
                                 0x14 (size before relaxing)
 .rodata.str1.4
                0x00009f2c        0x2 c:/app/coide/gcc/sourcery g++ lite/bin/../lib/gcc/arm-none-eabi/4.5.1/../../../../arm-none-eabi/lib/thumb2\libc.a(lib_a-impure.o)
                                  0x4 (size before relaxing)
 *fill*         0x00009f2e        0x2 00
 .rodata.str1.4
                0x00009f30        0xc c:/app/coide/gcc/sourcery g++ lite/bin/../lib/gcc/arm-none-eabi/4.5.1/../../../../arm-none-eabi/lib/thumb2\libc.a(lib_a-locale.o)
                                 0x14 (size before relaxing)
 *fill*         0x00009f3c        0x4 00
 .rodata        0x00009f40      0x128 c:/app/coide/gcc/sourcery g++ lite/bin/../lib/gcc/arm-none-eabi/4.5.1/../../../../arm-none-eabi/lib/thumb2\libc.a(lib_a-mprec.o)
                0x00009f50                __mprec_tens
                0x0000a018                __mprec_bigtens
                0x0000a040                __mprec_tinytens
 .rodata        0x0000a068       0x20 c:/app/coide/gcc/sourcery g++ lite/bin/../lib/gcc/arm-none-eabi/4.5.1/../../../../arm-none-eabi/lib/thumb2\libc.a(lib_a-svfiprintf.o)
 .rodata.str1.4
                0x00000000       0x30 c:/app/coide/gcc/sourcery g++ lite/bin/../lib/gcc/arm-none-eabi/4.5.1/../../../../arm-none-eabi/lib/thumb2\libc.a(lib_a-svfiprintf.o)

.vfp11_veneer   0x0000a088        0x0
 .vfp11_veneer  0x00000000        0x0 linker stubs

.v4_bx          0x0000a088        0x0
 .v4_bx         0x00000000        0x0 linker stubs

.ARM.extab
 *(.ARM.extab* .gnu.linkonce.armextab.*)

.ARM.exidx      0x0000a088        0x8
 *(.ARM.exidx* .gnu.linkonce.armexidx.*)
 .ARM.exidx     0x0000a088        0x8 c:/app/coide/gcc/sourcery g++ lite/bin/../lib/gcc/arm-none-eabi/4.5.1/thumb2\libgcc.a(_divdi3.o)
 .ARM.exidx     0x0000a090        0x0 c:/app/coide/gcc/sourcery g++ lite/bin/../lib/gcc/arm-none-eabi/4.5.1/thumb2\libgcc.a(_udivdi3.o)
                                  0x8 (size before relaxing)
                0x0000a090                . = ALIGN (0x4)
                0x0000a090                _etext = .
                0x0000a090                _sidata = .

.data           0x20000000      0x5c8 load address 0x0000a090
                0x20000000                _sdata = .
 *(.data .data.*)
 .data          0x20000000       0x10 ..\obj\system_lm3s.o
                0x20000000                SystemFrequency
                0x20000004                SystemFrequency_PwmClk
                0x20000008                SystemFrequency_AdcClk
                0x2000000c                SystemFrequency_CanClk
 .data          0x20000010        0x4 ..\obj\tasks.o
 .data          0x20000014        0x4 ..\obj\port.o
 .data          0x20000018       0x30 ..\obj\pwm_generico.o
 .data          0x20000048       0xf4 c:/app/coide/gcc/sourcery g++ lite/bin/../lib/gcc/arm-none-eabi/4.5.1/../../../../arm-none-eabi/lib/thumb2\libc.a(lib_a-impure.o)
                0x20000048                _impure_ptr
 .data          0x2000013c       0x7c c:/app/coide/gcc/sourcery g++ lite/bin/../lib/gcc/arm-none-eabi/4.5.1/../../../../arm-none-eabi/lib/thumb2\libc.a(lib_a-locale.o)
                0x2000015c                __mb_cur_max
 .data          0x200001b8      0x410 c:/app/coide/gcc/sourcery g++ lite/bin/../lib/gcc/arm-none-eabi/4.5.1/../../../../arm-none-eabi/lib/thumb2\libc.a(lib_a-mallocr.o)
                0x200001b8                __malloc_av_
                0x200005c0                __malloc_sbrk_base
                0x200005c4                __malloc_trim_threshold
                0x200005c8                . = ALIGN (0x4)
                0x200005c8                _edata = .

.bss            0x200005c8     0x1240 load address 0x0000a658
                0x200005c8                _sbss = .
 *(.bss .bss.*)
 .bss           0x200005c8       0xd4 ..\obj\tasks.o
                0x200005c8                pxCurrentTCB
 .bss           0x2000069c        0xc ..\obj\rit128x96x4.o
 .bss           0x200006a8        0x4 ..\obj\syscalls.o
 *fill*         0x200006ac        0x4 00
 .bss           0x200006b0     0x1008 ..\obj\heap_1.o
 .bss           0x200016b8       0x10 ..\obj\ultrasonidos.o
                0x200016b8                g_echo_arriba
                0x200016b9                g_echo_abajo
                0x200016ba                flancoPos
                0x200016bc                time_flanco_pos
                0x200016c0                time_flanco_neg
                0x200016c4                echo_OK
 .bss           0x200016c8       0x34 c:/app/coide/gcc/sourcery g++ lite/bin/../lib/gcc/arm-none-eabi/4.5.1/../../../../arm-none-eabi/lib/thumb2\libc.a(lib_a-mallocr.o)
                0x200016c8                __malloc_top_pad
                0x200016cc                __malloc_current_mallinfo
                0x200016f4                __malloc_max_sbrked_mem
                0x200016f8                __malloc_max_total_mem
 *(COMMON)
 COMMON         0x200016fc      0x108 ..\obj\console.o
                0x200016fc                consoleImage
 COMMON         0x20001804        0x4 c:/app/coide/gcc/sourcery g++ lite/bin/../lib/gcc/arm-none-eabi/4.5.1/../../../../arm-none-eabi/lib/thumb2\libc.a(lib_a-reent.o)
                0x20001804                errno
                0x20001808                . = ALIGN (0x4)
                0x20001808                _ebss = .

.co_stack       0x20001808      0x400 load address 0x0000b898
                0x20001808                . = ALIGN (0x8)
 *(.co_stack .co_stack.*)
 .co_stack      0x20001808      0x400 ..\obj\startup_lm3s.o
                0x20001808                pulStack
                0x20001c08                . = ALIGN (0x4)
                0x20001c08                _end = .
LOAD ..\obj\Task_Comunicaciones.o
LOAD ..\obj\pines.o
LOAD ..\obj\system_lm3s.o
LOAD ..\obj\core_cm3.o
LOAD ..\obj\timer.o
LOAD ..\obj\pwm.o
LOAD ..\obj\Task_Control.o
LOAD ..\obj\system_tick.o
LOAD ..\obj\main.o
LOAD ..\obj\framebuffer.o
LOAD ..\obj\sysctl.o
LOAD ..\obj\timers.o
LOAD ..\obj\gpio.o
LOAD ..\obj\display.o
LOAD ..\obj\display_RIT.o
LOAD ..\obj\tasks.o
LOAD ..\obj\Task_Seguridad.o
LOAD ..\obj\interrupt.o
LOAD ..\obj\rit128x96x4.o
LOAD ..\obj\startup_lm3s.o
LOAD ..\obj\list.o
LOAD ..\obj\syscalls.o
LOAD ..\obj\ssi.o
LOAD ..\obj\queue.o
LOAD ..\obj\port.o
LOAD ..\obj\pwm_generico.o
LOAD ..\obj\croutine.o
LOAD ..\obj\cpu.o
LOAD ..\obj\console.o
LOAD ..\obj\systick.o
LOAD ..\obj\heap_1.o
LOAD ..\obj\ultrasonidos.o
START GROUP
LOAD c:/app/coide/gcc/sourcery g++ lite/bin/../lib/gcc/arm-none-eabi/4.5.1/thumb2\libgcc.a
LOAD c:/app/coide/gcc/sourcery g++ lite/bin/../lib/gcc/arm-none-eabi/4.5.1/../../../../arm-none-eabi/lib/thumb2\libc.a
END GROUP
OUTPUT(POPBL.elf elf32-littlearm)

.debug_abbrev   0x00000000     0x18ed
 .debug_abbrev  0x00000000       0x96 ..\obj\Task_Comunicaciones.o
 .debug_abbrev  0x00000096       0xa9 ..\obj\pines.o
 .debug_abbrev  0x0000013f      0x112 ..\obj\system_lm3s.o
 .debug_abbrev  0x00000251       0xd7 ..\obj\core_cm3.o
 .debug_abbrev  0x00000328       0xb8 ..\obj\timer.o
 .debug_abbrev  0x000003e0       0xc7 ..\obj\pwm.o
 .debug_abbrev  0x000004a7       0x96 ..\obj\Task_Control.o
 .debug_abbrev  0x0000053d       0x49 ..\obj\system_tick.o
 .debug_abbrev  0x00000586       0x45 ..\obj\main.o
 .debug_abbrev  0x000005cb      0x12d ..\obj\framebuffer.o
 .debug_abbrev  0x000006f8      0x115 ..\obj\sysctl.o
 .debug_abbrev  0x0000080d       0x2a ..\obj\timers.o
 .debug_abbrev  0x00000837       0xf1 ..\obj\gpio.o
 .debug_abbrev  0x00000928       0x7d ..\obj\display.o
 .debug_abbrev  0x000009a5       0x84 ..\obj\display_RIT.o
 .debug_abbrev  0x00000a29      0x197 ..\obj\tasks.o
 .debug_abbrev  0x00000bc0       0xbe ..\obj\Task_Seguridad.o
 .debug_abbrev  0x00000c7e      0x104 ..\obj\interrupt.o
 .debug_abbrev  0x00000d82       0xb2 ..\obj\rit128x96x4.o
 .debug_abbrev  0x00000e34       0xa5 ..\obj\startup_lm3s.o
 .debug_abbrev  0x00000ed9       0xb8 ..\obj\list.o
 .debug_abbrev  0x00000f91       0xe0 ..\obj\syscalls.o
 .debug_abbrev  0x00001071       0xd8 ..\obj\ssi.o
 .debug_abbrev  0x00001149      0x142 ..\obj\queue.o
 .debug_abbrev  0x0000128b      0x122 ..\obj\port.o
 .debug_abbrev  0x000013ad       0x73 ..\obj\pwm_generico.o
 .debug_abbrev  0x00001420      0x188 ..\obj\croutine.o
 .debug_abbrev  0x000015a8       0x5e ..\obj\cpu.o
 .debug_abbrev  0x00001606       0xa0 ..\obj\console.o
 .debug_abbrev  0x000016a6       0x83 ..\obj\systick.o
 .debug_abbrev  0x00001729       0xfe ..\obj\heap_1.o
 .debug_abbrev  0x00001827       0xc6 ..\obj\ultrasonidos.o

.debug_info     0x00000000     0x67fa
 .debug_info    0x00000000      0x100 ..\obj\Task_Comunicaciones.o
 .debug_info    0x00000100      0x1f9 ..\obj\pines.o
 .debug_info    0x000002f9      0x45a ..\obj\system_lm3s.o
 .debug_info    0x00000753      0x54c ..\obj\core_cm3.o
 .debug_info    0x00000c9f      0x5b4 ..\obj\timer.o
 .debug_info    0x00001253      0x950 ..\obj\pwm.o
 .debug_info    0x00001ba3      0x100 ..\obj\Task_Control.o
 .debug_info    0x00001ca3       0x5b ..\obj\system_tick.o
 .debug_info    0x00001cfe       0x94 ..\obj\main.o
 .debug_info    0x00001d92      0x3b9 ..\obj\framebuffer.o
 .debug_info    0x0000214b      0x7f1 ..\obj\sysctl.o
 .debug_info    0x0000293c       0x50 ..\obj\timers.o
 .debug_info    0x0000298c      0x8a1 ..\obj\gpio.o
 .debug_info    0x0000322d       0xa3 ..\obj\display.o
 .debug_info    0x000032d0      0x153 ..\obj\display_RIT.o
 .debug_info    0x00003423      0x9d4 ..\obj\tasks.o
 .debug_info    0x00003df7      0x149 ..\obj\Task_Seguridad.o
 .debug_info    0x00003f40      0x2b7 ..\obj\interrupt.o
 .debug_info    0x000041f7      0x3db ..\obj\rit128x96x4.o
 .debug_info    0x000045d2      0x135 ..\obj\startup_lm3s.o
 .debug_info    0x00004707      0x2aa ..\obj\list.o
 .debug_info    0x000049b1      0x444 ..\obj\syscalls.o
 .debug_info    0x00004df5      0x449 ..\obj\ssi.o
 .debug_info    0x0000523e      0x731 ..\obj\queue.o
 .debug_info    0x0000596f      0x1db ..\obj\port.o
 .debug_info    0x00005b4a      0x107 ..\obj\pwm_generico.o
 .debug_info    0x00005c51      0x4b3 ..\obj\croutine.o
 .debug_info    0x00006104       0x99 ..\obj\cpu.o
 .debug_info    0x0000619d      0x1b2 ..\obj\console.o
 .debug_info    0x0000634f      0x12b ..\obj\systick.o
 .debug_info    0x0000647a      0x176 ..\obj\heap_1.o
 .debug_info    0x000065f0      0x20a ..\obj\ultrasonidos.o

.debug_line     0x00000000     0x6f77
 .debug_line    0x00000000      0x422 ..\obj\Task_Comunicaciones.o
 .debug_line    0x00000422      0x30f ..\obj\pines.o
 .debug_line    0x00000731      0x24c ..\obj\system_lm3s.o
 .debug_line    0x0000097d      0x2ce ..\obj\core_cm3.o
 .debug_line    0x00000c4b      0x403 ..\obj\timer.o
 .debug_line    0x0000104e      0x3fc ..\obj\pwm.o
 .debug_line    0x0000144a      0x41b ..\obj\Task_Control.o
 .debug_line    0x00001865       0xde ..\obj\system_tick.o
 .debug_line    0x00001943      0x4dd ..\obj\main.o
 .debug_line    0x00001e20      0x4db ..\obj\framebuffer.o
 .debug_line    0x000022fb      0x5dd ..\obj\sysctl.o
 .debug_line    0x000028d8      0x1d7 ..\obj\timers.o
 .debug_line    0x00002aaf      0x5d4 ..\obj\gpio.o
 .debug_line    0x00003083      0x12b ..\obj\display.o
 .debug_line    0x000031ae      0x371 ..\obj\display_RIT.o
 .debug_line    0x0000351f      0x72c ..\obj\tasks.o
 .debug_line    0x00003c4b      0x5cd ..\obj\Task_Seguridad.o
 .debug_line    0x00004218      0x226 ..\obj\interrupt.o
 .debug_line    0x0000443e      0x300 ..\obj\rit128x96x4.o
 .debug_line    0x0000473e       0x93 ..\obj\startup_lm3s.o
 .debug_line    0x000047d1      0x41d ..\obj\list.o
 .debug_line    0x00004bee      0x367 ..\obj\syscalls.o
 .debug_line    0x00004f55      0x2f8 ..\obj\ssi.o
 .debug_line    0x0000524d      0x5d0 ..\obj\queue.o
 .debug_line    0x0000581d      0x26b ..\obj\port.o
 .debug_line    0x00005a88      0x1ac ..\obj\pwm_generico.o
 .debug_line    0x00005c34      0x310 ..\obj\croutine.o
 .debug_line    0x00005f44       0xcb ..\obj\cpu.o
 .debug_line    0x0000600f      0x3dc ..\obj\console.o
 .debug_line    0x000063eb      0x1ab ..\obj\systick.o
 .debug_line    0x00006596      0x409 ..\obj\heap_1.o
 .debug_line    0x0000699f      0x5d8 ..\obj\ultrasonidos.o

.debug_macinfo  0x00000000    0xe8b8a
 .debug_macinfo
                0x00000000     0x5e38 ..\obj\Task_Comunicaciones.o
 .debug_macinfo
                0x00005e38     0x9488 ..\obj\pines.o
 .debug_macinfo
                0x0000f2c0     0x61d1 ..\obj\system_lm3s.o
 .debug_macinfo
                0x00015491     0x1f65 ..\obj\core_cm3.o
 .debug_macinfo
                0x000173f6     0x42cf ..\obj\timer.o
 .debug_macinfo
                0x0001b6c5     0xf3b2 ..\obj\pwm.o
 .debug_macinfo
                0x0002aa77     0x5e38 ..\obj\Task_Control.o
 .debug_macinfo
                0x000308af     0x16c9 ..\obj\system_tick.o
 .debug_macinfo
                0x00031f78     0xc237 ..\obj\main.o
 .debug_macinfo
                0x0003e1af     0x4c4f ..\obj\framebuffer.o
 .debug_macinfo
                0x00042dfe    0x1284d ..\obj\sysctl.o
 .debug_macinfo
                0x0005564b     0x427f ..\obj\timers.o
 .debug_macinfo
                0x000598ca    0x119e1 ..\obj\gpio.o
 .debug_macinfo
                0x0006b2ab     0x1fce ..\obj\display.o
 .debug_macinfo
                0x0006d279     0x3d68 ..\obj\display_RIT.o
 .debug_macinfo
                0x00070fe1     0x6afa ..\obj\tasks.o
 .debug_macinfo
                0x00077adb     0xf83e ..\obj\Task_Seguridad.o
 .debug_macinfo
                0x00087319     0x76e6 ..\obj\interrupt.o
 .debug_macinfo
                0x0008e9ff    0x1090a ..\obj\rit128x96x4.o
 .debug_macinfo
                0x0009f309     0x16a5 ..\obj\startup_lm3s.o
 .debug_macinfo
                0x000a09ae     0x4f5e ..\obj\list.o
 .debug_macinfo
                0x000a590c     0x492d ..\obj\syscalls.o
 .debug_macinfo
                0x000aa239     0x57bf ..\obj\ssi.o
 .debug_macinfo
                0x000af9f8     0x566d ..\obj\queue.o
 .debug_macinfo
                0x000b5065     0x37bd ..\obj\port.o
 .debug_macinfo
                0x000b8822     0xab1a ..\obj\pwm_generico.o
 .debug_macinfo
                0x000c333c     0x3c8a ..\obj\croutine.o
 .debug_macinfo
                0x000c6fc6     0x1680 ..\obj\cpu.o
 .debug_macinfo
                0x000c8646     0x431d ..\obj\console.o
 .debug_macinfo
                0x000cc963     0x76ea ..\obj\systick.o
 .debug_macinfo
                0x000d404d     0x52fc ..\obj\heap_1.o
 .debug_macinfo
                0x000d9349     0xf841 ..\obj\ultrasonidos.o

.debug_loc      0x00000000     0x3fa6
 .debug_loc     0x00000000       0x3a ..\obj\Task_Comunicaciones.o
 .debug_loc     0x0000003a       0xa8 ..\obj\pines.o
 .debug_loc     0x000000e2       0x70 ..\obj\system_lm3s.o
 .debug_loc     0x00000152      0x3f0 ..\obj\core_cm3.o
 .debug_loc     0x00000542      0x508 ..\obj\timer.o
 .debug_loc     0x00000a4a      0x738 ..\obj\pwm.o
 .debug_loc     0x00001182       0x3a ..\obj\Task_Control.o
 .debug_loc     0x000011bc       0x38 ..\obj\system_tick.o
 .debug_loc     0x000011f4       0x38 ..\obj\main.o
 .debug_loc     0x0000122c      0x18a ..\obj\framebuffer.o
 .debug_loc     0x000013b6      0x894 ..\obj\sysctl.o
 .debug_loc     0x00001c4a      0x700 ..\obj\gpio.o
 .debug_loc     0x0000234a       0x90 ..\obj\display.o
 .debug_loc     0x000023da       0x9c ..\obj\display_RIT.o
 .debug_loc     0x00002476      0x494 ..\obj\tasks.o
 .debug_loc     0x0000290a       0x66 ..\obj\Task_Seguridad.o
 .debug_loc     0x00002970      0x244 ..\obj\interrupt.o
 .debug_loc     0x00002bb4      0x224 ..\obj\rit128x96x4.o
 .debug_loc     0x00002dd8       0x64 ..\obj\startup_lm3s.o
 .debug_loc     0x00002e3c      0x118 ..\obj\list.o
 .debug_loc     0x00002f54      0x1ec ..\obj\syscalls.o
 .debug_loc     0x00003140      0x380 ..\obj\ssi.o
 .debug_loc     0x000034c0      0x348 ..\obj\queue.o
 .debug_loc     0x00003808      0x178 ..\obj\port.o
 .debug_loc     0x00003980       0x70 ..\obj\pwm_generico.o
 .debug_loc     0x000039f0      0x188 ..\obj\croutine.o
 .debug_loc     0x00003b78      0x118 ..\obj\console.o
 .debug_loc     0x00003c90      0x1a4 ..\obj\systick.o
 .debug_loc     0x00003e34       0xc8 ..\obj\heap_1.o
 .debug_loc     0x00003efc       0xaa ..\obj\ultrasonidos.o

.debug_pubnames
                0x00000000     0x1bfc
 .debug_pubnames
                0x00000000       0x2b ..\obj\Task_Comunicaciones.o
 .debug_pubnames
                0x0000002b       0x67 ..\obj\pines.o
 .debug_pubnames
                0x00000092       0x86 ..\obj\system_lm3s.o
 .debug_pubnames
                0x00000118      0x159 ..\obj\core_cm3.o
 .debug_pubnames
                0x00000271      0x1d2 ..\obj\timer.o
 .debug_pubnames
                0x00000443      0x2d1 ..\obj\pwm.o
 .debug_pubnames
                0x00000714       0x24 ..\obj\Task_Control.o
 .debug_pubnames
                0x00000738       0x34 ..\obj\system_tick.o
 .debug_pubnames
                0x0000076c       0x1b ..\obj\main.o
 .debug_pubnames
                0x00000787      0x13e ..\obj\framebuffer.o
 .debug_pubnames
                0x000008c5      0x41f ..\obj\sysctl.o
 .debug_pubnames
                0x00000ce4      0x2a9 ..\obj\gpio.o
 .debug_pubnames
                0x00000f8d       0x66 ..\obj\display.o
 .debug_pubnames
                0x00000ff3       0x72 ..\obj\display_RIT.o
 .debug_pubnames
                0x00001065      0x19d ..\obj\tasks.o
 .debug_pubnames
                0x00001202       0x38 ..\obj\Task_Seguridad.o
 .debug_pubnames
                0x0000123a       0xd6 ..\obj\interrupt.o
 .debug_pubnames
                0x00001310       0xce ..\obj\rit128x96x4.o
 .debug_pubnames
                0x000013de       0x4a ..\obj\startup_lm3s.o
 .debug_pubnames
                0x00001428       0x71 ..\obj\list.o
 .debug_pubnames
                0x00001499       0x71 ..\obj\syscalls.o
 .debug_pubnames
                0x0000150a      0x133 ..\obj\ssi.o
 .debug_pubnames
                0x0000163d      0x111 ..\obj\queue.o
 .debug_pubnames
                0x0000174e      0x10d ..\obj\port.o
 .debug_pubnames
                0x0000185b       0x56 ..\obj\pwm_generico.o
 .debug_pubnames
                0x000018b1       0x96 ..\obj\croutine.o
 .debug_pubnames
                0x00001947       0x37 ..\obj\cpu.o
 .debug_pubnames
                0x0000197e       0x86 ..\obj\console.o
 .debug_pubnames
                0x00001a04       0xd0 ..\obj\systick.o
 .debug_pubnames
                0x00001ad4       0x64 ..\obj\heap_1.o
 .debug_pubnames
                0x00001b38       0xc4 ..\obj\ultrasonidos.o

.debug_pubtypes
                0x00000000      0x6fb
 .debug_pubtypes
                0x00000000       0x23 ..\obj\Task_Comunicaciones.o
 .debug_pubtypes
                0x00000023       0x2f ..\obj\pines.o
 .debug_pubtypes
                0x00000052       0x3b ..\obj\system_lm3s.o
 .debug_pubtypes
                0x0000008d       0x50 ..\obj\core_cm3.o
 .debug_pubtypes
                0x000000dd       0x1f ..\obj\timer.o
 .debug_pubtypes
                0x000000fc       0x1f ..\obj\pwm.o
 .debug_pubtypes
                0x0000011b       0x23 ..\obj\Task_Control.o
 .debug_pubtypes
                0x0000013e       0x12 ..\obj\main.o
 .debug_pubtypes
                0x00000150       0x3f ..\obj\framebuffer.o
 .debug_pubtypes
                0x0000018f       0x1f ..\obj\sysctl.o
 .debug_pubtypes
                0x000001ae       0x12 ..\obj\timers.o
 .debug_pubtypes
                0x000001c0       0x1f ..\obj\gpio.o
 .debug_pubtypes
                0x000001df       0x12 ..\obj\display.o
 .debug_pubtypes
                0x000001f1       0x12 ..\obj\display_RIT.o
 .debug_pubtypes
                0x00000203      0x10c ..\obj\tasks.o
 .debug_pubtypes
                0x0000030f       0x23 ..\obj\Task_Seguridad.o
 .debug_pubtypes
                0x00000332       0x1f ..\obj\interrupt.o
 .debug_pubtypes
                0x00000351       0x12 ..\obj\rit128x96x4.o
 .debug_pubtypes
                0x00000363       0x7a ..\obj\list.o
 .debug_pubtypes
                0x000003dd       0xaa ..\obj\syscalls.o
 .debug_pubtypes
                0x00000487       0x1f ..\obj\ssi.o
 .debug_pubtypes
                0x000004a6       0xd4 ..\obj\queue.o
 .debug_pubtypes
                0x0000057a       0x33 ..\obj\port.o
 .debug_pubtypes
                0x000005ad       0x12 ..\obj\pwm_generico.o
 .debug_pubtypes
                0x000005bf       0xcd ..\obj\croutine.o
 .debug_pubtypes
                0x0000068c       0x12 ..\obj\console.o
 .debug_pubtypes
                0x0000069e       0x12 ..\obj\systick.o
 .debug_pubtypes
                0x000006b0       0x2c ..\obj\heap_1.o
 .debug_pubtypes
                0x000006dc       0x1f ..\obj\ultrasonidos.o

.debug_aranges  0x00000000      0xca0
 .debug_aranges
                0x00000000       0x20 ..\obj\Task_Comunicaciones.o
 .debug_aranges
                0x00000020       0x30 ..\obj\pines.o
 .debug_aranges
                0x00000050       0x28 ..\obj\system_lm3s.o
 .debug_aranges
                0x00000078       0xc8 ..\obj\core_cm3.o
 .debug_aranges
                0x00000140       0xd0 ..\obj\timer.o
 .debug_aranges
                0x00000210      0x120 ..\obj\pwm.o
 .debug_aranges
                0x00000330       0x20 ..\obj\Task_Control.o
 .debug_aranges
                0x00000350       0x20 ..\obj\system_tick.o
 .debug_aranges
                0x00000370       0x20 ..\obj\main.o
 .debug_aranges
                0x00000390       0x50 ..\obj\framebuffer.o
 .debug_aranges
                0x000003e0      0x170 ..\obj\sysctl.o
 .debug_aranges
                0x00000550      0x118 ..\obj\gpio.o
 .debug_aranges
                0x00000668       0x30 ..\obj\display.o
 .debug_aranges
                0x00000698       0x30 ..\obj\display_RIT.o
 .debug_aranges
                0x000006c8       0xc8 ..\obj\tasks.o
 .debug_aranges
                0x00000790       0x28 ..\obj\Task_Seguridad.o
 .debug_aranges
                0x000007b8       0x70 ..\obj\interrupt.o
 .debug_aranges
                0x00000828       0x68 ..\obj\rit128x96x4.o
 .debug_aranges
                0x00000890       0x28 ..\obj\startup_lm3s.o
 .debug_aranges
                0x000008b8       0x40 ..\obj\list.o
 .debug_aranges
                0x000008f8       0x60 ..\obj\syscalls.o
 .debug_aranges
                0x00000958       0x98 ..\obj\ssi.o
 .debug_aranges
                0x000009f0       0x90 ..\obj\queue.o
 .debug_aranges
                0x00000a80       0x70 ..\obj\port.o
 .debug_aranges
                0x00000af0       0x28 ..\obj\pwm_generico.o
 .debug_aranges
                0x00000b18       0x50 ..\obj\croutine.o
 .debug_aranges
                0x00000b68       0x30 ..\obj\cpu.o
 .debug_aranges
                0x00000b98       0x40 ..\obj\console.o
 .debug_aranges
                0x00000bd8       0x60 ..\obj\systick.o
 .debug_aranges
                0x00000c38       0x38 ..\obj\heap_1.o
 .debug_aranges
                0x00000c70       0x30 ..\obj\ultrasonidos.o

.debug_ranges   0x00000000      0xab0
 .debug_ranges  0x00000000       0x10 ..\obj\Task_Comunicaciones.o
 .debug_ranges  0x00000010       0x20 ..\obj\pines.o
 .debug_ranges  0x00000030       0x18 ..\obj\system_lm3s.o
 .debug_ranges  0x00000048       0xb8 ..\obj\core_cm3.o
 .debug_ranges  0x00000100       0xc0 ..\obj\timer.o
 .debug_ranges  0x000001c0      0x110 ..\obj\pwm.o
 .debug_ranges  0x000002d0       0x10 ..\obj\Task_Control.o
 .debug_ranges  0x000002e0       0x10 ..\obj\system_tick.o
 .debug_ranges  0x000002f0       0x10 ..\obj\main.o
 .debug_ranges  0x00000300       0x40 ..\obj\framebuffer.o
 .debug_ranges  0x00000340      0x160 ..\obj\sysctl.o
 .debug_ranges  0x000004a0      0x108 ..\obj\gpio.o
 .debug_ranges  0x000005a8       0x20 ..\obj\display.o
 .debug_ranges  0x000005c8       0x20 ..\obj\display_RIT.o
 .debug_ranges  0x000005e8       0xb8 ..\obj\tasks.o
 .debug_ranges  0x000006a0       0x18 ..\obj\Task_Seguridad.o
 .debug_ranges  0x000006b8       0x60 ..\obj\interrupt.o
 .debug_ranges  0x00000718       0x58 ..\obj\rit128x96x4.o
 .debug_ranges  0x00000770       0x18 ..\obj\startup_lm3s.o
 .debug_ranges  0x00000788       0x30 ..\obj\list.o
 .debug_ranges  0x000007b8       0x50 ..\obj\syscalls.o
 .debug_ranges  0x00000808       0x88 ..\obj\ssi.o
 .debug_ranges  0x00000890       0x80 ..\obj\queue.o
 .debug_ranges  0x00000910       0x60 ..\obj\port.o
 .debug_ranges  0x00000970       0x18 ..\obj\pwm_generico.o
 .debug_ranges  0x00000988       0x40 ..\obj\croutine.o
 .debug_ranges  0x000009c8       0x20 ..\obj\cpu.o
 .debug_ranges  0x000009e8       0x30 ..\obj\console.o
 .debug_ranges  0x00000a18       0x50 ..\obj\systick.o
 .debug_ranges  0x00000a68       0x28 ..\obj\heap_1.o
 .debug_ranges  0x00000a90       0x20 ..\obj\ultrasonidos.o

.debug_str      0x00000000     0x2dc8
 .debug_str     0x00000000      0x104 ..\obj\Task_Comunicaciones.o
                                0x144 (size before relaxing)
 .debug_str     0x00000104       0xfe ..\obj\pines.o
                                0x15f (size before relaxing)
 .debug_str     0x00000202      0x1d8 ..\obj\system_lm3s.o
                                0x26d (size before relaxing)
 .debug_str     0x000003da      0x172 ..\obj\core_cm3.o
                                0x223 (size before relaxing)
 .debug_str     0x0000054c      0x1fa ..\obj\timer.o
                                0x22f (size before relaxing)
 .debug_str     0x00000746      0x35b ..\obj\pwm.o
                                0x3cb (size before relaxing)
 .debug_str     0x00000aa1       0x44 ..\obj\Task_Control.o
                                0x131 (size before relaxing)
 .debug_str     0x00000ae5       0x53 ..\obj\system_tick.o
                                 0x71 (size before relaxing)
 .debug_str     0x00000b38       0x33 ..\obj\main.o
                                 0xf1 (size before relaxing)
 .debug_str     0x00000b6b      0x194 ..\obj\framebuffer.o
                                0x267 (size before relaxing)
 .debug_str     0x00000cff      0x479 ..\obj\sysctl.o
                                0x4e6 (size before relaxing)
 .debug_str     0x00001178       0x36 ..\obj\timers.o
                                 0x89 (size before relaxing)
 .debug_str     0x000011ae      0x306 ..\obj\gpio.o
                                0x390 (size before relaxing)
 .debug_str     0x000014b4       0x7f ..\obj\display.o
                                 0xa4 (size before relaxing)
 .debug_str     0x00001533       0xa9 ..\obj\display_RIT.o
                                0x146 (size before relaxing)
 .debug_str     0x000015dc      0x5d2 ..\obj\tasks.o
                                0x6d1 (size before relaxing)
 .debug_str     0x00001bae       0x6b ..\obj\Task_Seguridad.o
                                0x158 (size before relaxing)
 .debug_str     0x00001c19      0x116 ..\obj\interrupt.o
                                0x1a3 (size before relaxing)
 .debug_str     0x00001d2f      0x19f ..\obj\rit128x96x4.o
                                0x234 (size before relaxing)
 .debug_str     0x00001ece       0xa1 ..\obj\startup_lm3s.o
                                 0xcc (size before relaxing)
 .debug_str     0x00001f6f       0xc7 ..\obj\list.o
                                0x1fa (size before relaxing)
 .debug_str     0x00002036      0x15a ..\obj\syscalls.o
                                0x23f (size before relaxing)
 .debug_str     0x00002190      0x18b ..\obj\ssi.o
                                0x1fb (size before relaxing)
 .debug_str     0x0000231b      0x2cd ..\obj\queue.o
                                0x472 (size before relaxing)
 .debug_str     0x000025e8      0x14f ..\obj\port.o
                                0x1d5 (size before relaxing)
 .debug_str     0x00002737       0xaf ..\obj\pwm_generico.o
                                 0xf4 (size before relaxing)
 .debug_str     0x000027e6      0x27a ..\obj\croutine.o
                                0x3c9 (size before relaxing)
 .debug_str     0x00002a60       0x56 ..\obj\cpu.o
                                 0x74 (size before relaxing)
 .debug_str     0x00002ab6       0x97 ..\obj\console.o
                                0x155 (size before relaxing)
 .debug_str     0x00002b4d       0xd5 ..\obj\systick.o
                                0x115 (size before relaxing)
 .debug_str     0x00002c22       0xc9 ..\obj\heap_1.o
                                0x165 (size before relaxing)
 .debug_str     0x00002ceb       0xdd ..\obj\ultrasonidos.o
                                0x1d7 (size before relaxing)

.comment        0x00000000       0x2a
 .comment       0x00000000       0x2a ..\obj\Task_Comunicaciones.o
                                 0x2b (size before relaxing)
 .comment       0x00000000       0x2b ..\obj\pines.o
 .comment       0x00000000       0x2b ..\obj\system_lm3s.o
 .comment       0x00000000       0x2b ..\obj\core_cm3.o
 .comment       0x00000000       0x2b ..\obj\timer.o
 .comment       0x00000000       0x2b ..\obj\pwm.o
 .comment       0x00000000       0x2b ..\obj\Task_Control.o
 .comment       0x00000000       0x2b ..\obj\system_tick.o
 .comment       0x00000000       0x2b ..\obj\main.o
 .comment       0x00000000       0x2b ..\obj\framebuffer.o
 .comment       0x00000000       0x2b ..\obj\sysctl.o
 .comment       0x00000000       0x2b ..\obj\timers.o
 .comment       0x00000000       0x2b ..\obj\gpio.o
 .comment       0x00000000       0x2b ..\obj\display.o
 .comment       0x00000000       0x2b ..\obj\display_RIT.o
 .comment       0x00000000       0x2b ..\obj\tasks.o
 .comment       0x00000000       0x2b ..\obj\Task_Seguridad.o
 .comment       0x00000000       0x2b ..\obj\interrupt.o
 .comment       0x00000000       0x2b ..\obj\rit128x96x4.o
 .comment       0x00000000       0x2b ..\obj\startup_lm3s.o
 .comment       0x00000000       0x2b ..\obj\list.o
 .comment       0x00000000       0x2b ..\obj\syscalls.o
 .comment       0x00000000       0x2b ..\obj\ssi.o
 .comment       0x00000000       0x2b ..\obj\queue.o
 .comment       0x00000000       0x2b ..\obj\port.o
 .comment       0x00000000       0x2b ..\obj\pwm_generico.o
 .comment       0x00000000       0x2b ..\obj\croutine.o
 .comment       0x00000000       0x2b ..\obj\cpu.o
 .comment       0x00000000       0x2b ..\obj\console.o
 .comment       0x00000000       0x2b ..\obj\systick.o
 .comment       0x00000000       0x2b ..\obj\heap_1.o
 .comment       0x00000000       0x2b ..\obj\ultrasonidos.o

.ARM.attributes
                0x00000000       0x31
 .ARM.attributes
                0x00000000       0x31 ..\obj\Task_Comunicaciones.o
 .ARM.attributes
                0x00000031       0x31 ..\obj\pines.o
 .ARM.attributes
                0x00000062       0x31 ..\obj\system_lm3s.o
 .ARM.attributes
                0x00000093       0x31 ..\obj\core_cm3.o
 .ARM.attributes
                0x000000c4       0x31 ..\obj\timer.o
 .ARM.attributes
                0x000000f5       0x31 ..\obj\pwm.o
 .ARM.attributes
                0x00000126       0x31 ..\obj\Task_Control.o
 .ARM.attributes
                0x00000157       0x31 ..\obj\system_tick.o
 .ARM.attributes
                0x00000188       0x31 ..\obj\main.o
 .ARM.attributes
                0x000001b9       0x31 ..\obj\framebuffer.o
 .ARM.attributes
                0x000001ea       0x31 ..\obj\sysctl.o
 .ARM.attributes
                0x0000021b       0x31 ..\obj\timers.o
 .ARM.attributes
                0x0000024c       0x31 ..\obj\gpio.o
 .ARM.attributes
                0x0000027d       0x31 ..\obj\display.o
 .ARM.attributes
                0x000002ae       0x31 ..\obj\display_RIT.o
 .ARM.attributes
                0x000002df       0x31 ..\obj\tasks.o
 .ARM.attributes
                0x00000310       0x31 ..\obj\Task_Seguridad.o
 .ARM.attributes
                0x00000341       0x31 ..\obj\interrupt.o
 .ARM.attributes
                0x00000372       0x31 ..\obj\rit128x96x4.o
 .ARM.attributes
                0x000003a3       0x31 ..\obj\startup_lm3s.o
 .ARM.attributes
                0x000003d4       0x31 ..\obj\list.o
 .ARM.attributes
                0x00000405       0x31 ..\obj\syscalls.o
 .ARM.attributes
                0x00000436       0x31 ..\obj\ssi.o
 .ARM.attributes
                0x00000467       0x31 ..\obj\queue.o
 .ARM.attributes
                0x00000498       0x31 ..\obj\port.o
 .ARM.attributes
                0x000004c9       0x31 ..\obj\pwm_generico.o
 .ARM.attributes
                0x000004fa       0x31 ..\obj\croutine.o
 .ARM.attributes
                0x0000052b       0x31 ..\obj\cpu.o
 .ARM.attributes
                0x0000055c       0x31 ..\obj\console.o
 .ARM.attributes
                0x0000058d       0x31 ..\obj\systick.o
 .ARM.attributes
                0x000005be       0x31 ..\obj\heap_1.o
 .ARM.attributes
                0x000005ef       0x31 ..\obj\ultrasonidos.o
 .ARM.attributes
                0x00000620       0x1b c:/app/coide/gcc/sourcery g++ lite/bin/../lib/gcc/arm-none-eabi/4.5.1/thumb2\libgcc.a(_arm_addsubdf3.o)
 .ARM.attributes
                0x0000063b       0x1b c:/app/coide/gcc/sourcery g++ lite/bin/../lib/gcc/arm-none-eabi/4.5.1/thumb2\libgcc.a(_arm_muldivdf3.o)
 .ARM.attributes
                0x00000656       0x1b c:/app/coide/gcc/sourcery g++ lite/bin/../lib/gcc/arm-none-eabi/4.5.1/thumb2\libgcc.a(_arm_truncdfsf2.o)
 .ARM.attributes
                0x00000671       0x1b c:/app/coide/gcc/sourcery g++ lite/bin/../lib/gcc/arm-none-eabi/4.5.1/thumb2\libgcc.a(_arm_addsubsf3.o)
 .ARM.attributes
                0x0000068c       0x1b c:/app/coide/gcc/sourcery g++ lite/bin/../lib/gcc/arm-none-eabi/4.5.1/thumb2\libgcc.a(_arm_muldivsf3.o)
 .ARM.attributes
                0x000006a7       0x1b c:/app/coide/gcc/sourcery g++ lite/bin/../lib/gcc/arm-none-eabi/4.5.1/thumb2\libgcc.a(_arm_fixunssfsi.o)
 .ARM.attributes
                0x000006c2       0x29 c:/app/coide/gcc/sourcery g++ lite/bin/../lib/gcc/arm-none-eabi/4.5.1/../../../../arm-none-eabi/lib/thumb2\libc.a(lib_a-memcpy.o)
 .ARM.attributes
                0x000006eb       0x29 c:/app/coide/gcc/sourcery g++ lite/bin/../lib/gcc/arm-none-eabi/4.5.1/../../../../arm-none-eabi/lib/thumb2\libc.a(lib_a-memset.o)
 .ARM.attributes
                0x00000714       0x29 c:/app/coide/gcc/sourcery g++ lite/bin/../lib/gcc/arm-none-eabi/4.5.1/../../../../arm-none-eabi/lib/thumb2\libc.a(lib_a-sprintf.o)
 .ARM.attributes
                0x0000073d       0x29 c:/app/coide/gcc/sourcery g++ lite/bin/../lib/gcc/arm-none-eabi/4.5.1/../../../../arm-none-eabi/lib/thumb2\libc.a(lib_a-strlen.o)
 .ARM.attributes
                0x00000766       0x29 c:/app/coide/gcc/sourcery g++ lite/bin/../lib/gcc/arm-none-eabi/4.5.1/../../../../arm-none-eabi/lib/thumb2\libc.a(lib_a-strncpy.o)
 .ARM.attributes
                0x0000078f       0x29 c:/app/coide/gcc/sourcery g++ lite/bin/../lib/gcc/arm-none-eabi/4.5.1/../../../../arm-none-eabi/lib/thumb2\libc.a(lib_a-svfprintf.o)
 .ARM.attributes
                0x000007b8       0x29 c:/app/coide/gcc/sourcery g++ lite/bin/../lib/gcc/arm-none-eabi/4.5.1/../../../../arm-none-eabi/lib/thumb2\libc.a(lib_a-dtoa.o)
 .ARM.attributes
                0x000007e1       0x29 c:/app/coide/gcc/sourcery g++ lite/bin/../lib/gcc/arm-none-eabi/4.5.1/../../../../arm-none-eabi/lib/thumb2\libc.a(lib_a-impure.o)
 .ARM.attributes
                0x0000080a       0x29 c:/app/coide/gcc/sourcery g++ lite/bin/../lib/gcc/arm-none-eabi/4.5.1/../../../../arm-none-eabi/lib/thumb2\libc.a(lib_a-locale.o)
 .ARM.attributes
                0x00000833       0x29 c:/app/coide/gcc/sourcery g++ lite/bin/../lib/gcc/arm-none-eabi/4.5.1/../../../../arm-none-eabi/lib/thumb2\libc.a(lib_a-malloc.o)
 .ARM.attributes
                0x0000085c       0x29 c:/app/coide/gcc/sourcery g++ lite/bin/../lib/gcc/arm-none-eabi/4.5.1/../../../../arm-none-eabi/lib/thumb2\libc.a(lib_a-mallocr.o)
 .ARM.attributes
                0x00000885       0x29 c:/app/coide/gcc/sourcery g++ lite/bin/../lib/gcc/arm-none-eabi/4.5.1/../../../../arm-none-eabi/lib/thumb2\libc.a(lib_a-memchr.o)
 .ARM.attributes
                0x000008ae       0x29 c:/app/coide/gcc/sourcery g++ lite/bin/../lib/gcc/arm-none-eabi/4.5.1/../../../../arm-none-eabi/lib/thumb2\libc.a(lib_a-mlock.o)
 .ARM.attributes
                0x000008d7       0x29 c:/app/coide/gcc/sourcery g++ lite/bin/../lib/gcc/arm-none-eabi/4.5.1/../../../../arm-none-eabi/lib/thumb2\libc.a(lib_a-mprec.o)
 .ARM.attributes
                0x00000900       0x29 c:/app/coide/gcc/sourcery g++ lite/bin/../lib/gcc/arm-none-eabi/4.5.1/../../../../arm-none-eabi/lib/thumb2\libc.a(lib_a-s_fpclassify.o)
 .ARM.attributes
                0x00000929       0x29 c:/app/coide/gcc/sourcery g++ lite/bin/../lib/gcc/arm-none-eabi/4.5.1/../../../../arm-none-eabi/lib/thumb2\libc.a(lib_a-sbrkr.o)
 .ARM.attributes
                0x00000952       0x29 c:/app/coide/gcc/sourcery g++ lite/bin/../lib/gcc/arm-none-eabi/4.5.1/../../../../arm-none-eabi/lib/thumb2\libc.a(lib_a-strcmp.o)
 .ARM.attributes
                0x0000097b       0x29 c:/app/coide/gcc/sourcery g++ lite/bin/../lib/gcc/arm-none-eabi/4.5.1/../../../../arm-none-eabi/lib/thumb2\libc.a(lib_a-svfiprintf.o)
 .ARM.attributes
                0x000009a4       0x29 c:/app/coide/gcc/sourcery g++ lite/bin/../lib/gcc/arm-none-eabi/4.5.1/../../../../arm-none-eabi/lib/thumb2\libc.a(lib_a-callocr.o)
 .ARM.attributes
                0x000009cd       0x29 c:/app/coide/gcc/sourcery g++ lite/bin/../lib/gcc/arm-none-eabi/4.5.1/../../../../arm-none-eabi/lib/thumb2\libc.a(lib_a-freer.o)
 .ARM.attributes
                0x000009f6       0x29 c:/app/coide/gcc/sourcery g++ lite/bin/../lib/gcc/arm-none-eabi/4.5.1/../../../../arm-none-eabi/lib/thumb2\libc.a(lib_a-memmove.o)
 .ARM.attributes
                0x00000a1f       0x29 c:/app/coide/gcc/sourcery g++ lite/bin/../lib/gcc/arm-none-eabi/4.5.1/../../../../arm-none-eabi/lib/thumb2\libc.a(lib_a-reallocr.o)
 .ARM.attributes
                0x00000a48       0x29 c:/app/coide/gcc/sourcery g++ lite/bin/../lib/gcc/arm-none-eabi/4.5.1/../../../../arm-none-eabi/lib/thumb2\libc.a(lib_a-reent.o)
 .ARM.attributes
                0x00000a71       0x1b c:/app/coide/gcc/sourcery g++ lite/bin/../lib/gcc/arm-none-eabi/4.5.1/thumb2\libgcc.a(_udivsi3.o)
 .ARM.attributes
                0x00000a8c       0x1b c:/app/coide/gcc/sourcery g++ lite/bin/../lib/gcc/arm-none-eabi/4.5.1/thumb2\libgcc.a(_dvmd_tls.o)
 .ARM.attributes
                0x00000aa7       0x1b c:/app/coide/gcc/sourcery g++ lite/bin/../lib/gcc/arm-none-eabi/4.5.1/thumb2\libgcc.a(_arm_cmpdf2.o)
 .ARM.attributes
                0x00000ac2       0x1b c:/app/coide/gcc/sourcery g++ lite/bin/../lib/gcc/arm-none-eabi/4.5.1/thumb2\libgcc.a(_arm_fixdfsi.o)
 .ARM.attributes
                0x00000add       0x1b c:/app/coide/gcc/sourcery g++ lite/bin/../lib/gcc/arm-none-eabi/4.5.1/thumb2\libgcc.a(_aeabi_uldivmod.o)
 .ARM.attributes
                0x00000af8       0x29 c:/app/coide/gcc/sourcery g++ lite/bin/../lib/gcc/arm-none-eabi/4.5.1/thumb2\libgcc.a(bpabi.o)
 .ARM.attributes
                0x00000b21       0x29 c:/app/coide/gcc/sourcery g++ lite/bin/../lib/gcc/arm-none-eabi/4.5.1/thumb2\libgcc.a(_divdi3.o)
 .ARM.attributes
                0x00000b4a       0x29 c:/app/coide/gcc/sourcery g++ lite/bin/../lib/gcc/arm-none-eabi/4.5.1/thumb2\libgcc.a(_udivdi3.o)

.debug_frame    0x00000000     0x2d38
 .debug_frame   0x00000000       0x30 ..\obj\Task_Comunicaciones.o
 .debug_frame   0x00000030       0x74 ..\obj\pines.o
 .debug_frame   0x000000a4       0x4c ..\obj\system_lm3s.o
 .debug_frame   0x000000f0      0x280 ..\obj\core_cm3.o
 .debug_frame   0x00000370      0x2a0 ..\obj\timer.o
 .debug_frame   0x00000610      0x3bc ..\obj\pwm.o
 .debug_frame   0x000009cc       0x30 ..\obj\Task_Control.o
 .debug_frame   0x000009fc       0x30 ..\obj\system_tick.o
 .debug_frame   0x00000a2c       0x30 ..\obj\main.o
 .debug_frame   0x00000a5c       0xe0 ..\obj\framebuffer.o
 .debug_frame   0x00000b3c      0x498 ..\obj\sysctl.o
 .debug_frame   0x00000fd4      0x3d8 ..\obj\gpio.o
 .debug_frame   0x000013ac       0x68 ..\obj\display.o
 .debug_frame   0x00001414       0x6c ..\obj\display_RIT.o
 .debug_frame   0x00001480      0x2a0 ..\obj\tasks.o
 .debug_frame   0x00001720       0x4c ..\obj\Task_Seguridad.o
 .debug_frame   0x0000176c      0x140 ..\obj\interrupt.o
 .debug_frame   0x000018ac      0x14c ..\obj\rit128x96x4.o
 .debug_frame   0x000019f8       0x48 ..\obj\startup_lm3s.o
 .debug_frame   0x00001a40       0x9c ..\obj\list.o
 .debug_frame   0x00001adc      0x108 ..\obj\syscalls.o
 .debug_frame   0x00001be4      0x1d8 ..\obj\ssi.o
 .debug_frame   0x00001dbc      0x1e4 ..\obj\queue.o
 .debug_frame   0x00001fa0      0x110 ..\obj\port.o
 .debug_frame   0x000020b0       0x50 ..\obj\pwm_generico.o
 .debug_frame   0x00002100       0xf0 ..\obj\croutine.o
 .debug_frame   0x000021f0       0x40 ..\obj\cpu.o
 .debug_frame   0x00002230       0xac ..\obj\console.o
 .debug_frame   0x000022dc       0xf8 ..\obj\systick.o
 .debug_frame   0x000023d4       0x7c ..\obj\heap_1.o
 .debug_frame   0x00002450       0x78 ..\obj\ultrasonidos.o
 .debug_frame   0x000024c8       0x30 c:/app/coide/gcc/sourcery g++ lite/bin/../lib/gcc/arm-none-eabi/4.5.1/../../../../arm-none-eabi/lib/thumb2\libc.a(lib_a-memcpy.o)
 .debug_frame   0x000024f8       0x2c c:/app/coide/gcc/sourcery g++ lite/bin/../lib/gcc/arm-none-eabi/4.5.1/../../../../arm-none-eabi/lib/thumb2\libc.a(lib_a-memset.o)
 .debug_frame   0x00002524       0x64 c:/app/coide/gcc/sourcery g++ lite/bin/../lib/gcc/arm-none-eabi/4.5.1/../../../../arm-none-eabi/lib/thumb2\libc.a(lib_a-sprintf.o)
 .debug_frame   0x00002588       0x20 c:/app/coide/gcc/sourcery g++ lite/bin/../lib/gcc/arm-none-eabi/4.5.1/../../../../arm-none-eabi/lib/thumb2\libc.a(lib_a-strlen.o)
 .debug_frame   0x000025a8       0x2c c:/app/coide/gcc/sourcery g++ lite/bin/../lib/gcc/arm-none-eabi/4.5.1/../../../../arm-none-eabi/lib/thumb2\libc.a(lib_a-strncpy.o)
 .debug_frame   0x000025d4       0x3c c:/app/coide/gcc/sourcery g++ lite/bin/../lib/gcc/arm-none-eabi/4.5.1/../../../../arm-none-eabi/lib/thumb2\libc.a(lib_a-svfprintf.o)
 .debug_frame   0x00002610       0x68 c:/app/coide/gcc/sourcery g++ lite/bin/../lib/gcc/arm-none-eabi/4.5.1/../../../../arm-none-eabi/lib/thumb2\libc.a(lib_a-dtoa.o)
 .debug_frame   0x00002678       0x98 c:/app/coide/gcc/sourcery g++ lite/bin/../lib/gcc/arm-none-eabi/4.5.1/../../../../arm-none-eabi/lib/thumb2\libc.a(lib_a-locale.o)
 .debug_frame   0x00002710       0x30 c:/app/coide/gcc/sourcery g++ lite/bin/../lib/gcc/arm-none-eabi/4.5.1/../../../../arm-none-eabi/lib/thumb2\libc.a(lib_a-malloc.o)
 .debug_frame   0x00002740       0x3c c:/app/coide/gcc/sourcery g++ lite/bin/../lib/gcc/arm-none-eabi/4.5.1/../../../../arm-none-eabi/lib/thumb2\libc.a(lib_a-mallocr.o)
 .debug_frame   0x0000277c       0x2c c:/app/coide/gcc/sourcery g++ lite/bin/../lib/gcc/arm-none-eabi/4.5.1/../../../../arm-none-eabi/lib/thumb2\libc.a(lib_a-memchr.o)
 .debug_frame   0x000027a8       0x30 c:/app/coide/gcc/sourcery g++ lite/bin/../lib/gcc/arm-none-eabi/4.5.1/../../../../arm-none-eabi/lib/thumb2\libc.a(lib_a-mlock.o)
 .debug_frame   0x000027d8      0x244 c:/app/coide/gcc/sourcery g++ lite/bin/../lib/gcc/arm-none-eabi/4.5.1/../../../../arm-none-eabi/lib/thumb2\libc.a(lib_a-mprec.o)
 .debug_frame   0x00002a1c       0x28 c:/app/coide/gcc/sourcery g++ lite/bin/../lib/gcc/arm-none-eabi/4.5.1/../../../../arm-none-eabi/lib/thumb2\libc.a(lib_a-s_fpclassify.o)
 .debug_frame   0x00002a44       0x2c c:/app/coide/gcc/sourcery g++ lite/bin/../lib/gcc/arm-none-eabi/4.5.1/../../../../arm-none-eabi/lib/thumb2\libc.a(lib_a-sbrkr.o)
 .debug_frame   0x00002a70       0x30 c:/app/coide/gcc/sourcery g++ lite/bin/../lib/gcc/arm-none-eabi/4.5.1/../../../../arm-none-eabi/lib/thumb2\libc.a(lib_a-strcmp.o)
 .debug_frame   0x00002aa0       0x68 c:/app/coide/gcc/sourcery g++ lite/bin/../lib/gcc/arm-none-eabi/4.5.1/../../../../arm-none-eabi/lib/thumb2\libc.a(lib_a-svfiprintf.o)
 .debug_frame   0x00002b08       0x2c c:/app/coide/gcc/sourcery g++ lite/bin/../lib/gcc/arm-none-eabi/4.5.1/../../../../arm-none-eabi/lib/thumb2\libc.a(lib_a-callocr.o)
 .debug_frame   0x00002b34       0x50 c:/app/coide/gcc/sourcery g++ lite/bin/../lib/gcc/arm-none-eabi/4.5.1/../../../../arm-none-eabi/lib/thumb2\libc.a(lib_a-freer.o)
 .debug_frame   0x00002b84       0x2c c:/app/coide/gcc/sourcery g++ lite/bin/../lib/gcc/arm-none-eabi/4.5.1/../../../../arm-none-eabi/lib/thumb2\libc.a(lib_a-memmove.o)
 .debug_frame   0x00002bb0       0x3c c:/app/coide/gcc/sourcery g++ lite/bin/../lib/gcc/arm-none-eabi/4.5.1/../../../../arm-none-eabi/lib/thumb2\libc.a(lib_a-reallocr.o)
 .debug_frame   0x00002bec       0x64 c:/app/coide/gcc/sourcery g++ lite/bin/../lib/gcc/arm-none-eabi/4.5.1/../../../../arm-none-eabi/lib/thumb2\libc.a(lib_a-reent.o)
 .debug_frame   0x00002c50       0x20 c:/app/coide/gcc/sourcery g++ lite/bin/../lib/gcc/arm-none-eabi/4.5.1/thumb2\libgcc.a(_udivsi3.o)
 .debug_frame   0x00002c70       0x50 c:/app/coide/gcc/sourcery g++ lite/bin/../lib/gcc/arm-none-eabi/4.5.1/thumb2\libgcc.a(bpabi.o)
 .debug_frame   0x00002cc0       0x3c c:/app/coide/gcc/sourcery g++ lite/bin/../lib/gcc/arm-none-eabi/4.5.1/thumb2\libgcc.a(_divdi3.o)
 .debug_frame   0x00002cfc       0x3c c:/app/coide/gcc/sourcery g++ lite/bin/../lib/gcc/arm-none-eabi/4.5.1/thumb2\libgcc.a(_udivdi3.o)
