Archive member included because of file (symbol)

c:/app/coide/gcc/sourcery g++ lite/bin/../lib/gcc/arm-none-eabi/4.5.1/thumb2\libgcc.a(_arm_addsubdf3.o)
                              ..\obj\stellaris_1.o (__aeabi_dsub)
c:/app/coide/gcc/sourcery g++ lite/bin/../lib/gcc/arm-none-eabi/4.5.1/thumb2\libgcc.a(_arm_muldivdf3.o)
                              ..\obj\stellaris_1.o (__aeabi_dmul)
c:/app/coide/gcc/sourcery g++ lite/bin/../lib/gcc/arm-none-eabi/4.5.1/thumb2\libgcc.a(_arm_cmpdf2.o)
                              ..\obj\stellaris_1.o (__aeabi_dcmpeq)
c:/app/coide/gcc/sourcery g++ lite/bin/../lib/gcc/arm-none-eabi/4.5.1/thumb2\libgcc.a(_arm_truncdfsf2.o)
                              ..\obj\Task_Control.o (__aeabi_d2f)
c:/app/coide/gcc/sourcery g++ lite/bin/../lib/gcc/arm-none-eabi/4.5.1/thumb2\libgcc.a(_arm_addsubsf3.o)
                              ..\obj\pwm_generico.o (__aeabi_ui2f)
c:/app/coide/gcc/sourcery g++ lite/bin/../lib/gcc/arm-none-eabi/4.5.1/thumb2\libgcc.a(_arm_muldivsf3.o)
                              ..\obj\pwm_generico.o (__aeabi_fmul)
c:/app/coide/gcc/sourcery g++ lite/bin/../lib/gcc/arm-none-eabi/4.5.1/thumb2\libgcc.a(_arm_cmpsf2.o)
                              ..\obj\ultrasonidos.o (__aeabi_fcmplt)
c:/app/coide/gcc/sourcery g++ lite/bin/../lib/gcc/arm-none-eabi/4.5.1/thumb2\libgcc.a(_arm_fixunssfsi.o)
                              ..\obj\pwm_generico.o (__aeabi_f2uiz)
c:/app/coide/gcc/sourcery g++ lite/bin/../lib/gcc/arm-none-eabi/4.5.1/../../../../arm-none-eabi/lib/thumb2\libc.a(lib_a-memcpy.o)
                              ..\obj\queue.o (memcpy)
c:/app/coide/gcc/sourcery g++ lite/bin/../lib/gcc/arm-none-eabi/4.5.1/../../../../arm-none-eabi/lib/thumb2\libc.a(lib_a-memset.o)
                              ..\obj\stellaris_1.o (memset)
c:/app/coide/gcc/sourcery g++ lite/bin/../lib/gcc/arm-none-eabi/4.5.1/../../../../arm-none-eabi/lib/thumb2\libc.a(lib_a-sprintf.o)
                              ..\obj\task_display.o (sprintf)
c:/app/coide/gcc/sourcery g++ lite/bin/../lib/gcc/arm-none-eabi/4.5.1/../../../../arm-none-eabi/lib/thumb2\libc.a(lib_a-strlen.o)
                              ..\obj\framebuffer.o (strlen)
c:/app/coide/gcc/sourcery g++ lite/bin/../lib/gcc/arm-none-eabi/4.5.1/../../../../arm-none-eabi/lib/thumb2\libc.a(lib_a-strncpy.o)
                              ..\obj\tasks.o (strncpy)
c:/app/coide/gcc/sourcery g++ lite/bin/../lib/gcc/arm-none-eabi/4.5.1/../../../../arm-none-eabi/lib/thumb2\libc.a(lib_a-svfprintf.o)
                              c:/app/coide/gcc/sourcery g++ lite/bin/../lib/gcc/arm-none-eabi/4.5.1/../../../../arm-none-eabi/lib/thumb2\libc.a(lib_a-sprintf.o) (_svfprintf_r)
c:/app/coide/gcc/sourcery g++ lite/bin/../lib/gcc/arm-none-eabi/4.5.1/../../../../arm-none-eabi/lib/thumb2\libc.a(lib_a-dtoa.o)
                              c:/app/coide/gcc/sourcery g++ lite/bin/../lib/gcc/arm-none-eabi/4.5.1/../../../../arm-none-eabi/lib/thumb2\libc.a(lib_a-svfprintf.o) (_dtoa_r)
c:/app/coide/gcc/sourcery g++ lite/bin/../lib/gcc/arm-none-eabi/4.5.1/../../../../arm-none-eabi/lib/thumb2\libc.a(lib_a-impure.o)
                              c:/app/coide/gcc/sourcery g++ lite/bin/../lib/gcc/arm-none-eabi/4.5.1/../../../../arm-none-eabi/lib/thumb2\libc.a(lib_a-sprintf.o) (_impure_ptr)
c:/app/coide/gcc/sourcery g++ lite/bin/../lib/gcc/arm-none-eabi/4.5.1/../../../../arm-none-eabi/lib/thumb2\libc.a(lib_a-locale.o)
                              c:/app/coide/gcc/sourcery g++ lite/bin/../lib/gcc/arm-none-eabi/4.5.1/../../../../arm-none-eabi/lib/thumb2\libc.a(lib_a-svfprintf.o) (_localeconv_r)
c:/app/coide/gcc/sourcery g++ lite/bin/../lib/gcc/arm-none-eabi/4.5.1/../../../../arm-none-eabi/lib/thumb2\libc.a(lib_a-malloc.o)
                              c:/app/coide/gcc/sourcery g++ lite/bin/../lib/gcc/arm-none-eabi/4.5.1/../../../../arm-none-eabi/lib/thumb2\libc.a(lib_a-dtoa.o) (malloc)
c:/app/coide/gcc/sourcery g++ lite/bin/../lib/gcc/arm-none-eabi/4.5.1/../../../../arm-none-eabi/lib/thumb2\libc.a(lib_a-mallocr.o)
                              c:/app/coide/gcc/sourcery g++ lite/bin/../lib/gcc/arm-none-eabi/4.5.1/../../../../arm-none-eabi/lib/thumb2\libc.a(lib_a-svfprintf.o) (_malloc_r)
c:/app/coide/gcc/sourcery g++ lite/bin/../lib/gcc/arm-none-eabi/4.5.1/../../../../arm-none-eabi/lib/thumb2\libc.a(lib_a-memchr.o)
                              c:/app/coide/gcc/sourcery g++ lite/bin/../lib/gcc/arm-none-eabi/4.5.1/../../../../arm-none-eabi/lib/thumb2\libc.a(lib_a-svfprintf.o) (memchr)
c:/app/coide/gcc/sourcery g++ lite/bin/../lib/gcc/arm-none-eabi/4.5.1/../../../../arm-none-eabi/lib/thumb2\libc.a(lib_a-mlock.o)
                              c:/app/coide/gcc/sourcery g++ lite/bin/../lib/gcc/arm-none-eabi/4.5.1/../../../../arm-none-eabi/lib/thumb2\libc.a(lib_a-mallocr.o) (__malloc_lock)
c:/app/coide/gcc/sourcery g++ lite/bin/../lib/gcc/arm-none-eabi/4.5.1/../../../../arm-none-eabi/lib/thumb2\libc.a(lib_a-mprec.o)
[...]
Memory Configuration

Name             Origin             Length             Attributes
rom              0x00000000         0x00040000         xr
ram              0x20000000         0x00010000         xrw
*default*        0x00000000         0xffffffff

Linker script and memory map

                0x20010000                _eram = 0x20010000

.text           0x00000000     0xd2a0
 *(.isr_vector .isr_vector.*)
 .isr_vector    0x00000000      0x100 ..\obj\startup_lm3s.o
                0x00000000                g_pfnVectors
 *(.text .text.* .gnu.linkonce.t.*)
 .text.RECECPCION_INFRARROJOS_fev_flanco_positivo
                0x00000100       0x1c ..\obj\Recepcion_Infrarrojos.o
                0x00000100                RECECPCION_INFRARROJOS_fev_flanco_positivo
 .text.RECECPCION_INFRARROJOS_fev_flanco_t_corto_min
                0x0000011c       0x58 ..\obj\Recepcion_Infrarrojos.o
                0x0000011c                RECECPCION_INFRARROJOS_fev_flanco_t_corto_min
 .text.RECECPCION_INFRARROJOS_fev_flanco_positivo_t_corto_ok
                0x00000174       0x9c ..\obj\Recepcion_Infrarrojos.o
                0x00000174                RECECPCION_INFRARROJOS_fev_flanco_positivo_t_corto_ok
 .text.RECECPCION_INFRARROJOS_fev_flanco_t_largo_min
                0x00000210       0x58 ..\obj\Recepcion_Infrarrojos.o
                0x00000210                RECECPCION_INFRARROJOS_fev_flanco_t_largo_min
 .text.RECECPCION_INFRARROJOS_fev_flanco_positivo_t_largo_ok
                0x00000268       0x9c ..\obj\Recepcion_Infrarrojos.o
                0x00000268                RECECPCION_INFRARROJOS_fev_flanco_positivo_t_largo_ok
 .text.RECECPCION_INFRARROJOS_fev_flanco_negativo
                0x00000304       0x1c ..\obj\Recepcion_Infrarrojos.o
                0x00000304                RECECPCION_INFRARROJOS_fev_flanco_negativo
 .text.RECECPCION_INFRARROJOS_fev_flanco_negativo_t_corto_ok
                0x00000320       0x9c ..\obj\Recepcion_Infrarrojos.o
                0x00000320                RECECPCION_INFRARROJOS_fev_flanco_negativo_t_corto_ok
 .text.RECECPCION_INFRARROJOS_fev_flanco_negativo_t_largo_ok
                0x000003bc       0x9c ..\obj\Recepcion_Infrarrojos.o
                0x000003bc                RECECPCION_INFRARROJOS_fev_flanco_negativo_t_largo_ok
 .text.RECECPCION_INFRARROJOS_fev_izquierda_pulsado
                0x00000458       0x30 ..\obj\Recepcion_Infrarrojos.o
                0x00000458                RECECPCION_INFRARROJOS_fev_izquierda_pulsado
 .text.RECECPCION_INFRARROJOS_fev_derecha_pulsado
                0x00000488       0x30 ..\obj\Recepcion_Infrarrojos.o
                0x00000488                RECECPCION_INFRARROJOS_fev_derecha_pulsado
 .text.RECECPCION_INFRARROJOS_fac_leer_on
                0x000004b8       0x1c ..\obj\Recepcion_Infrarrojos.o
                0x000004b8                RECECPCION_INFRARROJOS_fac_leer_on
 .text.RECECPCION_INFRARROJOS_fac_leer_off
                0x000004d4       0x1c ..\obj\Recepcion_Infrarrojos.o
                0x000004d4                RECECPCION_INFRARROJOS_fac_leer_off
 .text.RECECPCION_INFRARROJOS_fac_leer_on_2
                0x000004f0       0x1c ..\obj\Recepcion_Infrarrojos.o
                0x000004f0                RECECPCION_INFRARROJOS_fac_leer_on_2
 .text.RECECPCION_INFRARROJOS_fac_leer_off_2
                0x0000050c       0x1c ..\obj\Recepcion_Infrarrojos.o
                0x0000050c                RECECPCION_INFRARROJOS_fac_leer_off_2
 .text.RECECPCION_INFRARROJOS_fac_leer_on_4
                0x00000528       0x1c ..\obj\Recepcion_Infrarrojos.o
                0x00000528                RECECPCION_INFRARROJOS_fac_leer_on_4
 .text.RECECPCION_INFRARROJOS_fac_leer_off_3
                0x00000544       0x1c ..\obj\Recepcion_Infrarrojos.o
                0x00000544                RECECPCION_INFRARROJOS_fac_leer_off_3
 .text.RECECPCION_INFRARROJOS_fac_leer_on_3
                0x00000560       0x1c ..\obj\Recepcion_Infrarrojos.o
                0x00000560                RECECPCION_INFRARROJOS_fac_leer_on_3
 .text.RECECPCION_INFRARROJOS_fac_leer_off_4
                0x0000057c       0x1c ..\obj\Recepcion_Infrarrojos.o
                0x0000057c                RECECPCION_INFRARROJOS_fac_leer_off_4
 .text.RECECPCION_INFRARROJOS_fac_activar
                0x00000598       0x44 ..\obj\Recepcion_Infrarrojos.o
                0x00000598                RECECPCION_INFRARROJOS_fac_activar
 .text.RECECPCION_INFRARROJOS_fac_desactivar
                0x000005dc       0x48 ..\obj\Recepcion_Infrarrojos.o
                0x000005dc                RECECPCION_INFRARROJOS_fac_desactivar
 .text.RECECPCION_INFRARROJOS_fev_t_corto
                0x00000624       0x58 ..\obj\Recepcion_Infrarrojos.o
                0x00000624                RECECPCION_INFRARROJOS_fev_t_corto
 .text.RECECPCION_INFRARROJOS_fev_t_largo
                0x0000067c       0x58 ..\obj\Recepcion_Infrarrojos.o
                0x0000067c                RECECPCION_INFRARROJOS_fev_t_largo
 .text.RECECPCION_INFRARROJOS_fac_cancelar
                0x000006d4       0x34 ..\obj\Recepcion_Infrarrojos.o
                0x000006d4                RECECPCION_INFRARROJOS_fac_cancelar
 .text.RECEPCION_INFRARROJOS_fac_borrar_inter
                0x00000708       0x28 ..\obj\Recepcion_Infrarrojos.o
                0x00000708                RECEPCION_INFRARROJOS_fac_borrar_inter
 .text.RECECPCION_INFRARROJOS_fac_preguntar
                0x00000730       0x28 ..\obj\Recepcion_Infrarrojos.o
                0x00000730                RECECPCION_INFRARROJOS_fac_preguntar
 .text.RECEPCION_INFRARROJOS_coger_tiempo_actual
                0x00000758       0x34 ..\obj\Recepcion_Infrarrojos.o
                0x00000758                RECEPCION_INFRARROJOS_coger_tiempo_actual
 .text.RECEPCION_INFRARROJOS_dormir_tarea_190ms
                0x0000078c       0x18 ..\obj\Recepcion_Infrarrojos.o
                0x0000078c                RECEPCION_INFRARROJOS_dormir_tarea_190ms
 .text.RECEPCION_INFRARROJOS_dormir_tarea_90ms
                0x000007a4       0x18 ..\obj\Recepcion_Infrarrojos.o
                0x000007a4                RECEPCION_INFRARROJOS_dormir_tarea_90ms
 .text.RECEPCION_INFRARROJOS_mirar_flanco_positivo
                0x000007bc       0x30 ..\obj\Recepcion_Infrarrojos.o
                0x000007bc                RECEPCION_INFRARROJOS_mirar_flanco_positivo
 .text.RECEPCION_INFRARROJOS_mirar_flanco_negativo
                0x000007ec       0x30 ..\obj\Recepcion_Infrarrojos.o
                0x000007ec                RECEPCION_INFRARROJOS_mirar_flanco_negativo
 .text.RECECPCION_INFRARROJOS_fev_comunicacion_activada
                0x0000081c       0x18 ..\obj\Recepcion_Infrarrojos.o
                0x0000081c                RECECPCION_INFRARROJOS_fev_comunicacion_activada
 .text.RECECPCION_INFRARROJOS_fac_medir_senal
                0x00000834       0xf4 ..\obj\Recepcion_Infrarrojos.o
                0x00000834                RECECPCION_INFRARROJOS_fac_medir_senal
 .text.PINES_inicializar
                0x00000928      0x168 ..\obj\pines.o
                0x00000928                PINES_inicializar
 .text.PINES_inicializar_int_both_edges
                0x00000a90      0x148 ..\obj\pines.o
                0x00000a90                PINES_inicializar_int_both_edges
 .text.PortDInterruptHandler
                0x00000bd8      0x11c ..\obj\pines.o
                0x00000bd8                PortDInterruptHandler
 .text.SystemInit
                0x00000cf4      0x238 ..\obj\system_lm3s.o
                0x00000cf4                SystemInit
 .text.getOscClk
                0x00000f2c      0x15c ..\obj\system_lm3s.o
 .text.stellaris_1_step
                0x00001088      0x300 ..\obj\stellaris_1.o
                0x00001088                stellaris_1_step
 .text.stellaris_1_initialize
                0x00001388       0x40 ..\obj\stellaris_1.o
                0x00001388                stellaris_1_initialize
 .text.PWMGenConfigure
                0x000013c8       0x74 ..\obj\pwm.o
                0x000013c8                PWMGenConfigure
 .text.PWMGenPeriodSet
                0x0000143c       0x48 ..\obj\pwm.o
                0x0000143c                PWMGenPeriodSet
 .text.PWMGenEnable
                0x00001484       0x28 ..\obj\pwm.o
                0x00001484                PWMGenEnable
 .text.PWMPulseWidthSet
                0x000014ac       0x6c ..\obj\pwm.o
                0x000014ac                PWMPulseWidthSet
 .text.PWMOutputState
                0x00001518       0x50 ..\obj\pwm.o
                0x00001518                PWMOutputState
 .text.vTask_Control
                0x00001568       0x40 ..\obj\Task_Control.o
                0x00001568                vTask_Control
 .text.rt_OneStep
                0x000015a8      0x240 ..\obj\Task_Control.o
                0x000015a8                rt_OneStep
 .text.SYSTEM_TICK_coger_valor_ticks
                0x000017e8       0x20 ..\obj\system_tick.o
                0x000017e8                SYSTEM_TICK_coger_valor_ticks
 .text.main     0x00001808      0x2a4 ..\obj\main.o
                0x00001808                main
 .text.pwm_init
                0x00001aac       0x20 ..\obj\main.o
                0x00001aac                pwm_init
 .text.FRAME_BUFFER_init
                0x00001acc      0x10c ..\obj\framebuffer.o
                0x00001acc                FRAME_BUFFER_init
 .text.FRAME_BUFFER_insert_text
                0x00001bd8      0x16c ..\obj\framebuffer.o
                0x00001bd8                FRAME_BUFFER_insert_text
 .text.FRAME_BUFFER_change_text
                0x00001d44       0x58 ..\obj\framebuffer.o
                0x00001d44                FRAME_BUFFER_change_text
 .text.FRAME_BUFFER_write_to_display
                0x00001d9c      0x2e8 ..\obj\framebuffer.o
                0x00001d9c                FRAME_BUFFER_write_to_display
 .text.SysCtlPeripheralEnable
                0x00002084       0x58 ..\obj\sysctl.o
                0x00002084                SysCtlPeripheralEnable
 .text.SysCtlDelay
                0x000020dc        0x8 ..\obj\sysctl.o
                0x000020dc                SysCtlDelay
 .text.SysCtlClockSet
                0x000020e4      0x290 ..\obj\sysctl.o
                0x000020e4                SysCtlClockSet
 .text.SysCtlClockGet
                0x00002374      0x384 ..\obj\sysctl.o
                0x00002374                SysCtlClockGet
 .text.SysCtlPWMClockSet
                0x000026f8       0x30 ..\obj\sysctl.o
                0x000026f8                SysCtlPWMClockSet
 .text.SysCtlADCSpeedSet
                0x00002728       0x50 ..\obj\sysctl.o
                0x00002728                SysCtlADCSpeedSet
 .text.GPIODirModeSet
                0x00002778       0x88 ..\obj\gpio.o
                0x00002778                GPIODirModeSet
 .text.GPIOIntTypeSet
                0x00002800       0xd4 ..\obj\gpio.o
                0x00002800                GPIOIntTypeSet
 .text.GPIOPadConfigSet
                0x000028d4      0x230 ..\obj\gpio.o
                0x000028d4                GPIOPadConfigSet
 .text.GPIOPinIntEnable
                0x00002b04       0x2c ..\obj\gpio.o
                0x00002b04                GPIOPinIntEnable
 .text.GPIOPinIntStatus
                0x00002b30       0x34 ..\obj\gpio.o
                0x00002b30                GPIOPinIntStatus
 .text.GPIOPinIntClear
                0x00002b64       0x24 ..\obj\gpio.o
                0x00002b64                GPIOPinIntClear
 .text.GPIOPinRead
                0x00002b88       0x28 ..\obj\gpio.o
                0x00002b88                GPIOPinRead
 .text.GPIOPinWrite
                0x00002bb0       0x2c ..\obj\gpio.o
                0x00002bb0                GPIOPinWrite
 .text.GPIOPinTypeADC
                0x00002bdc       0x34 ..\obj\gpio.o
                0x00002bdc                GPIOPinTypeADC
 .text.GPIOPinTypeGPIOInput
                0x00002c10       0x34 ..\obj\gpio.o
                0x00002c10                GPIOPinTypeGPIOInput
 .text.GPIOPinTypeGPIOOutput
                0x00002c44       0x34 ..\obj\gpio.o
                0x00002c44                GPIOPinTypeGPIOOutput
 .text.GPIOPinTypePWM
                0x00002c78       0x34 ..\obj\gpio.o
                0x00002c78                GPIOPinTypePWM
 .text.GPIOPinTypeSSI
                0x00002cac       0x34 ..\obj\gpio.o
                0x00002cac                GPIOPinTypeSSI
 .text.DISPLAY_inicializar
                0x00002ce0      0x114 ..\obj\display.o
                0x00002ce0                DISPLAY_inicializar
 .text.DISPLAY_indicar_estado
                0x00002df4       0xdc ..\obj\display.o
                0x00002df4                DISPLAY_indicar_estado
 .text.DISPLAY_peticion_seguimiento
                0x00002ed0       0x38 ..\obj\display.o
                0x00002ed0                DISPLAY_peticion_seguimiento
 .text.DISPLAY_GENERICO_dibuja_string
                0x00002f08       0x24 ..\obj\display_RIT.o
                0x00002f08                DISPLAY_GENERICO_dibuja_string
 .text.DISPLAY_GENERICO_dibuja_imagen
                0x00002f2c       0x28 ..\obj\display_RIT.o
                0x00002f2c                DISPLAY_GENERICO_dibuja_imagen
 .text.DISPLAY_GENERICO_init
                0x00002f54       0x14 ..\obj\display_RIT.o
                0x00002f54                DISPLAY_GENERICO_init
 .text.xTaskGenericCreate
                0x00002f68      0x1ac ..\obj\tasks.o
                0x00002f68                xTaskGenericCreate
 .text.vTaskDelayUntil
                0x00003114       0xb0 ..\obj\tasks.o
                0x00003114                vTaskDelayUntil
 .text.vTaskSuspend
                0x000031c4       0xc0 ..\obj\tasks.o
                0x000031c4                vTaskSuspend
 .text.xTaskIsTaskSuspended
                0x00003284       0x50 ..\obj\tasks.o
                0x00003284                xTaskIsTaskSuspended
 .text.vTaskResume
                0x000032d4       0xac ..\obj\tasks.o
                0x000032d4                vTaskResume
 .text.vTaskStartScheduler
                0x00003380       0x74 ..\obj\tasks.o
                0x00003380                vTaskStartScheduler
 .text.vTaskSuspendAll
                0x000033f4       0x24 ..\obj\tasks.o
                0x000033f4                vTaskSuspendAll
 .text.xTaskResumeAll
                0x00003418      0x154 ..\obj\tasks.o
                0x00003418                xTaskResumeAll
 .text.xTaskGetTickCount
                0x0000356c       0x28 ..\obj\tasks.o
                0x0000356c                xTaskGetTickCount
 .text.vTaskIncrementTick
                0x00003594      0x1b8 ..\obj\tasks.o
                0x00003594                vTaskIncrementTick
 .text.vTaskSwitchContext
                0x0000374c       0xd0 ..\obj\tasks.o
                0x0000374c                vTaskSwitchContext
 .text.prvIdleTask
                0x0000381c       0x10 ..\obj\tasks.o
 .text.prvInitialiseTCBVariables
                0x0000382c       0x78 ..\obj\tasks.o
 .text.prvInitialiseTaskLists
                0x000038a4       0x98 ..\obj\tasks.o
 .text.prvCheckTasksWaitingTermination
                0x0000393c        0xc ..\obj\tasks.o
 .text.prvAddCurrentTaskToDelayedList
                0x00003948       0x8c ..\obj\tasks.o
 .text.prvAllocateTCBAndStack
                0x000039d4       0x74 ..\obj\tasks.o
 .text.EjecutaAutomata
                0x00003a48       0x50 ..\obj\egoera_makina.o
                0x00003a48                EjecutaAutomata
 .text.EjecutaEstadoVertical
                0x00003a98       0x78 ..\obj\egoera_makina.o
                0x00003a98                EjecutaEstadoVertical
 .text.vTask_Seguridad
                0x00003b10      0x1dc ..\obj\Task_Seguridad.o
                0x00003b10                vTask_Seguridad
 .text.SEGURIDAD_ini
                0x00003cec        0xc ..\obj\Task_Seguridad.o
                0x00003cec                SEGURIDAD_ini
 .text.IntEnable
                0x00003cf8       0xd8 ..\obj\interrupt.o
                0x00003cf8                IntEnable
 .text.RITWriteCommand
                0x00003dd0       0xfc ..\obj\rit128x96x4.o
 .text.RITWriteData
                0x00003ecc       0xfc ..\obj\rit128x96x4.o
 .text.RIT128x96x4Clear
                0x00003fc8       0x9c ..\obj\rit128x96x4.o
                0x00003fc8                RIT128x96x4Clear
 .text.RIT128x96x4StringDraw
                0x00004064      0x1e0 ..\obj\rit128x96x4.o
                0x00004064                RIT128x96x4StringDraw
 .text.RIT128x96x4ImageDraw
                0x00004244       0xec ..\obj\rit128x96x4.o
                0x00004244                RIT128x96x4ImageDraw
 .text.RIT128x96x4Enable
                0x00004330       0xa4 ..\obj\rit128x96x4.o
                0x00004330                RIT128x96x4Enable
 .text.RIT128x96x4Init
                0x000043d4      0x128 ..\obj\rit128x96x4.o
                0x000043d4                RIT128x96x4Init
 .text.KEYPAD_inicializacion_keypad
                0x000044fc      0x140 ..\obj\keypad.o
                0x000044fc                KEYPAD_inicializacion_keypad
 .text.PortEInterruptHandler
                0x0000463c      0x11c ..\obj\keypad.o
                0x0000463c                PortEInterruptHandler
 .text.PortFInterruptHandler
                0x00004758       0x60 ..\obj\keypad.o
                0x00004758                PortFInterruptHandler
 .text.AD_ObtenerValorADC_Channel2
                0x000047b8       0xc0 ..\obj\ad.o
                0x000047b8                AD_ObtenerValorADC_Channel2
 .text.AD_ObtenerValorADC_Channel3
                0x00004878       0xc0 ..\obj\ad.o
                0x00004878                AD_ObtenerValorADC_Channel3
 .text.Default_Reset_Handler
                0x00004938       0x6c ..\obj\startup_lm3s.o
                0x00004938                Default_Reset_Handler
                0x00004938                Reset_Handler
 .text.Default_Handler
                0x000049a4        0x8 ..\obj\startup_lm3s.o
                0x000049a4                DebugMon_Handler
                0x000049a4                FlashCtrl_IRQHandler
                0x000049a4                Timer0B_IRQHandler
                0x000049a4                I2C0_IRQHandler
                0x000049a4                HardFault_Handler
                0x000049a4                SysTick_Handler
                0x000049a4                PendSV_Handler
                0x000049a4                NMI_Handler
                0x000049a4                I2C1_IRQHandler
                0x000049a4                PWMGen0_IRQHandler
                0x000049a4                UART1_IRQHandler
                0x000049a4                CAN1_IRQHandler
                0x000049a4                Timer1B_IRQHandler
                0x000049a4                Watchdog_IRQHandler
                0x000049a4                UART0_IRQHandler
                0x000049a4                SSI0_IRQHandler
                0x000049a4                UsageFault_Handler
                0x000049a4                ADCSeq1_IRQHandler
                0x000049a4                PWMFault_IRQHandler
                0x000049a4                PWMGen1_IRQHandler
                0x000049a4                SSI1_IRQHandler
                0x000049a4                uDMA_IRQHandler
                0x000049a4                GPIOPortC_IRQHandler
                0x000049a4                ADCSeq2_IRQHandler
                0x000049a4                PWMGen2_IRQHandler
                0x000049a4                UART2_IRQHandler
                0x000049a4                uDMAErr_IRQHandler
                0x000049a4                QEI1_IRQHandler
                0x000049a4                QEI0_IRQHandler
                0x000049a4                PWMGen3_IRQHandler
                0x000049a4                GPIOPortD_IRQHandler
                0x000049a4                USB0_IRQHandler
                0x000049a4                MemManage_Handler
                0x000049a4                Ethernet_IRQHandler
                0x000049a4                SVC_Handler
                0x000049a4                Timer3B_IRQHandler
                0x000049a4                Timer3A_IRQHandler
                0x000049a4                GPIOPortA_IRQHandler
                0x000049a4                Timer0A_IRQHandler
                0x000049a4                ADCSeq0_IRQHandler
                0x000049a4                Timer1A_IRQHandler
                0x000049a4                GPIOPortG_IRQHandler
                0x000049a4                ADCSeq3_IRQHandler
                0x000049a4                GPIOPortE_IRQHandler
                0x000049a4                CAN0_IRQHandler
                0x000049a4                Comp0_IRQHandler
                0x000049a4                Comp1_IRQHandler
                0x000049a4                Comp2_IRQHandler
                0x000049a4                GPIOPortF_IRQHandler
                0x000049a4                GPIOPortB_IRQHandler
                0x000049a4                CAN2_IRQHandler
                0x000049a4                GPIOPortH_IRQHandler
                0x000049a4                BusFault_Handler
                0x000049a4                Timer2A_IRQHandler
                0x000049a4                Timer2B_IRQHandler
                0x000049a4                SysCtrl_IRQHandler
                0x000049a4                Hibernate_IRQHandler
 .text.vListInitialise
                0x000049ac       0x48 ..\obj\list.o
                0x000049ac                vListInitialise
 .text.vListInitialiseItem
                0x000049f4       0x1c ..\obj\list.o
                0x000049f4                vListInitialiseItem
 .text.vListInsertEnd
                0x00004a10       0x54 ..\obj\list.o
                0x00004a10                vListInsertEnd
 .text.vListInsert
                0x00004a64       0x78 ..\obj\list.o
                0x00004a64                vListInsert
 .text.vListRemove
                0x00004adc       0x54 ..\obj\list.o
                0x00004adc                vListRemove
 .text._sbrk    0x00004b30       0x5c ..\obj\syscalls.o
                0x00004b30                _sbrk
 .text.SSIConfigSetExpClk
                0x00004b8c       0xb4 ..\obj\ssi.o
                0x00004b8c                SSIConfigSetExpClk
 .text.SSIEnable
                0x00004c40       0x28 ..\obj\ssi.o
                0x00004c40                SSIEnable
 .text.SSIDisable
                0x00004c68       0x28 ..\obj\ssi.o
                0x00004c68                SSIDisable
 .text.SSIDataPut
                0x00004c90       0x30 ..\obj\ssi.o
                0x00004c90                SSIDataPut
 .text.SSIBusy  0x00004cc0       0x2c ..\obj\ssi.o
                0x00004cc0                SSIBusy
 .text.ADCIntStatus
                0x00004cec       0x80 ..\obj\adc.o
                0x00004cec                ADCIntStatus
 .text.ADCIntClear
                0x00004d6c       0x28 ..\obj\adc.o
                0x00004d6c                ADCIntClear
 .text.ADCSequenceEnable
                0x00004d94       0x2c ..\obj\adc.o
                0x00004d94                ADCSequenceEnable
 .text.ADCSequenceConfigure
                0x00004dc0       0x80 ..\obj\adc.o
                0x00004dc0                ADCSequenceConfigure
 .text.ADCSequenceStepConfigure
                0x00004e40      0x12c ..\obj\adc.o
                0x00004e40                ADCSequenceStepConfigure
 .text.ADCSequenceDataGet
                0x00004f6c       0x64 ..\obj\adc.o
                0x00004f6c                ADCSequenceDataGet
 .text.ADCProcessorTrigger
                0x00004fd0       0x28 ..\obj\adc.o
                0x00004fd0                ADCProcessorTrigger
 .text.pxPortInitialiseStack
                0x00004ff8       0x60 ..\obj\port.o
                0x00004ff8                pxPortInitialiseStack
 .text.vPortSVCHandler
                0x00005058       0x20 ..\obj\port.o
                0x00005058                vPortSVCHandler
 .text.vPortStartFirstTask
                0x00005078       0x14 ..\obj\port.o
                0x00005078                vPortStartFirstTask
 .text.xPortStartScheduler
                0x0000508c       0x54 ..\obj\port.o
                0x0000508c                xPortStartScheduler
 .text.vPortYieldFromISR
                0x000050e0       0x18 ..\obj\port.o
                0x000050e0                vPortYieldFromISR
 .text.vPortEnterCritical
                0x000050f8       0x2c ..\obj\port.o
                0x000050f8                vPortEnterCritical
 .text.vPortExitCritical
                0x00005124       0x38 ..\obj\port.o
                0x00005124                vPortExitCritical
 .text.xPortPendSVHandler
                0x0000515c       0x3c ..\obj\port.o
                0x0000515c                xPortPendSVHandler
 .text.xPortSysTickHandler
                0x00005198       0x68 ..\obj\port.o
                0x00005198                xPortSysTickHandler
 .text.prvSetupTimerInterrupt
                0x00005200       0x28 ..\obj\port.o
 .text.PWM_GENERICO_salida_init
                0x00005228      0x1b0 ..\obj\pwm_generico.o
                0x00005228                PWM_GENERICO_salida_init
 .text.PWM_GENERICO_cambiar_anchura_pulso
                0x000053d8       0x6c ..\obj\pwm_generico.o
                0x000053d8                PWM_GENERICO_cambiar_anchura_pulso
 .text.vTask_Display
                0x00005444      0x2b8 ..\obj\task_display.o
                0x00005444                vTask_Display
 .text.initConsole
                0x000056fc       0x84 ..\obj\console.o
                0x000056fc                initConsole
 .text.SysTickValueGet
                0x00005780       0x18 ..\obj\systick.o
                0x00005780                SysTickValueGet
 .text.pvPortMalloc
                0x00005798       0x98 ..\obj\heap_1.o
                0x00005798                pvPortMalloc
 .text.vPortFree
                0x00005830       0x14 ..\obj\heap_1.o
                0x00005830                vPortFree
 .text.ULTRASONIDOS_ini
                0x00005844       0x70 ..\obj\ultrasonidos.o
                0x00005844                ULTRASONIDOS_ini
 *fill*         0x000058b4        0x4 00
 .text.ULTRASONIDOS_echoInt_PB4
                0x000058b8      0x180 ..\obj\ultrasonidos.o
                0x000058b8                ULTRASONIDOS_echoInt_PB4
 .text.ULTRASONIDOS_echoInt_PC4
                0x00005a38      0x180 ..\obj\ultrasonidos.o
                0x00005a38                ULTRASONIDOS_echoInt_PC4
 .text.ULTRASONIDOS_obstaculo
                0x00005bb8       0x44 ..\obj\ultrasonidos.o
                0x00005bb8                ULTRASONIDOS_obstaculo
 .text.ULTRASONIDOS_escalon
                0x00005bfc       0x44 ..\obj\ultrasonidos.o
                0x00005bfc                ULTRASONIDOS_escalon
 .text.vTask_Idle
                0x00005c40        0xc ..\obj\Task_Idle.o
                0x00005c40                vTask_Idle
 .text.CLOCK_inicializar_clock
                0x00005c4c       0x14 ..\obj\clock.o
                0x00005c4c                CLOCK_inicializar_clock
 .text.vTask_Recibir_Infrarrojos
                0x00005c60       0x30 ..\obj\Task_Recibir_Infrarrojos.o
                0x00005c60                vTask_Recibir_Infrarrojos
 .text          0x00005c90      0x370 c:/app/coide/gcc/sourcery g++ lite/bin/../lib/gcc/arm-none-eabi/4.5.1/thumb2\libgcc.a(_arm_addsubdf3.o)
                0x00005c90                __aeabi_drsub
                0x00005c98                __aeabi_dsub
                0x00005c98                __subdf3
                0x00005c9c                __aeabi_dadd
                0x00005c9c                __adddf3
                0x00005f14                __floatunsidf
                0x00005f14                __aeabi_ui2d
                0x00005f34                __floatsidf
                0x00005f34                __aeabi_i2d
                0x00005f58                __aeabi_f2d
                0x00005f58                __extendsfdf2
                0x00005f94                __floatundidf
                0x00005f94                __aeabi_ul2d
                0x00005fa4                __floatdidf
                0x00005fa4                __aeabi_l2d
 .text          0x00006000      0x424 c:/app/coide/gcc/sourcery g++ lite/bin/../lib/gcc/arm-none-eabi/4.5.1/thumb2\libgcc.a(_arm_muldivdf3.o)
                0x00006000                __aeabi_dmul
                0x00006000                __muldf3
                0x00006254                __divdf3
                0x00006254                __aeabi_ddiv
 .text          0x00006424      0x110 c:/app/coide/gcc/sourcery g++ lite/bin/../lib/gcc/arm-none-eabi/4.5.1/thumb2\libgcc.a(_arm_cmpdf2.o)
                0x00006424                __gtdf2
                0x00006424                __gedf2
                0x0000642c                __ltdf2
                0x0000642c                __ledf2
                0x00006434                __nedf2
                0x00006434                __eqdf2
                0x00006434                __cmpdf2
                0x000064b0                __aeabi_cdrcmple
                0x000064c0                __aeabi_cdcmpeq
                0x000064c0                __aeabi_cdcmple
                0x000064d0                __aeabi_dcmpeq
                0x000064e4                __aeabi_dcmplt
                0x000064f8                __aeabi_dcmple
                0x0000650c                __aeabi_dcmpge
                0x00006520                __aeabi_dcmpgt
 .text          0x00006534       0xa0 c:/app/coide/gcc/sourcery g++ lite/bin/../lib/gcc/arm-none-eabi/4.5.1/thumb2\libgcc.a(_arm_truncdfsf2.o)
                0x00006534                __truncdfsf2
                0x00006534                __aeabi_d2f
 .text          0x000065d4      0x21c c:/app/coide/gcc/sourcery g++ lite/bin/../lib/gcc/arm-none-eabi/4.5.1/thumb2\libgcc.a(_arm_addsubsf3.o)
                0x000065d4                __aeabi_frsub
                0x000065dc                __subsf3
                0x000065dc                __aeabi_fsub
                0x000065e0                __aeabi_fadd
                0x000065e0                __addsf3
                0x00006740                __aeabi_ui2f
                0x00006740                __floatunsisf
                0x00006748                __aeabi_i2f
                0x00006748                __floatsisf
                0x00006764                __aeabi_ul2f
                0x00006764                __floatundisf
                0x00006774                __aeabi_l2f
                0x00006774                __floatdisf
 .text          0x000067f0      0x2a0 c:/app/coide/gcc/sourcery g++ lite/bin/../lib/gcc/arm-none-eabi/4.5.1/thumb2\libgcc.a(_arm_muldivsf3.o)
                0x000067f0                __mulsf3
                0x000067f0                __aeabi_fmul
                0x00006958                __aeabi_fdiv
                0x00006958                __divsf3
 .text          0x00006a90       0xec c:/app/coide/gcc/sourcery g++ lite/bin/../lib/gcc/arm-none-eabi/4.5.1/thumb2\libgcc.a(_arm_cmpsf2.o)
                0x00006a90                __gesf2
                0x00006a90                __gtsf2
                0x00006a98                __lesf2
                0x00006a98                __ltsf2
                0x00006aa0                __nesf2
                0x00006aa0                __eqsf2
                0x00006aa0                __cmpsf2
                0x00006b00                __aeabi_cfrcmple
                0x00006b08                __aeabi_cfcmpeq
                0x00006b08                __aeabi_cfcmple
                0x00006b18                __aeabi_fcmpeq
                0x00006b2c                __aeabi_fcmplt
                0x00006b40                __aeabi_fcmple
                0x00006b54                __aeabi_fcmpge
                0x00006b68                __aeabi_fcmpgt
 .text          0x00006b7c       0x40 c:/app/coide/gcc/sourcery g++ lite/bin/../lib/gcc/arm-none-eabi/4.5.1/thumb2\libgcc.a(_arm_fixunssfsi.o)
                0x00006b7c                __fixunssfsi
                0x00006b7c                __aeabi_f2uiz
 .text          0x00006bbc      0x150 c:/app/coide/gcc/sourcery g++ lite/bin/../lib/gcc/arm-none-eabi/4.5.1/../../../../arm-none-eabi/lib/thumb2\libc.a(lib_a-memcpy.o)
                0x00006bbc                memcpy
 .text          0x00006d0c       0xb4 c:/app/coide/gcc/sourcery g++ lite/bin/../lib/gcc/arm-none-eabi/4.5.1/../../../../arm-none-eabi/lib/thumb2\libc.a(lib_a-memset.o)
                0x00006d0c                memset
 .text          0x00006dc0       0x94 c:/app/coide/gcc/sourcery g++ lite/bin/../lib/gcc/arm-none-eabi/4.5.1/../../../../arm-none-eabi/lib/thumb2\libc.a(lib_a-sprintf.o)
                0x00006dc0                _sprintf_r
                0x00006e04                sprintf
 .text          0x00006e54       0x60 c:/app/coide/gcc/sourcery g++ lite/bin/../lib/gcc/arm-none-eabi/4.5.1/../../../../arm-none-eabi/lib/thumb2\libc.a(lib_a-strlen.o)
                0x00006e54                strlen
 .text          0x00006eb4       0x7c c:/app/coide/gcc/sourcery g++ lite/bin/../lib/gcc/arm-none-eabi/4.5.1/../../../../arm-none-eabi/lib/thumb2\libc.a(lib_a-strncpy.o)
                0x00006eb4                strncpy
 .text          0x00006f30     0x1658 c:/app/coide/gcc/sourcery g++ lite/bin/../lib/gcc/arm-none-eabi/4.5.1/../../../../arm-none-eabi/lib/thumb2\libc.a(lib_a-svfprintf.o)
                0x00006f30                _svfprintf_r
 .text          0x00008588     0x1000 c:/app/coide/gcc/sourcery g++ lite/bin/../lib/gcc/arm-none-eabi/4.5.1/../../../../arm-none-eabi/lib/thumb2\libc.a(lib_a-dtoa.o)
                0x000086b4                _dtoa_r
 .text          0x00009588       0xa0 c:/app/coide/gcc/sourcery g++ lite/bin/../lib/gcc/arm-none-eabi/4.5.1/../../../../arm-none-eabi/lib/thumb2\libc.a(lib_a-locale.o)
                0x00009588                _setlocale_r
                0x000095e4                __locale_charset
                0x000095f0                __locale_mb_cur_max
                0x000095fc                __locale_msgcharset
                0x00009604                __locale_cjk_lang
                0x00009608                _localeconv_r
                0x00009610                setlocale
                0x00009620                localeconv
 .text          0x00009628       0x20 c:/app/coide/gcc/sourcery g++ lite/bin/../lib/gcc/arm-none-eabi/4.5.1/../../../../arm-none-eabi/lib/thumb2\libc.a(lib_a-malloc.o)
                0x00009628                malloc
                0x00009638                free
 .text          0x00009648      0x57c c:/app/coide/gcc/sourcery g++ lite/bin/../lib/gcc/arm-none-eabi/4.5.1/../../../../arm-none-eabi/lib/thumb2\libc.a(lib_a-mallocr.o)
                0x00009648                _malloc_r
 .text          0x00009bc4       0x88 c:/app/coide/gcc/sourcery g++ lite/bin/../lib/gcc/arm-none-eabi/4.5.1/../../../../arm-none-eabi/lib/thumb2\libc.a(lib_a-memchr.o)
                0x00009bc4                memchr
 .text          0x00009c4c        0x8 c:/app/coide/gcc/sourcery g++ lite/bin/../lib/gcc/arm-none-eabi/4.5.1/../../../../arm-none-eabi/lib/thumb2\libc.a(lib_a-mlock.o)
                0x00009c4c                __malloc_lock
                0x00009c50                __malloc_unlock
 .text          0x00009c54      0x920 c:/app/coide/gcc/sourcery g++ lite/bin/../lib/gcc/arm-none-eabi/4.5.1/../../../../arm-none-eabi/lib/thumb2\libc.a(lib_a-mprec.o)
                0x00009c54                _Balloc
                0x00009cbc                _Bfree
                0x00009cf4                __multadd
                0x00009d78                __s2b
                0x00009e0c                __hi0bits
                0x00009e4c                __lo0bits
                0x00009eb0                __i2b
                0x00009ec4                __multiply
                0x00009fec                __pow5mult
                0x0000a090                __lshift
                0x0000a13c                __mcmp
                0x0000a178                __mdiff
                0x0000a270                __ulp
                0x0000a2b8                __b2d
                0x0000a364                __d2b
                0x0000a42c                __ratio
                0x0000a49c                _mprec_log10
                0x0000a4d0                __copybits
                0x0000a518                __any_on
 .text          0x0000a574       0x90 c:/app/coide/gcc/sourcery g++ lite/bin/../lib/gcc/arm-none-eabi/4.5.1/../../../../arm-none-eabi/lib/thumb2\libc.a(lib_a-s_fpclassify.o)
                0x0000a574                __fpclassifyd
 .text          0x0000a604       0x28 c:/app/coide/gcc/sourcery g++ lite/bin/../lib/gcc/arm-none-eabi/4.5.1/../../../../arm-none-eabi/lib/thumb2\libc.a(lib_a-sbrkr.o)
                0x0000a604                _sbrk_r
 .text          0x0000a62c      0x1dc c:/app/coide/gcc/sourcery g++ lite/bin/../lib/gcc/arm-none-eabi/4.5.1/../../../../arm-none-eabi/lib/thumb2\libc.a(lib_a-strcmp.o)
                0x0000a62c                strcmp
 .text          0x0000a808      0xbe4 c:/app/coide/gcc/sourcery g++ lite/bin/../lib/gcc/arm-none-eabi/4.5.1/../../../../arm-none-eabi/lib/thumb2\libc.a(lib_a-svfiprintf.o)
                0x0000a808                __ssprint_r
                0x0000a910                _svfiprintf_r
 .text          0x0000b3ec       0x5c c:/app/coide/gcc/sourcery g++ lite/bin/../lib/gcc/arm-none-eabi/4.5.1/../../../../arm-none-eabi/lib/thumb2\libc.a(lib_a-callocr.o)
                0x0000b3ec                _calloc_r
 .text          0x0000b448      0x240 c:/app/coide/gcc/sourcery g++ lite/bin/../lib/gcc/arm-none-eabi/4.5.1/../../../../arm-none-eabi/lib/thumb2\libc.a(lib_a-freer.o)
                0x0000b448                _malloc_trim_r
                0x0000b4f0                _free_r
 .text          0x0000b688       0xa0 c:/app/coide/gcc/sourcery g++ lite/bin/../lib/gcc/arm-none-eabi/4.5.1/../../../../arm-none-eabi/lib/thumb2\libc.a(lib_a-memmove.o)
                0x0000b688                memmove
 .text          0x0000b728      0x41c c:/app/coide/gcc/sourcery g++ lite/bin/../lib/gcc/arm-none-eabi/4.5.1/../../../../arm-none-eabi/lib/thumb2\libc.a(lib_a-reallocr.o)
                0x0000b728                _realloc_r
 *fill*         0x0000bb44        0x4 00
 .text          0x0000bb48      0x278 c:/app/coide/gcc/sourcery g++ lite/bin/../lib/gcc/arm-none-eabi/4.5.1/thumb2\libgcc.a(_udivsi3.o)
                0x0000bb48                __aeabi_uidiv
                0x0000bb48                __udivsi3
                0x0000bda4                __aeabi_uidivmod
 .text          0x0000bdc0        0x4 c:/app/coide/gcc/sourcery g++ lite/bin/../lib/gcc/arm-none-eabi/4.5.1/thumb2\libgcc.a(_dvmd_tls.o)
                0x0000bdc0                __aeabi_idiv0
                0x0000bdc0                __aeabi_ldiv0
 .text          0x0000bdc4       0x50 c:/app/coide/gcc/sourcery g++ lite/bin/../lib/gcc/arm-none-eabi/4.5.1/thumb2\libgcc.a(_arm_fixdfsi.o)
                0x0000bdc4                __aeabi_d2iz
                0x0000bdc4                __fixdfsi
 .text          0x0000be14       0x2c c:/app/coide/gcc/sourcery g++ lite/bin/../lib/gcc/arm-none-eabi/4.5.1/thumb2\libgcc.a(_aeabi_uldivmod.o)
                0x0000be14                __aeabi_uldivmod
 .text          0x0000be40       0x60 c:/app/coide/gcc/sourcery g++ lite/bin/../lib/gcc/arm-none-eabi/4.5.1/thumb2\libgcc.a(bpabi.o)
                0x0000be40                __gnu_ldivmod_helper
                0x0000be70                __gnu_uldivmod_helper
 .text          0x0000bea0      0x364 c:/app/coide/gcc/sourcery g++ lite/bin/../lib/gcc/arm-none-eabi/4.5.1/thumb2\libgcc.a(_divdi3.o)
                0x0000bea0                __divdi3
 .text          0x0000c204      0x314 c:/app/coide/gcc/sourcery g++ lite/bin/../lib/gcc/arm-none-eabi/4.5.1/thumb2\libgcc.a(_udivdi3.o)
                0x0000c204                __udivdi3
 *(.glue_7t)
 .glue_7t       0x00000000        0x0 linker stubs
 *(.glue_7)
 .glue_7        0x00000000        0x0 linker stubs
 *(.rodata .rodata* .gnu.linkonce.r.*)
 .rodata        0x0000c518      0x640 ..\obj\Recepcion_Infrarrojos.o
                0x0000c544                xesperar
                0x0000c56c                esperar
                0x0000c608                xleer_on
                0x0000c650                leer_on
                0x0000c6ec                xleer_off
                0x0000c738                leer_off
                0x0000c780                xleer_on_2
                0x0000c7cc                leer_on_2
                0x0000c814                xleer_off_2
                0x0000c860                leer_off_2
                0x0000c8cc                xpreguntar
                0x0000c908                preguntar
                0x0000c978                xactivado
                0x0000c9b4                activado
                0x0000c9c4                xleer_off_3
                0x0000ca10                leer_off_3
                0x0000ca20                xleer_on_3
                0x0000ca6c                leer_on_3
                0x0000ca7c                xleer_off_4
                0x0000cac8                leer_off_4
                0x0000cad8                xleer_on_4
                0x0000cb24                leer_on_4
                0x0000cb48                activar_infrarrojos
 .rodata        0x0000cb58        0x4 ..\obj\stellaris_1.o
                0x0000cb58                stellaris_1_M
 .rodata        0x0000cb5c        0x8 ..\obj\Task_Control.o
 .rodata        0x0000cb64       0x58 ..\obj\main.o
 .rodata        0x0000cbbc       0x78 ..\obj\framebuffer.o
                0x0000cbbc                g_puc_circ
                0x0000cbf8                g_puc_nada
 .rodata        0x0000cc34       0x9c ..\obj\sysctl.o
 .rodata        0x0000ccd0      0x140 ..\obj\display.o
 .rodata        0x0000ce10        0x8 ..\obj\tasks.o
 .rodata        0x0000ce18      0x244 ..\obj\rit128x96x4.o
 .rodata        0x0000d05c       0x78 ..\obj\task_display.o
 .rodata        0x0000d0d4       0x20 c:/app/coide/gcc/sourcery g++ lite/bin/../lib/gcc/arm-none-eabi/4.5.1/../../../../arm-none-eabi/lib/thumb2\libc.a(lib_a-svfprintf.o)
 .rodata.str1.4
                0x0000d0f4       0x42 c:/app/coide/gcc/sourcery g++ lite/bin/../lib/gcc/arm-none-eabi/4.5.1/../../../../arm-none-eabi/lib/thumb2\libc.a(lib_a-svfprintf.o)
                                 0x44 (size before relaxing)
 *fill*         0x0000d136        0x2 00
 .rodata.str1.4
                0x0000d138       0x10 c:/app/coide/gcc/sourcery g++ lite/bin/../lib/gcc/arm-none-eabi/4.5.1/../../../../arm-none-eabi/lib/thumb2\libc.a(lib_a-dtoa.o)
                                 0x14 (size before relaxing)
 .rodata.str1.4
                0x0000d148        0x2 c:/app/coide/gcc/sourcery g++ lite/bin/../lib/gcc/arm-none-eabi/4.5.1/../../../../arm-none-eabi/lib/thumb2\libc.a(lib_a-impure.o)
                                  0x4 (size before relaxing)
 *fill*         0x0000d14a        0x2 00
 .rodata.str1.4
                0x0000d14c        0xc c:/app/coide/gcc/sourcery g++ lite/bin/../lib/gcc/arm-none-eabi/4.5.1/../../../../arm-none-eabi/lib/thumb2\libc.a(lib_a-locale.o)
                                 0x14 (size before relaxing)
 .rodata        0x0000d158      0x128 c:/app/coide/gcc/sourcery g++ lite/bin/../lib/gcc/arm-none-eabi/4.5.1/../../../../arm-none-eabi/lib/thumb2\libc.a(lib_a-mprec.o)
                0x0000d168                __mprec_tens
                0x0000d230                __mprec_bigtens
                0x0000d258                __mprec_tinytens
 .rodata        0x0000d280       0x20 c:/app/coide/gcc/sourcery g++ lite/bin/../lib/gcc/arm-none-eabi/4.5.1/../../../../arm-none-eabi/lib/thumb2\libc.a(lib_a-svfiprintf.o)
 .rodata.str1.4
                0x00000000       0x30 c:/app/coide/gcc/sourcery g++ lite/bin/../lib/gcc/arm-none-eabi/4.5.1/../../../../arm-none-eabi/lib/thumb2\libc.a(lib_a-svfiprintf.o)

.vfp11_veneer   0x0000d2a0        0x0
 .vfp11_veneer  0x00000000        0x0 linker stubs

.v4_bx          0x0000d2a0        0x0
 .v4_bx         0x00000000        0x0 linker stubs

.ARM.extab
 *(.ARM.extab* .gnu.linkonce.armextab.*)

.ARM.exidx      0x0000d2a0        0x8
 *(.ARM.exidx* .gnu.linkonce.armexidx.*)
 .ARM.exidx     0x0000d2a0        0x8 c:/app/coide/gcc/sourcery g++ lite/bin/../lib/gcc/arm-none-eabi/4.5.1/thumb2\libgcc.a(_divdi3.o)
 .ARM.exidx     0x0000d2a8        0x0 c:/app/coide/gcc/sourcery g++ lite/bin/../lib/gcc/arm-none-eabi/4.5.1/thumb2\libgcc.a(_udivdi3.o)
                                  0x8 (size before relaxing)
                0x0000d2a8                . = ALIGN (0x4)
                0x0000d2a8                _etext = .
                0x0000d2a8                _sidata = .

.data           0x20000000      0x60c load address 0x0000d2a8
                0x20000000                _sdata = .
 *(.data .data.*)
 .data          0x20000000       0x30 ..\obj\Recepcion_Infrarrojos.o
                0x20000000                xactivar_infrarrojos
 .data          0x20000030       0x10 ..\obj\system_lm3s.o
                0x20000030                SystemFrequency
                0x20000034                SystemFrequency_PwmClk
                0x20000038                SystemFrequency_AdcClk
                0x2000003c                SystemFrequency_CanClk
 .data          0x20000040       0x10 ..\obj\stellaris_1.o
                0x20000040                Kpx
                0x20000048                Kpy
 .data          0x20000050        0x4 ..\obj\Task_Control.o
                0x20000050                periodo
 .data          0x20000054        0x4 ..\obj\tasks.o
 .data          0x20000058        0x4 ..\obj\port.o
 .data          0x2000005c       0x30 ..\obj\pwm_generico.o
 .data          0x2000008c       0xf4 c:/app/coide/gcc/sourcery g++ lite/bin/../lib/gcc/arm-none-eabi/4.5.1/../../../../arm-none-eabi/lib/thumb2\libc.a(lib_a-impure.o)
                0x2000008c                _impure_ptr
 .data          0x20000180       0x7c c:/app/coide/gcc/sourcery g++ lite/bin/../lib/gcc/arm-none-eabi/4.5.1/../../../../arm-none-eabi/lib/thumb2\libc.a(lib_a-locale.o)
                0x200001a0                __mb_cur_max
 .data          0x200001fc      0x410 c:/app/coide/gcc/sourcery g++ lite/bin/../lib/gcc/arm-none-eabi/4.5.1/../../../../arm-none-eabi/lib/thumb2\libc.a(lib_a-mallocr.o)
                0x200001fc                __malloc_av_
                0x20000604                __malloc_sbrk_base
                0x20000608                __malloc_trim_threshold
                0x2000060c                . = ALIGN (0x4)
                0x2000060c                _edata = .

.bss            0x20000610     0x1e30 load address 0x0000d8b8
                0x20000610                _sbss = .
 *(.bss .bss.*)
 .bss           0x20000610       0x14 ..\obj\Recepcion_Infrarrojos.o
                0x20000610                g_time
                0x20000614                g_cycles
                0x20000618                g_comunicacion_activada
                0x2000061c                estado
                0x20000620                peticion
 *fill*         0x20000624        0x4 00
 .bss           0x20000628       0x20 ..\obj\Task_Control.o
                0x20000628                ref_motor1
                0x20000630                ref_motor2
                0x20000638                duty1
                0x2000063c                duty2
                0x20000640                cntControl
 .bss           0x20000648       0x18 ..\obj\main.o
                0x20000648                sens1
                0x2000064c                sens2
                0x20000650                sens3
                0x20000654                sens4
                0x20000658                sens5
                0x2000065c                sens6
 .bss           0x20000660        0x4 ..\obj\framebuffer.o
                0x20000660                g_display_element_kop
 .bss           0x20000664       0xfc ..\obj\tasks.o
                0x20000664                pxCurrentTCB
 .bss           0x20000760        0x2 ..\obj\egoera_makina.o
                0x20000760                fms_mv
                0x20000761                fms_mv_anterior
 *fill*         0x20000762        0x2 00
 .bss           0x20000764       0x1c ..\obj\Task_Seguridad.o
                0x20000764                gf_uSecho_widht_obs
                0x20000768                gf_uSecho_widht_esc
                0x2000076c                nivel_bateria
                0x20000770                cntSegur
                0x20000774                distancia_obs
                0x20000778                distancia_esc
                0x2000077c                obstaculo
                0x2000077d                escalon
                0x2000077e                bateria
                0x2000077f                g_parada_seguridad
 .bss           0x20000780        0xc ..\obj\rit128x96x4.o
 .bss           0x2000078c        0x8 ..\obj\ad.o
                0x2000078c                infra1
                0x20000790                infra2
 .bss           0x20000794        0x4 ..\obj\syscalls.o
 .bss           0x20000798        0x4 ..\obj\task_display.o
                0x20000798                seguridad
 *fill*         0x2000079c        0x4 00
 .bss           0x200007a0     0x1408 ..\obj\heap_1.o
 .bss           0x20001ba8       0x18 ..\obj\ultrasonidos.o
                0x20001ba8                time_flanco_pos_obs
                0x20001bac                time_flanco_neg_obs
                0x20001bb0                time_flanco_pos_esc
                0x20001bb4                time_flanco_neg_esc
                0x20001bb8                flancoPos_Obs
                0x20001bb9                flancoPos_Esc
                0x20001bba                echo_OK_Obs
                0x20001bbb                echo_OK_Esc
                0x20001bbc                g_cycles_us
 .bss           0x20001bc0        0x5 ..\obj\Task_Recibir_Infrarrojos.o
                0x20001bc0                g_arriba
                0x20001bc1                g_abajo
                0x20001bc2                g_izquierda
                0x20001bc3                g_derecha
                0x20001bc4                g_select
 *fill*         0x20001bc5        0x3 00
 .bss           0x20001bc8       0x34 c:/app/coide/gcc/sourcery g++ lite/bin/../lib/gcc/arm-none-eabi/4.5.1/../../../../arm-none-eabi/lib/thumb2\libc.a(lib_a-mallocr.o)
                0x20001bc8                __malloc_top_pad
                0x20001bcc                __malloc_current_mallinfo
                0x20001bf4                __malloc_max_sbrked_mem
                0x20001bf8                __malloc_max_total_mem
 *(COMMON)
 COMMON         0x20001bfc        0xc ..\obj\Recepcion_Infrarrojos.o
                0x20001bfc                g_ul_xTimeTimerOn
                0x20001c00                g_ul_xTimeTimerOff1
                0x20001c04                g_xTimeFlanco
 COMMON         0x20001c08       0x50 ..\obj\stellaris_1.o
                0x20001c08                stellaris_1_Y
                0x20001c18                stellaris_1_M_
                0x20001c20                stellaris_1_U
 COMMON         0x20001c58        0x4 ..\obj\main.o
                0x20001c58                xHandle_Task_Recibir_Infrarrojos
 COMMON         0x20001c5c      0x2d0 ..\obj\framebuffer.o
                0x20001c5c                g_display_elements
 COMMON         0x20001f2c        0x8 ..\obj\ad.o
                0x20001f2c                ulADC2_Value
                0x20001f30                ulADC3_Value
 COMMON         0x20001f34      0x400 ..\obj\task_display.o
                0x20001f34                str7
                0x20001fb4                str4
                0x20002034                str3
                0x200020b4                str5
                0x20002134                str1
                0x200021b4                str6
                0x20002234                str
                0x200022b4                str2
 COMMON         0x20002334      0x108 ..\obj\console.o
                0x20002334                consoleImage
 COMMON         0x2000243c        0x4 c:/app/coide/gcc/sourcery g++ lite/bin/../lib/gcc/arm-none-eabi/4.5.1/../../../../arm-none-eabi/lib/thumb2\libc.a(lib_a-reent.o)
                0x2000243c                errno
                0x20002440                . = ALIGN (0x4)
                0x20002440                _ebss = .

.co_stack       0x20002440      0x400 load address 0x0000f6e8
                0x20002440                . = ALIGN (0x8)
 *(.co_stack .co_stack.*)
 .co_stack      0x20002440      0x400 ..\obj\startup_lm3s.o
                0x20002440                pulStack
                0x20002840                . = ALIGN (0x4)
                0x20002840                _end = .
LOAD ..\obj\Recepcion_Infrarrojos.o
LOAD ..\obj\pines.o
LOAD ..\obj\system_lm3s.o
LOAD ..\obj\core_cm3.o
LOAD ..\obj\stellaris_1.o
LOAD ..\obj\timer.o
LOAD ..\obj\pwm.o
LOAD ..\obj\Task_Control.o
LOAD ..\obj\system_tick.o
LOAD ..\obj\main.o
LOAD ..\obj\framebuffer.o
LOAD ..\obj\sysctl.o
LOAD ..\obj\timers.o
LOAD ..\obj\gpio.o
LOAD ..\obj\display.o
LOAD ..\obj\display_RIT.o
LOAD ..\obj\tasks.o
LOAD ..\obj\egoera_makina.o
LOAD ..\obj\Task_Seguridad.o
LOAD ..\obj\interrupt.o
LOAD ..\obj\rit128x96x4.o
LOAD ..\obj\keypad.o
LOAD ..\obj\ad.o
LOAD ..\obj\startup_lm3s.o
LOAD ..\obj\list.o
LOAD ..\obj\syscalls.o
LOAD ..\obj\ssi.o
LOAD ..\obj\adc.o
LOAD ..\obj\queue.o
LOAD ..\obj\port.o
LOAD ..\obj\pwm_generico.o
LOAD ..\obj\croutine.o
LOAD ..\obj\task_display.o
LOAD ..\obj\cpu.o
LOAD ..\obj\console.o
LOAD ..\obj\systick.o
LOAD ..\obj\heap_1.o
LOAD ..\obj\ultrasonidos.o
LOAD ..\obj\Task_Idle.o
LOAD ..\obj\clock.o
LOAD ..\obj\Task_Recibir_Infrarrojos.o
START GROUP
LOAD c:/app/coide/gcc/sourcery g++ lite/bin/../lib/gcc/arm-none-eabi/4.5.1/thumb2\libgcc.a
LOAD c:/app/coide/gcc/sourcery g++ lite/bin/../lib/gcc/arm-none-eabi/4.5.1/../../../../arm-none-eabi/lib/thumb2\libc.a
END GROUP
OUTPUT(POPBL.elf elf32-littlearm)

.debug_abbrev   0x00000000     0x2116
 .debug_abbrev  0x00000000      0x1a4 ..\obj\Recepcion_Infrarrojos.o
 .debug_abbrev  0x000001a4       0xcf ..\obj\pines.o
 .debug_abbrev  0x00000273      0x112 ..\obj\system_lm3s.o
 .debug_abbrev  0x00000385       0xd7 ..\obj\core_cm3.o
 .debug_abbrev  0x0000045c       0xfa ..\obj\stellaris_1.o
 .debug_abbrev  0x00000556       0xb8 ..\obj\timer.o
 .debug_abbrev  0x0000060e       0xc7 ..\obj\pwm.o
 .debug_abbrev  0x000006d5       0xdb ..\obj\Task_Control.o
 .debug_abbrev  0x000007b0       0x49 ..\obj\system_tick.o
 .debug_abbrev  0x000007f9       0xbb ..\obj\main.o
 .debug_abbrev  0x000008b4      0x12d ..\obj\framebuffer.o
 .debug_abbrev  0x000009e1      0x115 ..\obj\sysctl.o
 .debug_abbrev  0x00000af6       0x2a ..\obj\timers.o
 .debug_abbrev  0x00000b20       0xf1 ..\obj\gpio.o
 .debug_abbrev  0x00000c11       0x7d ..\obj\display.o
 .debug_abbrev  0x00000c8e       0x84 ..\obj\display_RIT.o
 .debug_abbrev  0x00000d12      0x197 ..\obj\tasks.o
 .debug_abbrev  0x00000ea9       0xd6 ..\obj\egoera_makina.o
 .debug_abbrev  0x00000f7f       0xae ..\obj\Task_Seguridad.o
 .debug_abbrev  0x0000102d      0x104 ..\obj\interrupt.o
 .debug_abbrev  0x00001131       0xb2 ..\obj\rit128x96x4.o
 .debug_abbrev  0x000011e3       0x9b ..\obj\keypad.o
 .debug_abbrev  0x0000127e       0x9f ..\obj\ad.o
 .debug_abbrev  0x0000131d       0xa5 ..\obj\startup_lm3s.o
 .debug_abbrev  0x000013c2       0xb8 ..\obj\list.o
 .debug_abbrev  0x0000147a       0xe0 ..\obj\syscalls.o
 .debug_abbrev  0x0000155a       0xd8 ..\obj\ssi.o
 .debug_abbrev  0x00001632       0xec ..\obj\adc.o
 .debug_abbrev  0x0000171e      0x142 ..\obj\queue.o
 .debug_abbrev  0x00001860      0x133 ..\obj\port.o
 .debug_abbrev  0x00001993       0x73 ..\obj\pwm_generico.o
 .debug_abbrev  0x00001a06      0x188 ..\obj\croutine.o
 .debug_abbrev  0x00001b8e       0xff ..\obj\task_display.o
 .debug_abbrev  0x00001c8d       0x5e ..\obj\cpu.o
 .debug_abbrev  0x00001ceb       0xa0 ..\obj\console.o
 .debug_abbrev  0x00001d8b       0x83 ..\obj\systick.o
 .debug_abbrev  0x00001e0e       0xfe ..\obj\heap_1.o
 .debug_abbrev  0x00001f0c       0xb4 ..\obj\ultrasonidos.o
 .debug_abbrev  0x00001fc0       0x43 ..\obj\Task_Idle.o
 .debug_abbrev  0x00002003       0x36 ..\obj\clock.o
 .debug_abbrev  0x00002039       0xdd ..\obj\Task_Recibir_Infrarrojos.o

.debug_info     0x00000000     0x9096
 .debug_info    0x00000000      0xb85 ..\obj\Recepcion_Infrarrojos.o
 .debug_info    0x00000b85      0x1ff ..\obj\pines.o
 .debug_info    0x00000d84      0x45a ..\obj\system_lm3s.o
 .debug_info    0x000011de      0x54c ..\obj\core_cm3.o
 .debug_info    0x0000172a      0x2eb ..\obj\stellaris_1.o
 .debug_info    0x00001a15      0x5b4 ..\obj\timer.o
 .debug_info    0x00001fc9      0x950 ..\obj\pwm.o
 .debug_info    0x00002919      0x3a6 ..\obj\Task_Control.o
 .debug_info    0x00002cbf       0x5b ..\obj\system_tick.o
 .debug_info    0x00002d1a      0x16f ..\obj\main.o
 .debug_info    0x00002e89      0x3b9 ..\obj\framebuffer.o
 .debug_info    0x00003242      0x7f1 ..\obj\sysctl.o
 .debug_info    0x00003a33       0x50 ..\obj\timers.o
 .debug_info    0x00003a83      0x8a1 ..\obj\gpio.o
 .debug_info    0x00004324       0xa3 ..\obj\display.o
 .debug_info    0x000043c7      0x153 ..\obj\display_RIT.o
 .debug_info    0x0000451a      0xaff ..\obj\tasks.o
 .debug_info    0x00005019      0x259 ..\obj\egoera_makina.o
 .debug_info    0x00005272      0x25d ..\obj\Task_Seguridad.o
 .debug_info    0x000054cf      0x2b7 ..\obj\interrupt.o
 .debug_info    0x00005786      0x3db ..\obj\rit128x96x4.o
 .debug_info    0x00005b61      0x1bd ..\obj\keypad.o
 .debug_info    0x00005d1e      0x161 ..\obj\ad.o
 .debug_info    0x00005e7f      0x135 ..\obj\startup_lm3s.o
 .debug_info    0x00005fb4      0x2aa ..\obj\list.o
 .debug_info    0x0000625e      0x444 ..\obj\syscalls.o
 .debug_info    0x000066a2      0x449 ..\obj\ssi.o
 .debug_info    0x00006aeb      0x809 ..\obj\adc.o
 .debug_info    0x000072f4      0x731 ..\obj\queue.o
 .debug_info    0x00007a25      0x213 ..\obj\port.o
 .debug_info    0x00007c38      0x107 ..\obj\pwm_generico.o
 .debug_info    0x00007d3f      0x4b3 ..\obj\croutine.o
 .debug_info    0x000081f2      0x3a0 ..\obj\task_display.o
 .debug_info    0x00008592       0x99 ..\obj\cpu.o
 .debug_info    0x0000862b      0x1b2 ..\obj\console.o
 .debug_info    0x000087dd      0x12b ..\obj\systick.o
 .debug_info    0x00008908      0x176 ..\obj\heap_1.o
 .debug_info    0x00008a7e      0x310 ..\obj\ultrasonidos.o
 .debug_info    0x00008d8e       0x54 ..\obj\Task_Idle.o
 .debug_info    0x00008de2       0x46 ..\obj\clock.o
 .debug_info    0x00008e28      0x26e ..\obj\Task_Recibir_Infrarrojos.o

.debug_line     0x00000000     0x9523
 .debug_line    0x00000000      0x7c1 ..\obj\Recepcion_Infrarrojos.o
 .debug_line    0x000007c1      0x30d ..\obj\pines.o
 .debug_line    0x00000ace      0x24c ..\obj\system_lm3s.o
 .debug_line    0x00000d1a      0x2ce ..\obj\core_cm3.o
 .debug_line    0x00000fe8      0x3ff ..\obj\stellaris_1.o
 .debug_line    0x000013e7      0x403 ..\obj\timer.o
 .debug_line    0x000017ea      0x3fc ..\obj\pwm.o
 .debug_line    0x00001be6      0x62f ..\obj\Task_Control.o
 .debug_line    0x00002215       0xde ..\obj\system_tick.o
 .debug_line    0x000022f3      0x62b ..\obj\main.o
 .debug_line    0x0000291e      0x4db ..\obj\framebuffer.o
 .debug_line    0x00002df9      0x5dd ..\obj\sysctl.o
 .debug_line    0x000033d6      0x1d7 ..\obj\timers.o
 .debug_line    0x000035ad      0x5d4 ..\obj\gpio.o
 .debug_line    0x00003b81      0x12f ..\obj\display.o
 .debug_line    0x00003cb0      0x371 ..\obj\display_RIT.o
 .debug_line    0x00004021      0x7d9 ..\obj\tasks.o
 .debug_line    0x000047fa      0x360 ..\obj\egoera_makina.o
 .debug_line    0x00004b5a      0x5b6 ..\obj\Task_Seguridad.o
 .debug_line    0x00005110      0x226 ..\obj\interrupt.o
 .debug_line    0x00005336      0x300 ..\obj\rit128x96x4.o
 .debug_line    0x00005636      0x341 ..\obj\keypad.o
 .debug_line    0x00005977      0x3a1 ..\obj\ad.o
 .debug_line    0x00005d18       0x93 ..\obj\startup_lm3s.o
 .debug_line    0x00005dab      0x41d ..\obj\list.o
 .debug_line    0x000061c8      0x367 ..\obj\syscalls.o
 .debug_line    0x0000652f      0x2f8 ..\obj\ssi.o
 .debug_line    0x00006827      0x3ca ..\obj\adc.o
 .debug_line    0x00006bf1      0x5d0 ..\obj\queue.o
 .debug_line    0x000071c1      0x26d ..\obj\port.o
 .debug_line    0x0000742e      0x1ac ..\obj\pwm_generico.o
 .debug_line    0x000075da      0x310 ..\obj\croutine.o
 .debug_line    0x000078ea      0x536 ..\obj\task_display.o
 .debug_line    0x00007e20       0xcb ..\obj\cpu.o
 .debug_line    0x00007eeb      0x3dc ..\obj\console.o
 .debug_line    0x000082c7      0x1ab ..\obj\systick.o
 .debug_line    0x00008472      0x409 ..\obj\heap_1.o
 .debug_line    0x0000887b      0x5f9 ..\obj\ultrasonidos.o
 .debug_line    0x00008e74       0x67 ..\obj\Task_Idle.o
 .debug_line    0x00008edb      0x108 ..\obj\clock.o
 .debug_line    0x00008fe3      0x540 ..\obj\Task_Recibir_Infrarrojos.o

.debug_macinfo  0x00000000   0x1343b1
 .debug_macinfo
                0x00000000     0xc2e5 ..\obj\Recepcion_Infrarrojos.o
 .debug_macinfo
                0x0000c2e5     0x9488 ..\obj\pines.o
 .debug_macinfo
                0x0001576d     0x61d1 ..\obj\system_lm3s.o
 .debug_macinfo
                0x0001b93e     0x1f65 ..\obj\core_cm3.o
 .debug_macinfo
                0x0001d8a3     0x3bdd ..\obj\stellaris_1.o
 .debug_macinfo
                0x00021480     0x42cf ..\obj\timer.o
 .debug_macinfo
                0x0002574f     0xf3b2 ..\obj\pwm.o
 .debug_macinfo
                0x00034b01     0xfb57 ..\obj\Task_Control.o
 .debug_macinfo
                0x00044658     0x16c9 ..\obj\system_tick.o
 .debug_macinfo
                0x00045d21    0x109ca ..\obj\main.o
 .debug_macinfo
                0x000566eb     0x4c4f ..\obj\framebuffer.o
 .debug_macinfo
                0x0005b33a    0x1284d ..\obj\sysctl.o
 .debug_macinfo
                0x0006db87     0x427f ..\obj\timers.o
 .debug_macinfo
                0x00071e06    0x119e1 ..\obj\gpio.o
 .debug_macinfo
                0x000837e7     0x1fce ..\obj\display.o
 .debug_macinfo
                0x000857b5     0x3d68 ..\obj\display_RIT.o
 .debug_macinfo
                0x0008951d     0x6afa ..\obj\tasks.o
 .debug_macinfo
                0x00090017     0x4c21 ..\obj\egoera_makina.o
 .debug_macinfo
                0x00094c38    0x100b1 ..\obj\Task_Seguridad.o
 .debug_macinfo
                0x000a4ce9     0x76e6 ..\obj\interrupt.o
 .debug_macinfo
                0x000ac3cf    0x1090a ..\obj\rit128x96x4.o
 .debug_macinfo
                0x000bccd9     0x946f ..\obj\keypad.o
 .debug_macinfo
                0x000c6148     0x58b5 ..\obj\ad.o
 .debug_macinfo
                0x000cb9fd     0x16a5 ..\obj\startup_lm3s.o
 .debug_macinfo
                0x000cd0a2     0x4f5e ..\obj\list.o
 .debug_macinfo
                0x000d2000     0x492d ..\obj\syscalls.o
 .debug_macinfo
                0x000d692d     0x57bf ..\obj\ssi.o
 .debug_macinfo
                0x000dc0ec     0x8145 ..\obj\adc.o
 .debug_macinfo
                0x000e4231     0x566d ..\obj\queue.o
 .debug_macinfo
                0x000e989e     0x37bd ..\obj\port.o
 .debug_macinfo
                0x000ed05b     0xab1a ..\obj\pwm_generico.o
 .debug_macinfo
                0x000f7b75     0x3c8a ..\obj\croutine.o
 .debug_macinfo
                0x000fb7ff     0x796a ..\obj\task_display.o
 .debug_macinfo
                0x00103169     0x1680 ..\obj\cpu.o
 .debug_macinfo
                0x001047e9     0x431d ..\obj\console.o
 .debug_macinfo
                0x00108b06     0x76ea ..\obj\systick.o
 .debug_macinfo
                0x001101f0     0x52fc ..\obj\heap_1.o
 .debug_macinfo
                0x001154ec     0xf967 ..\obj\ultrasonidos.o
 .debug_macinfo
                0x00124e53     0x1683 ..\obj\Task_Idle.o
 .debug_macinfo
                0x001264d6     0x42b1 ..\obj\clock.o
 .debug_macinfo
                0x0012a787     0x9c2a ..\obj\Task_Recibir_Infrarrojos.o

.debug_loc      0x00000000     0x4fb8
 .debug_loc     0x00000000      0x5f8 ..\obj\Recepcion_Infrarrojos.o
 .debug_loc     0x000005f8       0xa8 ..\obj\pines.o
 .debug_loc     0x000006a0       0x70 ..\obj\system_lm3s.o
 .debug_loc     0x00000710      0x3f0 ..\obj\core_cm3.o
 .debug_loc     0x00000b00       0x92 ..\obj\stellaris_1.o
 .debug_loc     0x00000b92      0x508 ..\obj\timer.o
 .debug_loc     0x0000109a      0x738 ..\obj\pwm.o
 .debug_loc     0x000017d2       0x64 ..\obj\Task_Control.o
 .debug_loc     0x00001836       0x38 ..\obj\system_tick.o
 .debug_loc     0x0000186e       0x64 ..\obj\main.o
 .debug_loc     0x000018d2      0x18a ..\obj\framebuffer.o
 .debug_loc     0x00001a5c      0x894 ..\obj\sysctl.o
 .debug_loc     0x000022f0      0x700 ..\obj\gpio.o
 .debug_loc     0x000029f0       0x90 ..\obj\display.o
 .debug_loc     0x00002a80       0x9c ..\obj\display_RIT.o
 .debug_loc     0x00002b1c      0x574 ..\obj\tasks.o
 .debug_loc     0x00003090       0x70 ..\obj\egoera_makina.o
 .debug_loc     0x00003100       0x64 ..\obj\Task_Seguridad.o
 .debug_loc     0x00003164      0x244 ..\obj\interrupt.o
 .debug_loc     0x000033a8      0x224 ..\obj\rit128x96x4.o
 .debug_loc     0x000035cc       0x9c ..\obj\keypad.o
 .debug_loc     0x00003668       0x58 ..\obj\ad.o
 .debug_loc     0x000036c0       0x64 ..\obj\startup_lm3s.o
 .debug_loc     0x00003724      0x118 ..\obj\list.o
 .debug_loc     0x0000383c      0x1ec ..\obj\syscalls.o
 .debug_loc     0x00003a28      0x380 ..\obj\ssi.o
 .debug_loc     0x00003da8      0x5e8 ..\obj\adc.o
 .debug_loc     0x00004390      0x348 ..\obj\queue.o
 .debug_loc     0x000046d8      0x178 ..\obj\port.o
 .debug_loc     0x00004850       0x70 ..\obj\pwm_generico.o
 .debug_loc     0x000048c0      0x188 ..\obj\croutine.o
 .debug_loc     0x00004a48       0x38 ..\obj\task_display.o
 .debug_loc     0x00004a80      0x118 ..\obj\console.o
 .debug_loc     0x00004b98      0x1a4 ..\obj\systick.o
 .debug_loc     0x00004d3c       0xc8 ..\obj\heap_1.o
 .debug_loc     0x00004e04      0x118 ..\obj\ultrasonidos.o
 .debug_loc     0x00004f1c       0x38 ..\obj\Task_Idle.o
 .debug_loc     0x00004f54       0x2c ..\obj\clock.o
 .debug_loc     0x00004f80       0x38 ..\obj\Task_Recibir_Infrarrojos.o

.debug_pubnames
                0x00000000     0x2c37
 .debug_pubnames
                0x00000000      0x7f1 ..\obj\Recepcion_Infrarrojos.o
 .debug_pubnames
                0x000007f1       0x67 ..\obj\pines.o
 .debug_pubnames
                0x00000858       0x86 ..\obj\system_lm3s.o
 .debug_pubnames
                0x000008de      0x159 ..\obj\core_cm3.o
 .debug_pubnames
                0x00000a37       0xb5 ..\obj\stellaris_1.o
 .debug_pubnames
                0x00000aec      0x1d2 ..\obj\timer.o
 .debug_pubnames
                0x00000cbe      0x2d1 ..\obj\pwm.o
 .debug_pubnames
                0x00000f8f       0x80 ..\obj\Task_Control.o
 .debug_pubnames
                0x0000100f       0x34 ..\obj\system_tick.o
 .debug_pubnames
                0x00001043       0x89 ..\obj\main.o
 .debug_pubnames
                0x000010cc      0x13e ..\obj\framebuffer.o
 .debug_pubnames
                0x0000120a      0x41f ..\obj\sysctl.o
 .debug_pubnames
                0x00001629      0x2a9 ..\obj\gpio.o
 .debug_pubnames
                0x000018d2       0x66 ..\obj\display.o
 .debug_pubnames
                0x00001938       0x72 ..\obj\display_RIT.o
 .debug_pubnames
                0x000019aa      0x1ee ..\obj\tasks.o
 .debug_pubnames
                0x00001b98       0x5f ..\obj\egoera_makina.o
 .debug_pubnames
                0x00001bf7       0xe8 ..\obj\Task_Seguridad.o
 .debug_pubnames
                0x00001cdf       0xd6 ..\obj\interrupt.o
 .debug_pubnames
                0x00001db5       0xce ..\obj\rit128x96x4.o
 .debug_pubnames
                0x00001e83       0x80 ..\obj\keypad.o
 .debug_pubnames
                0x00001f03       0x92 ..\obj\ad.o
 .debug_pubnames
                0x00001f95       0x4a ..\obj\startup_lm3s.o
 .debug_pubnames
                0x00001fdf       0x71 ..\obj\list.o
 .debug_pubnames
                0x00002050       0x71 ..\obj\syscalls.o
 .debug_pubnames
                0x000020c1      0x133 ..\obj\ssi.o
 .debug_pubnames
                0x000021f4      0x2c3 ..\obj\adc.o
 .debug_pubnames
                0x000024b7      0x111 ..\obj\queue.o
 .debug_pubnames
                0x000025c8      0x10d ..\obj\port.o
 .debug_pubnames
                0x000026d5       0x56 ..\obj\pwm_generico.o
 .debug_pubnames
                0x0000272b       0x96 ..\obj\croutine.o
 .debug_pubnames
                0x000027c1       0x79 ..\obj\task_display.o
 .debug_pubnames
                0x0000283a       0x37 ..\obj\cpu.o
 .debug_pubnames
                0x00002871       0x86 ..\obj\console.o
 .debug_pubnames
                0x000028f7       0xd0 ..\obj\systick.o
 .debug_pubnames
                0x000029c7       0x64 ..\obj\heap_1.o
 .debug_pubnames
                0x00002a2b      0x149 ..\obj\ultrasonidos.o
 .debug_pubnames
                0x00002b74       0x21 ..\obj\Task_Idle.o
 .debug_pubnames
                0x00002b95       0x2e ..\obj\clock.o
 .debug_pubnames
                0x00002bc3       0x74 ..\obj\Task_Recibir_Infrarrojos.o

.debug_pubtypes
                0x00000000      0xa1b
 .debug_pubtypes
                0x00000000       0x86 ..\obj\Recepcion_Infrarrojos.o
 .debug_pubtypes
                0x00000086       0x2f ..\obj\pines.o
 .debug_pubtypes
                0x000000b5       0x3b ..\obj\system_lm3s.o
 .debug_pubtypes
                0x000000f0       0x50 ..\obj\core_cm3.o
 .debug_pubtypes
                0x00000140       0xa7 ..\obj\stellaris_1.o
 .debug_pubtypes
                0x000001e7       0x1f ..\obj\timer.o
 .debug_pubtypes
                0x00000206       0x1f ..\obj\pwm.o
 .debug_pubtypes
                0x00000225       0x9f ..\obj\Task_Control.o
 .debug_pubtypes
                0x000002c4       0x22 ..\obj\main.o
 .debug_pubtypes
                0x000002e6       0x3f ..\obj\framebuffer.o
 .debug_pubtypes
                0x00000325       0x1f ..\obj\sysctl.o
 .debug_pubtypes
                0x00000344       0x12 ..\obj\timers.o
 .debug_pubtypes
                0x00000356       0x1f ..\obj\gpio.o
 .debug_pubtypes
                0x00000375       0x12 ..\obj\display.o
 .debug_pubtypes
                0x00000387       0x12 ..\obj\display_RIT.o
 .debug_pubtypes
                0x00000399      0x10c ..\obj\tasks.o
 .debug_pubtypes
                0x000004a5       0x65 ..\obj\egoera_makina.o
 .debug_pubtypes
                0x0000050a       0x30 ..\obj\Task_Seguridad.o
 .debug_pubtypes
                0x0000053a       0x1f ..\obj\interrupt.o
 .debug_pubtypes
                0x00000559       0x12 ..\obj\rit128x96x4.o
 .debug_pubtypes
                0x0000056b       0x2f ..\obj\keypad.o
 .debug_pubtypes
                0x0000059a       0x12 ..\obj\ad.o
 .debug_pubtypes
                0x000005ac       0x7a ..\obj\list.o
 .debug_pubtypes
                0x00000626       0xaa ..\obj\syscalls.o
 .debug_pubtypes
                0x000006d0       0x1f ..\obj\ssi.o
 .debug_pubtypes
                0x000006ef       0x1f ..\obj\adc.o
 .debug_pubtypes
                0x0000070e       0xd4 ..\obj\queue.o
 .debug_pubtypes
                0x000007e2       0x33 ..\obj\port.o
 .debug_pubtypes
                0x00000815       0x12 ..\obj\pwm_generico.o
 .debug_pubtypes
                0x00000827       0xcd ..\obj\croutine.o
 .debug_pubtypes
                0x000008f4       0x30 ..\obj\task_display.o
 .debug_pubtypes
                0x00000924       0x12 ..\obj\console.o
 .debug_pubtypes
                0x00000936       0x12 ..\obj\systick.o
 .debug_pubtypes
                0x00000948       0x2c ..\obj\heap_1.o
 .debug_pubtypes
                0x00000974       0x1f ..\obj\ultrasonidos.o
 .debug_pubtypes
                0x00000993       0x12 ..\obj\clock.o
 .debug_pubtypes
                0x000009a5       0x76 ..\obj\Task_Recibir_Infrarrojos.o

.debug_aranges  0x00000000      0xff8
 .debug_aranges
                0x00000000      0x118 ..\obj\Recepcion_Infrarrojos.o
 .debug_aranges
                0x00000118       0x30 ..\obj\pines.o
 .debug_aranges
                0x00000148       0x28 ..\obj\system_lm3s.o
 .debug_aranges
                0x00000170       0xc8 ..\obj\core_cm3.o
 .debug_aranges
                0x00000238       0x30 ..\obj\stellaris_1.o
 .debug_aranges
                0x00000268       0xd0 ..\obj\timer.o
 .debug_aranges
                0x00000338      0x120 ..\obj\pwm.o
 .debug_aranges
                0x00000458       0x28 ..\obj\Task_Control.o
 .debug_aranges
                0x00000480       0x20 ..\obj\system_tick.o
 .debug_aranges
                0x000004a0       0x28 ..\obj\main.o
 .debug_aranges
                0x000004c8       0x50 ..\obj\framebuffer.o
 .debug_aranges
                0x00000518      0x170 ..\obj\sysctl.o
 .debug_aranges
                0x00000688      0x118 ..\obj\gpio.o
 .debug_aranges
                0x000007a0       0x30 ..\obj\display.o
 .debug_aranges
                0x000007d0       0x30 ..\obj\display_RIT.o
 .debug_aranges
                0x00000800       0xe8 ..\obj\tasks.o
 .debug_aranges
                0x000008e8       0x28 ..\obj\egoera_makina.o
 .debug_aranges
                0x00000910       0x28 ..\obj\Task_Seguridad.o
 .debug_aranges
                0x00000938       0x70 ..\obj\interrupt.o
 .debug_aranges
                0x000009a8       0x68 ..\obj\rit128x96x4.o
 .debug_aranges
                0x00000a10       0x30 ..\obj\keypad.o
 .debug_aranges
                0x00000a40       0x28 ..\obj\ad.o
 .debug_aranges
                0x00000a68       0x28 ..\obj\startup_lm3s.o
 .debug_aranges
                0x00000a90       0x40 ..\obj\list.o
 .debug_aranges
                0x00000ad0       0x60 ..\obj\syscalls.o
 .debug_aranges
                0x00000b30       0x98 ..\obj\ssi.o
 .debug_aranges
                0x00000bc8       0xf0 ..\obj\adc.o
 .debug_aranges
                0x00000cb8       0x90 ..\obj\queue.o
 .debug_aranges
                0x00000d48       0x70 ..\obj\port.o
 .debug_aranges
                0x00000db8       0x28 ..\obj\pwm_generico.o
 .debug_aranges
                0x00000de0       0x50 ..\obj\croutine.o
 .debug_aranges
                0x00000e30       0x20 ..\obj\task_display.o
 .debug_aranges
                0x00000e50       0x30 ..\obj\cpu.o
 .debug_aranges
                0x00000e80       0x40 ..\obj\console.o
 .debug_aranges
                0x00000ec0       0x60 ..\obj\systick.o
 .debug_aranges
                0x00000f20       0x38 ..\obj\heap_1.o
 .debug_aranges
                0x00000f58       0x40 ..\obj\ultrasonidos.o
 .debug_aranges
                0x00000f98       0x20 ..\obj\Task_Idle.o
 .debug_aranges
                0x00000fb8       0x20 ..\obj\clock.o
 .debug_aranges
                0x00000fd8       0x20 ..\obj\Task_Recibir_Infrarrojos.o

.debug_ranges   0x00000000      0xd78
 .debug_ranges  0x00000000      0x108 ..\obj\Recepcion_Infrarrojos.o
 .debug_ranges  0x00000108       0x20 ..\obj\pines.o
 .debug_ranges  0x00000128       0x18 ..\obj\system_lm3s.o
 .debug_ranges  0x00000140       0xb8 ..\obj\core_cm3.o
 .debug_ranges  0x000001f8       0x20 ..\obj\stellaris_1.o
 .debug_ranges  0x00000218       0xc0 ..\obj\timer.o
 .debug_ranges  0x000002d8      0x110 ..\obj\pwm.o
 .debug_ranges  0x000003e8       0x18 ..\obj\Task_Control.o
 .debug_ranges  0x00000400       0x10 ..\obj\system_tick.o
 .debug_ranges  0x00000410       0x18 ..\obj\main.o
 .debug_ranges  0x00000428       0x40 ..\obj\framebuffer.o
 .debug_ranges  0x00000468      0x160 ..\obj\sysctl.o
 .debug_ranges  0x000005c8      0x108 ..\obj\gpio.o
 .debug_ranges  0x000006d0       0x20 ..\obj\display.o
 .debug_ranges  0x000006f0       0x20 ..\obj\display_RIT.o
 .debug_ranges  0x00000710       0xd8 ..\obj\tasks.o
 .debug_ranges  0x000007e8       0x18 ..\obj\egoera_makina.o
 .debug_ranges  0x00000800       0x18 ..\obj\Task_Seguridad.o
 .debug_ranges  0x00000818       0x60 ..\obj\interrupt.o
 .debug_ranges  0x00000878       0x58 ..\obj\rit128x96x4.o
 .debug_ranges  0x000008d0       0x20 ..\obj\keypad.o
 .debug_ranges  0x000008f0       0x18 ..\obj\ad.o
 .debug_ranges  0x00000908       0x18 ..\obj\startup_lm3s.o
 .debug_ranges  0x00000920       0x30 ..\obj\list.o
 .debug_ranges  0x00000950       0x50 ..\obj\syscalls.o
 .debug_ranges  0x000009a0       0x88 ..\obj\ssi.o
 .debug_ranges  0x00000a28       0xe0 ..\obj\adc.o
 .debug_ranges  0x00000b08       0x80 ..\obj\queue.o
 .debug_ranges  0x00000b88       0x60 ..\obj\port.o
 .debug_ranges  0x00000be8       0x18 ..\obj\pwm_generico.o
 .debug_ranges  0x00000c00       0x40 ..\obj\croutine.o
 .debug_ranges  0x00000c40       0x10 ..\obj\task_display.o
 .debug_ranges  0x00000c50       0x20 ..\obj\cpu.o
 .debug_ranges  0x00000c70       0x30 ..\obj\console.o
 .debug_ranges  0x00000ca0       0x50 ..\obj\systick.o
 .debug_ranges  0x00000cf0       0x28 ..\obj\heap_1.o
 .debug_ranges  0x00000d18       0x30 ..\obj\ultrasonidos.o
 .debug_ranges  0x00000d48       0x10 ..\obj\Task_Idle.o
 .debug_ranges  0x00000d58       0x10 ..\obj\clock.o
 .debug_ranges  0x00000d68       0x10 ..\obj\Task_Recibir_Infrarrojos.o

.debug_str      0x00000000     0x3de6
 .debug_str     0x00000000      0x7f7 ..\obj\Recepcion_Infrarrojos.o
                                0x8b6 (size before relaxing)
 .debug_str     0x000007f7       0xb7 ..\obj\pines.o
                                0x15f (size before relaxing)
 .debug_str     0x000008ae      0x1d8 ..\obj\system_lm3s.o
                                0x26d (size before relaxing)
 .debug_str     0x00000a86      0x172 ..\obj\core_cm3.o
                                0x223 (size before relaxing)
 .debug_str     0x00000bf8      0x1cd ..\obj\stellaris_1.o
                                0x268 (size before relaxing)
 .debug_str     0x00000dc5      0x1fa ..\obj\timer.o
                                0x22f (size before relaxing)
 .debug_str     0x00000fbf      0x35b ..\obj\pwm.o
                                0x3cb (size before relaxing)
 .debug_str     0x0000131a       0xab ..\obj\Task_Control.o
                                0x287 (size before relaxing)
 .debug_str     0x000013c5       0x53 ..\obj\system_tick.o
                                 0x71 (size before relaxing)
 .debug_str     0x00001418       0x59 ..\obj\main.o
                                0x185 (size before relaxing)
 .debug_str     0x00001471      0x18e ..\obj\framebuffer.o
                                0x267 (size before relaxing)
 .debug_str     0x000015ff      0x479 ..\obj\sysctl.o
                                0x4e6 (size before relaxing)
 .debug_str     0x00001a78       0x36 ..\obj\timers.o
                                 0x89 (size before relaxing)
 .debug_str     0x00001aae      0x306 ..\obj\gpio.o
                                0x390 (size before relaxing)
 .debug_str     0x00001db4       0x7f ..\obj\display.o
                                 0xa4 (size before relaxing)
 .debug_str     0x00001e33       0xa9 ..\obj\display_RIT.o
                                0x146 (size before relaxing)
 .debug_str     0x00001edc      0x64b ..\obj\tasks.o
                                0x74a (size before relaxing)
 .debug_str     0x00002527       0x8d ..\obj\egoera_makina.o
                                0x1bd (size before relaxing)
 .debug_str     0x000025b4       0xdc ..\obj\Task_Seguridad.o
                                0x1f2 (size before relaxing)
 .debug_str     0x00002690      0x116 ..\obj\interrupt.o
                                0x1a3 (size before relaxing)
 .debug_str     0x000027a6      0x19f ..\obj\rit128x96x4.o
                                0x234 (size before relaxing)
 .debug_str     0x00002945       0x7a ..\obj\keypad.o
                                0x169 (size before relaxing)
 .debug_str     0x000029bf       0x8c ..\obj\ad.o
                                0x150 (size before relaxing)
 .debug_str     0x00002a4b       0xa1 ..\obj\startup_lm3s.o
                                 0xcc (size before relaxing)
 .debug_str     0x00002aec       0xc7 ..\obj\list.o
                                0x1fa (size before relaxing)
 .debug_str     0x00002bb3      0x15a ..\obj\syscalls.o
                                0x23f (size before relaxing)
 .debug_str     0x00002d0d      0x18b ..\obj\ssi.o
                                0x1fb (size before relaxing)
 .debug_str     0x00002e98      0x303 ..\obj\adc.o
                                0x39f (size before relaxing)
 .debug_str     0x0000319b      0x2cd ..\obj\queue.o
                                0x472 (size before relaxing)
 .debug_str     0x00003468      0x15b ..\obj\port.o
                                0x1ea (size before relaxing)
 .debug_str     0x000035c3       0xaf ..\obj\pwm_generico.o
                                 0xf4 (size before relaxing)
 .debug_str     0x00003672      0x27a ..\obj\croutine.o
                                0x3c9 (size before relaxing)
 .debug_str     0x000038ec       0x4e ..\obj\task_display.o
                                0x213 (size before relaxing)
 .debug_str     0x0000393a       0x56 ..\obj\cpu.o
                                 0x74 (size before relaxing)
 .debug_str     0x00003990       0x97 ..\obj\console.o
                                0x155 (size before relaxing)
 .debug_str     0x00003a27       0xd5 ..\obj\systick.o
                                0x115 (size before relaxing)
 .debug_str     0x00003afc       0xc2 ..\obj\heap_1.o
                                0x165 (size before relaxing)
 .debug_str     0x00003bbe      0x147 ..\obj\ultrasonidos.o
                                0x277 (size before relaxing)
 .debug_str     0x00003d05       0x3e ..\obj\Task_Idle.o
                                 0x57 (size before relaxing)
 .debug_str     0x00003d43       0x47 ..\obj\clock.o
                                 0x61 (size before relaxing)
 .debug_str     0x00003d8a       0x5c ..\obj\Task_Recibir_Infrarrojos.o
                                0x1ff (size before relaxing)

.comment        0x00000000       0x2a
 .comment       0x00000000       0x2a ..\obj\Recepcion_Infrarrojos.o
                                 0x2b (size before relaxing)
 .comment       0x00000000       0x2b ..\obj\pines.o
 .comment       0x00000000       0x2b ..\obj\system_lm3s.o
 .comment       0x00000000       0x2b ..\obj\core_cm3.o
 .comment       0x00000000       0x2b ..\obj\stellaris_1.o
 .comment       0x00000000       0x2b ..\obj\timer.o
 .comment       0x00000000       0x2b ..\obj\pwm.o
 .comment       0x00000000       0x2b ..\obj\Task_Control.o
 .comment       0x00000000       0x2b ..\obj\system_tick.o
 .comment       0x00000000       0x2b ..\obj\main.o
 .comment       0x00000000       0x2b ..\obj\framebuffer.o
 .comment       0x00000000       0x2b ..\obj\sysctl.o
 .comment       0x00000000       0x2b ..\obj\timers.o
 .comment       0x00000000       0x2b ..\obj\gpio.o
 .comment       0x00000000       0x2b ..\obj\display.o
 .comment       0x00000000       0x2b ..\obj\display_RIT.o
 .comment       0x00000000       0x2b ..\obj\tasks.o
 .comment       0x00000000       0x2b ..\obj\egoera_makina.o
 .comment       0x00000000       0x2b ..\obj\Task_Seguridad.o
 .comment       0x00000000       0x2b ..\obj\interrupt.o
 .comment       0x00000000       0x2b ..\obj\rit128x96x4.o
 .comment       0x00000000       0x2b ..\obj\keypad.o
 .comment       0x00000000       0x2b ..\obj\ad.o
 .comment       0x00000000       0x2b ..\obj\startup_lm3s.o
 .comment       0x00000000       0x2b ..\obj\list.o
 .comment       0x00000000       0x2b ..\obj\syscalls.o
 .comment       0x00000000       0x2b ..\obj\ssi.o
 .comment       0x00000000       0x2b ..\obj\adc.o
 .comment       0x00000000       0x2b ..\obj\queue.o
 .comment       0x00000000       0x2b ..\obj\port.o
 .comment       0x00000000       0x2b ..\obj\pwm_generico.o
 .comment       0x00000000       0x2b ..\obj\croutine.o
 .comment       0x00000000       0x2b ..\obj\task_display.o
 .comment       0x00000000       0x2b ..\obj\cpu.o
 .comment       0x00000000       0x2b ..\obj\console.o
 .comment       0x00000000       0x2b ..\obj\systick.o
 .comment       0x00000000       0x2b ..\obj\heap_1.o
 .comment       0x00000000       0x2b ..\obj\ultrasonidos.o
 .comment       0x00000000       0x2b ..\obj\Task_Idle.o
 .comment       0x00000000       0x2b ..\obj\clock.o
 .comment       0x00000000       0x2b ..\obj\Task_Recibir_Infrarrojos.o

.ARM.attributes
                0x00000000       0x31
 .ARM.attributes
                0x00000000       0x31 ..\obj\Recepcion_Infrarrojos.o
 .ARM.attributes
                0x00000031       0x31 ..\obj\pines.o
 .ARM.attributes
                0x00000062       0x31 ..\obj\system_lm3s.o
 .ARM.attributes
                0x00000093       0x31 ..\obj\core_cm3.o
 .ARM.attributes
                0x000000c4       0x31 ..\obj\stellaris_1.o
 .ARM.attributes
                0x000000f5       0x31 ..\obj\timer.o
 .ARM.attributes
                0x00000126       0x31 ..\obj\pwm.o
 .ARM.attributes
                0x00000157       0x31 ..\obj\Task_Control.o
 .ARM.attributes
                0x00000188       0x31 ..\obj\system_tick.o
 .ARM.attributes
                0x000001b9       0x31 ..\obj\main.o
 .ARM.attributes
                0x000001ea       0x31 ..\obj\framebuffer.o
 .ARM.attributes
                0x0000021b       0x31 ..\obj\sysctl.o
 .ARM.attributes
                0x0000024c       0x31 ..\obj\timers.o
 .ARM.attributes
                0x0000027d       0x31 ..\obj\gpio.o
 .ARM.attributes
                0x000002ae       0x31 ..\obj\display.o
 .ARM.attributes
                0x000002df       0x31 ..\obj\display_RIT.o
 .ARM.attributes
                0x00000310       0x31 ..\obj\tasks.o
 .ARM.attributes
                0x00000341       0x31 ..\obj\egoera_makina.o
 .ARM.attributes
                0x00000372       0x31 ..\obj\Task_Seguridad.o
 .ARM.attributes
                0x000003a3       0x31 ..\obj\interrupt.o
 .ARM.attributes
                0x000003d4       0x31 ..\obj\rit128x96x4.o
 .ARM.attributes
                0x00000405       0x31 ..\obj\keypad.o
 .ARM.attributes
                0x00000436       0x31 ..\obj\ad.o
 .ARM.attributes
                0x00000467       0x31 ..\obj\startup_lm3s.o
 .ARM.attributes
                0x00000498       0x31 ..\obj\list.o
 .ARM.attributes
                0x000004c9       0x31 ..\obj\syscalls.o
 .ARM.attributes
                0x000004fa       0x31 ..\obj\ssi.o
 .ARM.attributes
                0x0000052b       0x31 ..\obj\adc.o
 .ARM.attributes
                0x0000055c       0x31 ..\obj\queue.o
 .ARM.attributes
                0x0000058d       0x31 ..\obj\port.o
 .ARM.attributes
                0x000005be       0x31 ..\obj\pwm_generico.o
 .ARM.attributes
                0x000005ef       0x31 ..\obj\croutine.o
 .ARM.attributes
                0x00000620       0x31 ..\obj\task_display.o
 .ARM.attributes
                0x00000651       0x31 ..\obj\cpu.o
 .ARM.attributes
                0x00000682       0x31 ..\obj\console.o
 .ARM.attributes
                0x000006b3       0x31 ..\obj\systick.o
 .ARM.attributes
                0x000006e4       0x31 ..\obj\heap_1.o
 .ARM.attributes
                0x00000715       0x31 ..\obj\ultrasonidos.o
 .ARM.attributes
                0x00000746       0x31 ..\obj\Task_Idle.o
 .ARM.attributes
                0x00000777       0x31 ..\obj\clock.o
 .ARM.attributes
                0x000007a8       0x31 ..\obj\Task_Recibir_Infrarrojos.o
 .ARM.attributes
                0x000007d9       0x1b c:/app/coide/gcc/sourcery g++ lite/bin/../lib/gcc/arm-none-eabi/4.5.1/thumb2\libgcc.a(_arm_addsubdf3.o)
 .ARM.attributes
                0x000007f4       0x1b c:/app/coide/gcc/sourcery g++ lite/bin/../lib/gcc/arm-none-eabi/4.5.1/thumb2\libgcc.a(_arm_muldivdf3.o)
 .ARM.attributes
                0x0000080f       0x1b c:/app/coide/gcc/sourcery g++ lite/bin/../lib/gcc/arm-none-eabi/4.5.1/thumb2\libgcc.a(_arm_cmpdf2.o)
 .ARM.attributes
                0x0000082a       0x1b c:/app/coide/gcc/sourcery g++ lite/bin/../lib/gcc/arm-none-eabi/4.5.1/thumb2\libgcc.a(_arm_truncdfsf2.o)
 .ARM.attributes
                0x00000845       0x1b c:/app/coide/gcc/sourcery g++ lite/bin/../lib/gcc/arm-none-eabi/4.5.1/thumb2\libgcc.a(_arm_addsubsf3.o)
 .ARM.attributes
                0x00000860       0x1b c:/app/coide/gcc/sourcery g++ lite/bin/../lib/gcc/arm-none-eabi/4.5.1/thumb2\libgcc.a(_arm_muldivsf3.o)
 .ARM.attributes
                0x0000087b       0x1b c:/app/coide/gcc/sourcery g++ lite/bin/../lib/gcc/arm-none-eabi/4.5.1/thumb2\libgcc.a(_arm_cmpsf2.o)
 .ARM.attributes
                0x00000896       0x1b c:/app/coide/gcc/sourcery g++ lite/bin/../lib/gcc/arm-none-eabi/4.5.1/thumb2\libgcc.a(_arm_fixunssfsi.o)
 .ARM.attributes
                0x000008b1       0x29 c:/app/coide/gcc/sourcery g++ lite/bin/../lib/gcc/arm-none-eabi/4.5.1/../../../../arm-none-eabi/lib/thumb2\libc.a(lib_a-memcpy.o)
 .ARM.attributes
                0x000008da       0x29 c:/app/coide/gcc/sourcery g++ lite/bin/../lib/gcc/arm-none-eabi/4.5.1/../../../../arm-none-eabi/lib/thumb2\libc.a(lib_a-memset.o)
 .ARM.attributes
                0x00000903       0x29 c:/app/coide/gcc/sourcery g++ lite/bin/../lib/gcc/arm-none-eabi/4.5.1/../../../../arm-none-eabi/lib/thumb2\libc.a(lib_a-sprintf.o)
 .ARM.attributes
                0x0000092c       0x29 c:/app/coide/gcc/sourcery g++ lite/bin/../lib/gcc/arm-none-eabi/4.5.1/../../../../arm-none-eabi/lib/thumb2\libc.a(lib_a-strlen.o)
 .ARM.attributes
                0x00000955       0x29 c:/app/coide/gcc/sourcery g++ lite/bin/../lib/gcc/arm-none-eabi/4.5.1/../../../../arm-none-eabi/lib/thumb2\libc.a(lib_a-strncpy.o)
 .ARM.attributes
                0x0000097e       0x29 c:/app/coide/gcc/sourcery g++ lite/bin/../lib/gcc/arm-none-eabi/4.5.1/../../../../arm-none-eabi/lib/thumb2\libc.a(lib_a-svfprintf.o)
 .ARM.attributes
                0x000009a7       0x29 c:/app/coide/gcc/sourcery g++ lite/bin/../lib/gcc/arm-none-eabi/4.5.1/../../../../arm-none-eabi/lib/thumb2\libc.a(lib_a-dtoa.o)
 .ARM.attributes
                0x000009d0       0x29 c:/app/coide/gcc/sourcery g++ lite/bin/../lib/gcc/arm-none-eabi/4.5.1/../../../../arm-none-eabi/lib/thumb2\libc.a(lib_a-impure.o)
 .ARM.attributes
                0x000009f9       0x29 c:/app/coide/gcc/sourcery g++ lite/bin/../lib/gcc/arm-none-eabi/4.5.1/../../../../arm-none-eabi/lib/thumb2\libc.a(lib_a-locale.o)
 .ARM.attributes
                0x00000a22       0x29 c:/app/coide/gcc/sourcery g++ lite/bin/../lib/gcc/arm-none-eabi/4.5.1/../../../../arm-none-eabi/lib/thumb2\libc.a(lib_a-malloc.o)
 .ARM.attributes
                0x00000a4b       0x29 c:/app/coide/gcc/sourcery g++ lite/bin/../lib/gcc/arm-none-eabi/4.5.1/../../../../arm-none-eabi/lib/thumb2\libc.a(lib_a-mallocr.o)
 .ARM.attributes
                0x00000a74       0x29 c:/app/coide/gcc/sourcery g++ lite/bin/../lib/gcc/arm-none-eabi/4.5.1/../../../../arm-none-eabi/lib/thumb2\libc.a(lib_a-memchr.o)
 .ARM.attributes
                0x00000a9d       0x29 c:/app/coide/gcc/sourcery g++ lite/bin/../lib/gcc/arm-none-eabi/4.5.1/../../../../arm-none-eabi/lib/thumb2\libc.a(lib_a-mlock.o)
 .ARM.attributes
                0x00000ac6       0x29 c:/app/coide/gcc/sourcery g++ lite/bin/../lib/gcc/arm-none-eabi/4.5.1/../../../../arm-none-eabi/lib/thumb2\libc.a(lib_a-mprec.o)
 .ARM.attributes
                0x00000aef       0x29 c:/app/coide/gcc/sourcery g++ lite/bin/../lib/gcc/arm-none-eabi/4.5.1/../../../../arm-none-eabi/lib/thumb2\libc.a(lib_a-s_fpclassify.o)
 .ARM.attributes
                0x00000b18       0x29 c:/app/coide/gcc/sourcery g++ lite/bin/../lib/gcc/arm-none-eabi/4.5.1/../../../../arm-none-eabi/lib/thumb2\libc.a(lib_a-sbrkr.o)
 .ARM.attributes
                0x00000b41       0x29 c:/app/coide/gcc/sourcery g++ lite/bin/../lib/gcc/arm-none-eabi/4.5.1/../../../../arm-none-eabi/lib/thumb2\libc.a(lib_a-strcmp.o)
 .ARM.attributes
                0x00000b6a       0x29 c:/app/coide/gcc/sourcery g++ lite/bin/../lib/gcc/arm-none-eabi/4.5.1/../../../../arm-none-eabi/lib/thumb2\libc.a(lib_a-svfiprintf.o)
 .ARM.attributes
                0x00000b93       0x29 c:/app/coide/gcc/sourcery g++ lite/bin/../lib/gcc/arm-none-eabi/4.5.1/../../../../arm-none-eabi/lib/thumb2\libc.a(lib_a-callocr.o)
 .ARM.attributes
                0x00000bbc       0x29 c:/app/coide/gcc/sourcery g++ lite/bin/../lib/gcc/arm-none-eabi/4.5.1/../../../../arm-none-eabi/lib/thumb2\libc.a(lib_a-freer.o)
 .ARM.attributes
                0x00000be5       0x29 c:/app/coide/gcc/sourcery g++ lite/bin/../lib/gcc/arm-none-eabi/4.5.1/../../../../arm-none-eabi/lib/thumb2\libc.a(lib_a-memmove.o)
 .ARM.attributes
                0x00000c0e       0x29 c:/app/coide/gcc/sourcery g++ lite/bin/../lib/gcc/arm-none-eabi/4.5.1/../../../../arm-none-eabi/lib/thumb2\libc.a(lib_a-reallocr.o)
 .ARM.attributes
                0x00000c37       0x29 c:/app/coide/gcc/sourcery g++ lite/bin/../lib/gcc/arm-none-eabi/4.5.1/../../../../arm-none-eabi/lib/thumb2\libc.a(lib_a-reent.o)
 .ARM.attributes
                0x00000c60       0x1b c:/app/coide/gcc/sourcery g++ lite/bin/../lib/gcc/arm-none-eabi/4.5.1/thumb2\libgcc.a(_udivsi3.o)
 .ARM.attributes
                0x00000c7b       0x1b c:/app/coide/gcc/sourcery g++ lite/bin/../lib/gcc/arm-none-eabi/4.5.1/thumb2\libgcc.a(_dvmd_tls.o)
 .ARM.attributes
                0x00000c96       0x1b c:/app/coide/gcc/sourcery g++ lite/bin/../lib/gcc/arm-none-eabi/4.5.1/thumb2\libgcc.a(_arm_fixdfsi.o)
 .ARM.attributes
                0x00000cb1       0x1b c:/app/coide/gcc/sourcery g++ lite/bin/../lib/gcc/arm-none-eabi/4.5.1/thumb2\libgcc.a(_aeabi_uldivmod.o)
 .ARM.attributes
                0x00000ccc       0x29 c:/app/coide/gcc/sourcery g++ lite/bin/../lib/gcc/arm-none-eabi/4.5.1/thumb2\libgcc.a(bpabi.o)
 .ARM.attributes
                0x00000cf5       0x29 c:/app/coide/gcc/sourcery g++ lite/bin/../lib/gcc/arm-none-eabi/4.5.1/thumb2\libgcc.a(_divdi3.o)
 .ARM.attributes
                0x00000d1e       0x29 c:/app/coide/gcc/sourcery g++ lite/bin/../lib/gcc/arm-none-eabi/4.5.1/thumb2\libgcc.a(_udivdi3.o)

.debug_frame    0x00000000     0x36d8
 .debug_frame   0x00000000      0x39c ..\obj\Recepcion_Infrarrojos.o
 .debug_frame   0x0000039c       0x74 ..\obj\pines.o
 .debug_frame   0x00000410       0x4c ..\obj\system_lm3s.o
 .debug_frame   0x0000045c      0x280 ..\obj\core_cm3.o
 .debug_frame   0x000006dc       0x68 ..\obj\stellaris_1.o
 .debug_frame   0x00000744      0x2a0 ..\obj\timer.o