Archive member included because of file (symbol)

c:/apps/coide/gcc/sourcery g++ lite/bin/../lib/gcc/arm-none-eabi/4.5.1/thumb2\libgcc.a(_arm_addsubdf3.o)
                              ..\obj\stellaris_1.o (__aeabi_dsub)
c:/apps/coide/gcc/sourcery g++ lite/bin/../lib/gcc/arm-none-eabi/4.5.1/thumb2\libgcc.a(_arm_muldivdf3.o)
                              ..\obj\stellaris_1.o (__aeabi_dmul)
c:/apps/coide/gcc/sourcery g++ lite/bin/../lib/gcc/arm-none-eabi/4.5.1/thumb2\libgcc.a(_arm_cmpdf2.o)
                              ..\obj\stellaris_1.o (__aeabi_dcmpeq)
c:/apps/coide/gcc/sourcery g++ lite/bin/../lib/gcc/arm-none-eabi/4.5.1/../../../../arm-none-eabi/lib/thumb2\libc.a(lib_a-memcpy.o)
                              ..\obj\queue.o (memcpy)
c:/apps/coide/gcc/sourcery g++ lite/bin/../lib/gcc/arm-none-eabi/4.5.1/../../../../arm-none-eabi/lib/thumb2\libc.a(lib_a-memset.o)
                              ..\obj\stellaris_1.o (memset)
c:/apps/coide/gcc/sourcery g++ lite/bin/../lib/gcc/arm-none-eabi/4.5.1/../../../../arm-none-eabi/lib/thumb2\libc.a(lib_a-sprintf.o)
                              ..\obj\Task_Comunicaciones.o (sprintf)
c:/apps/coide/gcc/sourcery g++ lite/bin/../lib/gcc/arm-none-eabi/4.5.1/../../../../arm-none-eabi/lib/thumb2\libc.a(lib_a-strlen.o)
                              ..\obj\framebuffer.o (strlen)
c:/apps/coide/gcc/sourcery g++ lite/bin/../lib/gcc/arm-none-eabi/4.5.1/../../../../arm-none-eabi/lib/thumb2\libc.a(lib_a-strncpy.o)
                              ..\obj\tasks.o (strncpy)
c:/apps/coide/gcc/sourcery g++ lite/bin/../lib/gcc/arm-none-eabi/4.5.1/../../../../arm-none-eabi/lib/thumb2\libc.a(lib_a-svfprintf.o)
                              c:/apps/coide/gcc/sourcery g++ lite/bin/../lib/gcc/arm-none-eabi/4.5.1/../../../../arm-none-eabi/lib/thumb2\libc.a(lib_a-sprintf.o) (_svfprintf_r)
c:/apps/coide/gcc/sourcery g++ lite/bin/../lib/gcc/arm-none-eabi/4.5.1/../../../../arm-none-eabi/lib/thumb2\libc.a(lib_a-dtoa.o)
                              c:/apps/coide/gcc/sourcery g++ lite/bin/../lib/gcc/arm-none-eabi/4.5.1/../../../../arm-none-eabi/lib/thumb2\libc.a(lib_a-svfprintf.o) (_dtoa_r)
c:/apps/coide/gcc/sourcery g++ lite/bin/../lib/gcc/arm-none-eabi/4.5.1/../../../../arm-none-eabi/lib/thumb2\libc.a(lib_a-impure.o)
                              c:/apps/coide/gcc/sourcery g++ lite/bin/../lib/gcc/arm-none-eabi/4.5.1/../../../../arm-none-eabi/lib/thumb2\libc.a(lib_a-sprintf.o) (_impure_ptr)
c:/apps/coide/gcc/sourcery g++ lite/bin/../lib/gcc/arm-none-eabi/4.5.1/../../../../arm-none-eabi/lib/thumb2\libc.a(lib_a-locale.o)
                              c:/apps/coide/gcc/sourcery g++ lite/bin/../lib/gcc/arm-none-eabi/4.5.1/../../../../arm-none-eabi/lib/thumb2\libc.a(lib_a-svfprintf.o) (_localeconv_r)
c:/apps/coide/gcc/sourcery g++ lite/bin/../lib/gcc/arm-none-eabi/4.5.1/../../../../arm-none-eabi/lib/thumb2\libc.a(lib_a-malloc.o)
                              c:/apps/coide/gcc/sourcery g++ lite/bin/../lib/gcc/arm-none-eabi/4.5.1/../../../../arm-none-eabi/lib/thumb2\libc.a(lib_a-dtoa.o) (malloc)
c:/apps/coide/gcc/sourcery g++ lite/bin/../lib/gcc/arm-none-eabi/4.5.1/../../../../arm-none-eabi/lib/thumb2\libc.a(lib_a-mallocr.o)
                              c:/apps/coide/gcc/sourcery g++ lite/bin/../lib/gcc/arm-none-eabi/4.5.1/../../../../arm-none-eabi/lib/thumb2\libc.a(lib_a-svfprintf.o) (_malloc_r)
c:/apps/coide/gcc/sourcery g++ lite/bin/../lib/gcc/arm-none-eabi/4.5.1/../../../../arm-none-eabi/lib/thumb2\libc.a(lib_a-memchr.o)
                              c:/apps/coide/gcc/sourcery g++ lite/bin/../lib/gcc/arm-none-eabi/4.5.1/../../../../arm-none-eabi/lib/thumb2\libc.a(lib_a-svfprintf.o) (memchr)
c:/apps/coide/gcc/sourcery g++ lite/bin/../lib/gcc/arm-none-eabi/4.5.1/../../../../arm-none-eabi/lib/thumb2\libc.a(lib_a-mlock.o)
                              c:/apps/coide/gcc/sourcery g++ lite/bin/../lib/gcc/arm-none-eabi/4.5.1/../../../../arm-none-eabi/lib/thumb2\libc.a(lib_a-mallocr.o) (__malloc_lock)
c:/apps/coide/gcc/sourcery g++ lite/bin/../lib/gcc/arm-none-eabi/4.5.1/../../../../arm-none-eabi/lib/thumb2\libc.a(lib_a-mprec.o)
                              c:/apps/coide/gcc/sourcery g++ lite/bin/../lib/gcc/arm-none-eabi/4.5.1/../../../../arm-none-eabi/lib/thumb2\libc.a(lib_a-dtoa.o) (_Balloc)
c:/apps/coide/gcc/sourcery g++ lite/bin/../lib/gcc/arm-none-eabi/4.5.1/../../../../arm-none-eabi/lib/thumb2\libc.a(lib_a-s_fpclassify.o)
                              c:/apps/coide/gcc/sourcery g++ lite/bin/../lib/gcc/arm-none-eabi/4.5.1/../../../../arm-none-eabi/lib/thumb2\libc.a(lib_a-svfprintf.o) (__fpclassifyd)
c:/apps/coide/gcc/sourcery g++ lite/bin/../lib/gcc/arm-none-eabi/4.5.1/../../../../arm-none-eabi/lib/thumb2\libc.a(lib_a-sbrkr.o)
                              c:/apps/coide/gcc/sourcery g++ lite/bin/../lib/gcc/arm-none-eabi/4.5.1/../../../../arm-none-eabi/lib/thumb2\libc.a(lib_a-mallocr.o) (_sbrk_r)
[...]
Memory Configuration

Name             Origin             Length             Attributes
rom              0x00000000         0x00040000         xr
ram              0x20000000         0x00010000         xrw
*default*        0x00000000         0xffffffff

Linker script and memory map

                0x20010000                _eram = 0x20010000

.text           0x00000000     0x9220
 *(.isr_vector .isr_vector.*)
 .isr_vector    0x00000000      0x100 ..\obj\startup_lm3s.o
                0x00000000                g_pfnVectors
 *(.text .text.* .gnu.linkonce.t.*)
 .text.vTask_Comunicaciones
                0x00000100       0x78 ..\obj\Task_Comunicaciones.o
                0x00000100                vTask_Comunicaciones
 .text.SystemInit
                0x00000178      0x238 ..\obj\system_lm3s.o
                0x00000178                SystemInit
 .text.getOscClk
                0x000003b0      0x15c ..\obj\system_lm3s.o
 .text.stellaris_1_step
                0x0000050c      0x304 ..\obj\stellaris_1.o
                0x0000050c                stellaris_1_step
 .text.stellaris_1_initialize
                0x00000810       0x40 ..\obj\stellaris_1.o
                0x00000810                stellaris_1_initialize
 .text.vTask_Control
                0x00000850       0x7c ..\obj\Task_Control.o
                0x00000850                vTask_Control
 .text.rt_OneStep
                0x000008cc      0x104 ..\obj\Task_Control.o
                0x000008cc                rt_OneStep
 .text.main     0x000009d0       0xa8 ..\obj\main.o
                0x000009d0                main
 .text.SysCtlPeripheralEnable
                0x00000a78       0x58 ..\obj\sysctl.o
                0x00000a78                SysCtlPeripheralEnable
 .text.SysCtlDelay
                0x00000ad0        0x8 ..\obj\sysctl.o
                0x00000ad0                SysCtlDelay
 .text.SysCtlClockSet
                0x00000ad8      0x290 ..\obj\sysctl.o
                0x00000ad8                SysCtlClockSet
 .text.SysCtlClockGet
                0x00000d68      0x384 ..\obj\sysctl.o
                0x00000d68                SysCtlClockGet
 .text.GPIODirModeSet
                0x000010ec       0x88 ..\obj\gpio.o
                0x000010ec                GPIODirModeSet
 .text.GPIOPadConfigSet
                0x00001174      0x230 ..\obj\gpio.o
                0x00001174                GPIOPadConfigSet
 .text.GPIOPinWrite
                0x000013a4       0x2c ..\obj\gpio.o
                0x000013a4                GPIOPinWrite
 .text.GPIOPinTypeGPIOOutput
                0x000013d0       0x34 ..\obj\gpio.o
                0x000013d0                GPIOPinTypeGPIOOutput
 .text.GPIOPinTypeSSI
                0x00001404       0x34 ..\obj\gpio.o
                0x00001404                GPIOPinTypeSSI
 .text.xTaskGenericCreate
                0x00001438      0x1ac ..\obj\tasks.o
                0x00001438                xTaskGenericCreate
 .text.vTaskDelayUntil
                0x000015e4       0xb0 ..\obj\tasks.o
                0x000015e4                vTaskDelayUntil
 .text.vTaskStartScheduler
                0x00001694       0x74 ..\obj\tasks.o
                0x00001694                vTaskStartScheduler
 .text.vTaskSuspendAll
                0x00001708       0x24 ..\obj\tasks.o
                0x00001708                vTaskSuspendAll
 .text.xTaskResumeAll
                0x0000172c      0x154 ..\obj\tasks.o
                0x0000172c                xTaskResumeAll
 .text.xTaskGetTickCount
                0x00001880       0x28 ..\obj\tasks.o
                0x00001880                xTaskGetTickCount
 .text.vTaskIncrementTick
                0x000018a8      0x1b8 ..\obj\tasks.o
                0x000018a8                vTaskIncrementTick
 .text.vTaskSwitchContext
                0x00001a60       0xd0 ..\obj\tasks.o
                0x00001a60                vTaskSwitchContext
 .text.prvIdleTask
                0x00001b30       0x10 ..\obj\tasks.o
 .text.prvInitialiseTCBVariables
                0x00001b40       0x78 ..\obj\tasks.o
 .text.prvInitialiseTaskLists
                0x00001bb8       0x8c ..\obj\tasks.o
 .text.prvCheckTasksWaitingTermination
                0x00001c44        0xc ..\obj\tasks.o
 .text.prvAddCurrentTaskToDelayedList
                0x00001c50       0x8c ..\obj\tasks.o
 .text.prvAllocateTCBAndStack
                0x00001cdc       0x74 ..\obj\tasks.o
 .text.RITWriteCommand
                0x00001d50       0xfc ..\obj\rit128x96x4.o
 .text.RITWriteData
                0x00001e4c       0xfc ..\obj\rit128x96x4.o
 .text.RIT128x96x4Clear
                0x00001f48       0x9c ..\obj\rit128x96x4.o
                0x00001f48                RIT128x96x4Clear
 .text.RIT128x96x4StringDraw
                0x00001fe4      0x1e0 ..\obj\rit128x96x4.o
                0x00001fe4                RIT128x96x4StringDraw
 .text.RIT128x96x4Enable
                0x000021c4       0xa4 ..\obj\rit128x96x4.o
                0x000021c4                RIT128x96x4Enable
 .text.RIT128x96x4Init
                0x00002268      0x128 ..\obj\rit128x96x4.o
                0x00002268                RIT128x96x4Init
 .text.Default_Reset_Handler
                0x00002390       0x6c ..\obj\startup_lm3s.o
                0x00002390                Default_Reset_Handler
                0x00002390                Reset_Handler
 .text.Default_Handler
                0x000023fc        0x8 ..\obj\startup_lm3s.o
                0x000023fc                DebugMon_Handler
                0x000023fc                FlashCtrl_IRQHandler
                0x000023fc                Timer0B_IRQHandler
                0x000023fc                I2C0_IRQHandler
                0x000023fc                HardFault_Handler
                0x000023fc                SysTick_Handler
                0x000023fc                PendSV_Handler
                0x000023fc                NMI_Handler
                0x000023fc                I2C1_IRQHandler
                0x000023fc                PWMGen0_IRQHandler
                0x000023fc                UART1_IRQHandler
                0x000023fc                CAN1_IRQHandler
                0x000023fc                Timer1B_IRQHandler
                0x000023fc                Watchdog_IRQHandler
                0x000023fc                UART0_IRQHandler
                0x000023fc                SSI0_IRQHandler
                0x000023fc                UsageFault_Handler
                0x000023fc                ADCSeq1_IRQHandler
                0x000023fc                PWMFault_IRQHandler
                0x000023fc                PWMGen1_IRQHandler
                0x000023fc                SSI1_IRQHandler
                0x000023fc                uDMA_IRQHandler
                0x000023fc                GPIOPortC_IRQHandler
                0x000023fc                ADCSeq2_IRQHandler
                0x000023fc                PWMGen2_IRQHandler
                0x000023fc                UART2_IRQHandler
                0x000023fc                uDMAErr_IRQHandler
                0x000023fc                QEI1_IRQHandler
                0x000023fc                QEI0_IRQHandler
                0x000023fc                PWMGen3_IRQHandler
                0x000023fc                GPIOPortD_IRQHandler
                0x000023fc                USB0_IRQHandler
                0x000023fc                MemManage_Handler
                0x000023fc                Ethernet_IRQHandler
                0x000023fc                SVC_Handler
                0x000023fc                Timer3B_IRQHandler
                0x000023fc                Timer3A_IRQHandler
                0x000023fc                GPIOPortA_IRQHandler
                0x000023fc                Timer0A_IRQHandler
                0x000023fc                ADCSeq0_IRQHandler
                0x000023fc                Timer1A_IRQHandler
                0x000023fc                GPIOPortG_IRQHandler
                0x000023fc                ADCSeq3_IRQHandler
                0x000023fc                GPIOPortE_IRQHandler
                0x000023fc                CAN0_IRQHandler
                0x000023fc                Comp0_IRQHandler
                0x000023fc                Comp1_IRQHandler
                0x000023fc                Comp2_IRQHandler
                0x000023fc                GPIOPortF_IRQHandler
                0x000023fc                GPIOPortB_IRQHandler
                0x000023fc                CAN2_IRQHandler
                0x000023fc                GPIOPortH_IRQHandler
                0x000023fc                BusFault_Handler
                0x000023fc                Timer2A_IRQHandler
                0x000023fc                Timer2B_IRQHandler
                0x000023fc                SysCtrl_IRQHandler
                0x000023fc                Hibernate_IRQHandler
 .text.vListInitialise
                0x00002404       0x48 ..\obj\list.o
                0x00002404                vListInitialise
 .text.vListInitialiseItem
                0x0000244c       0x1c ..\obj\list.o
                0x0000244c                vListInitialiseItem
 .text.vListInsertEnd
                0x00002468       0x54 ..\obj\list.o
                0x00002468                vListInsertEnd
 .text.vListInsert
                0x000024bc       0x78 ..\obj\list.o
                0x000024bc                vListInsert
 .text.vListRemove
                0x00002534       0x54 ..\obj\list.o
                0x00002534                vListRemove
 .text._sbrk    0x00002588       0x5c ..\obj\syscalls.o
                0x00002588                _sbrk
 .text.SSIConfigSetExpClk
                0x000025e4       0xb4 ..\obj\ssi.o
                0x000025e4                SSIConfigSetExpClk
 .text.SSIEnable
                0x00002698       0x28 ..\obj\ssi.o
                0x00002698                SSIEnable
 .text.SSIDisable
                0x000026c0       0x28 ..\obj\ssi.o
                0x000026c0                SSIDisable
 .text.SSIDataPut
                0x000026e8       0x30 ..\obj\ssi.o
                0x000026e8                SSIDataPut
 .text.SSIBusy  0x00002718       0x2c ..\obj\ssi.o
                0x00002718                SSIBusy
 .text.pxPortInitialiseStack
                0x00002744       0x60 ..\obj\port.o
                0x00002744                pxPortInitialiseStack
 .text.vPortSVCHandler
                0x000027a4       0x20 ..\obj\port.o
                0x000027a4                vPortSVCHandler
 .text.vPortStartFirstTask
                0x000027c4       0x14 ..\obj\port.o
                0x000027c4                vPortStartFirstTask
 .text.xPortStartScheduler
                0x000027d8       0x54 ..\obj\port.o
                0x000027d8                xPortStartScheduler
 .text.vPortYieldFromISR
                0x0000282c       0x18 ..\obj\port.o
                0x0000282c                vPortYieldFromISR
 .text.vPortEnterCritical
                0x00002844       0x2c ..\obj\port.o
                0x00002844                vPortEnterCritical
 .text.vPortExitCritical
                0x00002870       0x38 ..\obj\port.o
                0x00002870                vPortExitCritical
 .text.xPortPendSVHandler
                0x000028a8       0x3c ..\obj\port.o
                0x000028a8                xPortPendSVHandler
 .text.xPortSysTickHandler
                0x000028e4       0x38 ..\obj\port.o
                0x000028e4                xPortSysTickHandler
 .text.prvSetupTimerInterrupt
                0x0000291c       0x28 ..\obj\port.o
 .text.consolePrintStr
                0x00002944       0x58 ..\obj\console.o
                0x00002944                consolePrintStr
 .text.refreshConsoleLine
                0x0000299c       0x3c ..\obj\console.o
                0x0000299c                refreshConsoleLine
 .text.initConsole
                0x000029d8       0x84 ..\obj\console.o
                0x000029d8                initConsole
 .text.pvPortMalloc
                0x00002a5c       0x98 ..\obj\heap_1.o
                0x00002a5c                pvPortMalloc
 .text.vPortFree
                0x00002af4       0x14 ..\obj\heap_1.o
                0x00002af4                vPortFree
 .text          0x00002b08      0x370 c:/apps/coide/gcc/sourcery g++ lite/bin/../lib/gcc/arm-none-eabi/4.5.1/thumb2\libgcc.a(_arm_addsubdf3.o)
                0x00002b08                __aeabi_drsub
                0x00002b10                __aeabi_dsub
                0x00002b10                __subdf3
                0x00002b14                __aeabi_dadd
                0x00002b14                __adddf3
                0x00002d8c                __floatunsidf
                0x00002d8c                __aeabi_ui2d
                0x00002dac                __floatsidf
                0x00002dac                __aeabi_i2d
                0x00002dd0                __aeabi_f2d
                0x00002dd0                __extendsfdf2
                0x00002e0c                __floatundidf
                0x00002e0c                __aeabi_ul2d
                0x00002e1c                __floatdidf
                0x00002e1c                __aeabi_l2d
 .text          0x00002e78      0x424 c:/apps/coide/gcc/sourcery g++ lite/bin/../lib/gcc/arm-none-eabi/4.5.1/thumb2\libgcc.a(_arm_muldivdf3.o)
                0x00002e78                __aeabi_dmul
                0x00002e78                __muldf3
                0x000030cc                __divdf3
                0x000030cc                __aeabi_ddiv
 .text          0x0000329c      0x110 c:/apps/coide/gcc/sourcery g++ lite/bin/../lib/gcc/arm-none-eabi/4.5.1/thumb2\libgcc.a(_arm_cmpdf2.o)
                0x0000329c                __gtdf2
                0x0000329c                __gedf2
                0x000032a4                __ltdf2
                0x000032a4                __ledf2
                0x000032ac                __nedf2
                0x000032ac                __eqdf2
                0x000032ac                __cmpdf2
                0x00003328                __aeabi_cdrcmple
                0x00003338                __aeabi_cdcmpeq
                0x00003338                __aeabi_cdcmple
                0x00003348                __aeabi_dcmpeq
                0x0000335c                __aeabi_dcmplt
                0x00003370                __aeabi_dcmple
                0x00003384                __aeabi_dcmpge
                0x00003398                __aeabi_dcmpgt
 .text          0x000033ac      0x150 c:/apps/coide/gcc/sourcery g++ lite/bin/../lib/gcc/arm-none-eabi/4.5.1/../../../../arm-none-eabi/lib/thumb2\libc.a(lib_a-memcpy.o)
                0x000033ac                memcpy
 .text          0x000034fc       0xb4 c:/apps/coide/gcc/sourcery g++ lite/bin/../lib/gcc/arm-none-eabi/4.5.1/../../../../arm-none-eabi/lib/thumb2\libc.a(lib_a-memset.o)
                0x000034fc                memset
 .text          0x000035b0       0x94 c:/apps/coide/gcc/sourcery g++ lite/bin/../lib/gcc/arm-none-eabi/4.5.1/../../../../arm-none-eabi/lib/thumb2\libc.a(lib_a-sprintf.o)
                0x000035b0                _sprintf_r
                0x000035f4                sprintf
 .text          0x00003644       0x60 c:/apps/coide/gcc/sourcery g++ lite/bin/../lib/gcc/arm-none-eabi/4.5.1/../../../../arm-none-eabi/lib/thumb2\libc.a(lib_a-strlen.o)
                0x00003644                strlen
 .text          0x000036a4       0x7c c:/apps/coide/gcc/sourcery g++ lite/bin/../lib/gcc/arm-none-eabi/4.5.1/../../../../arm-none-eabi/lib/thumb2\libc.a(lib_a-strncpy.o)
                0x000036a4                strncpy
 .text          0x00003720     0x1658 c:/apps/coide/gcc/sourcery g++ lite/bin/../lib/gcc/arm-none-eabi/4.5.1/../../../../arm-none-eabi/lib/thumb2\libc.a(lib_a-svfprintf.o)
                0x00003720                _svfprintf_r
 .text          0x00004d78     0x1000 c:/apps/coide/gcc/sourcery g++ lite/bin/../lib/gcc/arm-none-eabi/4.5.1/../../../../arm-none-eabi/lib/thumb2\libc.a(lib_a-dtoa.o)
                0x00004ea4                _dtoa_r
 .text          0x00005d78       0xa0 c:/apps/coide/gcc/sourcery g++ lite/bin/../lib/gcc/arm-none-eabi/4.5.1/../../../../arm-none-eabi/lib/thumb2\libc.a(lib_a-locale.o)
                0x00005d78                _setlocale_r
                0x00005dd4                __locale_charset
                0x00005de0                __locale_mb_cur_max
                0x00005dec                __locale_msgcharset
                0x00005df4                __locale_cjk_lang
                0x00005df8                _localeconv_r
                0x00005e00                setlocale
                0x00005e10                localeconv
 .text          0x00005e18       0x20 c:/apps/coide/gcc/sourcery g++ lite/bin/../lib/gcc/arm-none-eabi/4.5.1/../../../../arm-none-eabi/lib/thumb2\libc.a(lib_a-malloc.o)
                0x00005e18                malloc
                0x00005e28                free
 .text          0x00005e38      0x57c c:/apps/coide/gcc/sourcery g++ lite/bin/../lib/gcc/arm-none-eabi/4.5.1/../../../../arm-none-eabi/lib/thumb2\libc.a(lib_a-mallocr.o)
                0x00005e38                _malloc_r
 .text          0x000063b4       0x88 c:/apps/coide/gcc/sourcery g++ lite/bin/../lib/gcc/arm-none-eabi/4.5.1/../../../../arm-none-eabi/lib/thumb2\libc.a(lib_a-memchr.o)
                0x000063b4                memchr
 .text          0x0000643c        0x8 c:/apps/coide/gcc/sourcery g++ lite/bin/../lib/gcc/arm-none-eabi/4.5.1/../../../../arm-none-eabi/lib/thumb2\libc.a(lib_a-mlock.o)
                0x0000643c                __malloc_lock
                0x00006440                __malloc_unlock
 .text          0x00006444      0x920 c:/apps/coide/gcc/sourcery g++ lite/bin/../lib/gcc/arm-none-eabi/4.5.1/../../../../arm-none-eabi/lib/thumb2\libc.a(lib_a-mprec.o)
                0x00006444                _Balloc
                0x000064ac                _Bfree
                0x000064e4                __multadd
                0x00006568                __s2b
                0x000065fc                __hi0bits
                0x0000663c                __lo0bits
                0x000066a0                __i2b
                0x000066b4                __multiply
                0x000067dc                __pow5mult
                0x00006880                __lshift
                0x0000692c                __mcmp
                0x00006968                __mdiff
                0x00006a60                __ulp
                0x00006aa8                __b2d
                0x00006b54                __d2b
                0x00006c1c                __ratio
                0x00006c8c                _mprec_log10
                0x00006cc0                __copybits
                0x00006d08                __any_on
 .text          0x00006d64       0x90 c:/apps/coide/gcc/sourcery g++ lite/bin/../lib/gcc/arm-none-eabi/4.5.1/../../../../arm-none-eabi/lib/thumb2\libc.a(lib_a-s_fpclassify.o)
                0x00006d64                __fpclassifyd
 .text          0x00006df4       0x28 c:/apps/coide/gcc/sourcery g++ lite/bin/../lib/gcc/arm-none-eabi/4.5.1/../../../../arm-none-eabi/lib/thumb2\libc.a(lib_a-sbrkr.o)
                0x00006df4                _sbrk_r
 .text          0x00006e1c      0x1dc c:/apps/coide/gcc/sourcery g++ lite/bin/../lib/gcc/arm-none-eabi/4.5.1/../../../../arm-none-eabi/lib/thumb2\libc.a(lib_a-strcmp.o)
                0x00006e1c                strcmp
 .text          0x00006ff8      0xbe4 c:/apps/coide/gcc/sourcery g++ lite/bin/../lib/gcc/arm-none-eabi/4.5.1/../../../../arm-none-eabi/lib/thumb2\libc.a(lib_a-svfiprintf.o)
                0x00006ff8                __ssprint_r
                0x00007100                _svfiprintf_r
 .text          0x00007bdc       0x5c c:/apps/coide/gcc/sourcery g++ lite/bin/../lib/gcc/arm-none-eabi/4.5.1/../../../../arm-none-eabi/lib/thumb2\libc.a(lib_a-callocr.o)
                0x00007bdc                _calloc_r
 .text          0x00007c38      0x240 c:/apps/coide/gcc/sourcery g++ lite/bin/../lib/gcc/arm-none-eabi/4.5.1/../../../../arm-none-eabi/lib/thumb2\libc.a(lib_a-freer.o)
                0x00007c38                _malloc_trim_r
                0x00007ce0                _free_r
 .text          0x00007e78       0xa0 c:/apps/coide/gcc/sourcery g++ lite/bin/../lib/gcc/arm-none-eabi/4.5.1/../../../../arm-none-eabi/lib/thumb2\libc.a(lib_a-memmove.o)
                0x00007e78                memmove
 .text          0x00007f18      0x41c c:/apps/coide/gcc/sourcery g++ lite/bin/../lib/gcc/arm-none-eabi/4.5.1/../../../../arm-none-eabi/lib/thumb2\libc.a(lib_a-reallocr.o)
                0x00007f18                _realloc_r
 *fill*         0x00008334        0x4 00
 .text          0x00008338      0x278 c:/apps/coide/gcc/sourcery g++ lite/bin/../lib/gcc/arm-none-eabi/4.5.1/thumb2\libgcc.a(_udivsi3.o)
                0x00008338                __aeabi_uidiv
                0x00008338                __udivsi3
                0x00008594                __aeabi_uidivmod
 .text          0x000085b0        0x4 c:/apps/coide/gcc/sourcery g++ lite/bin/../lib/gcc/arm-none-eabi/4.5.1/thumb2\libgcc.a(_dvmd_tls.o)
                0x000085b0                __aeabi_idiv0
                0x000085b0                __aeabi_ldiv0
 .text          0x000085b4       0x50 c:/apps/coide/gcc/sourcery g++ lite/bin/../lib/gcc/arm-none-eabi/4.5.1/thumb2\libgcc.a(_arm_fixdfsi.o)
                0x000085b4                __aeabi_d2iz
                0x000085b4                __fixdfsi
 .text          0x00008604       0x2c c:/apps/coide/gcc/sourcery g++ lite/bin/../lib/gcc/arm-none-eabi/4.5.1/thumb2\libgcc.a(_aeabi_uldivmod.o)
                0x00008604                __aeabi_uldivmod
 .text          0x00008630       0x60 c:/apps/coide/gcc/sourcery g++ lite/bin/../lib/gcc/arm-none-eabi/4.5.1/thumb2\libgcc.a(bpabi.o)
                0x00008630                __gnu_ldivmod_helper
                0x00008660                __gnu_uldivmod_helper
 .text          0x00008690      0x364 c:/apps/coide/gcc/sourcery g++ lite/bin/../lib/gcc/arm-none-eabi/4.5.1/thumb2\libgcc.a(_divdi3.o)
                0x00008690                __divdi3
 .text          0x000089f4      0x314 c:/apps/coide/gcc/sourcery g++ lite/bin/../lib/gcc/arm-none-eabi/4.5.1/thumb2\libgcc.a(_udivdi3.o)
                0x000089f4                __udivdi3
 *(.glue_7t)
 .glue_7t       0x00000000        0x0 linker stubs
 *(.glue_7)
 .glue_7        0x00000000        0x0 linker stubs
 *(.rodata .rodata* .gnu.linkonce.r.*)
 .rodata        0x00008d08       0x10 ..\obj\Task_Comunicaciones.o
 .rodata        0x00008d18        0x4 ..\obj\stellaris_1.o
                0x00008d18                stellaris_1_M
 .rodata        0x00008d1c       0x18 ..\obj\Task_Control.o
 .rodata        0x00008d34       0x34 ..\obj\main.o
 .rodata        0x00008d68       0x9c ..\obj\sysctl.o
 .rodata        0x00008e04        0x8 ..\obj\tasks.o
 .rodata        0x00008e0c      0x244 ..\obj\rit128x96x4.o
 .rodata        0x00009050       0x20 c:/apps/coide/gcc/sourcery g++ lite/bin/../lib/gcc/arm-none-eabi/4.5.1/../../../../arm-none-eabi/lib/thumb2\libc.a(lib_a-svfprintf.o)
 .rodata.str1.4
                0x00009070       0x42 c:/apps/coide/gcc/sourcery g++ lite/bin/../lib/gcc/arm-none-eabi/4.5.1/../../../../arm-none-eabi/lib/thumb2\libc.a(lib_a-svfprintf.o)
                                 0x44 (size before relaxing)
 *fill*         0x000090b2        0x2 00
 .rodata.str1.4
                0x000090b4       0x10 c:/apps/coide/gcc/sourcery g++ lite/bin/../lib/gcc/arm-none-eabi/4.5.1/../../../../arm-none-eabi/lib/thumb2\libc.a(lib_a-dtoa.o)
                                 0x14 (size before relaxing)
 .rodata.str1.4
                0x000090c4        0x2 c:/apps/coide/gcc/sourcery g++ lite/bin/../lib/gcc/arm-none-eabi/4.5.1/../../../../arm-none-eabi/lib/thumb2\libc.a(lib_a-impure.o)
                                  0x4 (size before relaxing)
 *fill*         0x000090c6        0x2 00
 .rodata.str1.4
                0x000090c8        0xc c:/apps/coide/gcc/sourcery g++ lite/bin/../lib/gcc/arm-none-eabi/4.5.1/../../../../arm-none-eabi/lib/thumb2\libc.a(lib_a-locale.o)
                                 0x14 (size before relaxing)
 *fill*         0x000090d4        0x4 00
 .rodata        0x000090d8      0x128 c:/apps/coide/gcc/sourcery g++ lite/bin/../lib/gcc/arm-none-eabi/4.5.1/../../../../arm-none-eabi/lib/thumb2\libc.a(lib_a-mprec.o)
                0x000090e8                __mprec_tens
                0x000091b0                __mprec_bigtens
                0x000091d8                __mprec_tinytens
 .rodata        0x00009200       0x20 c:/apps/coide/gcc/sourcery g++ lite/bin/../lib/gcc/arm-none-eabi/4.5.1/../../../../arm-none-eabi/lib/thumb2\libc.a(lib_a-svfiprintf.o)
 .rodata.str1.4
                0x00000000       0x30 c:/apps/coide/gcc/sourcery g++ lite/bin/../lib/gcc/arm-none-eabi/4.5.1/../../../../arm-none-eabi/lib/thumb2\libc.a(lib_a-svfiprintf.o)

.vfp11_veneer   0x00009220        0x0
 .vfp11_veneer  0x00000000        0x0 linker stubs

.v4_bx          0x00009220        0x0
 .v4_bx         0x00000000        0x0 linker stubs

.ARM.extab
 *(.ARM.extab* .gnu.linkonce.armextab.*)

.ARM.exidx      0x00009220        0x8
 *(.ARM.exidx* .gnu.linkonce.armexidx.*)
 .ARM.exidx     0x00009220        0x8 c:/apps/coide/gcc/sourcery g++ lite/bin/../lib/gcc/arm-none-eabi/4.5.1/thumb2\libgcc.a(_divdi3.o)
 .ARM.exidx     0x00009228        0x0 c:/apps/coide/gcc/sourcery g++ lite/bin/../lib/gcc/arm-none-eabi/4.5.1/thumb2\libgcc.a(_udivdi3.o)
                                  0x8 (size before relaxing)
                0x00009228                . = ALIGN (0x4)
                0x00009228                _etext = .
                0x00009228                _sidata = .

.data           0x20000000      0x598 load address 0x00009228
                0x20000000                _sdata = .
 *(.data .data.*)
 .data          0x20000000       0x10 ..\obj\system_lm3s.o
                0x20000000                SystemFrequency
                0x20000004                SystemFrequency_PwmClk
                0x20000008                SystemFrequency_AdcClk
                0x2000000c                SystemFrequency_CanClk
 .data          0x20000010        0x4 ..\obj\tasks.o
 .data          0x20000014        0x4 ..\obj\port.o
 .data          0x20000018       0xf4 c:/apps/coide/gcc/sourcery g++ lite/bin/../lib/gcc/arm-none-eabi/4.5.1/../../../../arm-none-eabi/lib/thumb2\libc.a(lib_a-impure.o)
                0x20000018                _impure_ptr
 .data          0x2000010c       0x7c c:/apps/coide/gcc/sourcery g++ lite/bin/../lib/gcc/arm-none-eabi/4.5.1/../../../../arm-none-eabi/lib/thumb2\libc.a(lib_a-locale.o)
                0x2000012c                __mb_cur_max
 .data          0x20000188      0x410 c:/apps/coide/gcc/sourcery g++ lite/bin/../lib/gcc/arm-none-eabi/4.5.1/../../../../arm-none-eabi/lib/thumb2\libc.a(lib_a-mallocr.o)
                0x20000188                __malloc_av_
                0x20000590                __malloc_sbrk_base
                0x20000594                __malloc_trim_threshold
                0x20000598                . = ALIGN (0x4)
                0x20000598                _edata = .

.bss            0x20000598     0x129c load address 0x000097c0
                0x20000598                _sbss = .
 *(.bss .bss.*)
 .bss           0x20000598       0x18 ..\obj\Task_Control.o
                0x20000598                ref_motor1
                0x200005a0                ref_motor2
 .bss           0x200005b0       0xd4 ..\obj\tasks.o
                0x200005b0                pxCurrentTCB
 .bss           0x20000684        0xc ..\obj\rit128x96x4.o
 .bss           0x20000690        0x4 ..\obj\syscalls.o
 *fill*         0x20000694        0x4 00
 .bss           0x20000698     0x1008 ..\obj\heap_1.o
 .bss           0x200016a0       0x34 c:/apps/coide/gcc/sourcery g++ lite/bin/../lib/gcc/arm-none-eabi/4.5.1/../../../../arm-none-eabi/lib/thumb2\libc.a(lib_a-mallocr.o)
                0x200016a0                __malloc_top_pad
                0x200016a4                __malloc_current_mallinfo
                0x200016cc                __malloc_max_sbrked_mem
                0x200016d0                __malloc_max_total_mem
 *(COMMON)
 *fill*         0x200016d4        0x4 00
 COMMON         0x200016d8       0x50 ..\obj\stellaris_1.o
                0x200016d8                stellaris_1_Y
                0x200016e8                stellaris_1_M_
                0x200016f0                stellaris_1_U
 COMMON         0x20001728      0x108 ..\obj\console.o
                0x20001728                consoleImage
 COMMON         0x20001830        0x4 c:/apps/coide/gcc/sourcery g++ lite/bin/../lib/gcc/arm-none-eabi/4.5.1/../../../../arm-none-eabi/lib/thumb2\libc.a(lib_a-reent.o)
                0x20001830                errno
                0x20001834                . = ALIGN (0x4)
                0x20001834                _ebss = .

.co_stack       0x20001834      0x404 load address 0x0000aa5c
                0x20001838                . = ALIGN (0x8)
 *fill*         0x20001834        0x4 00
 *(.co_stack .co_stack.*)
 .co_stack      0x20001838      0x400 ..\obj\startup_lm3s.o
                0x20001838                pulStack
                0x20001c38                . = ALIGN (0x4)
                0x20001c38                _end = .
LOAD ..\obj\Task_Comunicaciones.o
LOAD ..\obj\system_lm3s.o
LOAD ..\obj\core_cm3.o
LOAD ..\obj\stellaris_1.o
LOAD ..\obj\timer.o
LOAD ..\obj\pwm.o
LOAD ..\obj\Task_Control.o
LOAD ..\obj\main.o
LOAD ..\obj\framebuffer.o
LOAD ..\obj\sysctl.o
LOAD ..\obj\timers.o
LOAD ..\obj\gpio.o
LOAD ..\obj\display.o
LOAD ..\obj\display_RIT.o
LOAD ..\obj\tasks.o
LOAD ..\obj\interrupt.o
LOAD ..\obj\rit128x96x4.o
LOAD ..\obj\startup_lm3s.o
LOAD ..\obj\list.o
LOAD ..\obj\syscalls.o
LOAD ..\obj\ssi.o
LOAD ..\obj\queue.o
LOAD ..\obj\port.o
LOAD ..\obj\croutine.o
LOAD ..\obj\cpu.o
LOAD ..\obj\console.o
LOAD ..\obj\systick.o
LOAD ..\obj\heap_1.o
START GROUP
LOAD c:/apps/coide/gcc/sourcery g++ lite/bin/../lib/gcc/arm-none-eabi/4.5.1/thumb2\libgcc.a
LOAD c:/apps/coide/gcc/sourcery g++ lite/bin/../lib/gcc/arm-none-eabi/4.5.1/../../../../arm-none-eabi/lib/thumb2\libc.a
END GROUP
OUTPUT(POPBL.elf elf32-littlearm)

.debug_abbrev   0x00000000     0x1758
 .debug_abbrev  0x00000000       0x96 ..\obj\Task_Comunicaciones.o
 .debug_abbrev  0x00000096      0x112 ..\obj\system_lm3s.o
 .debug_abbrev  0x000001a8       0xd7 ..\obj\core_cm3.o
 .debug_abbrev  0x0000027f       0xd8 ..\obj\stellaris_1.o
 .debug_abbrev  0x00000357       0xb8 ..\obj\timer.o
 .debug_abbrev  0x0000040f       0xc7 ..\obj\pwm.o
 .debug_abbrev  0x000004d6       0xfc ..\obj\Task_Control.o
 .debug_abbrev  0x000005d2       0x5b ..\obj\main.o
 .debug_abbrev  0x0000062d      0x12d ..\obj\framebuffer.o
 .debug_abbrev  0x0000075a      0x115 ..\obj\sysctl.o
 .debug_abbrev  0x0000086f       0x2a ..\obj\timers.o
 .debug_abbrev  0x00000899       0xf1 ..\obj\gpio.o
 .debug_abbrev  0x0000098a       0x7d ..\obj\display.o
 .debug_abbrev  0x00000a07       0x84 ..\obj\display_RIT.o
 .debug_abbrev  0x00000a8b      0x197 ..\obj\tasks.o
 .debug_abbrev  0x00000c22      0x104 ..\obj\interrupt.o
 .debug_abbrev  0x00000d26       0xb2 ..\obj\rit128x96x4.o
 .debug_abbrev  0x00000dd8       0xa5 ..\obj\startup_lm3s.o
 .debug_abbrev  0x00000e7d       0xb8 ..\obj\list.o
 .debug_abbrev  0x00000f35       0xe0 ..\obj\syscalls.o
 .debug_abbrev  0x00001015       0xd8 ..\obj\ssi.o
 .debug_abbrev  0x000010ed      0x142 ..\obj\queue.o
 .debug_abbrev  0x0000122f      0x122 ..\obj\port.o
 .debug_abbrev  0x00001351      0x188 ..\obj\croutine.o
 .debug_abbrev  0x000014d9       0x5e ..\obj\cpu.o
 .debug_abbrev  0x00001537       0xa0 ..\obj\console.o
 .debug_abbrev  0x000015d7       0x83 ..\obj\systick.o
 .debug_abbrev  0x0000165a       0xfe ..\obj\heap_1.o

.debug_info     0x00000000     0x65ce
 .debug_info    0x00000000      0x100 ..\obj\Task_Comunicaciones.o
 .debug_info    0x00000100      0x45a ..\obj\system_lm3s.o
 .debug_info    0x0000055a      0x54c ..\obj\core_cm3.o
 .debug_info    0x00000aa6      0x2ac ..\obj\stellaris_1.o
 .debug_info    0x00000d52      0x5b4 ..\obj\timer.o
 .debug_info    0x00001306      0x950 ..\obj\pwm.o
 .debug_info    0x00001c56      0x2c6 ..\obj\Task_Control.o
 .debug_info    0x00001f1c       0xa4 ..\obj\main.o
 .debug_info    0x00001fc0      0x3b9 ..\obj\framebuffer.o
 .debug_info    0x00002379      0x7f1 ..\obj\sysctl.o
 .debug_info    0x00002b6a       0x50 ..\obj\timers.o
 .debug_info    0x00002bba      0x8a1 ..\obj\gpio.o
 .debug_info    0x0000345b       0xa3 ..\obj\display.o
 .debug_info    0x000034fe      0x153 ..\obj\display_RIT.o
 .debug_info    0x00003651      0x9d4 ..\obj\tasks.o
 .debug_info    0x00004025      0x2b7 ..\obj\interrupt.o
 .debug_info    0x000042dc      0x3db ..\obj\rit128x96x4.o
 .debug_info    0x000046b7      0x135 ..\obj\startup_lm3s.o
 .debug_info    0x000047ec      0x2aa ..\obj\list.o
 .debug_info    0x00004a96      0x444 ..\obj\syscalls.o
 .debug_info    0x00004eda      0x449 ..\obj\ssi.o
 .debug_info    0x00005323      0x731 ..\obj\queue.o
 .debug_info    0x00005a54      0x1db ..\obj\port.o
 .debug_info    0x00005c2f      0x4b3 ..\obj\croutine.o
 .debug_info    0x000060e2       0x99 ..\obj\cpu.o
 .debug_info    0x0000617b      0x1b2 ..\obj\console.o
 .debug_info    0x0000632d      0x12b ..\obj\systick.o
 .debug_info    0x00006458      0x176 ..\obj\heap_1.o

.debug_line     0x00000000     0x6451
 .debug_line    0x00000000      0x430 ..\obj\Task_Comunicaciones.o
 .debug_line    0x00000430      0x254 ..\obj\system_lm3s.o
 .debug_line    0x00000684      0x2d2 ..\obj\core_cm3.o
 .debug_line    0x00000956      0x41c ..\obj\stellaris_1.o
 .debug_line    0x00000d72      0x409 ..\obj\timer.o
 .debug_line    0x0000117b      0x402 ..\obj\pwm.o
 .debug_line    0x0000157d      0x54d ..\obj\Task_Control.o
 .debug_line    0x00001aca      0x4df ..\obj\main.o
 .debug_line    0x00001fa9      0x4e7 ..\obj\framebuffer.o
 .debug_line    0x00002490      0x5e3 ..\obj\sysctl.o
 .debug_line    0x00002a73      0x1e0 ..\obj\timers.o
 .debug_line    0x00002c53      0x5da ..\obj\gpio.o
 .debug_line    0x0000322d      0x131 ..\obj\display.o
 .debug_line    0x0000335e      0x37d ..\obj\display_RIT.o
 .debug_line    0x000036db      0x738 ..\obj\tasks.o
 .debug_line    0x00003e13      0x22c ..\obj\interrupt.o
 .debug_line    0x0000403f      0x307 ..\obj\rit128x96x4.o
 .debug_line    0x00004346       0x95 ..\obj\startup_lm3s.o
 .debug_line    0x000043db      0x429 ..\obj\list.o
 .debug_line    0x00004804      0x36d ..\obj\syscalls.o
 .debug_line    0x00004b71      0x2fe ..\obj\ssi.o
 .debug_line    0x00004e6f      0x5dc ..\obj\queue.o
 .debug_line    0x0000544b      0x272 ..\obj\port.o
 .debug_line    0x000056bd      0x319 ..\obj\croutine.o
 .debug_line    0x000059d6       0xcf ..\obj\cpu.o
 .debug_line    0x00005aa5      0x3e6 ..\obj\console.o
 .debug_line    0x00005e8b      0x1b1 ..\obj\systick.o
 .debug_line    0x0000603c      0x415 ..\obj\heap_1.o

.debug_macinfo  0x00000000    0xb8906
 .debug_macinfo
                0x00000000     0x5e38 ..\obj\Task_Comunicaciones.o
 .debug_macinfo
                0x00005e38     0x61d1 ..\obj\system_lm3s.o
 .debug_macinfo
                0x0000c009     0x1f65 ..\obj\core_cm3.o
 .debug_macinfo
                0x0000df6e     0x3bdd ..\obj\stellaris_1.o
 .debug_macinfo
                0x00011b4b     0x42cf ..\obj\timer.o
 .debug_macinfo
                0x00015e1a     0xf3b2 ..\obj\pwm.o
 .debug_macinfo
                0x000251cc     0x66d6 ..\obj\Task_Control.o
 .debug_macinfo
                0x0002b8a2     0xc222 ..\obj\main.o
 .debug_macinfo
                0x00037ac4     0x4c4f ..\obj\framebuffer.o
 .debug_macinfo
                0x0003c713    0x1284d ..\obj\sysctl.o
 .debug_macinfo
                0x0004ef60     0x427f ..\obj\timers.o
 .debug_macinfo
                0x000531df    0x119e1 ..\obj\gpio.o
 .debug_macinfo
                0x00064bc0     0x1fce ..\obj\display.o
 .debug_macinfo
                0x00066b8e     0x3d68 ..\obj\display_RIT.o
 .debug_macinfo
                0x0006a8f6     0x6afa ..\obj\tasks.o
 .debug_macinfo
                0x000713f0     0x76e6 ..\obj\interrupt.o
 .debug_macinfo
                0x00078ad6    0x1090a ..\obj\rit128x96x4.o
 .debug_macinfo
                0x000893e0     0x16a5 ..\obj\startup_lm3s.o
 .debug_macinfo
                0x0008aa85     0x4f5e ..\obj\list.o
 .debug_macinfo
                0x0008f9e3     0x492d ..\obj\syscalls.o
 .debug_macinfo
                0x00094310     0x57bf ..\obj\ssi.o
 .debug_macinfo
                0x00099acf     0x566d ..\obj\queue.o
 .debug_macinfo
                0x0009f13c     0x37bd ..\obj\port.o
 .debug_macinfo
                0x000a28f9     0x3c8a ..\obj\croutine.o
 .debug_macinfo
                0x000a6583     0x1680 ..\obj\cpu.o
 .debug_macinfo
                0x000a7c03     0x431d ..\obj\console.o
 .debug_macinfo
                0x000abf20     0x76ea ..\obj\systick.o
 .debug_macinfo
                0x000b360a     0x52fc ..\obj\heap_1.o

.debug_loc      0x00000000     0x3e02
 .debug_loc     0x00000000       0x3a ..\obj\Task_Comunicaciones.o
 .debug_loc     0x0000003a       0x70 ..\obj\system_lm3s.o
 .debug_loc     0x000000aa      0x3f0 ..\obj\core_cm3.o
 .debug_loc     0x0000049a       0x90 ..\obj\stellaris_1.o
 .debug_loc     0x0000052a      0x508 ..\obj\timer.o
 .debug_loc     0x00000a32      0x738 ..\obj\pwm.o
 .debug_loc     0x0000116a       0x66 ..\obj\Task_Control.o
 .debug_loc     0x000011d0       0x38 ..\obj\main.o
 .debug_loc     0x00001208      0x18a ..\obj\framebuffer.o
 .debug_loc     0x00001392      0x894 ..\obj\sysctl.o
 .debug_loc     0x00001c26      0x700 ..\obj\gpio.o
 .debug_loc     0x00002326       0x90 ..\obj\display.o
 .debug_loc     0x000023b6       0x9c ..\obj\display_RIT.o
 .debug_loc     0x00002452      0x494 ..\obj\tasks.o
 .debug_loc     0x000028e6      0x244 ..\obj\interrupt.o
 .debug_loc     0x00002b2a      0x224 ..\obj\rit128x96x4.o
 .debug_loc     0x00002d4e       0x64 ..\obj\startup_lm3s.o
 .debug_loc     0x00002db2      0x118 ..\obj\list.o
 .debug_loc     0x00002eca      0x1ec ..\obj\syscalls.o
 .debug_loc     0x000030b6      0x380 ..\obj\ssi.o
 .debug_loc     0x00003436      0x348 ..\obj\queue.o
 .debug_loc     0x0000377e      0x178 ..\obj\port.o
 .debug_loc     0x000038f6      0x188 ..\obj\croutine.o
 .debug_loc     0x00003a7e      0x118 ..\obj\console.o
 .debug_loc     0x00003b96      0x1a4 ..\obj\systick.o
 .debug_loc     0x00003d3a       0xc8 ..\obj\heap_1.o

.debug_pubnames
                0x00000000     0x1ae1
 .debug_pubnames
                0x00000000       0x2b ..\obj\Task_Comunicaciones.o
 .debug_pubnames
                0x0000002b       0x86 ..\obj\system_lm3s.o
 .debug_pubnames
                0x000000b1      0x159 ..\obj\core_cm3.o
 .debug_pubnames
                0x0000020a       0xa5 ..\obj\stellaris_1.o
 .debug_pubnames
                0x000002af      0x1d2 ..\obj\timer.o
 .debug_pubnames
                0x00000481      0x2d1 ..\obj\pwm.o
 .debug_pubnames
                0x00000752       0x51 ..\obj\Task_Control.o
 .debug_pubnames
                0x000007a3       0x1b ..\obj\main.o
 .debug_pubnames
                0x000007be      0x13e ..\obj\framebuffer.o
 .debug_pubnames
                0x000008fc      0x41f ..\obj\sysctl.o
 .debug_pubnames
                0x00000d1b      0x2a9 ..\obj\gpio.o
 .debug_pubnames
                0x00000fc4       0x66 ..\obj\display.o
 .debug_pubnames
                0x0000102a       0x72 ..\obj\display_RIT.o
 .debug_pubnames
                0x0000109c      0x19d ..\obj\tasks.o
 .debug_pubnames
                0x00001239       0xd6 ..\obj\interrupt.o
 .debug_pubnames
                0x0000130f       0xce ..\obj\rit128x96x4.o
 .debug_pubnames
                0x000013dd       0x4a ..\obj\startup_lm3s.o
 .debug_pubnames
                0x00001427       0x71 ..\obj\list.o
 .debug_pubnames
                0x00001498       0x71 ..\obj\syscalls.o
 .debug_pubnames
                0x00001509      0x133 ..\obj\ssi.o
 .debug_pubnames
                0x0000163c      0x111 ..\obj\queue.o
 .debug_pubnames
                0x0000174d      0x10d ..\obj\port.o
 .debug_pubnames
                0x0000185a       0x96 ..\obj\croutine.o
 .debug_pubnames
                0x000018f0       0x37 ..\obj\cpu.o
 .debug_pubnames
                0x00001927       0x86 ..\obj\console.o
 .debug_pubnames
                0x000019ad       0xd0 ..\obj\systick.o
 .debug_pubnames
                0x00001a7d       0x64 ..\obj\heap_1.o

.debug_pubtypes
                0x00000000      0x79b
 .debug_pubtypes
                0x00000000       0x23 ..\obj\Task_Comunicaciones.o
 .debug_pubtypes
                0x00000023       0x3b ..\obj\system_lm3s.o
 .debug_pubtypes
                0x0000005e       0x50 ..\obj\core_cm3.o
 .debug_pubtypes
                0x000000ae       0xa7 ..\obj\stellaris_1.o
 .debug_pubtypes
                0x00000155       0x1f ..\obj\timer.o
 .debug_pubtypes
                0x00000174       0x1f ..\obj\pwm.o
 .debug_pubtypes
                0x00000193       0x9f ..\obj\Task_Control.o
 .debug_pubtypes
                0x00000232       0x12 ..\obj\main.o
 .debug_pubtypes
                0x00000244       0x3f ..\obj\framebuffer.o
 .debug_pubtypes
                0x00000283       0x1f ..\obj\sysctl.o
 .debug_pubtypes
                0x000002a2       0x12 ..\obj\timers.o
 .debug_pubtypes
                0x000002b4       0x1f ..\obj\gpio.o
 .debug_pubtypes
                0x000002d3       0x12 ..\obj\display.o
 .debug_pubtypes
                0x000002e5       0x12 ..\obj\display_RIT.o
 .debug_pubtypes
                0x000002f7      0x10c ..\obj\tasks.o
 .debug_pubtypes
                0x00000403       0x1f ..\obj\interrupt.o
 .debug_pubtypes
                0x00000422       0x12 ..\obj\rit128x96x4.o
 .debug_pubtypes
                0x00000434       0x7a ..\obj\list.o
 .debug_pubtypes
                0x000004ae       0xaa ..\obj\syscalls.o
 .debug_pubtypes
                0x00000558       0x1f ..\obj\ssi.o
 .debug_pubtypes
                0x00000577       0xd4 ..\obj\queue.o
 .debug_pubtypes
                0x0000064b       0x33 ..\obj\port.o
 .debug_pubtypes
                0x0000067e       0xcd ..\obj\croutine.o
 .debug_pubtypes
                0x0000074b       0x12 ..\obj\console.o
 .debug_pubtypes
                0x0000075d       0x12 ..\obj\systick.o
 .debug_pubtypes
                0x0000076f       0x2c ..\obj\heap_1.o

.debug_aranges  0x00000000      0xc08
 .debug_aranges
                0x00000000       0x20 ..\obj\Task_Comunicaciones.o
 .debug_aranges
                0x00000020       0x28 ..\obj\system_lm3s.o
 .debug_aranges
                0x00000048       0xc8 ..\obj\core_cm3.o
 .debug_aranges
                0x00000110       0x30 ..\obj\stellaris_1.o
 .debug_aranges
                0x00000140       0xd0 ..\obj\timer.o
 .debug_aranges
                0x00000210      0x120 ..\obj\pwm.o
 .debug_aranges
                0x00000330       0x28 ..\obj\Task_Control.o
 .debug_aranges
                0x00000358       0x20 ..\obj\main.o
 .debug_aranges
                0x00000378       0x50 ..\obj\framebuffer.o
 .debug_aranges
                0x000003c8      0x170 ..\obj\sysctl.o
 .debug_aranges
                0x00000538      0x118 ..\obj\gpio.o
 .debug_aranges
                0x00000650       0x30 ..\obj\display.o
 .debug_aranges
                0x00000680       0x30 ..\obj\display_RIT.o
 .debug_aranges
                0x000006b0       0xc8 ..\obj\tasks.o
 .debug_aranges
                0x00000778       0x70 ..\obj\interrupt.o
 .debug_aranges
                0x000007e8       0x68 ..\obj\rit128x96x4.o
 .debug_aranges
                0x00000850       0x28 ..\obj\startup_lm3s.o
 .debug_aranges
                0x00000878       0x40 ..\obj\list.o
 .debug_aranges
                0x000008b8       0x60 ..\obj\syscalls.o
 .debug_aranges
                0x00000918       0x98 ..\obj\ssi.o
 .debug_aranges
                0x000009b0       0x90 ..\obj\queue.o
 .debug_aranges
                0x00000a40       0x70 ..\obj\port.o
 .debug_aranges
                0x00000ab0       0x50 ..\obj\croutine.o
 .debug_aranges
                0x00000b00       0x30 ..\obj\cpu.o
 .debug_aranges
                0x00000b30       0x40 ..\obj\console.o
 .debug_aranges
                0x00000b70       0x60 ..\obj\systick.o
 .debug_aranges
                0x00000bd0       0x38 ..\obj\heap_1.o

.debug_ranges   0x00000000      0xa58
 .debug_ranges  0x00000000       0x10 ..\obj\Task_Comunicaciones.o
 .debug_ranges  0x00000010       0x18 ..\obj\system_lm3s.o
 .debug_ranges  0x00000028       0xb8 ..\obj\core_cm3.o
 .debug_ranges  0x000000e0       0x20 ..\obj\stellaris_1.o
 .debug_ranges  0x00000100       0xc0 ..\obj\timer.o
 .debug_ranges  0x000001c0      0x110 ..\obj\pwm.o
 .debug_ranges  0x000002d0       0x18 ..\obj\Task_Control.o
 .debug_ranges  0x000002e8       0x10 ..\obj\main.o
 .debug_ranges  0x000002f8       0x40 ..\obj\framebuffer.o
 .debug_ranges  0x00000338      0x160 ..\obj\sysctl.o
 .debug_ranges  0x00000498      0x108 ..\obj\gpio.o
 .debug_ranges  0x000005a0       0x20 ..\obj\display.o
 .debug_ranges  0x000005c0       0x20 ..\obj\display_RIT.o
 .debug_ranges  0x000005e0       0xb8 ..\obj\tasks.o
 .debug_ranges  0x00000698       0x60 ..\obj\interrupt.o
 .debug_ranges  0x000006f8       0x58 ..\obj\rit128x96x4.o
 .debug_ranges  0x00000750       0x18 ..\obj\startup_lm3s.o
 .debug_ranges  0x00000768       0x30 ..\obj\list.o
 .debug_ranges  0x00000798       0x50 ..\obj\syscalls.o
 .debug_ranges  0x000007e8       0x88 ..\obj\ssi.o
 .debug_ranges  0x00000870       0x80 ..\obj\queue.o
 .debug_ranges  0x000008f0       0x60 ..\obj\port.o
 .debug_ranges  0x00000950       0x40 ..\obj\croutine.o
 .debug_ranges  0x00000990       0x20 ..\obj\cpu.o
 .debug_ranges  0x000009b0       0x30 ..\obj\console.o
 .debug_ranges  0x000009e0       0x50 ..\obj\systick.o
 .debug_ranges  0x00000a30       0x28 ..\obj\heap_1.o

.debug_str      0x00000000     0x2cde
 .debug_str     0x00000000      0x10f ..\obj\Task_Comunicaciones.o
                                0x148 (size before relaxing)
 .debug_str     0x0000010f      0x1da ..\obj\system_lm3s.o
                                0x26f (size before relaxing)
 .debug_str     0x000002e9      0x174 ..\obj\core_cm3.o
                                0x225 (size before relaxing)
 .debug_str     0x0000045d      0x1dd ..\obj\stellaris_1.o
                                0x272 (size before relaxing)
 .debug_str     0x0000063a      0x205 ..\obj\timer.o
                                0x231 (size before relaxing)
 .debug_str     0x0000083f      0x35d ..\obj\pwm.o
                                0x3cd (size before relaxing)
 .debug_str     0x00000b9c       0x73 ..\obj\Task_Control.o
                                0x248 (size before relaxing)
 .debug_str     0x00000c0f       0x35 ..\obj\main.o
                                0x10c (size before relaxing)
 .debug_str     0x00000c44      0x196 ..\obj\framebuffer.o
                                0x26b (size before relaxing)
 .debug_str     0x00000dda      0x47b ..\obj\sysctl.o
                                0x4e8 (size before relaxing)
 .debug_str     0x00001255       0x38 ..\obj\timers.o
                                 0x8b (size before relaxing)
 .debug_str     0x0000128d      0x30f ..\obj\gpio.o
                                0x392 (size before relaxing)
 .debug_str     0x0000159c       0x81 ..\obj\display.o
                                 0xa6 (size before relaxing)
 .debug_str     0x0000161d       0xab ..\obj\display_RIT.o
                                0x148 (size before relaxing)
 .debug_str     0x000016c8      0x5e0 ..\obj\tasks.o
                                0x6d5 (size before relaxing)
 .debug_str     0x00001ca8      0x118 ..\obj\interrupt.o
                                0x1a5 (size before relaxing)
 .debug_str     0x00001dc0      0x1a1 ..\obj\rit128x96x4.o
                                0x236 (size before relaxing)
 .debug_str     0x00001f61       0xa3 ..\obj\startup_lm3s.o
                                 0xce (size before relaxing)
 .debug_str     0x00002004       0xc9 ..\obj\list.o
                                0x1fc (size before relaxing)
 .debug_str     0x000020cd      0x15c ..\obj\syscalls.o
                                0x243 (size before relaxing)
 .debug_str     0x00002229      0x18d ..\obj\ssi.o
                                0x1fd (size before relaxing)
 .debug_str     0x000023b6      0x2cf ..\obj\queue.o
                                0x474 (size before relaxing)
 .debug_str     0x00002685      0x151 ..\obj\port.o
                                0x1d7 (size before relaxing)
 .debug_str     0x000027d6      0x27c ..\obj\croutine.o
                                0x3cb (size before relaxing)
 .debug_str     0x00002a52       0x58 ..\obj\cpu.o
                                 0x76 (size before relaxing)
 .debug_str     0x00002aaa       0x99 ..\obj\console.o
                                0x159 (size before relaxing)
 .debug_str     0x00002b43       0xd7 ..\obj\systick.o
                                0x117 (size before relaxing)
 .debug_str     0x00002c1a       0xc4 ..\obj\heap_1.o
                                0x167 (size before relaxing)

.comment        0x00000000       0x2a
 .comment       0x00000000       0x2a ..\obj\Task_Comunicaciones.o
                                 0x2b (size before relaxing)
 .comment       0x00000000       0x2b ..\obj\system_lm3s.o
 .comment       0x00000000       0x2b ..\obj\core_cm3.o
 .comment       0x00000000       0x2b ..\obj\stellaris_1.o
 .comment       0x00000000       0x2b ..\obj\timer.o
 .comment       0x00000000       0x2b ..\obj\pwm.o
 .comment       0x00000000       0x2b ..\obj\Task_Control.o
 .comment       0x00000000       0x2b ..\obj\main.o
 .comment       0x00000000       0x2b ..\obj\framebuffer.o
 .comment       0x00000000       0x2b ..\obj\sysctl.o
 .comment       0x00000000       0x2b ..\obj\timers.o
 .comment       0x00000000       0x2b ..\obj\gpio.o
 .comment       0x00000000       0x2b ..\obj\display.o
 .comment       0x00000000       0x2b ..\obj\display_RIT.o
 .comment       0x00000000       0x2b ..\obj\tasks.o
 .comment       0x00000000       0x2b ..\obj\interrupt.o
 .comment       0x00000000       0x2b ..\obj\rit128x96x4.o
 .comment       0x00000000       0x2b ..\obj\startup_lm3s.o
 .comment       0x00000000       0x2b ..\obj\list.o
 .comment       0x00000000       0x2b ..\obj\syscalls.o
 .comment       0x00000000       0x2b ..\obj\ssi.o
 .comment       0x00000000       0x2b ..\obj\queue.o
 .comment       0x00000000       0x2b ..\obj\port.o
 .comment       0x00000000       0x2b ..\obj\croutine.o
 .comment       0x00000000       0x2b ..\obj\cpu.o
 .comment       0x00000000       0x2b ..\obj\console.o
 .comment       0x00000000       0x2b ..\obj\systick.o
 .comment       0x00000000       0x2b ..\obj\heap_1.o

.ARM.attributes
                0x00000000       0x31
 .ARM.attributes
                0x00000000       0x31 ..\obj\Task_Comunicaciones.o
 .ARM.attributes
                0x00000031       0x31 ..\obj\system_lm3s.o
 .ARM.attributes
                0x00000062       0x31 ..\obj\core_cm3.o
 .ARM.attributes
                0x00000093       0x31 ..\obj\stellaris_1.o
 .ARM.attributes
                0x000000c4       0x31 ..\obj\timer.o
 .ARM.attributes
                0x000000f5       0x31 ..\obj\pwm.o
 .ARM.attributes
                0x00000126       0x31 ..\obj\Task_Control.o
 .ARM.attributes
                0x00000157       0x31 ..\obj\main.o
 .ARM.attributes
                0x00000188       0x31 ..\obj\framebuffer.o
 .ARM.attributes
                0x000001b9       0x31 ..\obj\sysctl.o
 .ARM.attributes
                0x000001ea       0x31 ..\obj\timers.o
 .ARM.attributes
                0x0000021b       0x31 ..\obj\gpio.o
 .ARM.attributes
                0x0000024c       0x31 ..\obj\display.o
 .ARM.attributes
                0x0000027d       0x31 ..\obj\display_RIT.o
 .ARM.attributes
                0x000002ae       0x31 ..\obj\tasks.o
 .ARM.attributes
                0x000002df       0x31 ..\obj\interrupt.o
 .ARM.attributes
                0x00000310       0x31 ..\obj\rit128x96x4.o
 .ARM.attributes
                0x00000341       0x31 ..\obj\startup_lm3s.o
 .ARM.attributes
                0x00000372       0x31 ..\obj\list.o
 .ARM.attributes
                0x000003a3       0x31 ..\obj\syscalls.o
 .ARM.attributes
                0x000003d4       0x31 ..\obj\ssi.o
 .ARM.attributes
                0x00000405       0x31 ..\obj\queue.o
 .ARM.attributes
                0x00000436       0x31 ..\obj\port.o
 .ARM.attributes
                0x00000467       0x31 ..\obj\croutine.o
 .ARM.attributes
                0x00000498       0x31 ..\obj\cpu.o
 .ARM.attributes
                0x000004c9       0x31 ..\obj\console.o
 .ARM.attributes
                0x000004fa       0x31 ..\obj\systick.o
 .ARM.attributes
                0x0000052b       0x31 ..\obj\heap_1.o
 .ARM.attributes
                0x0000055c       0x1b c:/apps/coide/gcc/sourcery g++ lite/bin/../lib/gcc/arm-none-eabi/4.5.1/thumb2\libgcc.a(_arm_addsubdf3.o)
 .ARM.attributes
                0x00000577       0x1b c:/apps/coide/gcc/sourcery g++ lite/bin/../lib/gcc/arm-none-eabi/4.5.1/thumb2\libgcc.a(_arm_muldivdf3.o)
 .ARM.attributes
                0x00000592       0x1b c:/apps/coide/gcc/sourcery g++ lite/bin/../lib/gcc/arm-none-eabi/4.5.1/thumb2\libgcc.a(_arm_cmpdf2.o)
 .ARM.attributes
                0x000005ad       0x29 c:/apps/coide/gcc/sourcery g++ lite/bin/../lib/gcc/arm-none-eabi/4.5.1/../../../../arm-none-eabi/lib/thumb2\libc.a(lib_a-memcpy.o)
 .ARM.attributes
                0x000005d6       0x29 c:/apps/coide/gcc/sourcery g++ lite/bin/../lib/gcc/arm-none-eabi/4.5.1/../../../../arm-none-eabi/lib/thumb2\libc.a(lib_a-memset.o)
 .ARM.attributes
                0x000005ff       0x29 c:/apps/coide/gcc/sourcery g++ lite/bin/../lib/gcc/arm-none-eabi/4.5.1/../../../../arm-none-eabi/lib/thumb2\libc.a(lib_a-sprintf.o)
 .ARM.attributes
                0x00000628       0x29 c:/apps/coide/gcc/sourcery g++ lite/bin/../lib/gcc/arm-none-eabi/4.5.1/../../../../arm-none-eabi/lib/thumb2\libc.a(lib_a-strlen.o)
 .ARM.attributes
                0x00000651       0x29 c:/apps/coide/gcc/sourcery g++ lite/bin/../lib/gcc/arm-none-eabi/4.5.1/../../../../arm-none-eabi/lib/thumb2\libc.a(lib_a-strncpy.o)
 .ARM.attributes
                0x0000067a       0x29 c:/apps/coide/gcc/sourcery g++ lite/bin/../lib/gcc/arm-none-eabi/4.5.1/../../../../arm-none-eabi/lib/thumb2\libc.a(lib_a-svfprintf.o)
 .ARM.attributes
                0x000006a3       0x29 c:/apps/coide/gcc/sourcery g++ lite/bin/../lib/gcc/arm-none-eabi/4.5.1/../../../../arm-none-eabi/lib/thumb2\libc.a(lib_a-dtoa.o)
 .ARM.attributes
                0x000006cc       0x29 c:/apps/coide/gcc/sourcery g++ lite/bin/../lib/gcc/arm-none-eabi/4.5.1/../../../../arm-none-eabi/lib/thumb2\libc.a(lib_a-impure.o)
 .ARM.attributes
                0x000006f5       0x29 c:/apps/coide/gcc/sourcery g++ lite/bin/../lib/gcc/arm-none-eabi/4.5.1/../../../../arm-none-eabi/lib/thumb2\libc.a(lib_a-locale.o)
 .ARM.attributes
                0x0000071e       0x29 c:/apps/coide/gcc/sourcery g++ lite/bin/../lib/gcc/arm-none-eabi/4.5.1/../../../../arm-none-eabi/lib/thumb2\libc.a(lib_a-malloc.o)
 .ARM.attributes
                0x00000747       0x29 c:/apps/coide/gcc/sourcery g++ lite/bin/../lib/gcc/arm-none-eabi/4.5.1/../../../../arm-none-eabi/lib/thumb2\libc.a(lib_a-mallocr.o)
 .ARM.attributes
                0x00000770       0x29 c:/apps/coide/gcc/sourcery g++ lite/bin/../lib/gcc/arm-none-eabi/4.5.1/../../../../arm-none-eabi/lib/thumb2\libc.a(lib_a-memchr.o)
 .ARM.attributes
                0x00000799       0x29 c:/apps/coide/gcc/sourcery g++ lite/bin/../lib/gcc/arm-none-eabi/4.5.1/../../../../arm-none-eabi/lib/thumb2\libc.a(lib_a-mlock.o)
 .ARM.attributes
                0x000007c2       0x29 c:/apps/coide/gcc/sourcery g++ lite/bin/../lib/gcc/arm-none-eabi/4.5.1/../../../../arm-none-eabi/lib/thumb2\libc.a(lib_a-mprec.o)
 .ARM.attributes
                0x000007eb       0x29 c:/apps/coide/gcc/sourcery g++ lite/bin/../lib/gcc/arm-none-eabi/4.5.1/../../../../arm-none-eabi/lib/thumb2\libc.a(lib_a-s_fpclassify.o)
 .ARM.attributes
                0x00000814       0x29 c:/apps/coide/gcc/sourcery g++ lite/bin/../lib/gcc/arm-none-eabi/4.5.1/../../../../arm-none-eabi/lib/thumb2\libc.a(lib_a-sbrkr.o)
 .ARM.attributes
                0x0000083d       0x29 c:/apps/coide/gcc/sourcery g++ lite/bin/../lib/gcc/arm-none-eabi/4.5.1/../../../../arm-none-eabi/lib/thumb2\libc.a(lib_a-strcmp.o)
 .ARM.attributes
                0x00000866       0x29 c:/apps/coide/gcc/sourcery g++ lite/bin/../lib/gcc/arm-none-eabi/4.5.1/../../../../arm-none-eabi/lib/thumb2\libc.a(lib_a-svfiprintf.o)
 .ARM.attributes
                0x0000088f       0x29 c:/apps/coide/gcc/sourcery g++ lite/bin/../lib/gcc/arm-none-eabi/4.5.1/../../../../arm-none-eabi/lib/thumb2\libc.a(lib_a-callocr.o)
 .ARM.attributes
                0x000008b8       0x29 c:/apps/coide/gcc/sourcery g++ lite/bin/../lib/gcc/arm-none-eabi/4.5.1/../../../../arm-none-eabi/lib/thumb2\libc.a(lib_a-freer.o)
 .ARM.attributes
                0x000008e1       0x29 c:/apps/coide/gcc/sourcery g++ lite/bin/../lib/gcc/arm-none-eabi/4.5.1/../../../../arm-none-eabi/lib/thumb2\libc.a(lib_a-memmove.o)
 .ARM.attributes
                0x0000090a       0x29 c:/apps/coide/gcc/sourcery g++ lite/bin/../lib/gcc/arm-none-eabi/4.5.1/../../../../arm-none-eabi/lib/thumb2\libc.a(lib_a-reallocr.o)
 .ARM.attributes
                0x00000933       0x29 c:/apps/coide/gcc/sourcery g++ lite/bin/../lib/gcc/arm-none-eabi/4.5.1/../../../../arm-none-eabi/lib/thumb2\libc.a(lib_a-reent.o)
 .ARM.attributes
                0x0000095c       0x1b c:/apps/coide/gcc/sourcery g++ lite/bin/../lib/gcc/arm-none-eabi/4.5.1/thumb2\libgcc.a(_udivsi3.o)
 .ARM.attributes
                0x00000977       0x1b c:/apps/coide/gcc/sourcery g++ lite/bin/../lib/gcc/arm-none-eabi/4.5.1/thumb2\libgcc.a(_dvmd_tls.o)
 .ARM.attributes
                0x00000992       0x1b c:/apps/coide/gcc/sourcery g++ lite/bin/../lib/gcc/arm-none-eabi/4.5.1/thumb2\libgcc.a(_arm_fixdfsi.o)
 .ARM.attributes
                0x000009ad       0x1b c:/apps/coide/gcc/sourcery g++ lite/bin/../lib/gcc/arm-none-eabi/4.5.1/thumb2\libgcc.a(_aeabi_uldivmod.o)
 .ARM.attributes
                0x000009c8       0x29 c:/apps/coide/gcc/sourcery g++ lite/bin/../lib/gcc/arm-none-eabi/4.5.1/thumb2\libgcc.a(bpabi.o)
 .ARM.attributes
                0x000009f1       0x29 c:/apps/coide/gcc/sourcery g++ lite/bin/../lib/gcc/arm-none-eabi/4.5.1/thumb2\libgcc.a(_divdi3.o)
 .ARM.attributes
                0x00000a1a       0x29 c:/apps/coide/gcc/sourcery g++ lite/bin/../lib/gcc/arm-none-eabi/4.5.1/thumb2\libgcc.a(_udivdi3.o)

.debug_frame    0x00000000     0x2c00
 .debug_frame   0x00000000       0x30 ..\obj\Task_Comunicaciones.o
 .debug_frame   0x00000030       0x4c ..\obj\system_lm3s.o
 .debug_frame   0x0000007c      0x280 ..\obj\core_cm3.o
 .debug_frame   0x000002fc       0x64 ..\obj\stellaris_1.o
 .debug_frame   0x00000360      0x2a0 ..\obj\timer.o
 .debug_frame   0x00000600      0x3bc ..\obj\pwm.o
 .debug_frame   0x000009bc       0x4c ..\obj\Task_Control.o
 .debug_frame   0x00000a08       0x30 ..\obj\main.o
 .debug_frame   0x00000a38       0xe0 ..\obj\framebuffer.o
 .debug_frame   0x00000b18      0x498 ..\obj\sysctl.o
 .debug_frame   0x00000fb0      0x3d8 ..\obj\gpio.o
 .debug_frame   0x00001388       0x68 ..\obj\display.o
 .debug_frame   0x000013f0       0x6c ..\obj\display_RIT.o
 .debug_frame   0x0000145c      0x2a0 ..\obj\tasks.o
 .debug_frame   0x000016fc      0x140 ..\obj\interrupt.o
 .debug_frame   0x0000183c      0x14c ..\obj\rit128x96x4.o
 .debug_frame   0x00001988       0x48 ..\obj\startup_lm3s.o
 .debug_frame   0x000019d0       0x9c ..\obj\list.o
 .debug_frame   0x00001a6c      0x108 ..\obj\syscalls.o
 .debug_frame   0x00001b74      0x1d8 ..\obj\ssi.o
 .debug_frame   0x00001d4c      0x1e4 ..\obj\queue.o
 .debug_frame   0x00001f30      0x110 ..\obj\port.o
 .debug_frame   0x00002040       0xf0 ..\obj\croutine.o
 .debug_frame   0x00002130       0x40 ..\obj\cpu.o
 .debug_frame   0x00002170       0xac ..\obj\console.o
 .debug_frame   0x0000221c       0xf8 ..\obj\systick.o
 .debug_frame   0x00002314       0x7c ..\obj\heap_1.o
 .debug_frame   0x00002390       0x30 c:/apps/coide/gcc/sourcery g++ lite/bin/../lib/gcc/arm-none-eabi/4.5.1/../../../../arm-none-eabi/lib/thumb2\libc.a(lib_a-memcpy.o)
 .debug_frame   0x000023c0       0x2c c:/apps/coide/gcc/sourcery g++ lite/bin/../lib/gcc/arm-none-eabi/4.5.1/../../../../arm-none-eabi/lib/thumb2\libc.a(lib_a-memset.o)
 .debug_frame   0x000023ec       0x64 c:/apps/coide/gcc/sourcery g++ lite/bin/../lib/gcc/arm-none-eabi/4.5.1/../../../../arm-none-eabi/lib/thumb2\libc.a(lib_a-sprintf.o)
 .debug_frame   0x00002450       0x20 c:/apps/coide/gcc/sourcery g++ lite/bin/../lib/gcc/arm-none-eabi/4.5.1/../../../../arm-none-eabi/lib/thumb2\libc.a(lib_a-strlen.o)
 .debug_frame   0x00002470       0x2c c:/apps/coide/gcc/sourcery g++ lite/bin/../lib/gcc/arm-none-eabi/4.5.1/../../../../arm-none-eabi/lib/thumb2\libc.a(lib_a-strncpy.o)
 .debug_frame   0x0000249c       0x3c c:/apps/coide/gcc/sourcery g++ lite/bin/../lib/gcc/arm-none-eabi/4.5.1/../../../../arm-none-eabi/lib/thumb2\libc.a(lib_a-svfprintf.o)
 .debug_frame   0x000024d8       0x68 c:/apps/coide/gcc/sourcery g++ lite/bin/../lib/gcc/arm-none-eabi/4.5.1/../../../../arm-none-eabi/lib/thumb2\libc.a(lib_a-dtoa.o)
 .debug_frame   0x00002540       0x98 c:/apps/coide/gcc/sourcery g++ lite/bin/../lib/gcc/arm-none-eabi/4.5.1/../../../../arm-none-eabi/lib/thumb2\libc.a(lib_a-locale.o)
 .debug_frame   0x000025d8       0x30 c:/apps/coide/gcc/sourcery g++ lite/bin/../lib/gcc/arm-none-eabi/4.5.1/../../../../arm-none-eabi/lib/thumb2\libc.a(lib_a-malloc.o)
 .debug_frame   0x00002608       0x3c c:/apps/coide/gcc/sourcery g++ lite/bin/../lib/gcc/arm-none-eabi/4.5.1/../../../../arm-none-eabi/lib/thumb2\libc.a(lib_a-mallocr.o)
 .debug_frame   0x00002644       0x2c c:/apps/coide/gcc/sourcery g++ lite/bin/../lib/gcc/arm-none-eabi/4.5.1/../../../../arm-none-eabi/lib/thumb2\libc.a(lib_a-memchr.o)
 .debug_frame   0x00002670       0x30 c:/apps/coide/gcc/sourcery g++ lite/bin/../lib/gcc/arm-none-eabi/4.5.1/../../../../arm-none-eabi/lib/thumb2\libc.a(lib_a-mlock.o)
 .debug_frame   0x000026a0      0x244 c:/apps/coide/gcc/sourcery g++ lite/bin/../lib/gcc/arm-none-eabi/4.5.1/../../../../arm-none-eabi/lib/thumb2\libc.a(lib_a-mprec.o)
 .debug_frame   0x000028e4       0x28 c:/apps/coide/gcc/sourcery g++ lite/bin/../lib/gcc/arm-none-eabi/4.5.1/../../../../arm-none-eabi/lib/thumb2\libc.a(lib_a-s_fpclassify.o)
 .debug_frame   0x0000290c       0x2c c:/apps/coide/gcc/sourcery g++ lite/bin/../lib/gcc/arm-none-eabi/4.5.1/../../../../arm-none-eabi/lib/thumb2\libc.a(lib_a-sbrkr.o)
 .debug_frame   0x00002938       0x30 c:/apps/coide/gcc/sourcery g++ lite/bin/../lib/gcc/arm-none-eabi/4.5.1/../../../../arm-none-eabi/lib/thumb2\libc.a(lib_a-strcmp.o)
 .debug_frame   0x00002968       0x68 c:/apps/coide/gcc/sourcery g++ lite/bin/../lib/gcc/arm-none-eabi/4.5.1/../../../../arm-none-eabi/lib/thumb2\libc.a(lib_a-svfiprintf.o)
 .debug_frame   0x000029d0       0x2c c:/apps/coide/gcc/sourcery g++ lite/bin/../lib/gcc/arm-none-eabi/4.5.1/../../../../arm-none-eabi/lib/thumb2\libc.a(lib_a-callocr.o)
 .debug_frame   0x000029fc       0x50 c:/apps/coide/gcc/sourcery g++ lite/bin/../lib/gcc/arm-none-eabi/4.5.1/../../../../arm-none-eabi/lib/thumb2\libc.a(lib_a-freer.o)
 .debug_frame   0x00002a4c       0x2c c:/apps/coide/gcc/sourcery g++ lite/bin/../lib/gcc/arm-none-eabi/4.5.1/../../../../arm-none-eabi/lib/thumb2\libc.a(lib_a-memmove.o)
 .debug_frame   0x00002a78       0x3c c:/apps/coide/gcc/sourcery g++ lite/bin/../lib/gcc/arm-none-eabi/4.5.1/../../../../arm-none-eabi/lib/thumb2\libc.a(lib_a-reallocr.o)
 .debug_frame   0x00002ab4       0x64 c:/apps/coide/gcc/sourcery g++ lite/bin/../lib/gcc/arm-none-eabi/4.5.1/../../../../arm-none-eabi/lib/thumb2\libc.a(lib_a-reent.o)
 .debug_frame   0x00002b18       0x20 c:/apps/coide/gcc/sourcery g++ lite/bin/../lib/gcc/arm-none-eabi/4.5.1/thumb2\libgcc.a(_udivsi3.o)
 .debug_frame   0x00002b38       0x50 c:/apps/coide/gcc/sourcery g++ lite/bin/../lib/gcc/arm-none-eabi/4.5.1/thumb2\libgcc.a(bpabi.o)
 .debug_frame   0x00002b88       0x3c c:/apps/coide/gcc/sourcery g++ lite/bin/../lib/gcc/arm-none-eabi/4.5.1/thumb2\libgcc.a(_divdi3.o)
 .debug_frame   0x00002bc4       0x3c c:/apps/coide/gcc/sourcery g++ lite/bin/../lib/gcc/arm-none-eabi/4.5.1/thumb2\libgcc.a(_udivdi3.o)
