Archive member included because of file (symbol)

c:/app/coide/gcc/sourcery g++ lite/bin/../lib/gcc/arm-none-eabi/4.5.1/thumb2\libgcc.a(_arm_addsubdf3.o)
                              ..\obj\ultrasonidos.o (__aeabi_dadd)
c:/app/coide/gcc/sourcery g++ lite/bin/../lib/gcc/arm-none-eabi/4.5.1/thumb2\libgcc.a(_arm_muldivdf3.o)
                              ..\obj\ultrasonidos.o (__aeabi_dmul)
c:/app/coide/gcc/sourcery g++ lite/bin/../lib/gcc/arm-none-eabi/4.5.1/thumb2\libgcc.a(_arm_truncdfsf2.o)
                              ..\obj\ultrasonidos.o (__aeabi_d2f)
c:/app/coide/gcc/sourcery g++ lite/bin/../lib/gcc/arm-none-eabi/4.5.1/thumb2\libgcc.a(_arm_addsubsf3.o)
                              ..\obj\pwm_generico.o (__aeabi_ui2f)
c:/app/coide/gcc/sourcery g++ lite/bin/../lib/gcc/arm-none-eabi/4.5.1/thumb2\libgcc.a(_arm_muldivsf3.o)
                              ..\obj\pwm_generico.o (__aeabi_fmul)
c:/app/coide/gcc/sourcery g++ lite/bin/../lib/gcc/arm-none-eabi/4.5.1/thumb2\libgcc.a(_arm_cmpsf2.o)
                              ..\obj\ultrasonidos.o (__aeabi_fcmplt)
c:/app/coide/gcc/sourcery g++ lite/bin/../lib/gcc/arm-none-eabi/4.5.1/thumb2\libgcc.a(_arm_fixunssfsi.o)
                              ..\obj\pwm_generico.o (__aeabi_f2uiz)
c:/app/coide/gcc/sourcery g++ lite/bin/../lib/gcc/arm-none-eabi/4.5.1/../../../../arm-none-eabi/lib/thumb2\libc.a(lib_a-memcpy.o)
                              ..\obj\queue.o (memcpy)
c:/app/coide/gcc/sourcery g++ lite/bin/../lib/gcc/arm-none-eabi/4.5.1/../../../../arm-none-eabi/lib/thumb2\libc.a(lib_a-memset.o)
                              ..\obj\tasks.o (memset)
c:/app/coide/gcc/sourcery g++ lite/bin/../lib/gcc/arm-none-eabi/4.5.1/../../../../arm-none-eabi/lib/thumb2\libc.a(lib_a-sprintf.o)
                              ..\obj\task_display.o (sprintf)
c:/app/coide/gcc/sourcery g++ lite/bin/../lib/gcc/arm-none-eabi/4.5.1/../../../../arm-none-eabi/lib/thumb2\libc.a(lib_a-strlen.o)
                              ..\obj\framebuffer.o (strlen)
c:/app/coide/gcc/sourcery g++ lite/bin/../lib/gcc/arm-none-eabi/4.5.1/../../../../arm-none-eabi/lib/thumb2\libc.a(lib_a-strncpy.o)
                              ..\obj\tasks.o (strncpy)
c:/app/coide/gcc/sourcery g++ lite/bin/../lib/gcc/arm-none-eabi/4.5.1/../../../../arm-none-eabi/lib/thumb2\libc.a(lib_a-svfprintf.o)
                              c:/app/coide/gcc/sourcery g++ lite/bin/../lib/gcc/arm-none-eabi/4.5.1/../../../../arm-none-eabi/lib/thumb2\libc.a(lib_a-sprintf.o) (_svfprintf_r)
c:/app/coide/gcc/sourcery g++ lite/bin/../lib/gcc/arm-none-eabi/4.5.1/../../../../arm-none-eabi/lib/thumb2\libc.a(lib_a-dtoa.o)
                              c:/app/coide/gcc/sourcery g++ lite/bin/../lib/gcc/arm-none-eabi/4.5.1/../../../../arm-none-eabi/lib/thumb2\libc.a(lib_a-svfprintf.o) (_dtoa_r)
c:/app/coide/gcc/sourcery g++ lite/bin/../lib/gcc/arm-none-eabi/4.5.1/../../../../arm-none-eabi/lib/thumb2\libc.a(lib_a-impure.o)
                              c:/app/coide/gcc/sourcery g++ lite/bin/../lib/gcc/arm-none-eabi/4.5.1/../../../../arm-none-eabi/lib/thumb2\libc.a(lib_a-sprintf.o) (_impure_ptr)
c:/app/coide/gcc/sourcery g++ lite/bin/../lib/gcc/arm-none-eabi/4.5.1/../../../../arm-none-eabi/lib/thumb2\libc.a(lib_a-locale.o)
                              c:/app/coide/gcc/sourcery g++ lite/bin/../lib/gcc/arm-none-eabi/4.5.1/../../../../arm-none-eabi/lib/thumb2\libc.a(lib_a-svfprintf.o) (_localeconv_r)
c:/app/coide/gcc/sourcery g++ lite/bin/../lib/gcc/arm-none-eabi/4.5.1/../../../../arm-none-eabi/lib/thumb2\libc.a(lib_a-malloc.o)
                              c:/app/coide/gcc/sourcery g++ lite/bin/../lib/gcc/arm-none-eabi/4.5.1/../../../../arm-none-eabi/lib/thumb2\libc.a(lib_a-dtoa.o) (malloc)
c:/app/coide/gcc/sourcery g++ lite/bin/../lib/gcc/arm-none-eabi/4.5.1/../../../../arm-none-eabi/lib/thumb2\libc.a(lib_a-mallocr.o)
                              c:/app/coide/gcc/sourcery g++ lite/bin/../lib/gcc/arm-none-eabi/4.5.1/../../../../arm-none-eabi/lib/thumb2\libc.a(lib_a-svfprintf.o) (_malloc_r)
c:/app/coide/gcc/sourcery g++ lite/bin/../lib/gcc/arm-none-eabi/4.5.1/../../../../arm-none-eabi/lib/thumb2\libc.a(lib_a-memchr.o)
                              c:/app/coide/gcc/sourcery g++ lite/bin/../lib/gcc/arm-none-eabi/4.5.1/../../../../arm-none-eabi/lib/thumb2\libc.a(lib_a-svfprintf.o) (memchr)
c:/app/coide/gcc/sourcery g++ lite/bin/../lib/gcc/arm-none-eabi/4.5.1/../../../../arm-none-eabi/lib/thumb2\libc.a(lib_a-mlock.o)
                              c:/app/coide/gcc/sourcery g++ lite/bin/../lib/gcc/arm-none-eabi/4.5.1/../../../../arm-none-eabi/lib/thumb2\libc.a(lib_a-mallocr.o) (__malloc_lock)
c:/app/coide/gcc/sourcery g++ lite/bin/../lib/gcc/arm-none-eabi/4.5.1/../../../../arm-none-eabi/lib/thumb2\libc.a(lib_a-mprec.o)
                              c:/app/coide/gcc/sourcery g++ lite/bin/../lib/gcc/arm-none-eabi/4.5.1/../../../../arm-none-eabi/lib/thumb2\libc.a(lib_a-dtoa.o) (_Balloc)
[...]
Memory Configuration

Name             Origin             Length             Attributes
rom              0x00000000         0x00040000         xr
ram              0x20000000         0x00010000         xrw
*default*        0x00000000         0xffffffff

Linker script and memory map

                0x20010000                _eram = 0x20010000

.text           0x00000000     0xa538
 *(.isr_vector .isr_vector.*)
 .isr_vector    0x00000000      0x100 ..\obj\startup_lm3s.o
                0x00000000                g_pfnVectors
 *(.text .text.* .gnu.linkonce.t.*)
 .text.vTask_Comunicaciones
                0x00000100       0x5c ..\obj\Task_Comunicaciones.o
                0x00000100                vTask_Comunicaciones
 .text.PINES_inicializar
                0x0000015c      0x168 ..\obj\pines.o
                0x0000015c                PINES_inicializar
 .text.PINES_inicializar_int_both_edges
                0x000002c4      0x148 ..\obj\pines.o
                0x000002c4                PINES_inicializar_int_both_edges
 .text.SystemInit
                0x0000040c      0x238 ..\obj\system_lm3s.o
                0x0000040c                SystemInit
 .text.getOscClk
                0x00000644      0x15c ..\obj\system_lm3s.o
 .text.PWMGenConfigure
                0x000007a0       0x74 ..\obj\pwm.o
                0x000007a0                PWMGenConfigure
 .text.PWMGenPeriodSet
                0x00000814       0x48 ..\obj\pwm.o
                0x00000814                PWMGenPeriodSet
 .text.PWMGenEnable
                0x0000085c       0x28 ..\obj\pwm.o
                0x0000085c                PWMGenEnable
 .text.PWMPulseWidthSet
                0x00000884       0x6c ..\obj\pwm.o
                0x00000884                PWMPulseWidthSet
 .text.PWMOutputState
                0x000008f0       0x50 ..\obj\pwm.o
                0x000008f0                PWMOutputState
 .text.vTask_Control
                0x00000940       0x5c ..\obj\Task_Control.o
                0x00000940                vTask_Control
 .text.SYSTEM_TICK_coger_valor_ticks
                0x0000099c       0x20 ..\obj\system_tick.o
                0x0000099c                SYSTEM_TICK_coger_valor_ticks
 .text.main     0x000009bc       0xf0 ..\obj\main.o
                0x000009bc                main
 .text.SysCtlPeripheralEnable
                0x00000aac       0x58 ..\obj\sysctl.o
                0x00000aac                SysCtlPeripheralEnable
 .text.SysCtlDelay
                0x00000b04        0x8 ..\obj\sysctl.o
                0x00000b04                SysCtlDelay
 .text.SysCtlClockSet
                0x00000b0c      0x290 ..\obj\sysctl.o
                0x00000b0c                SysCtlClockSet
 .text.SysCtlClockGet
                0x00000d9c      0x384 ..\obj\sysctl.o
                0x00000d9c                SysCtlClockGet
 .text.SysCtlPWMClockSet
                0x00001120       0x30 ..\obj\sysctl.o
                0x00001120                SysCtlPWMClockSet
 .text.GPIODirModeSet
                0x00001150       0x88 ..\obj\gpio.o
                0x00001150                GPIODirModeSet
 .text.GPIOIntTypeSet
                0x000011d8       0xd4 ..\obj\gpio.o
                0x000011d8                GPIOIntTypeSet
 .text.GPIOPadConfigSet
                0x000012ac      0x230 ..\obj\gpio.o
                0x000012ac                GPIOPadConfigSet
 .text.GPIOPinIntEnable
                0x000014dc       0x2c ..\obj\gpio.o
                0x000014dc                GPIOPinIntEnable
 .text.GPIOPinIntStatus
                0x00001508       0x34 ..\obj\gpio.o
                0x00001508                GPIOPinIntStatus
 .text.GPIOPinIntClear
                0x0000153c       0x24 ..\obj\gpio.o
                0x0000153c                GPIOPinIntClear
 .text.GPIOPinRead
                0x00001560       0x28 ..\obj\gpio.o
                0x00001560                GPIOPinRead
 .text.GPIOPinWrite
                0x00001588       0x2c ..\obj\gpio.o
                0x00001588                GPIOPinWrite
 .text.GPIOPinTypeGPIOInput
                0x000015b4       0x34 ..\obj\gpio.o
                0x000015b4                GPIOPinTypeGPIOInput
 .text.GPIOPinTypeGPIOOutput
                0x000015e8       0x34 ..\obj\gpio.o
                0x000015e8                GPIOPinTypeGPIOOutput
 .text.GPIOPinTypePWM
                0x0000161c       0x34 ..\obj\gpio.o
                0x0000161c                GPIOPinTypePWM
 .text.GPIOPinTypeSSI
                0x00001650       0x34 ..\obj\gpio.o
                0x00001650                GPIOPinTypeSSI
 .text.xTaskGenericCreate
                0x00001684      0x1ac ..\obj\tasks.o
                0x00001684                xTaskGenericCreate
 .text.vTaskDelayUntil
                0x00001830       0xb0 ..\obj\tasks.o
                0x00001830                vTaskDelayUntil
 .text.vTaskStartScheduler
                0x000018e0       0x74 ..\obj\tasks.o
                0x000018e0                vTaskStartScheduler
 .text.vTaskSuspendAll
                0x00001954       0x24 ..\obj\tasks.o
                0x00001954                vTaskSuspendAll
 .text.xTaskResumeAll
                0x00001978      0x154 ..\obj\tasks.o
                0x00001978                xTaskResumeAll
 .text.xTaskGetTickCount
                0x00001acc       0x28 ..\obj\tasks.o
                0x00001acc                xTaskGetTickCount
 .text.vTaskIncrementTick
                0x00001af4      0x1b8 ..\obj\tasks.o
                0x00001af4                vTaskIncrementTick
 .text.vTaskSwitchContext
                0x00001cac       0xd0 ..\obj\tasks.o
                0x00001cac                vTaskSwitchContext
 .text.prvIdleTask
                0x00001d7c       0x10 ..\obj\tasks.o
 .text.prvInitialiseTCBVariables
                0x00001d8c       0x78 ..\obj\tasks.o
 .text.prvInitialiseTaskLists
                0x00001e04       0x8c ..\obj\tasks.o
 .text.prvCheckTasksWaitingTermination
                0x00001e90        0xc ..\obj\tasks.o
 .text.prvAddCurrentTaskToDelayedList
                0x00001e9c       0x8c ..\obj\tasks.o
 .text.prvAllocateTCBAndStack
                0x00001f28       0x74 ..\obj\tasks.o
 .text.vTask_Seguridad
                0x00001f9c       0xf8 ..\obj\Task_Seguridad.o
                0x00001f9c                vTask_Seguridad
 .text.SEGURIDAD_ini
                0x00002094        0xc ..\obj\Task_Seguridad.o
                0x00002094                SEGURIDAD_ini
 .text.IntEnable
                0x000020a0       0xd8 ..\obj\interrupt.o
                0x000020a0                IntEnable
 .text.RITWriteCommand
                0x00002178       0xfc ..\obj\rit128x96x4.o
 .text.RITWriteData
                0x00002274       0xfc ..\obj\rit128x96x4.o
 .text.RIT128x96x4Clear
                0x00002370       0x9c ..\obj\rit128x96x4.o
                0x00002370                RIT128x96x4Clear
 .text.RIT128x96x4StringDraw
                0x0000240c      0x1e0 ..\obj\rit128x96x4.o
                0x0000240c                RIT128x96x4StringDraw
 .text.RIT128x96x4Enable
                0x000025ec       0xa4 ..\obj\rit128x96x4.o
                0x000025ec                RIT128x96x4Enable
 .text.RIT128x96x4Init
                0x00002690      0x128 ..\obj\rit128x96x4.o
                0x00002690                RIT128x96x4Init
 .text.Default_Reset_Handler
                0x000027b8       0x6c ..\obj\startup_lm3s.o
                0x000027b8                Default_Reset_Handler
                0x000027b8                Reset_Handler
 .text.Default_Handler
                0x00002824        0x8 ..\obj\startup_lm3s.o
                0x00002824                DebugMon_Handler
                0x00002824                FlashCtrl_IRQHandler
                0x00002824                Timer0B_IRQHandler
                0x00002824                I2C0_IRQHandler
                0x00002824                HardFault_Handler
                0x00002824                SysTick_Handler
                0x00002824                PendSV_Handler
                0x00002824                NMI_Handler
                0x00002824                I2C1_IRQHandler
                0x00002824                PWMGen0_IRQHandler
                0x00002824                UART1_IRQHandler
                0x00002824                CAN1_IRQHandler
                0x00002824                Timer1B_IRQHandler
                0x00002824                Watchdog_IRQHandler
                0x00002824                UART0_IRQHandler
                0x00002824                SSI0_IRQHandler
                0x00002824                UsageFault_Handler
                0x00002824                ADCSeq1_IRQHandler
                0x00002824                PWMFault_IRQHandler
                0x00002824                PWMGen1_IRQHandler
                0x00002824                SSI1_IRQHandler
                0x00002824                uDMA_IRQHandler
                0x00002824                GPIOPortC_IRQHandler
                0x00002824                ADCSeq2_IRQHandler
                0x00002824                PWMGen2_IRQHandler
                0x00002824                UART2_IRQHandler
                0x00002824                uDMAErr_IRQHandler
                0x00002824                QEI1_IRQHandler
                0x00002824                QEI0_IRQHandler
                0x00002824                PWMGen3_IRQHandler
                0x00002824                GPIOPortD_IRQHandler
                0x00002824                USB0_IRQHandler
                0x00002824                MemManage_Handler
                0x00002824                Ethernet_IRQHandler
                0x00002824                SVC_Handler
                0x00002824                Timer3B_IRQHandler
                0x00002824                Timer3A_IRQHandler
                0x00002824                GPIOPortA_IRQHandler
                0x00002824                Timer0A_IRQHandler
                0x00002824                ADCSeq0_IRQHandler
                0x00002824                Timer1A_IRQHandler
                0x00002824                GPIOPortG_IRQHandler
                0x00002824                ADCSeq3_IRQHandler
                0x00002824                GPIOPortE_IRQHandler
                0x00002824                CAN0_IRQHandler
                0x00002824                Comp0_IRQHandler
                0x00002824                Comp1_IRQHandler
                0x00002824                Comp2_IRQHandler
                0x00002824                GPIOPortF_IRQHandler
                0x00002824                GPIOPortB_IRQHandler
                0x00002824                CAN2_IRQHandler
                0x00002824                GPIOPortH_IRQHandler
                0x00002824                BusFault_Handler
                0x00002824                Timer2A_IRQHandler
                0x00002824                Timer2B_IRQHandler
                0x00002824                SysCtrl_IRQHandler
                0x00002824                Hibernate_IRQHandler
 .text.vListInitialise
                0x0000282c       0x48 ..\obj\list.o
                0x0000282c                vListInitialise
 .text.vListInitialiseItem
                0x00002874       0x1c ..\obj\list.o
                0x00002874                vListInitialiseItem
 .text.vListInsertEnd
                0x00002890       0x54 ..\obj\list.o
                0x00002890                vListInsertEnd
 .text.vListInsert
                0x000028e4       0x78 ..\obj\list.o
                0x000028e4                vListInsert
 .text.vListRemove
                0x0000295c       0x54 ..\obj\list.o
                0x0000295c                vListRemove
 .text._sbrk    0x000029b0       0x5c ..\obj\syscalls.o
                0x000029b0                _sbrk
 .text.SSIConfigSetExpClk
                0x00002a0c       0xb4 ..\obj\ssi.o
                0x00002a0c                SSIConfigSetExpClk
 .text.SSIEnable
                0x00002ac0       0x28 ..\obj\ssi.o
                0x00002ac0                SSIEnable
 .text.SSIDisable
                0x00002ae8       0x28 ..\obj\ssi.o
                0x00002ae8                SSIDisable
 .text.SSIDataPut
                0x00002b10       0x30 ..\obj\ssi.o
                0x00002b10                SSIDataPut
 .text.SSIBusy  0x00002b40       0x2c ..\obj\ssi.o
                0x00002b40                SSIBusy
 .text.pxPortInitialiseStack
                0x00002b6c       0x60 ..\obj\port.o
                0x00002b6c                pxPortInitialiseStack
 .text.vPortSVCHandler
                0x00002bcc       0x20 ..\obj\port.o
                0x00002bcc                vPortSVCHandler
 .text.vPortStartFirstTask
                0x00002bec       0x14 ..\obj\port.o
                0x00002bec                vPortStartFirstTask
 .text.xPortStartScheduler
                0x00002c00       0x54 ..\obj\port.o
                0x00002c00                xPortStartScheduler
 .text.vPortYieldFromISR
                0x00002c54       0x18 ..\obj\port.o
                0x00002c54                vPortYieldFromISR
 .text.vPortEnterCritical
                0x00002c6c       0x2c ..\obj\port.o
                0x00002c6c                vPortEnterCritical
 .text.vPortExitCritical
                0x00002c98       0x38 ..\obj\port.o
                0x00002c98                vPortExitCritical
 .text.xPortPendSVHandler
                0x00002cd0       0x3c ..\obj\port.o
                0x00002cd0                xPortPendSVHandler
 .text.xPortSysTickHandler
                0x00002d0c       0x50 ..\obj\port.o
                0x00002d0c                xPortSysTickHandler
 .text.prvSetupTimerInterrupt
                0x00002d5c       0x28 ..\obj\port.o
 .text.PWM_GENERICO_salida_init
                0x00002d84      0x1b0 ..\obj\pwm_generico.o
                0x00002d84                PWM_GENERICO_salida_init
 .text.PWM_GENERICO_cambiar_anchura_pulso
                0x00002f34       0x6c ..\obj\pwm_generico.o
                0x00002f34                PWM_GENERICO_cambiar_anchura_pulso
 .text.vTask_Display
                0x00002fa0      0x1bc ..\obj\task_display.o
                0x00002fa0                vTask_Display
 .text.consolePrintStr
                0x0000315c       0x58 ..\obj\console.o
                0x0000315c                consolePrintStr
 .text.refreshConsole
                0x000031b4       0x50 ..\obj\console.o
                0x000031b4                refreshConsole
 .text.initConsole
                0x00003204       0x84 ..\obj\console.o
                0x00003204                initConsole
 .text.SysTickValueGet
                0x00003288       0x18 ..\obj\systick.o
                0x00003288                SysTickValueGet
 .text.pvPortMalloc
                0x000032a0       0x98 ..\obj\heap_1.o
                0x000032a0                pvPortMalloc
 .text.vPortFree
                0x00003338       0x14 ..\obj\heap_1.o
                0x00003338                vPortFree
 .text.ULTRASONIDOS_ini
                0x0000334c       0x70 ..\obj\ultrasonidos.o
                0x0000334c                ULTRASONIDOS_ini
 *fill*         0x000033bc        0x4 00
 .text.ULTRASONIDOS_echoInt_PD4
                0x000033c0      0x180 ..\obj\ultrasonidos.o
                0x000033c0                ULTRASONIDOS_echoInt_PD4
 .text.ULTRASONIDOS_echoInt_PC7
                0x00003540      0x180 ..\obj\ultrasonidos.o
                0x00003540                ULTRASONIDOS_echoInt_PC7
 .text.ULTRASONIDOS_obstaculo
                0x000036c0       0x44 ..\obj\ultrasonidos.o
                0x000036c0                ULTRASONIDOS_obstaculo
 .text.ULTRASONIDOS_escalon
                0x00003704       0x44 ..\obj\ultrasonidos.o
                0x00003704                ULTRASONIDOS_escalon
 .text          0x00003748      0x370 c:/app/coide/gcc/sourcery g++ lite/bin/../lib/gcc/arm-none-eabi/4.5.1/thumb2\libgcc.a(_arm_addsubdf3.o)
                0x00003748                __aeabi_drsub
                0x00003750                __aeabi_dsub
                0x00003750                __subdf3
                0x00003754                __aeabi_dadd
                0x00003754                __adddf3
                0x000039cc                __floatunsidf
                0x000039cc                __aeabi_ui2d
                0x000039ec                __floatsidf
                0x000039ec                __aeabi_i2d
                0x00003a10                __aeabi_f2d
                0x00003a10                __extendsfdf2
                0x00003a4c                __floatundidf
                0x00003a4c                __aeabi_ul2d
                0x00003a5c                __floatdidf
                0x00003a5c                __aeabi_l2d
 .text          0x00003ab8      0x424 c:/app/coide/gcc/sourcery g++ lite/bin/../lib/gcc/arm-none-eabi/4.5.1/thumb2\libgcc.a(_arm_muldivdf3.o)
                0x00003ab8                __aeabi_dmul
                0x00003ab8                __muldf3
                0x00003d0c                __divdf3
                0x00003d0c                __aeabi_ddiv
 .text          0x00003edc       0xa0 c:/app/coide/gcc/sourcery g++ lite/bin/../lib/gcc/arm-none-eabi/4.5.1/thumb2\libgcc.a(_arm_truncdfsf2.o)
                0x00003edc                __truncdfsf2
                0x00003edc                __aeabi_d2f
 .text          0x00003f7c      0x21c c:/app/coide/gcc/sourcery g++ lite/bin/../lib/gcc/arm-none-eabi/4.5.1/thumb2\libgcc.a(_arm_addsubsf3.o)
                0x00003f7c                __aeabi_frsub
                0x00003f84                __subsf3
                0x00003f84                __aeabi_fsub
                0x00003f88                __aeabi_fadd
                0x00003f88                __addsf3
                0x000040e8                __aeabi_ui2f
                0x000040e8                __floatunsisf
                0x000040f0                __aeabi_i2f
                0x000040f0                __floatsisf
                0x0000410c                __aeabi_ul2f
                0x0000410c                __floatundisf
                0x0000411c                __aeabi_l2f
                0x0000411c                __floatdisf
 .text          0x00004198      0x2a0 c:/app/coide/gcc/sourcery g++ lite/bin/../lib/gcc/arm-none-eabi/4.5.1/thumb2\libgcc.a(_arm_muldivsf3.o)
                0x00004198                __mulsf3
                0x00004198                __aeabi_fmul
                0x00004300                __aeabi_fdiv
                0x00004300                __divsf3
 .text          0x00004438       0xec c:/app/coide/gcc/sourcery g++ lite/bin/../lib/gcc/arm-none-eabi/4.5.1/thumb2\libgcc.a(_arm_cmpsf2.o)
                0x00004438                __gesf2
                0x00004438                __gtsf2
                0x00004440                __lesf2
                0x00004440                __ltsf2
                0x00004448                __nesf2
                0x00004448                __eqsf2
                0x00004448                __cmpsf2
                0x000044a8                __aeabi_cfrcmple
                0x000044b0                __aeabi_cfcmpeq
                0x000044b0                __aeabi_cfcmple
                0x000044c0                __aeabi_fcmpeq
                0x000044d4                __aeabi_fcmplt
                0x000044e8                __aeabi_fcmple
                0x000044fc                __aeabi_fcmpge
                0x00004510                __aeabi_fcmpgt
 .text          0x00004524       0x40 c:/app/coide/gcc/sourcery g++ lite/bin/../lib/gcc/arm-none-eabi/4.5.1/thumb2\libgcc.a(_arm_fixunssfsi.o)
                0x00004524                __fixunssfsi
                0x00004524                __aeabi_f2uiz
 .text          0x00004564      0x150 c:/app/coide/gcc/sourcery g++ lite/bin/../lib/gcc/arm-none-eabi/4.5.1/../../../../arm-none-eabi/lib/thumb2\libc.a(lib_a-memcpy.o)
                0x00004564                memcpy
 .text          0x000046b4       0xb4 c:/app/coide/gcc/sourcery g++ lite/bin/../lib/gcc/arm-none-eabi/4.5.1/../../../../arm-none-eabi/lib/thumb2\libc.a(lib_a-memset.o)
                0x000046b4                memset
 .text          0x00004768       0x94 c:/app/coide/gcc/sourcery g++ lite/bin/../lib/gcc/arm-none-eabi/4.5.1/../../../../arm-none-eabi/lib/thumb2\libc.a(lib_a-sprintf.o)
                0x00004768                _sprintf_r
                0x000047ac                sprintf
 .text          0x000047fc       0x60 c:/app/coide/gcc/sourcery g++ lite/bin/../lib/gcc/arm-none-eabi/4.5.1/../../../../arm-none-eabi/lib/thumb2\libc.a(lib_a-strlen.o)
                0x000047fc                strlen
 .text          0x0000485c       0x7c c:/app/coide/gcc/sourcery g++ lite/bin/../lib/gcc/arm-none-eabi/4.5.1/../../../../arm-none-eabi/lib/thumb2\libc.a(lib_a-strncpy.o)
                0x0000485c                strncpy
 .text          0x000048d8     0x1658 c:/app/coide/gcc/sourcery g++ lite/bin/../lib/gcc/arm-none-eabi/4.5.1/../../../../arm-none-eabi/lib/thumb2\libc.a(lib_a-svfprintf.o)
                0x000048d8                _svfprintf_r
 .text          0x00005f30     0x1000 c:/app/coide/gcc/sourcery g++ lite/bin/../lib/gcc/arm-none-eabi/4.5.1/../../../../arm-none-eabi/lib/thumb2\libc.a(lib_a-dtoa.o)
                0x0000605c                _dtoa_r
 .text          0x00006f30       0xa0 c:/app/coide/gcc/sourcery g++ lite/bin/../lib/gcc/arm-none-eabi/4.5.1/../../../../arm-none-eabi/lib/thumb2\libc.a(lib_a-locale.o)
                0x00006f30                _setlocale_r
                0x00006f8c                __locale_charset
                0x00006f98                __locale_mb_cur_max
                0x00006fa4                __locale_msgcharset
                0x00006fac                __locale_cjk_lang
                0x00006fb0                _localeconv_r
                0x00006fb8                setlocale
                0x00006fc8                localeconv
 .text          0x00006fd0       0x20 c:/app/coide/gcc/sourcery g++ lite/bin/../lib/gcc/arm-none-eabi/4.5.1/../../../../arm-none-eabi/lib/thumb2\libc.a(lib_a-malloc.o)
                0x00006fd0                malloc
                0x00006fe0                free
 .text          0x00006ff0      0x57c c:/app/coide/gcc/sourcery g++ lite/bin/../lib/gcc/arm-none-eabi/4.5.1/../../../../arm-none-eabi/lib/thumb2\libc.a(lib_a-mallocr.o)
                0x00006ff0                _malloc_r
 .text          0x0000756c       0x88 c:/app/coide/gcc/sourcery g++ lite/bin/../lib/gcc/arm-none-eabi/4.5.1/../../../../arm-none-eabi/lib/thumb2\libc.a(lib_a-memchr.o)
                0x0000756c                memchr
 .text          0x000075f4        0x8 c:/app/coide/gcc/sourcery g++ lite/bin/../lib/gcc/arm-none-eabi/4.5.1/../../../../arm-none-eabi/lib/thumb2\libc.a(lib_a-mlock.o)
                0x000075f4                __malloc_lock
                0x000075f8                __malloc_unlock
 .text          0x000075fc      0x920 c:/app/coide/gcc/sourcery g++ lite/bin/../lib/gcc/arm-none-eabi/4.5.1/../../../../arm-none-eabi/lib/thumb2\libc.a(lib_a-mprec.o)
                0x000075fc                _Balloc
                0x00007664                _Bfree
                0x0000769c                __multadd
                0x00007720                __s2b
                0x000077b4                __hi0bits
                0x000077f4                __lo0bits
                0x00007858                __i2b
                0x0000786c                __multiply
                0x00007994                __pow5mult
                0x00007a38                __lshift
                0x00007ae4                __mcmp
                0x00007b20                __mdiff
                0x00007c18                __ulp
                0x00007c60                __b2d
                0x00007d0c                __d2b
                0x00007dd4                __ratio
                0x00007e44                _mprec_log10
                0x00007e78                __copybits
                0x00007ec0                __any_on
 .text          0x00007f1c       0x90 c:/app/coide/gcc/sourcery g++ lite/bin/../lib/gcc/arm-none-eabi/4.5.1/../../../../arm-none-eabi/lib/thumb2\libc.a(lib_a-s_fpclassify.o)
                0x00007f1c                __fpclassifyd
 .text          0x00007fac       0x28 c:/app/coide/gcc/sourcery g++ lite/bin/../lib/gcc/arm-none-eabi/4.5.1/../../../../arm-none-eabi/lib/thumb2\libc.a(lib_a-sbrkr.o)
                0x00007fac                _sbrk_r
 .text          0x00007fd4      0x1dc c:/app/coide/gcc/sourcery g++ lite/bin/../lib/gcc/arm-none-eabi/4.5.1/../../../../arm-none-eabi/lib/thumb2\libc.a(lib_a-strcmp.o)
                0x00007fd4                strcmp
 .text          0x000081b0      0xbe4 c:/app/coide/gcc/sourcery g++ lite/bin/../lib/gcc/arm-none-eabi/4.5.1/../../../../arm-none-eabi/lib/thumb2\libc.a(lib_a-svfiprintf.o)
                0x000081b0                __ssprint_r
                0x000082b8                _svfiprintf_r
 .text          0x00008d94       0x5c c:/app/coide/gcc/sourcery g++ lite/bin/../lib/gcc/arm-none-eabi/4.5.1/../../../../arm-none-eabi/lib/thumb2\libc.a(lib_a-callocr.o)
                0x00008d94                _calloc_r
 .text          0x00008df0      0x240 c:/app/coide/gcc/sourcery g++ lite/bin/../lib/gcc/arm-none-eabi/4.5.1/../../../../arm-none-eabi/lib/thumb2\libc.a(lib_a-freer.o)
                0x00008df0                _malloc_trim_r
                0x00008e98                _free_r
 .text          0x00009030       0xa0 c:/app/coide/gcc/sourcery g++ lite/bin/../lib/gcc/arm-none-eabi/4.5.1/../../../../arm-none-eabi/lib/thumb2\libc.a(lib_a-memmove.o)
                0x00009030                memmove
 .text          0x000090d0      0x41c c:/app/coide/gcc/sourcery g++ lite/bin/../lib/gcc/arm-none-eabi/4.5.1/../../../../arm-none-eabi/lib/thumb2\libc.a(lib_a-reallocr.o)
                0x000090d0                _realloc_r
 *fill*         0x000094ec        0x4 00
 .text          0x000094f0      0x278 c:/app/coide/gcc/sourcery g++ lite/bin/../lib/gcc/arm-none-eabi/4.5.1/thumb2\libgcc.a(_udivsi3.o)
                0x000094f0                __aeabi_uidiv
                0x000094f0                __udivsi3
                0x0000974c                __aeabi_uidivmod
 .text          0x00009768        0x4 c:/app/coide/gcc/sourcery g++ lite/bin/../lib/gcc/arm-none-eabi/4.5.1/thumb2\libgcc.a(_dvmd_tls.o)
                0x00009768                __aeabi_idiv0
                0x00009768                __aeabi_ldiv0
 .text          0x0000976c      0x110 c:/app/coide/gcc/sourcery g++ lite/bin/../lib/gcc/arm-none-eabi/4.5.1/thumb2\libgcc.a(_arm_cmpdf2.o)
                0x0000976c                __gtdf2
                0x0000976c                __gedf2
                0x00009774                __ltdf2
                0x00009774                __ledf2
                0x0000977c                __nedf2
                0x0000977c                __eqdf2
                0x0000977c                __cmpdf2
                0x000097f8                __aeabi_cdrcmple
                0x00009808                __aeabi_cdcmpeq
                0x00009808                __aeabi_cdcmple
                0x00009818                __aeabi_dcmpeq
                0x0000982c                __aeabi_dcmplt
                0x00009840                __aeabi_dcmple
                0x00009854                __aeabi_dcmpge
                0x00009868                __aeabi_dcmpgt
 .text          0x0000987c       0x50 c:/app/coide/gcc/sourcery g++ lite/bin/../lib/gcc/arm-none-eabi/4.5.1/thumb2\libgcc.a(_arm_fixdfsi.o)
                0x0000987c                __aeabi_d2iz
                0x0000987c                __fixdfsi
 .text          0x000098cc       0x2c c:/app/coide/gcc/sourcery g++ lite/bin/../lib/gcc/arm-none-eabi/4.5.1/thumb2\libgcc.a(_aeabi_uldivmod.o)
                0x000098cc                __aeabi_uldivmod
 .text          0x000098f8       0x60 c:/app/coide/gcc/sourcery g++ lite/bin/../lib/gcc/arm-none-eabi/4.5.1/thumb2\libgcc.a(bpabi.o)
                0x000098f8                __gnu_ldivmod_helper
                0x00009928                __gnu_uldivmod_helper
 .text          0x00009958      0x364 c:/app/coide/gcc/sourcery g++ lite/bin/../lib/gcc/arm-none-eabi/4.5.1/thumb2\libgcc.a(_divdi3.o)
                0x00009958                __divdi3
 .text          0x00009cbc      0x314 c:/app/coide/gcc/sourcery g++ lite/bin/../lib/gcc/arm-none-eabi/4.5.1/thumb2\libgcc.a(_udivdi3.o)
                0x00009cbc                __udivdi3
 *(.glue_7t)
 .glue_7t       0x00000000        0x0 linker stubs
 *(.glue_7)
 .glue_7        0x00000000        0x0 linker stubs
 *(.rodata .rodata* .gnu.linkonce.r.*)
 .rodata        0x00009fd0       0x48 ..\obj\main.o
 .rodata        0x0000a018       0x9c ..\obj\sysctl.o
 .rodata        0x0000a0b4        0x8 ..\obj\tasks.o
 .rodata        0x0000a0bc      0x244 ..\obj\rit128x96x4.o
 .rodata        0x0000a300       0x6c ..\obj\task_display.o
 .rodata        0x0000a36c       0x20 c:/app/coide/gcc/sourcery g++ lite/bin/../lib/gcc/arm-none-eabi/4.5.1/../../../../arm-none-eabi/lib/thumb2\libc.a(lib_a-svfprintf.o)
 .rodata.str1.4
                0x0000a38c       0x42 c:/app/coide/gcc/sourcery g++ lite/bin/../lib/gcc/arm-none-eabi/4.5.1/../../../../arm-none-eabi/lib/thumb2\libc.a(lib_a-svfprintf.o)
                                 0x44 (size before relaxing)
 *fill*         0x0000a3ce        0x2 00
 .rodata.str1.4
                0x0000a3d0       0x10 c:/app/coide/gcc/sourcery g++ lite/bin/../lib/gcc/arm-none-eabi/4.5.1/../../../../arm-none-eabi/lib/thumb2\libc.a(lib_a-dtoa.o)
                                 0x14 (size before relaxing)
 .rodata.str1.4
                0x0000a3e0        0x2 c:/app/coide/gcc/sourcery g++ lite/bin/../lib/gcc/arm-none-eabi/4.5.1/../../../../arm-none-eabi/lib/thumb2\libc.a(lib_a-impure.o)
                                  0x4 (size before relaxing)
 *fill*         0x0000a3e2        0x2 00
 .rodata.str1.4
                0x0000a3e4        0xc c:/app/coide/gcc/sourcery g++ lite/bin/../lib/gcc/arm-none-eabi/4.5.1/../../../../arm-none-eabi/lib/thumb2\libc.a(lib_a-locale.o)
                                 0x14 (size before relaxing)
 .rodata        0x0000a3f0      0x128 c:/app/coide/gcc/sourcery g++ lite/bin/../lib/gcc/arm-none-eabi/4.5.1/../../../../arm-none-eabi/lib/thumb2\libc.a(lib_a-mprec.o)
                0x0000a400                __mprec_tens
                0x0000a4c8                __mprec_bigtens
                0x0000a4f0                __mprec_tinytens
 .rodata        0x0000a518       0x20 c:/app/coide/gcc/sourcery g++ lite/bin/../lib/gcc/arm-none-eabi/4.5.1/../../../../arm-none-eabi/lib/thumb2\libc.a(lib_a-svfiprintf.o)
 .rodata.str1.4
                0x00000000       0x30 c:/app/coide/gcc/sourcery g++ lite/bin/../lib/gcc/arm-none-eabi/4.5.1/../../../../arm-none-eabi/lib/thumb2\libc.a(lib_a-svfiprintf.o)

.vfp11_veneer   0x0000a538        0x0
 .vfp11_veneer  0x00000000        0x0 linker stubs

.v4_bx          0x0000a538        0x0
 .v4_bx         0x00000000        0x0 linker stubs

.ARM.extab
 *(.ARM.extab* .gnu.linkonce.armextab.*)

.ARM.exidx      0x0000a538        0x8
 *(.ARM.exidx* .gnu.linkonce.armexidx.*)
 .ARM.exidx     0x0000a538        0x8 c:/app/coide/gcc/sourcery g++ lite/bin/../lib/gcc/arm-none-eabi/4.5.1/thumb2\libgcc.a(_divdi3.o)
 .ARM.exidx     0x0000a540        0x0 c:/app/coide/gcc/sourcery g++ lite/bin/../lib/gcc/arm-none-eabi/4.5.1/thumb2\libgcc.a(_udivdi3.o)
                                  0x8 (size before relaxing)
                0x0000a540                . = ALIGN (0x4)
                0x0000a540                _etext = .
                0x0000a540                _sidata = .

.data           0x20000000      0x5c8 load address 0x0000a540
                0x20000000                _sdata = .
 *(.data .data.*)
 .data          0x20000000       0x10 ..\obj\system_lm3s.o
                0x20000000                SystemFrequency
                0x20000004                SystemFrequency_PwmClk
                0x20000008                SystemFrequency_AdcClk
                0x2000000c                SystemFrequency_CanClk
 .data          0x20000010        0x4 ..\obj\tasks.o
 .data          0x20000014        0x4 ..\obj\port.o
 .data          0x20000018       0x30 ..\obj\pwm_generico.o
 .data          0x20000048       0xf4 c:/app/coide/gcc/sourcery g++ lite/bin/../lib/gcc/arm-none-eabi/4.5.1/../../../../arm-none-eabi/lib/thumb2\libc.a(lib_a-impure.o)
                0x20000048                _impure_ptr
 .data          0x2000013c       0x7c c:/app/coide/gcc/sourcery g++ lite/bin/../lib/gcc/arm-none-eabi/4.5.1/../../../../arm-none-eabi/lib/thumb2\libc.a(lib_a-locale.o)
                0x2000015c                __mb_cur_max
 .data          0x200001b8      0x410 c:/app/coide/gcc/sourcery g++ lite/bin/../lib/gcc/arm-none-eabi/4.5.1/../../../../arm-none-eabi/lib/thumb2\libc.a(lib_a-mallocr.o)
                0x200001b8                __malloc_av_
                0x200005c0                __malloc_sbrk_base
                0x200005c4                __malloc_trim_threshold
                0x200005c8                . = ALIGN (0x4)
                0x200005c8                _edata = .

.bss            0x200005c8     0x12e8 load address 0x0000ab08
                0x200005c8                _sbss = .
 *(.bss .bss.*)
 .bss           0x200005c8        0x4 ..\obj\Task_Comunicaciones.o
                0x200005c8                cntComm
 .bss           0x200005cc        0x4 ..\obj\Task_Control.o
                0x200005cc                cntControl
 .bss           0x200005d0       0xd4 ..\obj\tasks.o
                0x200005d0                pxCurrentTCB
 .bss           0x200006a4       0x18 ..\obj\Task_Seguridad.o
                0x200006a4                gf_uSecho_widht_obs
                0x200006a8                gf_uSecho_widht_esc
                0x200006ac                cntSegur
                0x200006b0                distancia_obs
                0x200006b4                distancia_esc
                0x200006b8                obstaculo
                0x200006b9                escalon
 .bss           0x200006bc        0xc ..\obj\rit128x96x4.o
 .bss           0x200006c8        0x4 ..\obj\syscalls.o
 *fill*         0x200006cc        0x4 00
 .bss           0x200006d0     0x1008 ..\obj\heap_1.o
 .bss           0x200016d8       0x18 ..\obj\ultrasonidos.o
                0x200016d8                time_flanco_pos_obs
                0x200016dc                time_flanco_neg_obs
                0x200016e0                time_flanco_pos_esc
                0x200016e4                time_flanco_neg_esc
                0x200016e8                flancoPos_Obs
                0x200016e9                flancoPos_Esc
                0x200016ea                echo_OK_Obs
                0x200016eb                echo_OK_Esc
                0x200016ec                g_cycles
 .bss           0x200016f0       0x34 c:/app/coide/gcc/sourcery g++ lite/bin/../lib/gcc/arm-none-eabi/4.5.1/../../../../arm-none-eabi/lib/thumb2\libc.a(lib_a-mallocr.o)
                0x200016f0                __malloc_top_pad
                0x200016f4                __malloc_current_mallinfo
                0x2000171c                __malloc_max_sbrked_mem
                0x20001720                __malloc_max_total_mem
 *(COMMON)
 COMMON         0x20001724       0x80 ..\obj\task_display.o
                0x20001724                str
 COMMON         0x200017a4      0x108 ..\obj\console.o
                0x200017a4                consoleImage
 COMMON         0x200018ac        0x4 c:/app/coide/gcc/sourcery g++ lite/bin/../lib/gcc/arm-none-eabi/4.5.1/../../../../arm-none-eabi/lib/thumb2\libc.a(lib_a-reent.o)
                0x200018ac                errno
                0x200018b0                . = ALIGN (0x4)
                0x200018b0                _ebss = .

.co_stack       0x200018b0      0x400 load address 0x0000bdf0
                0x200018b0                . = ALIGN (0x8)
 *(.co_stack .co_stack.*)
 .co_stack      0x200018b0      0x400 ..\obj\startup_lm3s.o
                0x200018b0                pulStack
                0x20001cb0                . = ALIGN (0x4)
                0x20001cb0                _end = .
LOAD ..\obj\Task_Comunicaciones.o
LOAD ..\obj\pines.o
LOAD ..\obj\system_lm3s.o
LOAD ..\obj\core_cm3.o
LOAD ..\obj\timer.o
LOAD ..\obj\pwm.o
LOAD ..\obj\Task_Control.o
LOAD ..\obj\system_tick.o
LOAD ..\obj\main.o
LOAD ..\obj\framebuffer.o
LOAD ..\obj\sysctl.o
LOAD ..\obj\timers.o
LOAD ..\obj\gpio.o
LOAD ..\obj\display.o
LOAD ..\obj\display_RIT.o
LOAD ..\obj\tasks.o
LOAD ..\obj\Task_Seguridad.o
LOAD ..\obj\interrupt.o
LOAD ..\obj\rit128x96x4.o
LOAD ..\obj\startup_lm3s.o
LOAD ..\obj\list.o
LOAD ..\obj\syscalls.o
LOAD ..\obj\ssi.o
LOAD ..\obj\queue.o
LOAD ..\obj\port.o
LOAD ..\obj\pwm_generico.o
LOAD ..\obj\croutine.o
LOAD ..\obj\task_display.o
LOAD ..\obj\cpu.o
LOAD ..\obj\console.o
LOAD ..\obj\systick.o
LOAD ..\obj\heap_1.o
LOAD ..\obj\ultrasonidos.o
START GROUP
LOAD c:/app/coide/gcc/sourcery g++ lite/bin/../lib/gcc/arm-none-eabi/4.5.1/thumb2\libgcc.a
LOAD c:/app/coide/gcc/sourcery g++ lite/bin/../lib/gcc/arm-none-eabi/4.5.1/../../../../arm-none-eabi/lib/thumb2\libc.a
END GROUP
OUTPUT(POPBL.elf elf32-littlearm)

.debug_abbrev   0x00000000     0x19e0
 .debug_abbrev  0x00000000       0xba ..\obj\Task_Comunicaciones.o
 .debug_abbrev  0x000000ba       0xa9 ..\obj\pines.o
 .debug_abbrev  0x00000163      0x112 ..\obj\system_lm3s.o
 .debug_abbrev  0x00000275       0xd7 ..\obj\core_cm3.o
 .debug_abbrev  0x0000034c       0xb8 ..\obj\timer.o
 .debug_abbrev  0x00000404       0xc7 ..\obj\pwm.o
 .debug_abbrev  0x000004cb       0xba ..\obj\Task_Control.o
 .debug_abbrev  0x00000585       0x49 ..\obj\system_tick.o
 .debug_abbrev  0x000005ce       0x45 ..\obj\main.o
 .debug_abbrev  0x00000613      0x12d ..\obj\framebuffer.o
 .debug_abbrev  0x00000740      0x115 ..\obj\sysctl.o
 .debug_abbrev  0x00000855       0x2a ..\obj\timers.o
 .debug_abbrev  0x0000087f       0xf1 ..\obj\gpio.o
 .debug_abbrev  0x00000970       0x7d ..\obj\display.o
 .debug_abbrev  0x000009ed       0x84 ..\obj\display_RIT.o
 .debug_abbrev  0x00000a71      0x197 ..\obj\tasks.o
 .debug_abbrev  0x00000c08       0xae ..\obj\Task_Seguridad.o
 .debug_abbrev  0x00000cb6      0x104 ..\obj\interrupt.o
 .debug_abbrev  0x00000dba       0xb2 ..\obj\rit128x96x4.o
 .debug_abbrev  0x00000e6c       0xa5 ..\obj\startup_lm3s.o
 .debug_abbrev  0x00000f11       0xb8 ..\obj\list.o
 .debug_abbrev  0x00000fc9       0xe0 ..\obj\syscalls.o
 .debug_abbrev  0x000010a9       0xd8 ..\obj\ssi.o
 .debug_abbrev  0x00001181      0x142 ..\obj\queue.o
 .debug_abbrev  0x000012c3      0x133 ..\obj\port.o
 .debug_abbrev  0x000013f6       0x73 ..\obj\pwm_generico.o
 .debug_abbrev  0x00001469      0x188 ..\obj\croutine.o
 .debug_abbrev  0x000015f1       0xbc ..\obj\task_display.o
 .debug_abbrev  0x000016ad       0x5e ..\obj\cpu.o
 .debug_abbrev  0x0000170b       0xa0 ..\obj\console.o
 .debug_abbrev  0x000017ab       0x83 ..\obj\systick.o
 .debug_abbrev  0x0000182e       0xfe ..\obj\heap_1.o
 .debug_abbrev  0x0000192c       0xb4 ..\obj\ultrasonidos.o

.debug_info     0x00000000     0x6be4
 .debug_info    0x00000000      0x127 ..\obj\Task_Comunicaciones.o
 .debug_info    0x00000127      0x1f9 ..\obj\pines.o
 .debug_info    0x00000320      0x45a ..\obj\system_lm3s.o
 .debug_info    0x0000077a      0x54c ..\obj\core_cm3.o
 .debug_info    0x00000cc6      0x5b4 ..\obj\timer.o
 .debug_info    0x0000127a      0x950 ..\obj\pwm.o
 .debug_info    0x00001bca      0x127 ..\obj\Task_Control.o
 .debug_info    0x00001cf1       0x5b ..\obj\system_tick.o
 .debug_info    0x00001d4c       0x94 ..\obj\main.o
 .debug_info    0x00001de0      0x3b9 ..\obj\framebuffer.o
 .debug_info    0x00002199      0x7f1 ..\obj\sysctl.o
 .debug_info    0x0000298a       0x50 ..\obj\timers.o
 .debug_info    0x000029da      0x8a1 ..\obj\gpio.o
 .debug_info    0x0000327b       0xa3 ..\obj\display.o
 .debug_info    0x0000331e      0x153 ..\obj\display_RIT.o
 .debug_info    0x00003471      0x9d4 ..\obj\tasks.o
 .debug_info    0x00003e45      0x200 ..\obj\Task_Seguridad.o
 .debug_info    0x00004045      0x2b7 ..\obj\interrupt.o
 .debug_info    0x000042fc      0x3db ..\obj\rit128x96x4.o
 .debug_info    0x000046d7      0x135 ..\obj\startup_lm3s.o
 .debug_info    0x0000480c      0x2aa ..\obj\list.o
 .debug_info    0x00004ab6      0x444 ..\obj\syscalls.o
 .debug_info    0x00004efa      0x449 ..\obj\ssi.o
 .debug_info    0x00005343      0x731 ..\obj\queue.o
 .debug_info    0x00005a74      0x1f7 ..\obj\port.o
 .debug_info    0x00005c6b      0x107 ..\obj\pwm_generico.o
 .debug_info    0x00005d72      0x4b3 ..\obj\croutine.o
 .debug_info    0x00006225      0x1c3 ..\obj\task_display.o
 .debug_info    0x000063e8       0x99 ..\obj\cpu.o
 .debug_info    0x00006481      0x1b2 ..\obj\console.o
 .debug_info    0x00006633      0x12b ..\obj\systick.o
 .debug_info    0x0000675e      0x176 ..\obj\heap_1.o
 .debug_info    0x000068d4      0x310 ..\obj\ultrasonidos.o

.debug_line     0x00000000     0x7534
 .debug_line    0x00000000      0x41f ..\obj\Task_Comunicaciones.o
 .debug_line    0x0000041f      0x30f ..\obj\pines.o
 .debug_line    0x0000072e      0x24c ..\obj\system_lm3s.o
 .debug_line    0x0000097a      0x2ce ..\obj\core_cm3.o
 .debug_line    0x00000c48      0x403 ..\obj\timer.o
 .debug_line    0x0000104b      0x3fc ..\obj\pwm.o
 .debug_line    0x00001447      0x418 ..\obj\Task_Control.o
 .debug_line    0x0000185f       0xde ..\obj\system_tick.o
 .debug_line    0x0000193d      0x4da ..\obj\main.o
 .debug_line    0x00001e17      0x4db ..\obj\framebuffer.o
 .debug_line    0x000022f2      0x5dd ..\obj\sysctl.o
 .debug_line    0x000028cf      0x1d7 ..\obj\timers.o
 .debug_line    0x00002aa6      0x5d4 ..\obj\gpio.o
 .debug_line    0x0000307a      0x12b ..\obj\display.o
 .debug_line    0x000031a5      0x371 ..\obj\display_RIT.o
 .debug_line    0x00003516      0x72c ..\obj\tasks.o
 .debug_line    0x00003c42      0x57d ..\obj\Task_Seguridad.o
 .debug_line    0x000041bf      0x226 ..\obj\interrupt.o
 .debug_line    0x000043e5      0x300 ..\obj\rit128x96x4.o
 .debug_line    0x000046e5       0x93 ..\obj\startup_lm3s.o
 .debug_line    0x00004778      0x41d ..\obj\list.o
 .debug_line    0x00004b95      0x367 ..\obj\syscalls.o
 .debug_line    0x00004efc      0x2f8 ..\obj\ssi.o
 .debug_line    0x000051f4      0x5d0 ..\obj\queue.o
 .debug_line    0x000057c4      0x26c ..\obj\port.o
 .debug_line    0x00005a30      0x1ac ..\obj\pwm_generico.o
 .debug_line    0x00005bdc      0x310 ..\obj\croutine.o
 .debug_line    0x00005eec      0x5f4 ..\obj\task_display.o
 .debug_line    0x000064e0       0xcb ..\obj\cpu.o
 .debug_line    0x000065ab      0x3dc ..\obj\console.o
 .debug_line    0x00006987      0x1ab ..\obj\systick.o
 .debug_line    0x00006b32      0x409 ..\obj\heap_1.o
 .debug_line    0x00006f3b      0x5f9 ..\obj\ultrasonidos.o

.debug_macinfo  0x00000000    0xf868f
 .debug_macinfo
                0x00000000     0x5e38 ..\obj\Task_Comunicaciones.o
 .debug_macinfo
                0x00005e38     0x9488 ..\obj\pines.o
 .debug_macinfo
                0x0000f2c0     0x61d1 ..\obj\system_lm3s.o
 .debug_macinfo
                0x00015491     0x1f65 ..\obj\core_cm3.o
 .debug_macinfo
                0x000173f6     0x42cf ..\obj\timer.o
 .debug_macinfo
                0x0001b6c5     0xf3b2 ..\obj\pwm.o
 .debug_macinfo
                0x0002aa77     0x5e38 ..\obj\Task_Control.o
 .debug_macinfo
                0x000308af     0x16c9 ..\obj\system_tick.o
 .debug_macinfo
                0x00031f78     0xc237 ..\obj\main.o
 .debug_macinfo
                0x0003e1af     0x4c4f ..\obj\framebuffer.o
 .debug_macinfo
                0x00042dfe    0x1284d ..\obj\sysctl.o
 .debug_macinfo
                0x0005564b     0x427f ..\obj\timers.o
 .debug_macinfo
                0x000598ca    0x119e1 ..\obj\gpio.o
 .debug_macinfo
                0x0006b2ab     0x1fce ..\obj\display.o
 .debug_macinfo
                0x0006d279     0x3d68 ..\obj\display_RIT.o
 .debug_macinfo
                0x00070fe1     0x6afa ..\obj\tasks.o
 .debug_macinfo
                0x00077adb     0xf8fa ..\obj\Task_Seguridad.o
 .debug_macinfo
                0x000873d5     0x76e6 ..\obj\interrupt.o
 .debug_macinfo
                0x0008eabb    0x1090a ..\obj\rit128x96x4.o
 .debug_macinfo
                0x0009f3c5     0x16a5 ..\obj\startup_lm3s.o
 .debug_macinfo
                0x000a0a6a     0x4f5e ..\obj\list.o
 .debug_macinfo
                0x000a59c8     0x492d ..\obj\syscalls.o
 .debug_macinfo
                0x000aa2f5     0x57bf ..\obj\ssi.o
 .debug_macinfo
                0x000afab4     0x566d ..\obj\queue.o
 .debug_macinfo
                0x000b5121     0x37bd ..\obj\port.o
 .debug_macinfo
                0x000b88de     0xab1a ..\obj\pwm_generico.o
 .debug_macinfo
                0x000c33f8     0x3c8a ..\obj\croutine.o
 .debug_macinfo
                0x000c7082     0xf929 ..\obj\task_display.o
 .debug_macinfo
                0x000d69ab     0x1680 ..\obj\cpu.o
 .debug_macinfo
                0x000d802b     0x431d ..\obj\console.o
 .debug_macinfo
                0x000dc348     0x76ea ..\obj\systick.o
 .debug_macinfo
                0x000e3a32     0x52fc ..\obj\heap_1.o
 .debug_macinfo
                0x000e8d2e     0xf961 ..\obj\ultrasonidos.o

.debug_loc      0x00000000     0x4046
 .debug_loc     0x00000000       0x38 ..\obj\Task_Comunicaciones.o
 .debug_loc     0x00000038       0xa8 ..\obj\pines.o
 .debug_loc     0x000000e0       0x70 ..\obj\system_lm3s.o
 .debug_loc     0x00000150      0x3f0 ..\obj\core_cm3.o
 .debug_loc     0x00000540      0x508 ..\obj\timer.o
 .debug_loc     0x00000a48      0x738 ..\obj\pwm.o
 .debug_loc     0x00001180       0x38 ..\obj\Task_Control.o
 .debug_loc     0x000011b8       0x38 ..\obj\system_tick.o
 .debug_loc     0x000011f0       0x38 ..\obj\main.o
 .debug_loc     0x00001228      0x18a ..\obj\framebuffer.o
 .debug_loc     0x000013b2      0x894 ..\obj\sysctl.o
 .debug_loc     0x00001c46      0x700 ..\obj\gpio.o
 .debug_loc     0x00002346       0x90 ..\obj\display.o
 .debug_loc     0x000023d6       0x9c ..\obj\display_RIT.o
 .debug_loc     0x00002472      0x494 ..\obj\tasks.o
 .debug_loc     0x00002906       0x64 ..\obj\Task_Seguridad.o
 .debug_loc     0x0000296a      0x244 ..\obj\interrupt.o
 .debug_loc     0x00002bae      0x224 ..\obj\rit128x96x4.o
 .debug_loc     0x00002dd2       0x64 ..\obj\startup_lm3s.o
 .debug_loc     0x00002e36      0x118 ..\obj\list.o
 .debug_loc     0x00002f4e      0x1ec ..\obj\syscalls.o
 .debug_loc     0x0000313a      0x380 ..\obj\ssi.o
 .debug_loc     0x000034ba      0x348 ..\obj\queue.o
 .debug_loc     0x00003802      0x178 ..\obj\port.o
 .debug_loc     0x0000397a       0x70 ..\obj\pwm_generico.o
 .debug_loc     0x000039ea      0x188 ..\obj\croutine.o
 .debug_loc     0x00003b72       0x38 ..\obj\task_display.o
 .debug_loc     0x00003baa      0x118 ..\obj\console.o
 .debug_loc     0x00003cc2      0x1a4 ..\obj\systick.o
 .debug_loc     0x00003e66       0xc8 ..\obj\heap_1.o
 .debug_loc     0x00003f2e      0x118 ..\obj\ultrasonidos.o

.debug_pubnames
                0x00000000     0x1d58
 .debug_pubnames
                0x00000000       0x43 ..\obj\Task_Comunicaciones.o
 .debug_pubnames
                0x00000043       0x67 ..\obj\pines.o
 .debug_pubnames
                0x000000aa       0x86 ..\obj\system_lm3s.o
 .debug_pubnames
                0x00000130      0x159 ..\obj\core_cm3.o
 .debug_pubnames
                0x00000289      0x1d2 ..\obj\timer.o
 .debug_pubnames
                0x0000045b      0x2d1 ..\obj\pwm.o
 .debug_pubnames
                0x0000072c       0x3f ..\obj\Task_Control.o
 .debug_pubnames
                0x0000076b       0x34 ..\obj\system_tick.o
 .debug_pubnames
                0x0000079f       0x1b ..\obj\main.o
 .debug_pubnames
                0x000007ba      0x13e ..\obj\framebuffer.o
 .debug_pubnames
                0x000008f8      0x41f ..\obj\sysctl.o
 .debug_pubnames
                0x00000d17      0x2a9 ..\obj\gpio.o
 .debug_pubnames
                0x00000fc0       0x66 ..\obj\display.o
 .debug_pubnames
                0x00001026       0x72 ..\obj\display_RIT.o
 .debug_pubnames
                0x00001098      0x19d ..\obj\tasks.o
 .debug_pubnames
                0x00001235       0xb3 ..\obj\Task_Seguridad.o
 .debug_pubnames
                0x000012e8       0xd6 ..\obj\interrupt.o
 .debug_pubnames
                0x000013be       0xce ..\obj\rit128x96x4.o
 .debug_pubnames
                0x0000148c       0x4a ..\obj\startup_lm3s.o
 .debug_pubnames
                0x000014d6       0x71 ..\obj\list.o
 .debug_pubnames
                0x00001547       0x71 ..\obj\syscalls.o
 .debug_pubnames
                0x000015b8      0x133 ..\obj\ssi.o
 .debug_pubnames
                0x000016eb      0x111 ..\obj\queue.o
 .debug_pubnames
                0x000017fc      0x10d ..\obj\port.o
 .debug_pubnames
                0x00001909       0x56 ..\obj\pwm_generico.o
 .debug_pubnames
                0x0000195f       0x96 ..\obj\croutine.o
 .debug_pubnames
                0x000019f5       0x2c ..\obj\task_display.o
 .debug_pubnames
                0x00001a21       0x37 ..\obj\cpu.o
 .debug_pubnames
                0x00001a58       0x86 ..\obj\console.o
 .debug_pubnames
                0x00001ade       0xd0 ..\obj\systick.o
 .debug_pubnames
                0x00001bae       0x64 ..\obj\heap_1.o
 .debug_pubnames
                0x00001c12      0x146 ..\obj\ultrasonidos.o

.debug_pubtypes
                0x00000000      0x738
 .debug_pubtypes
                0x00000000       0x23 ..\obj\Task_Comunicaciones.o
 .debug_pubtypes
                0x00000023       0x2f ..\obj\pines.o
 .debug_pubtypes
                0x00000052       0x3b ..\obj\system_lm3s.o
 .debug_pubtypes
                0x0000008d       0x50 ..\obj\core_cm3.o
 .debug_pubtypes
                0x000000dd       0x1f ..\obj\timer.o
 .debug_pubtypes
                0x000000fc       0x1f ..\obj\pwm.o
 .debug_pubtypes
                0x0000011b       0x23 ..\obj\Task_Control.o
 .debug_pubtypes
                0x0000013e       0x12 ..\obj\main.o
 .debug_pubtypes
                0x00000150       0x3f ..\obj\framebuffer.o
 .debug_pubtypes
                0x0000018f       0x1f ..\obj\sysctl.o
 .debug_pubtypes
                0x000001ae       0x12 ..\obj\timers.o
 .debug_pubtypes
                0x000001c0       0x1f ..\obj\gpio.o
 .debug_pubtypes
                0x000001df       0x12 ..\obj\display.o
 .debug_pubtypes
                0x000001f1       0x12 ..\obj\display_RIT.o
 .debug_pubtypes
                0x00000203      0x10c ..\obj\tasks.o
 .debug_pubtypes
                0x0000030f       0x30 ..\obj\Task_Seguridad.o
 .debug_pubtypes
                0x0000033f       0x1f ..\obj\interrupt.o
 .debug_pubtypes
                0x0000035e       0x12 ..\obj\rit128x96x4.o
 .debug_pubtypes
                0x00000370       0x7a ..\obj\list.o
 .debug_pubtypes
                0x000003ea       0xaa ..\obj\syscalls.o
 .debug_pubtypes
                0x00000494       0x1f ..\obj\ssi.o
 .debug_pubtypes
                0x000004b3       0xd4 ..\obj\queue.o
 .debug_pubtypes
                0x00000587       0x33 ..\obj\port.o
 .debug_pubtypes
                0x000005ba       0x12 ..\obj\pwm_generico.o
 .debug_pubtypes
                0x000005cc       0xcd ..\obj\croutine.o
 .debug_pubtypes
                0x00000699       0x30 ..\obj\task_display.o
 .debug_pubtypes
                0x000006c9       0x12 ..\obj\console.o
 .debug_pubtypes
                0x000006db       0x12 ..\obj\systick.o
 .debug_pubtypes
                0x000006ed       0x2c ..\obj\heap_1.o
 .debug_pubtypes
                0x00000719       0x1f ..\obj\ultrasonidos.o

.debug_aranges  0x00000000      0xcd0
 .debug_aranges
                0x00000000       0x20 ..\obj\Task_Comunicaciones.o
 .debug_aranges
                0x00000020       0x30 ..\obj\pines.o
 .debug_aranges
                0x00000050       0x28 ..\obj\system_lm3s.o
 .debug_aranges
                0x00000078       0xc8 ..\obj\core_cm3.o
 .debug_aranges
                0x00000140       0xd0 ..\obj\timer.o
 .debug_aranges
                0x00000210      0x120 ..\obj\pwm.o
 .debug_aranges
                0x00000330       0x20 ..\obj\Task_Control.o
 .debug_aranges
                0x00000350       0x20 ..\obj\system_tick.o
 .debug_aranges
                0x00000370       0x20 ..\obj\main.o
 .debug_aranges
                0x00000390       0x50 ..\obj\framebuffer.o
 .debug_aranges
                0x000003e0      0x170 ..\obj\sysctl.o
 .debug_aranges
                0x00000550      0x118 ..\obj\gpio.o
 .debug_aranges
                0x00000668       0x30 ..\obj\display.o
 .debug_aranges
                0x00000698       0x30 ..\obj\display_RIT.o
 .debug_aranges
                0x000006c8       0xc8 ..\obj\tasks.o
 .debug_aranges
                0x00000790       0x28 ..\obj\Task_Seguridad.o
 .debug_aranges
                0x000007b8       0x70 ..\obj\interrupt.o
 .debug_aranges
                0x00000828       0x68 ..\obj\rit128x96x4.o
 .debug_aranges
                0x00000890       0x28 ..\obj\startup_lm3s.o
 .debug_aranges
                0x000008b8       0x40 ..\obj\list.o
 .debug_aranges
                0x000008f8       0x60 ..\obj\syscalls.o
 .debug_aranges
                0x00000958       0x98 ..\obj\ssi.o
 .debug_aranges
                0x000009f0       0x90 ..\obj\queue.o
 .debug_aranges
                0x00000a80       0x70 ..\obj\port.o
 .debug_aranges
                0x00000af0       0x28 ..\obj\pwm_generico.o
 .debug_aranges
                0x00000b18       0x50 ..\obj\croutine.o
 .debug_aranges
                0x00000b68       0x20 ..\obj\task_display.o
 .debug_aranges
                0x00000b88       0x30 ..\obj\cpu.o
 .debug_aranges
                0x00000bb8       0x40 ..\obj\console.o
 .debug_aranges
                0x00000bf8       0x60 ..\obj\systick.o
 .debug_aranges
                0x00000c58       0x38 ..\obj\heap_1.o
 .debug_aranges
                0x00000c90       0x40 ..\obj\ultrasonidos.o

.debug_ranges   0x00000000      0xad0
 .debug_ranges  0x00000000       0x10 ..\obj\Task_Comunicaciones.o
 .debug_ranges  0x00000010       0x20 ..\obj\pines.o
 .debug_ranges  0x00000030       0x18 ..\obj\system_lm3s.o
 .debug_ranges  0x00000048       0xb8 ..\obj\core_cm3.o
 .debug_ranges  0x00000100       0xc0 ..\obj\timer.o
 .debug_ranges  0x000001c0      0x110 ..\obj\pwm.o
 .debug_ranges  0x000002d0       0x10 ..\obj\Task_Control.o
 .debug_ranges  0x000002e0       0x10 ..\obj\system_tick.o
 .debug_ranges  0x000002f0       0x10 ..\obj\main.o
 .debug_ranges  0x00000300       0x40 ..\obj\framebuffer.o
 .debug_ranges  0x00000340      0x160 ..\obj\sysctl.o
 .debug_ranges  0x000004a0      0x108 ..\obj\gpio.o
 .debug_ranges  0x000005a8       0x20 ..\obj\display.o
 .debug_ranges  0x000005c8       0x20 ..\obj\display_RIT.o
 .debug_ranges  0x000005e8       0xb8 ..\obj\tasks.o
 .debug_ranges  0x000006a0       0x18 ..\obj\Task_Seguridad.o
 .debug_ranges  0x000006b8       0x60 ..\obj\interrupt.o
 .debug_ranges  0x00000718       0x58 ..\obj\rit128x96x4.o
 .debug_ranges  0x00000770       0x18 ..\obj\startup_lm3s.o
 .debug_ranges  0x00000788       0x30 ..\obj\list.o
 .debug_ranges  0x000007b8       0x50 ..\obj\syscalls.o
 .debug_ranges  0x00000808       0x88 ..\obj\ssi.o
 .debug_ranges  0x00000890       0x80 ..\obj\queue.o
 .debug_ranges  0x00000910       0x60 ..\obj\port.o
 .debug_ranges  0x00000970       0x18 ..\obj\pwm_generico.o
 .debug_ranges  0x00000988       0x40 ..\obj\croutine.o
 .debug_ranges  0x000009c8       0x10 ..\obj\task_display.o
 .debug_ranges  0x000009d8       0x20 ..\obj\cpu.o
 .debug_ranges  0x000009f8       0x30 ..\obj\console.o
 .debug_ranges  0x00000a28       0x50 ..\obj\systick.o
 .debug_ranges  0x00000a78       0x28 ..\obj\heap_1.o
 .debug_ranges  0x00000aa0       0x30 ..\obj\ultrasonidos.o

.debug_str      0x00000000     0x2ef2
 .debug_str     0x00000000      0x114 ..\obj\Task_Comunicaciones.o
                                0x154 (size before relaxing)
 .debug_str     0x00000114       0xfe ..\obj\pines.o
                                0x15f (size before relaxing)
 .debug_str     0x00000212      0x1d8 ..\obj\system_lm3s.o
                                0x26d (size before relaxing)
 .debug_str     0x000003ea      0x172 ..\obj\core_cm3.o
                                0x223 (size before relaxing)
 .debug_str     0x0000055c      0x1fa ..\obj\timer.o
                                0x22f (size before relaxing)
 .debug_str     0x00000756      0x35b ..\obj\pwm.o
                                0x3cb (size before relaxing)
 .debug_str     0x00000ab1       0x57 ..\obj\Task_Control.o
                                0x144 (size before relaxing)
 .debug_str     0x00000b08       0x53 ..\obj\system_tick.o
                                 0x71 (size before relaxing)
 .debug_str     0x00000b5b       0x33 ..\obj\main.o
                                 0xf1 (size before relaxing)
 .debug_str     0x00000b8e      0x18e ..\obj\framebuffer.o
                                0x267 (size before relaxing)
 .debug_str     0x00000d1c      0x479 ..\obj\sysctl.o
                                0x4e6 (size before relaxing)
 .debug_str     0x00001195       0x36 ..\obj\timers.o
                                 0x89 (size before relaxing)
 .debug_str     0x000011cb      0x306 ..\obj\gpio.o
                                0x390 (size before relaxing)
 .debug_str     0x000014d1       0x7f ..\obj\display.o
                                 0xa4 (size before relaxing)
 .debug_str     0x00001550       0xa9 ..\obj\display_RIT.o
                                0x146 (size before relaxing)
 .debug_str     0x000015f9      0x5d2 ..\obj\tasks.o
                                0x6d1 (size before relaxing)
 .debug_str     0x00001bcb       0xc1 ..\obj\Task_Seguridad.o
                                0x1c9 (size before relaxing)
 .debug_str     0x00001c8c      0x116 ..\obj\interrupt.o
                                0x1a3 (size before relaxing)
 .debug_str     0x00001da2      0x19f ..\obj\rit128x96x4.o
                                0x234 (size before relaxing)
 .debug_str     0x00001f41       0xa1 ..\obj\startup_lm3s.o
                                 0xcc (size before relaxing)
 .debug_str     0x00001fe2       0xc7 ..\obj\list.o
                                0x1fa (size before relaxing)
 .debug_str     0x000020a9      0x15a ..\obj\syscalls.o
                                0x23f (size before relaxing)
 .debug_str     0x00002203      0x18b ..\obj\ssi.o
                                0x1fb (size before relaxing)
 .debug_str     0x0000238e      0x2cd ..\obj\queue.o
                                0x472 (size before relaxing)
 .debug_str     0x0000265b      0x158 ..\obj\port.o
                                0x1de (size before relaxing)
 .debug_str     0x000027b3       0xaf ..\obj\pwm_generico.o
                                 0xf4 (size before relaxing)
 .debug_str     0x00002862      0x27a ..\obj\croutine.o
                                0x3c9 (size before relaxing)
 .debug_str     0x00002adc       0x44 ..\obj\task_display.o
                                0x18a (size before relaxing)
 .debug_str     0x00002b20       0x56 ..\obj\cpu.o
                                 0x74 (size before relaxing)
 .debug_str     0x00002b76       0x97 ..\obj\console.o
                                0x155 (size before relaxing)
 .debug_str     0x00002c0d       0xd5 ..\obj\systick.o
                                0x115 (size before relaxing)
 .debug_str     0x00002ce2       0xc9 ..\obj\heap_1.o
                                0x165 (size before relaxing)
 .debug_str     0x00002dab      0x147 ..\obj\ultrasonidos.o
                                0x274 (size before relaxing)

.comment        0x00000000       0x2a
 .comment       0x00000000       0x2a ..\obj\Task_Comunicaciones.o
                                 0x2b (size before relaxing)
 .comment       0x00000000       0x2b ..\obj\pines.o
 .comment       0x00000000       0x2b ..\obj\system_lm3s.o
 .comment       0x00000000       0x2b ..\obj\core_cm3.o
 .comment       0x00000000       0x2b ..\obj\timer.o
 .comment       0x00000000       0x2b ..\obj\pwm.o
 .comment       0x00000000       0x2b ..\obj\Task_Control.o
 .comment       0x00000000       0x2b ..\obj\system_tick.o
 .comment       0x00000000       0x2b ..\obj\main.o
 .comment       0x00000000       0x2b ..\obj\framebuffer.o
 .comment       0x00000000       0x2b ..\obj\sysctl.o
 .comment       0x00000000       0x2b ..\obj\timers.o
 .comment       0x00000000       0x2b ..\obj\gpio.o
 .comment       0x00000000       0x2b ..\obj\display.o
 .comment       0x00000000       0x2b ..\obj\display_RIT.o
 .comment       0x00000000       0x2b ..\obj\tasks.o
 .comment       0x00000000       0x2b ..\obj\Task_Seguridad.o
 .comment       0x00000000       0x2b ..\obj\interrupt.o
 .comment       0x00000000       0x2b ..\obj\rit128x96x4.o
 .comment       0x00000000       0x2b ..\obj\startup_lm3s.o
 .comment       0x00000000       0x2b ..\obj\list.o
 .comment       0x00000000       0x2b ..\obj\syscalls.o
 .comment       0x00000000       0x2b ..\obj\ssi.o
 .comment       0x00000000       0x2b ..\obj\queue.o
 .comment       0x00000000       0x2b ..\obj\port.o
 .comment       0x00000000       0x2b ..\obj\pwm_generico.o
 .comment       0x00000000       0x2b ..\obj\croutine.o
 .comment       0x00000000       0x2b ..\obj\task_display.o
 .comment       0x00000000       0x2b ..\obj\cpu.o
 .comment       0x00000000       0x2b ..\obj\console.o
 .comment       0x00000000       0x2b ..\obj\systick.o
 .comment       0x00000000       0x2b ..\obj\heap_1.o
 .comment       0x00000000       0x2b ..\obj\ultrasonidos.o

.ARM.attributes
                0x00000000       0x31
 .ARM.attributes
                0x00000000       0x31 ..\obj\Task_Comunicaciones.o
 .ARM.attributes
                0x00000031       0x31 ..\obj\pines.o
 .ARM.attributes
                0x00000062       0x31 ..\obj\system_lm3s.o
 .ARM.attributes
                0x00000093       0x31 ..\obj\core_cm3.o
 .ARM.attributes
                0x000000c4       0x31 ..\obj\timer.o
 .ARM.attributes
                0x000000f5       0x31 ..\obj\pwm.o
 .ARM.attributes
                0x00000126       0x31 ..\obj\Task_Control.o
 .ARM.attributes
                0x00000157       0x31 ..\obj\system_tick.o
 .ARM.attributes
                0x00000188       0x31 ..\obj\main.o
 .ARM.attributes
                0x000001b9       0x31 ..\obj\framebuffer.o
 .ARM.attributes
                0x000001ea       0x31 ..\obj\sysctl.o
 .ARM.attributes
                0x0000021b       0x31 ..\obj\timers.o
 .ARM.attributes
                0x0000024c       0x31 ..\obj\gpio.o
 .ARM.attributes
                0x0000027d       0x31 ..\obj\display.o
 .ARM.attributes
                0x000002ae       0x31 ..\obj\display_RIT.o
 .ARM.attributes
                0x000002df       0x31 ..\obj\tasks.o
 .ARM.attributes
                0x00000310       0x31 ..\obj\Task_Seguridad.o
 .ARM.attributes
                0x00000341       0x31 ..\obj\interrupt.o
 .ARM.attributes
                0x00000372       0x31 ..\obj\rit128x96x4.o
 .ARM.attributes
                0x000003a3       0x31 ..\obj\startup_lm3s.o
 .ARM.attributes
                0x000003d4       0x31 ..\obj\list.o
 .ARM.attributes
                0x00000405       0x31 ..\obj\syscalls.o
 .ARM.attributes
                0x00000436       0x31 ..\obj\ssi.o
 .ARM.attributes
                0x00000467       0x31 ..\obj\queue.o
 .ARM.attributes
                0x00000498       0x31 ..\obj\port.o
 .ARM.attributes
                0x000004c9       0x31 ..\obj\pwm_generico.o
 .ARM.attributes
                0x000004fa       0x31 ..\obj\croutine.o
 .ARM.attributes
                0x0000052b       0x31 ..\obj\task_display.o
 .ARM.attributes
                0x0000055c       0x31 ..\obj\cpu.o
 .ARM.attributes
                0x0000058d       0x31 ..\obj\console.o
 .ARM.attributes
                0x000005be       0x31 ..\obj\systick.o
 .ARM.attributes
                0x000005ef       0x31 ..\obj\heap_1.o
 .ARM.attributes
                0x00000620       0x31 ..\obj\ultrasonidos.o
 .ARM.attributes
                0x00000651       0x1b c:/app/coide/gcc/sourcery g++ lite/bin/../lib/gcc/arm-none-eabi/4.5.1/thumb2\libgcc.a(_arm_addsubdf3.o)
 .ARM.attributes
                0x0000066c       0x1b c:/app/coide/gcc/sourcery g++ lite/bin/../lib/gcc/arm-none-eabi/4.5.1/thumb2\libgcc.a(_arm_muldivdf3.o)
 .ARM.attributes
                0x00000687       0x1b c:/app/coide/gcc/sourcery g++ lite/bin/../lib/gcc/arm-none-eabi/4.5.1/thumb2\libgcc.a(_arm_truncdfsf2.o)
 .ARM.attributes
                0x000006a2       0x1b c:/app/coide/gcc/sourcery g++ lite/bin/../lib/gcc/arm-none-eabi/4.5.1/thumb2\libgcc.a(_arm_addsubsf3.o)
 .ARM.attributes
                0x000006bd       0x1b c:/app/coide/gcc/sourcery g++ lite/bin/../lib/gcc/arm-none-eabi/4.5.1/thumb2\libgcc.a(_arm_muldivsf3.o)
 .ARM.attributes
                0x000006d8       0x1b c:/app/coide/gcc/sourcery g++ lite/bin/../lib/gcc/arm-none-eabi/4.5.1/thumb2\libgcc.a(_arm_cmpsf2.o)
 .ARM.attributes
                0x000006f3       0x1b c:/app/coide/gcc/sourcery g++ lite/bin/../lib/gcc/arm-none-eabi/4.5.1/thumb2\libgcc.a(_arm_fixunssfsi.o)
 .ARM.attributes
                0x0000070e       0x29 c:/app/coide/gcc/sourcery g++ lite/bin/../lib/gcc/arm-none-eabi/4.5.1/../../../../arm-none-eabi/lib/thumb2\libc.a(lib_a-memcpy.o)
 .ARM.attributes
                0x00000737       0x29 c:/app/coide/gcc/sourcery g++ lite/bin/../lib/gcc/arm-none-eabi/4.5.1/../../../../arm-none-eabi/lib/thumb2\libc.a(lib_a-memset.o)
 .ARM.attributes
                0x00000760       0x29 c:/app/coide/gcc/sourcery g++ lite/bin/../lib/gcc/arm-none-eabi/4.5.1/../../../../arm-none-eabi/lib/thumb2\libc.a(lib_a-sprintf.o)
 .ARM.attributes
                0x00000789       0x29 c:/app/coide/gcc/sourcery g++ lite/bin/../lib/gcc/arm-none-eabi/4.5.1/../../../../arm-none-eabi/lib/thumb2\libc.a(lib_a-strlen.o)
 .ARM.attributes
                0x000007b2       0x29 c:/app/coide/gcc/sourcery g++ lite/bin/../lib/gcc/arm-none-eabi/4.5.1/../../../../arm-none-eabi/lib/thumb2\libc.a(lib_a-strncpy.o)
 .ARM.attributes
                0x000007db       0x29 c:/app/coide/gcc/sourcery g++ lite/bin/../lib/gcc/arm-none-eabi/4.5.1/../../../../arm-none-eabi/lib/thumb2\libc.a(lib_a-svfprintf.o)
 .ARM.attributes
                0x00000804       0x29 c:/app/coide/gcc/sourcery g++ lite/bin/../lib/gcc/arm-none-eabi/4.5.1/../../../../arm-none-eabi/lib/thumb2\libc.a(lib_a-dtoa.o)
 .ARM.attributes
                0x0000082d       0x29 c:/app/coide/gcc/sourcery g++ lite/bin/../lib/gcc/arm-none-eabi/4.5.1/../../../../arm-none-eabi/lib/thumb2\libc.a(lib_a-impure.o)
 .ARM.attributes
                0x00000856       0x29 c:/app/coide/gcc/sourcery g++ lite/bin/../lib/gcc/arm-none-eabi/4.5.1/../../../../arm-none-eabi/lib/thumb2\libc.a(lib_a-locale.o)
 .ARM.attributes
                0x0000087f       0x29 c:/app/coide/gcc/sourcery g++ lite/bin/../lib/gcc/arm-none-eabi/4.5.1/../../../../arm-none-eabi/lib/thumb2\libc.a(lib_a-malloc.o)
 .ARM.attributes
                0x000008a8       0x29 c:/app/coide/gcc/sourcery g++ lite/bin/../lib/gcc/arm-none-eabi/4.5.1/../../../../arm-none-eabi/lib/thumb2\libc.a(lib_a-mallocr.o)
 .ARM.attributes
                0x000008d1       0x29 c:/app/coide/gcc/sourcery g++ lite/bin/../lib/gcc/arm-none-eabi/4.5.1/../../../../arm-none-eabi/lib/thumb2\libc.a(lib_a-memchr.o)
 .ARM.attributes
                0x000008fa       0x29 c:/app/coide/gcc/sourcery g++ lite/bin/../lib/gcc/arm-none-eabi/4.5.1/../../../../arm-none-eabi/lib/thumb2\libc.a(lib_a-mlock.o)
 .ARM.attributes
                0x00000923       0x29 c:/app/coide/gcc/sourcery g++ lite/bin/../lib/gcc/arm-none-eabi/4.5.1/../../../../arm-none-eabi/lib/thumb2\libc.a(lib_a-mprec.o)
 .ARM.attributes
                0x0000094c       0x29 c:/app/coide/gcc/sourcery g++ lite/bin/../lib/gcc/arm-none-eabi/4.5.1/../../../../arm-none-eabi/lib/thumb2\libc.a(lib_a-s_fpclassify.o)
 .ARM.attributes
                0x00000975       0x29 c:/app/coide/gcc/sourcery g++ lite/bin/../lib/gcc/arm-none-eabi/4.5.1/../../../../arm-none-eabi/lib/thumb2\libc.a(lib_a-sbrkr.o)
 .ARM.attributes
                0x0000099e       0x29 c:/app/coide/gcc/sourcery g++ lite/bin/../lib/gcc/arm-none-eabi/4.5.1/../../../../arm-none-eabi/lib/thumb2\libc.a(lib_a-strcmp.o)
 .ARM.attributes
                0x000009c7       0x29 c:/app/coide/gcc/sourcery g++ lite/bin/../lib/gcc/arm-none-eabi/4.5.1/../../../../arm-none-eabi/lib/thumb2\libc.a(lib_a-svfiprintf.o)
 .ARM.attributes
                0x000009f0       0x29 c:/app/coide/gcc/sourcery g++ lite/bin/../lib/gcc/arm-none-eabi/4.5.1/../../../../arm-none-eabi/lib/thumb2\libc.a(lib_a-callocr.o)
 .ARM.attributes
                0x00000a19       0x29 c:/app/coide/gcc/sourcery g++ lite/bin/../lib/gcc/arm-none-eabi/4.5.1/../../../../arm-none-eabi/lib/thumb2\libc.a(lib_a-freer.o)
 .ARM.attributes
                0x00000a42       0x29 c:/app/coide/gcc/sourcery g++ lite/bin/../lib/gcc/arm-none-eabi/4.5.1/../../../../arm-none-eabi/lib/thumb2\libc.a(lib_a-memmove.o)
 .ARM.attributes
                0x00000a6b       0x29 c:/app/coide/gcc/sourcery g++ lite/bin/../lib/gcc/arm-none-eabi/4.5.1/../../../../arm-none-eabi/lib/thumb2\libc.a(lib_a-reallocr.o)
 .ARM.attributes
                0x00000a94       0x29 c:/app/coide/gcc/sourcery g++ lite/bin/../lib/gcc/arm-none-eabi/4.5.1/../../../../arm-none-eabi/lib/thumb2\libc.a(lib_a-reent.o)
 .ARM.attributes
                0x00000abd       0x1b c:/app/coide/gcc/sourcery g++ lite/bin/../lib/gcc/arm-none-eabi/4.5.1/thumb2\libgcc.a(_udivsi3.o)
 .ARM.attributes
                0x00000ad8       0x1b c:/app/coide/gcc/sourcery g++ lite/bin/../lib/gcc/arm-none-eabi/4.5.1/thumb2\libgcc.a(_dvmd_tls.o)
 .ARM.attributes
                0x00000af3       0x1b c:/app/coide/gcc/sourcery g++ lite/bin/../lib/gcc/arm-none-eabi/4.5.1/thumb2\libgcc.a(_arm_cmpdf2.o)
 .ARM.attributes
                0x00000b0e       0x1b c:/app/coide/gcc/sourcery g++ lite/bin/../lib/gcc/arm-none-eabi/4.5.1/thumb2\libgcc.a(_arm_fixdfsi.o)
 .ARM.attributes
                0x00000b29       0x1b c:/app/coide/gcc/sourcery g++ lite/bin/../lib/gcc/arm-none-eabi/4.5.1/thumb2\libgcc.a(_aeabi_uldivmod.o)
 .ARM.attributes
                0x00000b44       0x29 c:/app/coide/gcc/sourcery g++ lite/bin/../lib/gcc/arm-none-eabi/4.5.1/thumb2\libgcc.a(bpabi.o)
 .ARM.attributes
                0x00000b6d       0x29 c:/app/coide/gcc/sourcery g++ lite/bin/../lib/gcc/arm-none-eabi/4.5.1/thumb2\libgcc.a(_divdi3.o)
 .ARM.attributes
                0x00000b96       0x29 c:/app/coide/gcc/sourcery g++ lite/bin/../lib/gcc/arm-none-eabi/4.5.1/thumb2\libgcc.a(_udivdi3.o)

.debug_frame    0x00000000     0x2db0
 .debug_frame   0x00000000       0x30 ..\obj\Task_Comunicaciones.o
 .debug_frame   0x00000030       0x74 ..\obj\pines.o
 .debug_frame   0x000000a4       0x4c ..\obj\system_lm3s.o
 .debug_frame   0x000000f0      0x280 ..\obj\core_cm3.o
 .debug_frame   0x00000370      0x2a0 ..\obj\timer.o
 .debug_frame   0x00000610      0x3bc ..\obj\pwm.o
 .debug_frame   0x000009cc       0x30 ..\obj\Task_Control.o
 .debug_frame   0x000009fc       0x30 ..\obj\system_tick.o
 .debug_frame   0x00000a2c       0x30 ..\obj\main.o
 .debug_frame   0x00000a5c       0xe0 ..\obj\framebuffer.o
 .debug_frame   0x00000b3c      0x498 ..\obj\sysctl.o
 .debug_frame   0x00000fd4      0x3d8 ..\obj\gpio.o
 .debug_frame   0x000013ac       0x68 ..\obj\display.o
 .debug_frame   0x00001414       0x6c ..\obj\display_RIT.o
 .debug_frame   0x00001480      0x2a0 ..\obj\tasks.o
 .debug_frame   0x00001720       0x4c ..\obj\Task_Seguridad.o
 .debug_frame   0x0000176c      0x140 ..\obj\interrupt.o
 .debug_frame   0x000018ac      0x14c ..\obj\rit128x96x4.o
 .debug_frame   0x000019f8       0x48 ..\obj\startup_lm3s.o
 .debug_frame   0x00001a40       0x9c ..\obj\list.o
 .debug_frame   0x00001adc      0x108 ..\obj\syscalls.o
 .debug_frame   0x00001be4      0x1d8 ..\obj\ssi.o
 .debug_frame   0x00001dbc      0x1e4 ..\obj\queue.o
 .debug_frame   0x00001fa0      0x110 ..\obj\port.o
 .debug_frame   0x000020b0       0x50 ..\obj\pwm_generico.o
 .debug_frame   0x00002100       0xf0 ..\obj\croutine.o
 .debug_frame   0x000021f0       0x30 ..\obj\task_display.o
 .debug_frame   0x00002220       0x40 ..\obj\cpu.o
 .debug_frame   0x00002260       0xac ..\obj\console.o
 .debug_frame   0x0000230c       0xf8 ..\obj\systick.o
 .debug_frame   0x00002404       0x7c ..\obj\heap_1.o
 .debug_frame   0x00002480       0xc0 ..\obj\ultrasonidos.o
 .debug_frame   0x00002540       0x30 c:/app/coide/gcc/sourcery g++ lite/bin/../lib/gcc/arm-none-eabi/4.5.1/../../../../arm-none-eabi/lib/thumb2\libc.a(lib_a-memcpy.o)
 .debug_frame   0x00002570       0x2c c:/app/coide/gcc/sourcery g++ lite/bin/../lib/gcc/arm-none-eabi/4.5.1/../../../../arm-none-eabi/lib/thumb2\libc.a(lib_a-memset.o)
 .debug_frame   0x0000259c       0x64 c:/app/coide/gcc/sourcery g++ lite/bin/../lib/gcc/arm-none-eabi/4.5.1/../../../../arm-none-eabi/lib/thumb2\libc.a(lib_a-sprintf.o)
 .debug_frame   0x00002600       0x20 c:/app/coide/gcc/sourcery g++ lite/bin/../lib/gcc/arm-none-eabi/4.5.1/../../../../arm-none-eabi/lib/thumb2\libc.a(lib_a-strlen.o)
 .debug_frame   0x00002620       0x2c c:/app/coide/gcc/sourcery g++ lite/bin/../lib/gcc/arm-none-eabi/4.5.1/../../../../arm-none-eabi/lib/thumb2\libc.a(lib_a-strncpy.o)
 .debug_frame   0x0000264c       0x3c c:/app/coide/gcc/sourcery g++ lite/bin/../lib/gcc/arm-none-eabi/4.5.1/../../../../arm-none-eabi/lib/thumb2\libc.a(lib_a-svfprintf.o)
 .debug_frame   0x00002688       0x68 c:/app/coide/gcc/sourcery g++ lite/bin/../lib/gcc/arm-none-eabi/4.5.1/../../../../arm-none-eabi/lib/thumb2\libc.a(lib_a-dtoa.o)
 .debug_frame   0x000026f0       0x98 c:/app/coide/gcc/sourcery g++ lite/bin/../lib/gcc/arm-none-eabi/4.5.1/../../../../arm-none-eabi/lib/thumb2\libc.a(lib_a-locale.o)
 .debug_frame   0x00002788       0x30 c:/app/coide/gcc/sourcery g++ lite/bin/../lib/gcc/arm-none-eabi/4.5.1/../../../../arm-none-eabi/lib/thumb2\libc.a(lib_a-malloc.o)
 .debug_frame   0x000027b8       0x3c c:/app/coide/gcc/sourcery g++ lite/bin/../lib/gcc/arm-none-eabi/4.5.1/../../../../arm-none-eabi/lib/thumb2\libc.a(lib_a-mallocr.o)
 .debug_frame   0x000027f4       0x2c c:/app/coide/gcc/sourcery g++ lite/bin/../lib/gcc/arm-none-eabi/4.5.1/../../../../arm-none-eabi/lib/thumb2\libc.a(lib_a-memchr.o)
 .debug_frame   0x00002820       0x30 c:/app/coide/gcc/sourcery g++ lite/bin/../lib/gcc/arm-none-eabi/4.5.1/../../../../arm-none-eabi/lib/thumb2\libc.a(lib_a-mlock.o)
 .debug_frame   0x00002850      0x244 c:/app/coide/gcc/sourcery g++ lite/bin/../lib/gcc/arm-none-eabi/4.5.1/../../../../arm-none-eabi/lib/thumb2\libc.a(lib_a-mprec.o)
 .debug_frame   0x00002a94       0x28 c:/app/coide/gcc/sourcery g++ lite/bin/../lib/gcc/arm-none-eabi/4.5.1/../../../../arm-none-eabi/lib/thumb2\libc.a(lib_a-s_fpclassify.o)
 .debug_frame   0x00002abc       0x2c c:/app/coide/gcc/sourcery g++ lite/bin/../lib/gcc/arm-none-eabi/4.5.1/../../../../arm-none-eabi/lib/thumb2\libc.a(lib_a-sbrkr.o)
 .debug_frame   0x00002ae8       0x30 c:/app/coide/gcc/sourcery g++ lite/bin/../lib/gcc/arm-none-eabi/4.5.1/../../../../arm-none-eabi/lib/thumb2\libc.a(lib_a-strcmp.o)
 .debug_frame   0x00002b18       0x68 c:/app/coide/gcc/sourcery g++ lite/bin/../lib/gcc/arm-none-eabi/4.5.1/../../../../arm-none-eabi/lib/thumb2\libc.a(lib_a-svfiprintf.o)
 .debug_frame   0x00002b80       0x2c c:/app/coide/gcc/sourcery g++ lite/bin/../lib/gcc/arm-none-eabi/4.5.1/../../../../arm-none-eabi/lib/thumb2\libc.a(lib_a-callocr.o)
 .debug_frame   0x00002bac       0x50 c:/app/coide/gcc/sourcery g++ lite/bin/../lib/gcc/arm-none-eabi/4.5.1/../../../../arm-none-eabi/lib/thumb2\libc.a(lib_a-freer.o)
 .debug_frame   0x00002bfc       0x2c c:/app/coide/gcc/sourcery g++ lite/bin/../lib/gcc/arm-none-eabi/4.5.1/../../../../arm-none-eabi/lib/thumb2\libc.a(lib_a-memmove.o)
 .debug_frame   0x00002c28       0x3c c:/app/coide/gcc/sourcery g++ lite/bin/../lib/gcc/arm-none-eabi/4.5.1/../../../../arm-none-eabi/lib/thumb2\libc.a(lib_a-reallocr.o)
 .debug_frame   0x00002c64       0x64 c:/app/coide/gcc/sourcery g++ lite/bin/../lib/gcc/arm-none-eabi/4.5.1/../../../../arm-none-eabi/lib/thumb2\libc.a(lib_a-reent.o)
 .debug_frame   0x00002cc8       0x20 c:/app/coide/gcc/sourcery g++ lite/bin/../lib/gcc/arm-none-eabi/4.5.1/thumb2\libgcc.a(_udivsi3.o)
 .debug_frame   0x00002ce8       0x50 c:/app/coide/gcc/sourcery g++ lite/bin/../lib/gcc/arm-none-eabi/4.5.1/thumb2\libgcc.a(bpabi.o)
 .debug_frame   0x00002d38       0x3c c:/app/coide/gcc/sourcery g++ lite/bin/../lib/gcc/arm-none-eabi/4.5.1/thumb2\libgcc.a(_divdi3.o)
 .debug_frame   0x00002d74       0x3c c:/app/coide/gcc/sourcery g++ lite/bin/../lib/gcc/arm-none-eabi/4.5.1/thumb2\libgcc.a(_udivdi3.o)
