Archive member included because of file (symbol)

c:/apps/coide/gcc/sourcery g++ lite/bin/../lib/gcc/arm-none-eabi/4.5.1/thumb2\libgcc.a(_arm_addsubdf3.o)
                              ..\obj\stellaris_1.o (__aeabi_dsub)
c:/apps/coide/gcc/sourcery g++ lite/bin/../lib/gcc/arm-none-eabi/4.5.1/thumb2\libgcc.a(_arm_muldivdf3.o)
                              ..\obj\stellaris_1.o (__aeabi_dmul)
c:/apps/coide/gcc/sourcery g++ lite/bin/../lib/gcc/arm-none-eabi/4.5.1/thumb2\libgcc.a(_arm_cmpdf2.o)
                              ..\obj\stellaris_1.o (__aeabi_dcmpeq)
c:/apps/coide/gcc/sourcery g++ lite/bin/../lib/gcc/arm-none-eabi/4.5.1/thumb2\libgcc.a(_arm_truncdfsf2.o)
                              ..\obj\Task_Control.o (__aeabi_d2f)
c:/apps/coide/gcc/sourcery g++ lite/bin/../lib/gcc/arm-none-eabi/4.5.1/thumb2\libgcc.a(_arm_addsubsf3.o)
                              ..\obj\pwm_generico.o (__aeabi_ui2f)
c:/apps/coide/gcc/sourcery g++ lite/bin/../lib/gcc/arm-none-eabi/4.5.1/thumb2\libgcc.a(_arm_muldivsf3.o)
                              ..\obj\pwm_generico.o (__aeabi_fmul)
c:/apps/coide/gcc/sourcery g++ lite/bin/../lib/gcc/arm-none-eabi/4.5.1/thumb2\libgcc.a(_arm_fixunssfsi.o)
                              ..\obj\pwm_generico.o (__aeabi_f2uiz)
c:/apps/coide/gcc/sourcery g++ lite/bin/../lib/gcc/arm-none-eabi/4.5.1/../../../../arm-none-eabi/lib/thumb2\libc.a(lib_a-memcpy.o)
                              ..\obj\queue.o (memcpy)
c:/apps/coide/gcc/sourcery g++ lite/bin/../lib/gcc/arm-none-eabi/4.5.1/../../../../arm-none-eabi/lib/thumb2\libc.a(lib_a-memset.o)
                              ..\obj\stellaris_1.o (memset)
c:/apps/coide/gcc/sourcery g++ lite/bin/../lib/gcc/arm-none-eabi/4.5.1/../../../../arm-none-eabi/lib/thumb2\libc.a(lib_a-sprintf.o)
                              ..\obj\Task_Comunicaciones.o (sprintf)
c:/apps/coide/gcc/sourcery g++ lite/bin/../lib/gcc/arm-none-eabi/4.5.1/../../../../arm-none-eabi/lib/thumb2\libc.a(lib_a-strlen.o)
                              ..\obj\framebuffer.o (strlen)
c:/apps/coide/gcc/sourcery g++ lite/bin/../lib/gcc/arm-none-eabi/4.5.1/../../../../arm-none-eabi/lib/thumb2\libc.a(lib_a-strncpy.o)
                              ..\obj\tasks.o (strncpy)
c:/apps/coide/gcc/sourcery g++ lite/bin/../lib/gcc/arm-none-eabi/4.5.1/../../../../arm-none-eabi/lib/thumb2\libc.a(lib_a-svfprintf.o)
                              c:/apps/coide/gcc/sourcery g++ lite/bin/../lib/gcc/arm-none-eabi/4.5.1/../../../../arm-none-eabi/lib/thumb2\libc.a(lib_a-sprintf.o) (_svfprintf_r)
c:/apps/coide/gcc/sourcery g++ lite/bin/../lib/gcc/arm-none-eabi/4.5.1/../../../../arm-none-eabi/lib/thumb2\libc.a(lib_a-dtoa.o)
                              c:/apps/coide/gcc/sourcery g++ lite/bin/../lib/gcc/arm-none-eabi/4.5.1/../../../../arm-none-eabi/lib/thumb2\libc.a(lib_a-svfprintf.o) (_dtoa_r)
c:/apps/coide/gcc/sourcery g++ lite/bin/../lib/gcc/arm-none-eabi/4.5.1/../../../../arm-none-eabi/lib/thumb2\libc.a(lib_a-impure.o)
                              c:/apps/coide/gcc/sourcery g++ lite/bin/../lib/gcc/arm-none-eabi/4.5.1/../../../../arm-none-eabi/lib/thumb2\libc.a(lib_a-sprintf.o) (_impure_ptr)
c:/apps/coide/gcc/sourcery g++ lite/bin/../lib/gcc/arm-none-eabi/4.5.1/../../../../arm-none-eabi/lib/thumb2\libc.a(lib_a-locale.o)
                              c:/apps/coide/gcc/sourcery g++ lite/bin/../lib/gcc/arm-none-eabi/4.5.1/../../../../arm-none-eabi/lib/thumb2\libc.a(lib_a-svfprintf.o) (_localeconv_r)
c:/apps/coide/gcc/sourcery g++ lite/bin/../lib/gcc/arm-none-eabi/4.5.1/../../../../arm-none-eabi/lib/thumb2\libc.a(lib_a-malloc.o)
                              c:/apps/coide/gcc/sourcery g++ lite/bin/../lib/gcc/arm-none-eabi/4.5.1/../../../../arm-none-eabi/lib/thumb2\libc.a(lib_a-dtoa.o) (malloc)
c:/apps/coide/gcc/sourcery g++ lite/bin/../lib/gcc/arm-none-eabi/4.5.1/../../../../arm-none-eabi/lib/thumb2\libc.a(lib_a-mallocr.o)
                              c:/apps/coide/gcc/sourcery g++ lite/bin/../lib/gcc/arm-none-eabi/4.5.1/../../../../arm-none-eabi/lib/thumb2\libc.a(lib_a-svfprintf.o) (_malloc_r)
c:/apps/coide/gcc/sourcery g++ lite/bin/../lib/gcc/arm-none-eabi/4.5.1/../../../../arm-none-eabi/lib/thumb2\libc.a(lib_a-memchr.o)
                              c:/apps/coide/gcc/sourcery g++ lite/bin/../lib/gcc/arm-none-eabi/4.5.1/../../../../arm-none-eabi/lib/thumb2\libc.a(lib_a-svfprintf.o) (memchr)
c:/apps/coide/gcc/sourcery g++ lite/bin/../lib/gcc/arm-none-eabi/4.5.1/../../../../arm-none-eabi/lib/thumb2\libc.a(lib_a-mlock.o)
                              c:/apps/coide/gcc/sourcery g++ lite/bin/../lib/gcc/arm-none-eabi/4.5.1/../../../../arm-none-eabi/lib/thumb2\libc.a(lib_a-mallocr.o) (__malloc_lock)
c:/apps/coide/gcc/sourcery g++ lite/bin/../lib/gcc/arm-none-eabi/4.5.1/../../../../arm-none-eabi/lib/thumb2\libc.a(lib_a-mprec.o)
                              c:/apps/coide/gcc/sourcery g++ lite/bin/../lib/gcc/arm-none-eabi/4.5.1/../../../../arm-none-eabi/lib/thumb2\libc.a(lib_a-dtoa.o) (_Balloc)
[...]
Memory Configuration

Name             Origin             Length             Attributes
rom              0x00000000         0x00040000         xr
ram              0x20000000         0x00010000         xrw
*default*        0x00000000         0xffffffff

Linker script and memory map

                0x20010000                _eram = 0x20010000

.text           0x00000000     0x9d28
 *(.isr_vector .isr_vector.*)
 .isr_vector    0x00000000      0x100 ..\obj\startup_lm3s.o
                0x00000000                g_pfnVectors
 *(.text .text.* .gnu.linkonce.t.*)
 .text.vTask_Comunicaciones
                0x00000100       0x78 ..\obj\Task_Comunicaciones.o
                0x00000100                vTask_Comunicaciones
 .text.SystemInit
                0x00000178      0x238 ..\obj\system_lm3s.o
                0x00000178                SystemInit
 .text.getOscClk
                0x000003b0      0x15c ..\obj\system_lm3s.o
 .text.stellaris_1_step
                0x0000050c      0x300 ..\obj\stellaris_1.o
                0x0000050c                stellaris_1_step
 .text.stellaris_1_initialize
                0x0000080c       0x40 ..\obj\stellaris_1.o
                0x0000080c                stellaris_1_initialize
 .text.PWMGenConfigure
                0x0000084c       0x74 ..\obj\pwm.o
                0x0000084c                PWMGenConfigure
 .text.PWMGenPeriodSet
                0x000008c0       0x48 ..\obj\pwm.o
                0x000008c0                PWMGenPeriodSet
 .text.PWMGenEnable
                0x00000908       0x28 ..\obj\pwm.o
                0x00000908                PWMGenEnable
 .text.PWMPulseWidthSet
                0x00000930       0x6c ..\obj\pwm.o
                0x00000930                PWMPulseWidthSet
 .text.PWMOutputState
                0x0000099c       0x50 ..\obj\pwm.o
                0x0000099c                PWMOutputState
 .text.vTask_Control
                0x000009ec       0x7c ..\obj\Task_Control.o
                0x000009ec                vTask_Control
 .text.rt_OneStep
                0x00000a68      0x228 ..\obj\Task_Control.o
                0x00000a68                rt_OneStep
 .text.main     0x00000c90       0xb4 ..\obj\main.o
                0x00000c90                main
 .text.pwm_init
                0x00000d44       0x20 ..\obj\main.o
                0x00000d44                pwm_init
 .text.SysCtlPeripheralEnable
                0x00000d64       0x58 ..\obj\sysctl.o
                0x00000d64                SysCtlPeripheralEnable
 .text.SysCtlDelay
                0x00000dbc        0x8 ..\obj\sysctl.o
                0x00000dbc                SysCtlDelay
 .text.SysCtlClockSet
                0x00000dc4      0x290 ..\obj\sysctl.o
                0x00000dc4                SysCtlClockSet
 .text.SysCtlClockGet
                0x00001054      0x384 ..\obj\sysctl.o
                0x00001054                SysCtlClockGet
 .text.SysCtlPWMClockSet
                0x000013d8       0x30 ..\obj\sysctl.o
                0x000013d8                SysCtlPWMClockSet
 .text.GPIODirModeSet
                0x00001408       0x88 ..\obj\gpio.o
                0x00001408                GPIODirModeSet
 .text.GPIOPadConfigSet
                0x00001490      0x230 ..\obj\gpio.o
                0x00001490                GPIOPadConfigSet
 .text.GPIOPinWrite
                0x000016c0       0x2c ..\obj\gpio.o
                0x000016c0                GPIOPinWrite
 .text.GPIOPinTypeGPIOOutput
                0x000016ec       0x34 ..\obj\gpio.o
                0x000016ec                GPIOPinTypeGPIOOutput
 .text.GPIOPinTypePWM
                0x00001720       0x34 ..\obj\gpio.o
                0x00001720                GPIOPinTypePWM
 .text.GPIOPinTypeSSI
                0x00001754       0x34 ..\obj\gpio.o
                0x00001754                GPIOPinTypeSSI
 .text.xTaskGenericCreate
                0x00001788      0x1ac ..\obj\tasks.o
                0x00001788                xTaskGenericCreate
 .text.vTaskDelayUntil
                0x00001934       0xb0 ..\obj\tasks.o
                0x00001934                vTaskDelayUntil
 .text.vTaskStartScheduler
                0x000019e4       0x74 ..\obj\tasks.o
                0x000019e4                vTaskStartScheduler
 .text.vTaskSuspendAll
                0x00001a58       0x24 ..\obj\tasks.o
                0x00001a58                vTaskSuspendAll
 .text.xTaskResumeAll
                0x00001a7c      0x154 ..\obj\tasks.o
                0x00001a7c                xTaskResumeAll
 .text.xTaskGetTickCount
                0x00001bd0       0x28 ..\obj\tasks.o
                0x00001bd0                xTaskGetTickCount
 .text.vTaskIncrementTick
                0x00001bf8      0x1b8 ..\obj\tasks.o
                0x00001bf8                vTaskIncrementTick
 .text.vTaskSwitchContext
                0x00001db0       0xd0 ..\obj\tasks.o
                0x00001db0                vTaskSwitchContext
 .text.prvIdleTask
                0x00001e80       0x10 ..\obj\tasks.o
 .text.prvInitialiseTCBVariables
                0x00001e90       0x78 ..\obj\tasks.o
 .text.prvInitialiseTaskLists
                0x00001f08       0x8c ..\obj\tasks.o
 .text.prvCheckTasksWaitingTermination
                0x00001f94        0xc ..\obj\tasks.o
 .text.prvAddCurrentTaskToDelayedList
                0x00001fa0       0x8c ..\obj\tasks.o
 .text.prvAllocateTCBAndStack
                0x0000202c       0x74 ..\obj\tasks.o
 .text.RITWriteCommand
                0x000020a0       0xfc ..\obj\rit128x96x4.o
 .text.RITWriteData
                0x0000219c       0xfc ..\obj\rit128x96x4.o
 .text.RIT128x96x4Clear
                0x00002298       0x9c ..\obj\rit128x96x4.o
                0x00002298                RIT128x96x4Clear
 .text.RIT128x96x4StringDraw
                0x00002334      0x1e0 ..\obj\rit128x96x4.o
                0x00002334                RIT128x96x4StringDraw
 .text.RIT128x96x4Enable
                0x00002514       0xa4 ..\obj\rit128x96x4.o
                0x00002514                RIT128x96x4Enable
 .text.RIT128x96x4Init
                0x000025b8      0x128 ..\obj\rit128x96x4.o
                0x000025b8                RIT128x96x4Init
 .text.Default_Reset_Handler
                0x000026e0       0x6c ..\obj\startup_lm3s.o
                0x000026e0                Default_Reset_Handler
                0x000026e0                Reset_Handler
 .text.Default_Handler
                0x0000274c        0x8 ..\obj\startup_lm3s.o
                0x0000274c                DebugMon_Handler
                0x0000274c                FlashCtrl_IRQHandler
                0x0000274c                Timer0B_IRQHandler
                0x0000274c                I2C0_IRQHandler
                0x0000274c                HardFault_Handler
                0x0000274c                SysTick_Handler
                0x0000274c                PendSV_Handler
                0x0000274c                NMI_Handler
                0x0000274c                I2C1_IRQHandler
                0x0000274c                PWMGen0_IRQHandler
                0x0000274c                UART1_IRQHandler
                0x0000274c                CAN1_IRQHandler
                0x0000274c                Timer1B_IRQHandler
                0x0000274c                Watchdog_IRQHandler
                0x0000274c                UART0_IRQHandler
                0x0000274c                SSI0_IRQHandler
                0x0000274c                UsageFault_Handler
                0x0000274c                ADCSeq1_IRQHandler
                0x0000274c                PWMFault_IRQHandler
                0x0000274c                PWMGen1_IRQHandler
                0x0000274c                SSI1_IRQHandler
                0x0000274c                uDMA_IRQHandler
                0x0000274c                GPIOPortC_IRQHandler
                0x0000274c                ADCSeq2_IRQHandler
                0x0000274c                PWMGen2_IRQHandler
                0x0000274c                UART2_IRQHandler
                0x0000274c                uDMAErr_IRQHandler
                0x0000274c                QEI1_IRQHandler
                0x0000274c                QEI0_IRQHandler
                0x0000274c                PWMGen3_IRQHandler
                0x0000274c                GPIOPortD_IRQHandler
                0x0000274c                USB0_IRQHandler
                0x0000274c                MemManage_Handler
                0x0000274c                Ethernet_IRQHandler
                0x0000274c                SVC_Handler
                0x0000274c                Timer3B_IRQHandler
                0x0000274c                Timer3A_IRQHandler
                0x0000274c                GPIOPortA_IRQHandler
                0x0000274c                Timer0A_IRQHandler
                0x0000274c                ADCSeq0_IRQHandler
                0x0000274c                Timer1A_IRQHandler
                0x0000274c                GPIOPortG_IRQHandler
                0x0000274c                ADCSeq3_IRQHandler
                0x0000274c                GPIOPortE_IRQHandler
                0x0000274c                CAN0_IRQHandler
                0x0000274c                Comp0_IRQHandler
                0x0000274c                Comp1_IRQHandler
                0x0000274c                Comp2_IRQHandler
                0x0000274c                GPIOPortF_IRQHandler
                0x0000274c                GPIOPortB_IRQHandler
                0x0000274c                CAN2_IRQHandler
                0x0000274c                GPIOPortH_IRQHandler
                0x0000274c                BusFault_Handler
                0x0000274c                Timer2A_IRQHandler
                0x0000274c                Timer2B_IRQHandler
                0x0000274c                SysCtrl_IRQHandler
                0x0000274c                Hibernate_IRQHandler
 .text.vListInitialise
                0x00002754       0x48 ..\obj\list.o
                0x00002754                vListInitialise
 .text.vListInitialiseItem
                0x0000279c       0x1c ..\obj\list.o
                0x0000279c                vListInitialiseItem
 .text.vListInsertEnd
                0x000027b8       0x54 ..\obj\list.o
                0x000027b8                vListInsertEnd
 .text.vListInsert
                0x0000280c       0x78 ..\obj\list.o
                0x0000280c                vListInsert
 .text.vListRemove
                0x00002884       0x54 ..\obj\list.o
                0x00002884                vListRemove
 .text._sbrk    0x000028d8       0x5c ..\obj\syscalls.o
                0x000028d8                _sbrk
 .text.SSIConfigSetExpClk
                0x00002934       0xb4 ..\obj\ssi.o
                0x00002934                SSIConfigSetExpClk
 .text.SSIEnable
                0x000029e8       0x28 ..\obj\ssi.o
                0x000029e8                SSIEnable
 .text.SSIDisable
                0x00002a10       0x28 ..\obj\ssi.o
                0x00002a10                SSIDisable
 .text.SSIDataPut
                0x00002a38       0x30 ..\obj\ssi.o
                0x00002a38                SSIDataPut
 .text.SSIBusy  0x00002a68       0x2c ..\obj\ssi.o
                0x00002a68                SSIBusy
 .text.pxPortInitialiseStack
                0x00002a94       0x60 ..\obj\port.o
                0x00002a94                pxPortInitialiseStack
 .text.vPortSVCHandler
                0x00002af4       0x20 ..\obj\port.o
                0x00002af4                vPortSVCHandler
 .text.vPortStartFirstTask
                0x00002b14       0x14 ..\obj\port.o
                0x00002b14                vPortStartFirstTask
 .text.xPortStartScheduler
                0x00002b28       0x54 ..\obj\port.o
                0x00002b28                xPortStartScheduler
 .text.vPortYieldFromISR
                0x00002b7c       0x18 ..\obj\port.o
                0x00002b7c                vPortYieldFromISR
 .text.vPortEnterCritical
                0x00002b94       0x2c ..\obj\port.o
                0x00002b94                vPortEnterCritical
 .text.vPortExitCritical
                0x00002bc0       0x38 ..\obj\port.o
                0x00002bc0                vPortExitCritical
 .text.xPortPendSVHandler
                0x00002bf8       0x3c ..\obj\port.o
                0x00002bf8                xPortPendSVHandler
 .text.xPortSysTickHandler
                0x00002c34       0x38 ..\obj\port.o
                0x00002c34                xPortSysTickHandler
 .text.prvSetupTimerInterrupt
                0x00002c6c       0x28 ..\obj\port.o
 .text.PWM_GENERICO_salida_init
                0x00002c94      0x1b0 ..\obj\pwm_generico.o
                0x00002c94                PWM_GENERICO_salida_init
 .text.PWM_GENERICO_cambiar_anchura_pulso
                0x00002e44       0x6c ..\obj\pwm_generico.o
                0x00002e44                PWM_GENERICO_cambiar_anchura_pulso
 .text.consolePrintStr
                0x00002eb0       0x58 ..\obj\console.o
                0x00002eb0                consolePrintStr
 .text.refreshConsoleLine
                0x00002f08       0x3c ..\obj\console.o
                0x00002f08                refreshConsoleLine
 .text.initConsole
                0x00002f44       0x84 ..\obj\console.o
                0x00002f44                initConsole
 .text.pvPortMalloc
                0x00002fc8       0x98 ..\obj\heap_1.o
                0x00002fc8                pvPortMalloc
 .text.vPortFree
                0x00003060       0x14 ..\obj\heap_1.o
                0x00003060                vPortFree
 .text          0x00003074      0x370 c:/apps/coide/gcc/sourcery g++ lite/bin/../lib/gcc/arm-none-eabi/4.5.1/thumb2\libgcc.a(_arm_addsubdf3.o)
                0x00003074                __aeabi_drsub
                0x0000307c                __aeabi_dsub
                0x0000307c                __subdf3
                0x00003080                __aeabi_dadd
                0x00003080                __adddf3
                0x000032f8                __floatunsidf
                0x000032f8                __aeabi_ui2d
                0x00003318                __floatsidf
                0x00003318                __aeabi_i2d
                0x0000333c                __aeabi_f2d
                0x0000333c                __extendsfdf2
                0x00003378                __floatundidf
                0x00003378                __aeabi_ul2d
                0x00003388                __floatdidf
                0x00003388                __aeabi_l2d
 .text          0x000033e4      0x424 c:/apps/coide/gcc/sourcery g++ lite/bin/../lib/gcc/arm-none-eabi/4.5.1/thumb2\libgcc.a(_arm_muldivdf3.o)
                0x000033e4                __aeabi_dmul
                0x000033e4                __muldf3
                0x00003638                __divdf3
                0x00003638                __aeabi_ddiv
 .text          0x00003808      0x110 c:/apps/coide/gcc/sourcery g++ lite/bin/../lib/gcc/arm-none-eabi/4.5.1/thumb2\libgcc.a(_arm_cmpdf2.o)
                0x00003808                __gtdf2
                0x00003808                __gedf2
                0x00003810                __ltdf2
                0x00003810                __ledf2
                0x00003818                __nedf2
                0x00003818                __eqdf2
                0x00003818                __cmpdf2
                0x00003894                __aeabi_cdrcmple
                0x000038a4                __aeabi_cdcmpeq
                0x000038a4                __aeabi_cdcmple
                0x000038b4                __aeabi_dcmpeq
                0x000038c8                __aeabi_dcmplt
                0x000038dc                __aeabi_dcmple
                0x000038f0                __aeabi_dcmpge
                0x00003904                __aeabi_dcmpgt
 .text          0x00003918       0xa0 c:/apps/coide/gcc/sourcery g++ lite/bin/../lib/gcc/arm-none-eabi/4.5.1/thumb2\libgcc.a(_arm_truncdfsf2.o)
                0x00003918                __truncdfsf2
                0x00003918                __aeabi_d2f
 .text          0x000039b8      0x21c c:/apps/coide/gcc/sourcery g++ lite/bin/../lib/gcc/arm-none-eabi/4.5.1/thumb2\libgcc.a(_arm_addsubsf3.o)
                0x000039b8                __aeabi_frsub
                0x000039c0                __subsf3
                0x000039c0                __aeabi_fsub
                0x000039c4                __aeabi_fadd
                0x000039c4                __addsf3
                0x00003b24                __aeabi_ui2f
                0x00003b24                __floatunsisf
                0x00003b2c                __aeabi_i2f
                0x00003b2c                __floatsisf
                0x00003b48                __aeabi_ul2f
                0x00003b48                __floatundisf
                0x00003b58                __aeabi_l2f
                0x00003b58                __floatdisf
 .text          0x00003bd4      0x2a0 c:/apps/coide/gcc/sourcery g++ lite/bin/../lib/gcc/arm-none-eabi/4.5.1/thumb2\libgcc.a(_arm_muldivsf3.o)
                0x00003bd4                __mulsf3
                0x00003bd4                __aeabi_fmul
                0x00003d3c                __aeabi_fdiv
                0x00003d3c                __divsf3
 .text          0x00003e74       0x40 c:/apps/coide/gcc/sourcery g++ lite/bin/../lib/gcc/arm-none-eabi/4.5.1/thumb2\libgcc.a(_arm_fixunssfsi.o)
                0x00003e74                __fixunssfsi
                0x00003e74                __aeabi_f2uiz
 .text          0x00003eb4      0x150 c:/apps/coide/gcc/sourcery g++ lite/bin/../lib/gcc/arm-none-eabi/4.5.1/../../../../arm-none-eabi/lib/thumb2\libc.a(lib_a-memcpy.o)
                0x00003eb4                memcpy
 .text          0x00004004       0xb4 c:/apps/coide/gcc/sourcery g++ lite/bin/../lib/gcc/arm-none-eabi/4.5.1/../../../../arm-none-eabi/lib/thumb2\libc.a(lib_a-memset.o)
                0x00004004                memset
 .text          0x000040b8       0x94 c:/apps/coide/gcc/sourcery g++ lite/bin/../lib/gcc/arm-none-eabi/4.5.1/../../../../arm-none-eabi/lib/thumb2\libc.a(lib_a-sprintf.o)
                0x000040b8                _sprintf_r
                0x000040fc                sprintf
 .text          0x0000414c       0x60 c:/apps/coide/gcc/sourcery g++ lite/bin/../lib/gcc/arm-none-eabi/4.5.1/../../../../arm-none-eabi/lib/thumb2\libc.a(lib_a-strlen.o)
                0x0000414c                strlen
 .text          0x000041ac       0x7c c:/apps/coide/gcc/sourcery g++ lite/bin/../lib/gcc/arm-none-eabi/4.5.1/../../../../arm-none-eabi/lib/thumb2\libc.a(lib_a-strncpy.o)
                0x000041ac                strncpy
 .text          0x00004228     0x1658 c:/apps/coide/gcc/sourcery g++ lite/bin/../lib/gcc/arm-none-eabi/4.5.1/../../../../arm-none-eabi/lib/thumb2\libc.a(lib_a-svfprintf.o)
                0x00004228                _svfprintf_r
 .text          0x00005880     0x1000 c:/apps/coide/gcc/sourcery g++ lite/bin/../lib/gcc/arm-none-eabi/4.5.1/../../../../arm-none-eabi/lib/thumb2\libc.a(lib_a-dtoa.o)
                0x000059ac                _dtoa_r
 .text          0x00006880       0xa0 c:/apps/coide/gcc/sourcery g++ lite/bin/../lib/gcc/arm-none-eabi/4.5.1/../../../../arm-none-eabi/lib/thumb2\libc.a(lib_a-locale.o)
                0x00006880                _setlocale_r
                0x000068dc                __locale_charset
                0x000068e8                __locale_mb_cur_max
                0x000068f4                __locale_msgcharset
                0x000068fc                __locale_cjk_lang
                0x00006900                _localeconv_r
                0x00006908                setlocale
                0x00006918                localeconv
 .text          0x00006920       0x20 c:/apps/coide/gcc/sourcery g++ lite/bin/../lib/gcc/arm-none-eabi/4.5.1/../../../../arm-none-eabi/lib/thumb2\libc.a(lib_a-malloc.o)
                0x00006920                malloc
                0x00006930                free
 .text          0x00006940      0x57c c:/apps/coide/gcc/sourcery g++ lite/bin/../lib/gcc/arm-none-eabi/4.5.1/../../../../arm-none-eabi/lib/thumb2\libc.a(lib_a-mallocr.o)
                0x00006940                _malloc_r
 .text          0x00006ebc       0x88 c:/apps/coide/gcc/sourcery g++ lite/bin/../lib/gcc/arm-none-eabi/4.5.1/../../../../arm-none-eabi/lib/thumb2\libc.a(lib_a-memchr.o)
                0x00006ebc                memchr
 .text          0x00006f44        0x8 c:/apps/coide/gcc/sourcery g++ lite/bin/../lib/gcc/arm-none-eabi/4.5.1/../../../../arm-none-eabi/lib/thumb2\libc.a(lib_a-mlock.o)
                0x00006f44                __malloc_lock
                0x00006f48                __malloc_unlock
 .text          0x00006f4c      0x920 c:/apps/coide/gcc/sourcery g++ lite/bin/../lib/gcc/arm-none-eabi/4.5.1/../../../../arm-none-eabi/lib/thumb2\libc.a(lib_a-mprec.o)
                0x00006f4c                _Balloc
                0x00006fb4                _Bfree
                0x00006fec                __multadd
                0x00007070                __s2b
                0x00007104                __hi0bits
                0x00007144                __lo0bits
                0x000071a8                __i2b
                0x000071bc                __multiply
                0x000072e4                __pow5mult
                0x00007388                __lshift
                0x00007434                __mcmp
                0x00007470                __mdiff
                0x00007568                __ulp
                0x000075b0                __b2d
                0x0000765c                __d2b
                0x00007724                __ratio
                0x00007794                _mprec_log10
                0x000077c8                __copybits
                0x00007810                __any_on
 .text          0x0000786c       0x90 c:/apps/coide/gcc/sourcery g++ lite/bin/../lib/gcc/arm-none-eabi/4.5.1/../../../../arm-none-eabi/lib/thumb2\libc.a(lib_a-s_fpclassify.o)
                0x0000786c                __fpclassifyd
 .text          0x000078fc       0x28 c:/apps/coide/gcc/sourcery g++ lite/bin/../lib/gcc/arm-none-eabi/4.5.1/../../../../arm-none-eabi/lib/thumb2\libc.a(lib_a-sbrkr.o)
                0x000078fc                _sbrk_r
 .text          0x00007924      0x1dc c:/apps/coide/gcc/sourcery g++ lite/bin/../lib/gcc/arm-none-eabi/4.5.1/../../../../arm-none-eabi/lib/thumb2\libc.a(lib_a-strcmp.o)
                0x00007924                strcmp
 .text          0x00007b00      0xbe4 c:/apps/coide/gcc/sourcery g++ lite/bin/../lib/gcc/arm-none-eabi/4.5.1/../../../../arm-none-eabi/lib/thumb2\libc.a(lib_a-svfiprintf.o)
                0x00007b00                __ssprint_r
                0x00007c08                _svfiprintf_r
 .text          0x000086e4       0x5c c:/apps/coide/gcc/sourcery g++ lite/bin/../lib/gcc/arm-none-eabi/4.5.1/../../../../arm-none-eabi/lib/thumb2\libc.a(lib_a-callocr.o)
                0x000086e4                _calloc_r
 .text          0x00008740      0x240 c:/apps/coide/gcc/sourcery g++ lite/bin/../lib/gcc/arm-none-eabi/4.5.1/../../../../arm-none-eabi/lib/thumb2\libc.a(lib_a-freer.o)
                0x00008740                _malloc_trim_r
                0x000087e8                _free_r
 .text          0x00008980       0xa0 c:/apps/coide/gcc/sourcery g++ lite/bin/../lib/gcc/arm-none-eabi/4.5.1/../../../../arm-none-eabi/lib/thumb2\libc.a(lib_a-memmove.o)
                0x00008980                memmove
 .text          0x00008a20      0x41c c:/apps/coide/gcc/sourcery g++ lite/bin/../lib/gcc/arm-none-eabi/4.5.1/../../../../arm-none-eabi/lib/thumb2\libc.a(lib_a-reallocr.o)
                0x00008a20                _realloc_r
 *fill*         0x00008e3c        0x4 00
 .text          0x00008e40      0x278 c:/apps/coide/gcc/sourcery g++ lite/bin/../lib/gcc/arm-none-eabi/4.5.1/thumb2\libgcc.a(_udivsi3.o)
                0x00008e40                __aeabi_uidiv
                0x00008e40                __udivsi3
                0x0000909c                __aeabi_uidivmod
 .text          0x000090b8        0x4 c:/apps/coide/gcc/sourcery g++ lite/bin/../lib/gcc/arm-none-eabi/4.5.1/thumb2\libgcc.a(_dvmd_tls.o)
                0x000090b8                __aeabi_idiv0
                0x000090b8                __aeabi_ldiv0
 .text          0x000090bc       0x50 c:/apps/coide/gcc/sourcery g++ lite/bin/../lib/gcc/arm-none-eabi/4.5.1/thumb2\libgcc.a(_arm_fixdfsi.o)
                0x000090bc                __aeabi_d2iz
                0x000090bc                __fixdfsi
 .text          0x0000910c       0x2c c:/apps/coide/gcc/sourcery g++ lite/bin/../lib/gcc/arm-none-eabi/4.5.1/thumb2\libgcc.a(_aeabi_uldivmod.o)
                0x0000910c                __aeabi_uldivmod
 .text          0x00009138       0x60 c:/apps/coide/gcc/sourcery g++ lite/bin/../lib/gcc/arm-none-eabi/4.5.1/thumb2\libgcc.a(bpabi.o)
                0x00009138                __gnu_ldivmod_helper
                0x00009168                __gnu_uldivmod_helper
 .text          0x00009198      0x364 c:/apps/coide/gcc/sourcery g++ lite/bin/../lib/gcc/arm-none-eabi/4.5.1/thumb2\libgcc.a(_divdi3.o)
                0x00009198                __divdi3
 .text          0x000094fc      0x314 c:/apps/coide/gcc/sourcery g++ lite/bin/../lib/gcc/arm-none-eabi/4.5.1/thumb2\libgcc.a(_udivdi3.o)
                0x000094fc                __udivdi3
 *(.glue_7t)
 .glue_7t       0x00000000        0x0 linker stubs
 *(.glue_7)
 .glue_7        0x00000000        0x0 linker stubs
 *(.rodata .rodata* .gnu.linkonce.r.*)
 .rodata        0x00009810       0x10 ..\obj\Task_Comunicaciones.o
 .rodata        0x00009820        0x4 ..\obj\stellaris_1.o
                0x00009820                stellaris_1_M
 .rodata        0x00009824       0x18 ..\obj\Task_Control.o
 .rodata        0x0000983c       0x34 ..\obj\main.o
 .rodata        0x00009870       0x9c ..\obj\sysctl.o
 .rodata        0x0000990c        0x8 ..\obj\tasks.o
 .rodata        0x00009914      0x244 ..\obj\rit128x96x4.o
 .rodata        0x00009b58       0x20 c:/apps/coide/gcc/sourcery g++ lite/bin/../lib/gcc/arm-none-eabi/4.5.1/../../../../arm-none-eabi/lib/thumb2\libc.a(lib_a-svfprintf.o)
 .rodata.str1.4
                0x00009b78       0x42 c:/apps/coide/gcc/sourcery g++ lite/bin/../lib/gcc/arm-none-eabi/4.5.1/../../../../arm-none-eabi/lib/thumb2\libc.a(lib_a-svfprintf.o)
                                 0x44 (size before relaxing)
 *fill*         0x00009bba        0x2 00
 .rodata.str1.4
                0x00009bbc       0x10 c:/apps/coide/gcc/sourcery g++ lite/bin/../lib/gcc/arm-none-eabi/4.5.1/../../../../arm-none-eabi/lib/thumb2\libc.a(lib_a-dtoa.o)
                                 0x14 (size before relaxing)
 .rodata.str1.4
                0x00009bcc        0x2 c:/apps/coide/gcc/sourcery g++ lite/bin/../lib/gcc/arm-none-eabi/4.5.1/../../../../arm-none-eabi/lib/thumb2\libc.a(lib_a-impure.o)
                                  0x4 (size before relaxing)
 *fill*         0x00009bce        0x2 00
 .rodata.str1.4
                0x00009bd0        0xc c:/apps/coide/gcc/sourcery g++ lite/bin/../lib/gcc/arm-none-eabi/4.5.1/../../../../arm-none-eabi/lib/thumb2\libc.a(lib_a-locale.o)
                                 0x14 (size before relaxing)
 *fill*         0x00009bdc        0x4 00
 .rodata        0x00009be0      0x128 c:/apps/coide/gcc/sourcery g++ lite/bin/../lib/gcc/arm-none-eabi/4.5.1/../../../../arm-none-eabi/lib/thumb2\libc.a(lib_a-mprec.o)
                0x00009bf0                __mprec_tens
                0x00009cb8                __mprec_bigtens
                0x00009ce0                __mprec_tinytens
 .rodata        0x00009d08       0x20 c:/apps/coide/gcc/sourcery g++ lite/bin/../lib/gcc/arm-none-eabi/4.5.1/../../../../arm-none-eabi/lib/thumb2\libc.a(lib_a-svfiprintf.o)
 .rodata.str1.4
                0x00000000       0x30 c:/apps/coide/gcc/sourcery g++ lite/bin/../lib/gcc/arm-none-eabi/4.5.1/../../../../arm-none-eabi/lib/thumb2\libc.a(lib_a-svfiprintf.o)

.vfp11_veneer   0x00009d28        0x0
 .vfp11_veneer  0x00000000        0x0 linker stubs

.v4_bx          0x00009d28        0x0
 .v4_bx         0x00000000        0x0 linker stubs

.ARM.extab
 *(.ARM.extab* .gnu.linkonce.armextab.*)

.ARM.exidx      0x00009d28        0x8
 *(.ARM.exidx* .gnu.linkonce.armexidx.*)
 .ARM.exidx     0x00009d28        0x8 c:/apps/coide/gcc/sourcery g++ lite/bin/../lib/gcc/arm-none-eabi/4.5.1/thumb2\libgcc.a(_divdi3.o)
 .ARM.exidx     0x00009d30        0x0 c:/apps/coide/gcc/sourcery g++ lite/bin/../lib/gcc/arm-none-eabi/4.5.1/thumb2\libgcc.a(_udivdi3.o)
                                  0x8 (size before relaxing)
                0x00009d30                . = ALIGN (0x4)
                0x00009d30                _etext = .
                0x00009d30                _sidata = .

.data           0x20000000      0x5dc load address 0x00009d30
                0x20000000                _sdata = .
 *(.data .data.*)
 .data          0x20000000       0x10 ..\obj\system_lm3s.o
                0x20000000                SystemFrequency
                0x20000004                SystemFrequency_PwmClk
                0x20000008                SystemFrequency_AdcClk
                0x2000000c                SystemFrequency_CanClk
 .data          0x20000010       0x10 ..\obj\stellaris_1.o
                0x20000010                Kpx
                0x20000018                Kpy
 .data          0x20000020        0x4 ..\obj\Task_Control.o
                0x20000020                periodo
 .data          0x20000024        0x4 ..\obj\tasks.o
 .data          0x20000028        0x4 ..\obj\port.o
 .data          0x2000002c       0x30 ..\obj\pwm_generico.o
 .data          0x2000005c       0xf4 c:/apps/coide/gcc/sourcery g++ lite/bin/../lib/gcc/arm-none-eabi/4.5.1/../../../../arm-none-eabi/lib/thumb2\libc.a(lib_a-impure.o)
                0x2000005c                _impure_ptr
 .data          0x20000150       0x7c c:/apps/coide/gcc/sourcery g++ lite/bin/../lib/gcc/arm-none-eabi/4.5.1/../../../../arm-none-eabi/lib/thumb2\libc.a(lib_a-locale.o)
                0x20000170                __mb_cur_max
 .data          0x200001cc      0x410 c:/apps/coide/gcc/sourcery g++ lite/bin/../lib/gcc/arm-none-eabi/4.5.1/../../../../arm-none-eabi/lib/thumb2\libc.a(lib_a-mallocr.o)
                0x200001cc                __malloc_av_
                0x200005d4                __malloc_sbrk_base
                0x200005d8                __malloc_trim_threshold
                0x200005dc                . = ALIGN (0x4)
                0x200005dc                _edata = .

.bss            0x200005e0     0x12a4 load address 0x0000a310
                0x200005e0                _sbss = .
 *(.bss .bss.*)
 .bss           0x200005e0       0x20 ..\obj\Task_Control.o
                0x200005e0                ref_motor1
                0x200005e8                ref_motor2
                0x200005f0                i
                0x200005f4                duty1
                0x200005f8                duty2
 .bss           0x20000600       0xd4 ..\obj\tasks.o
                0x20000600                pxCurrentTCB
 .bss           0x200006d4        0xc ..\obj\rit128x96x4.o
 .bss           0x200006e0        0x4 ..\obj\syscalls.o
 *fill*         0x200006e4        0x4 00
 .bss           0x200006e8     0x1008 ..\obj\heap_1.o
 .bss           0x200016f0       0x34 c:/apps/coide/gcc/sourcery g++ lite/bin/../lib/gcc/arm-none-eabi/4.5.1/../../../../arm-none-eabi/lib/thumb2\libc.a(lib_a-mallocr.o)
                0x200016f0                __malloc_top_pad
                0x200016f4                __malloc_current_mallinfo
                0x2000171c                __malloc_max_sbrked_mem
                0x20001720                __malloc_max_total_mem
 *(COMMON)
 *fill*         0x20001724        0x4 00
 COMMON         0x20001728       0x50 ..\obj\stellaris_1.o
                0x20001728                stellaris_1_Y
                0x20001738                stellaris_1_M_
                0x20001740                stellaris_1_U
 COMMON         0x20001778      0x108 ..\obj\console.o
                0x20001778                consoleImage
 COMMON         0x20001880        0x4 c:/apps/coide/gcc/sourcery g++ lite/bin/../lib/gcc/arm-none-eabi/4.5.1/../../../../arm-none-eabi/lib/thumb2\libc.a(lib_a-reent.o)
                0x20001880                errno
                0x20001884                . = ALIGN (0x4)
                0x20001884                _ebss = .

.co_stack       0x20001884      0x404 load address 0x0000b5b4
                0x20001888                . = ALIGN (0x8)
 *fill*         0x20001884        0x4 00
 *(.co_stack .co_stack.*)
 .co_stack      0x20001888      0x400 ..\obj\startup_lm3s.o
                0x20001888                pulStack
                0x20001c88                . = ALIGN (0x4)
                0x20001c88                _end = .
LOAD ..\obj\Task_Comunicaciones.o
LOAD ..\obj\system_lm3s.o
LOAD ..\obj\core_cm3.o
LOAD ..\obj\stellaris_1.o
LOAD ..\obj\timer.o
LOAD ..\obj\pwm.o
LOAD ..\obj\Task_Control.o
LOAD ..\obj\main.o
LOAD ..\obj\framebuffer.o
LOAD ..\obj\sysctl.o
LOAD ..\obj\timers.o
LOAD ..\obj\gpio.o
LOAD ..\obj\display.o
LOAD ..\obj\display_RIT.o
LOAD ..\obj\tasks.o
LOAD ..\obj\interrupt.o
LOAD ..\obj\rit128x96x4.o
LOAD ..\obj\startup_lm3s.o
LOAD ..\obj\list.o
LOAD ..\obj\syscalls.o
LOAD ..\obj\ssi.o
LOAD ..\obj\adc.o
LOAD ..\obj\queue.o
LOAD ..\obj\port.o
LOAD ..\obj\pwm_generico.o
LOAD ..\obj\croutine.o
LOAD ..\obj\cpu.o
LOAD ..\obj\console.o
LOAD ..\obj\systick.o
LOAD ..\obj\heap_1.o
START GROUP
LOAD c:/apps/coide/gcc/sourcery g++ lite/bin/../lib/gcc/arm-none-eabi/4.5.1/thumb2\libgcc.a
LOAD c:/apps/coide/gcc/sourcery g++ lite/bin/../lib/gcc/arm-none-eabi/4.5.1/../../../../arm-none-eabi/lib/thumb2\libc.a
END GROUP
OUTPUT(POPBL.elf elf32-littlearm)

.debug_abbrev   0x00000000     0x1925
 .debug_abbrev  0x00000000       0x96 ..\obj\Task_Comunicaciones.o
 .debug_abbrev  0x00000096      0x112 ..\obj\system_lm3s.o
 .debug_abbrev  0x000001a8       0xd7 ..\obj\core_cm3.o
 .debug_abbrev  0x0000027f       0xfa ..\obj\stellaris_1.o
 .debug_abbrev  0x00000379       0xb8 ..\obj\timer.o
 .debug_abbrev  0x00000431       0xc7 ..\obj\pwm.o
 .debug_abbrev  0x000004f8      0x11e ..\obj\Task_Control.o
 .debug_abbrev  0x00000616       0x85 ..\obj\main.o
 .debug_abbrev  0x0000069b      0x12d ..\obj\framebuffer.o
 .debug_abbrev  0x000007c8      0x115 ..\obj\sysctl.o
 .debug_abbrev  0x000008dd       0x2a ..\obj\timers.o
 .debug_abbrev  0x00000907       0xf1 ..\obj\gpio.o
 .debug_abbrev  0x000009f8       0x7d ..\obj\display.o
 .debug_abbrev  0x00000a75       0x84 ..\obj\display_RIT.o
 .debug_abbrev  0x00000af9      0x197 ..\obj\tasks.o
 .debug_abbrev  0x00000c90      0x104 ..\obj\interrupt.o
 .debug_abbrev  0x00000d94       0xb2 ..\obj\rit128x96x4.o
 .debug_abbrev  0x00000e46       0xa5 ..\obj\startup_lm3s.o
 .debug_abbrev  0x00000eeb       0xb8 ..\obj\list.o
 .debug_abbrev  0x00000fa3       0xe0 ..\obj\syscalls.o
 .debug_abbrev  0x00001083       0xd8 ..\obj\ssi.o
 .debug_abbrev  0x0000115b       0xec ..\obj\adc.o
 .debug_abbrev  0x00001247      0x142 ..\obj\queue.o
 .debug_abbrev  0x00001389      0x122 ..\obj\port.o
 .debug_abbrev  0x000014ab       0x73 ..\obj\pwm_generico.o
 .debug_abbrev  0x0000151e      0x188 ..\obj\croutine.o
 .debug_abbrev  0x000016a6       0x5e ..\obj\cpu.o
 .debug_abbrev  0x00001704       0xa0 ..\obj\console.o
 .debug_abbrev  0x000017a4       0x83 ..\obj\systick.o
 .debug_abbrev  0x00001827       0xfe ..\obj\heap_1.o

.debug_info     0x00000000     0x6fc1
 .debug_info    0x00000000      0x100 ..\obj\Task_Comunicaciones.o
 .debug_info    0x00000100      0x45a ..\obj\system_lm3s.o
 .debug_info    0x0000055a      0x54c ..\obj\core_cm3.o
 .debug_info    0x00000aa6      0x2eb ..\obj\stellaris_1.o
 .debug_info    0x00000d91      0x5b4 ..\obj\timer.o
 .debug_info    0x00001345      0x950 ..\obj\pwm.o
 .debug_info    0x00001c95      0x33e ..\obj\Task_Control.o
 .debug_info    0x00001fd3       0xd0 ..\obj\main.o
 .debug_info    0x000020a3      0x3b9 ..\obj\framebuffer.o
 .debug_info    0x0000245c      0x7f1 ..\obj\sysctl.o
 .debug_info    0x00002c4d       0x50 ..\obj\timers.o
 .debug_info    0x00002c9d      0x8a1 ..\obj\gpio.o
 .debug_info    0x0000353e       0xa3 ..\obj\display.o
 .debug_info    0x000035e1      0x153 ..\obj\display_RIT.o
 .debug_info    0x00003734      0x9d4 ..\obj\tasks.o
 .debug_info    0x00004108      0x2b7 ..\obj\interrupt.o
 .debug_info    0x000043bf      0x3db ..\obj\rit128x96x4.o
 .debug_info    0x0000479a      0x135 ..\obj\startup_lm3s.o
 .debug_info    0x000048cf      0x2aa ..\obj\list.o
 .debug_info    0x00004b79      0x444 ..\obj\syscalls.o
 .debug_info    0x00004fbd      0x449 ..\obj\ssi.o
 .debug_info    0x00005406      0x809 ..\obj\adc.o
 .debug_info    0x00005c0f      0x731 ..\obj\queue.o
 .debug_info    0x00006340      0x1db ..\obj\port.o
 .debug_info    0x0000651b      0x107 ..\obj\pwm_generico.o
 .debug_info    0x00006622      0x4b3 ..\obj\croutine.o
 .debug_info    0x00006ad5       0x99 ..\obj\cpu.o
 .debug_info    0x00006b6e      0x1b2 ..\obj\console.o
 .debug_info    0x00006d20      0x12b ..\obj\systick.o
 .debug_info    0x00006e4b      0x176 ..\obj\heap_1.o

.debug_line     0x00000000     0x6b37
 .debug_line    0x00000000      0x430 ..\obj\Task_Comunicaciones.o
 .debug_line    0x00000430      0x254 ..\obj\system_lm3s.o
 .debug_line    0x00000684      0x2d2 ..\obj\core_cm3.o
 .debug_line    0x00000956      0x408 ..\obj\stellaris_1.o
 .debug_line    0x00000d5e      0x409 ..\obj\timer.o
 .debug_line    0x00001167      0x402 ..\obj\pwm.o
 .debug_line    0x00001569      0x649 ..\obj\Task_Control.o
 .debug_line    0x00001bb2      0x556 ..\obj\main.o
 .debug_line    0x00002108      0x4e7 ..\obj\framebuffer.o
 .debug_line    0x000025ef      0x5e3 ..\obj\sysctl.o
 .debug_line    0x00002bd2      0x1e0 ..\obj\timers.o
 .debug_line    0x00002db2      0x5da ..\obj\gpio.o
 .debug_line    0x0000338c      0x131 ..\obj\display.o
 .debug_line    0x000034bd      0x37d ..\obj\display_RIT.o
 .debug_line    0x0000383a      0x738 ..\obj\tasks.o
 .debug_line    0x00003f72      0x22c ..\obj\interrupt.o
 .debug_line    0x0000419e      0x308 ..\obj\rit128x96x4.o
 .debug_line    0x000044a6       0x95 ..\obj\startup_lm3s.o
 .debug_line    0x0000453b      0x429 ..\obj\list.o
 .debug_line    0x00004964      0x36d ..\obj\syscalls.o
 .debug_line    0x00004cd1      0x2fe ..\obj\ssi.o
 .debug_line    0x00004fcf      0x3d0 ..\obj\adc.o
 .debug_line    0x0000539f      0x5dc ..\obj\queue.o
 .debug_line    0x0000597b      0x272 ..\obj\port.o
 .debug_line    0x00005bed      0x1b6 ..\obj\pwm_generico.o
 .debug_line    0x00005da3      0x319 ..\obj\croutine.o
 .debug_line    0x000060bc       0xcf ..\obj\cpu.o
 .debug_line    0x0000618b      0x3e6 ..\obj\console.o
 .debug_line    0x00006571      0x1b1 ..\obj\systick.o
 .debug_line    0x00006722      0x415 ..\obj\heap_1.o

.debug_macinfo  0x00000000    0xd848a
 .debug_macinfo
                0x00000000     0x5e38 ..\obj\Task_Comunicaciones.o
 .debug_macinfo
                0x00005e38     0x61d1 ..\obj\system_lm3s.o
 .debug_macinfo
                0x0000c009     0x1f65 ..\obj\core_cm3.o
 .debug_macinfo
                0x0000df6e     0x3bdd ..\obj\stellaris_1.o
 .debug_macinfo
                0x00011b4b     0x42cf ..\obj\timer.o
 .debug_macinfo
                0x00015e1a     0xf3b2 ..\obj\pwm.o
 .debug_macinfo
                0x000251cc     0xfb57 ..\obj\Task_Control.o
 .debug_macinfo
                0x00034d23     0xfcc6 ..\obj\main.o
 .debug_macinfo
                0x000449e9     0x4c4f ..\obj\framebuffer.o
 .debug_macinfo
                0x00049638    0x1284d ..\obj\sysctl.o
 .debug_macinfo
                0x0005be85     0x427f ..\obj\timers.o
 .debug_macinfo
                0x00060104    0x119e1 ..\obj\gpio.o
 .debug_macinfo
                0x00071ae5     0x1fce ..\obj\display.o
 .debug_macinfo
                0x00073ab3     0x3d68 ..\obj\display_RIT.o
 .debug_macinfo
                0x0007781b     0x6afa ..\obj\tasks.o
 .debug_macinfo
                0x0007e315     0x76e6 ..\obj\interrupt.o
 .debug_macinfo
                0x000859fb    0x1090a ..\obj\rit128x96x4.o
 .debug_macinfo
                0x00096305     0x16a5 ..\obj\startup_lm3s.o
 .debug_macinfo
                0x000979aa     0x4f5e ..\obj\list.o
 .debug_macinfo
                0x0009c908     0x492d ..\obj\syscalls.o
 .debug_macinfo
                0x000a1235     0x57bf ..\obj\ssi.o
 .debug_macinfo
                0x000a69f4     0x8145 ..\obj\adc.o
 .debug_macinfo
                0x000aeb39     0x566d ..\obj\queue.o
 .debug_macinfo
                0x000b41a6     0x37bd ..\obj\port.o
 .debug_macinfo
                0x000b7963     0xab1a ..\obj\pwm_generico.o
 .debug_macinfo
                0x000c247d     0x3c8a ..\obj\croutine.o
 .debug_macinfo
                0x000c6107     0x1680 ..\obj\cpu.o
 .debug_macinfo
                0x000c7787     0x431d ..\obj\console.o
 .debug_macinfo
                0x000cbaa4     0x76ea ..\obj\systick.o
 .debug_macinfo
                0x000d318e     0x52fc ..\obj\heap_1.o

.debug_loc      0x00000000     0x4488
 .debug_loc     0x00000000       0x3a ..\obj\Task_Comunicaciones.o
 .debug_loc     0x0000003a       0x70 ..\obj\system_lm3s.o
 .debug_loc     0x000000aa      0x3f0 ..\obj\core_cm3.o
 .debug_loc     0x0000049a       0x92 ..\obj\stellaris_1.o
 .debug_loc     0x0000052c      0x508 ..\obj\timer.o
 .debug_loc     0x00000a34      0x738 ..\obj\pwm.o
 .debug_loc     0x0000116c       0x66 ..\obj\Task_Control.o
 .debug_loc     0x000011d2       0x64 ..\obj\main.o
 .debug_loc     0x00001236      0x18a ..\obj\framebuffer.o
 .debug_loc     0x000013c0      0x894 ..\obj\sysctl.o
 .debug_loc     0x00001c54      0x700 ..\obj\gpio.o
 .debug_loc     0x00002354       0x90 ..\obj\display.o
 .debug_loc     0x000023e4       0x9c ..\obj\display_RIT.o
 .debug_loc     0x00002480      0x494 ..\obj\tasks.o
 .debug_loc     0x00002914      0x244 ..\obj\interrupt.o
 .debug_loc     0x00002b58      0x224 ..\obj\rit128x96x4.o
 .debug_loc     0x00002d7c       0x64 ..\obj\startup_lm3s.o
 .debug_loc     0x00002de0      0x118 ..\obj\list.o
 .debug_loc     0x00002ef8      0x1ec ..\obj\syscalls.o
 .debug_loc     0x000030e4      0x380 ..\obj\ssi.o
 .debug_loc     0x00003464      0x5e8 ..\obj\adc.o
 .debug_loc     0x00003a4c      0x348 ..\obj\queue.o
 .debug_loc     0x00003d94      0x178 ..\obj\port.o
 .debug_loc     0x00003f0c       0x70 ..\obj\pwm_generico.o
 .debug_loc     0x00003f7c      0x188 ..\obj\croutine.o
 .debug_loc     0x00004104      0x118 ..\obj\console.o
 .debug_loc     0x0000421c      0x1a4 ..\obj\systick.o
 .debug_loc     0x000043c0       0xc8 ..\obj\heap_1.o

.debug_pubnames
                0x00000000     0x1e3d
 .debug_pubnames
                0x00000000       0x2b ..\obj\Task_Comunicaciones.o
 .debug_pubnames
                0x0000002b       0x86 ..\obj\system_lm3s.o
 .debug_pubnames
                0x000000b1      0x159 ..\obj\core_cm3.o
 .debug_pubnames
                0x0000020a       0xb5 ..\obj\stellaris_1.o
 .debug_pubnames
                0x000002bf      0x1d2 ..\obj\timer.o
 .debug_pubnames
                0x00000491      0x2d1 ..\obj\pwm.o
 .debug_pubnames
                0x00000762       0x77 ..\obj\Task_Control.o
 .debug_pubnames
                0x000007d9       0x28 ..\obj\main.o
 .debug_pubnames
                0x00000801      0x13e ..\obj\framebuffer.o
 .debug_pubnames
                0x0000093f      0x41f ..\obj\sysctl.o
 .debug_pubnames
                0x00000d5e      0x2a9 ..\obj\gpio.o
 .debug_pubnames
                0x00001007       0x66 ..\obj\display.o
 .debug_pubnames
                0x0000106d       0x72 ..\obj\display_RIT.o
 .debug_pubnames
                0x000010df      0x19d ..\obj\tasks.o
 .debug_pubnames
                0x0000127c       0xd6 ..\obj\interrupt.o
 .debug_pubnames
                0x00001352       0xce ..\obj\rit128x96x4.o
 .debug_pubnames
                0x00001420       0x4a ..\obj\startup_lm3s.o
 .debug_pubnames
                0x0000146a       0x71 ..\obj\list.o
 .debug_pubnames
                0x000014db       0x71 ..\obj\syscalls.o
 .debug_pubnames
                0x0000154c      0x133 ..\obj\ssi.o
 .debug_pubnames
                0x0000167f      0x2c3 ..\obj\adc.o
 .debug_pubnames
                0x00001942      0x111 ..\obj\queue.o
 .debug_pubnames
                0x00001a53      0x10d ..\obj\port.o
 .debug_pubnames
                0x00001b60       0x56 ..\obj\pwm_generico.o
 .debug_pubnames
                0x00001bb6       0x96 ..\obj\croutine.o
 .debug_pubnames
                0x00001c4c       0x37 ..\obj\cpu.o
 .debug_pubnames
                0x00001c83       0x86 ..\obj\console.o
 .debug_pubnames
                0x00001d09       0xd0 ..\obj\systick.o
 .debug_pubnames
                0x00001dd9       0x64 ..\obj\heap_1.o

.debug_pubtypes
                0x00000000      0x7cc
 .debug_pubtypes
                0x00000000       0x23 ..\obj\Task_Comunicaciones.o
 .debug_pubtypes
                0x00000023       0x3b ..\obj\system_lm3s.o
 .debug_pubtypes
                0x0000005e       0x50 ..\obj\core_cm3.o
 .debug_pubtypes
                0x000000ae       0xa7 ..\obj\stellaris_1.o
 .debug_pubtypes
                0x00000155       0x1f ..\obj\timer.o
 .debug_pubtypes
                0x00000174       0x1f ..\obj\pwm.o
 .debug_pubtypes
                0x00000193       0x9f ..\obj\Task_Control.o
 .debug_pubtypes
                0x00000232       0x12 ..\obj\main.o
 .debug_pubtypes
                0x00000244       0x3f ..\obj\framebuffer.o
 .debug_pubtypes
                0x00000283       0x1f ..\obj\sysctl.o
 .debug_pubtypes
                0x000002a2       0x12 ..\obj\timers.o
 .debug_pubtypes
                0x000002b4       0x1f ..\obj\gpio.o
 .debug_pubtypes
                0x000002d3       0x12 ..\obj\display.o
 .debug_pubtypes
                0x000002e5       0x12 ..\obj\display_RIT.o
 .debug_pubtypes
                0x000002f7      0x10c ..\obj\tasks.o
 .debug_pubtypes
                0x00000403       0x1f ..\obj\interrupt.o
 .debug_pubtypes
                0x00000422       0x12 ..\obj\rit128x96x4.o
 .debug_pubtypes
                0x00000434       0x7a ..\obj\list.o
 .debug_pubtypes
                0x000004ae       0xaa ..\obj\syscalls.o
 .debug_pubtypes
                0x00000558       0x1f ..\obj\ssi.o
 .debug_pubtypes
                0x00000577       0x1f ..\obj\adc.o
 .debug_pubtypes
                0x00000596       0xd4 ..\obj\queue.o
 .debug_pubtypes
                0x0000066a       0x33 ..\obj\port.o
 .debug_pubtypes
                0x0000069d       0x12 ..\obj\pwm_generico.o
 .debug_pubtypes
                0x000006af       0xcd ..\obj\croutine.o
 .debug_pubtypes
                0x0000077c       0x12 ..\obj\console.o
 .debug_pubtypes
                0x0000078e       0x12 ..\obj\systick.o
 .debug_pubtypes
                0x000007a0       0x2c ..\obj\heap_1.o

.debug_aranges  0x00000000      0xd28
 .debug_aranges
                0x00000000       0x20 ..\obj\Task_Comunicaciones.o
 .debug_aranges
                0x00000020       0x28 ..\obj\system_lm3s.o
 .debug_aranges
                0x00000048       0xc8 ..\obj\core_cm3.o
 .debug_aranges
                0x00000110       0x30 ..\obj\stellaris_1.o
 .debug_aranges
                0x00000140       0xd0 ..\obj\timer.o
 .debug_aranges
                0x00000210      0x120 ..\obj\pwm.o
 .debug_aranges
                0x00000330       0x28 ..\obj\Task_Control.o
 .debug_aranges
                0x00000358       0x28 ..\obj\main.o
 .debug_aranges
                0x00000380       0x50 ..\obj\framebuffer.o
 .debug_aranges
                0x000003d0      0x170 ..\obj\sysctl.o
 .debug_aranges
                0x00000540      0x118 ..\obj\gpio.o
 .debug_aranges
                0x00000658       0x30 ..\obj\display.o
 .debug_aranges
                0x00000688       0x30 ..\obj\display_RIT.o
 .debug_aranges
                0x000006b8       0xc8 ..\obj\tasks.o
 .debug_aranges
                0x00000780       0x70 ..\obj\interrupt.o
 .debug_aranges
                0x000007f0       0x68 ..\obj\rit128x96x4.o
 .debug_aranges
                0x00000858       0x28 ..\obj\startup_lm3s.o
 .debug_aranges
                0x00000880       0x40 ..\obj\list.o
 .debug_aranges
                0x000008c0       0x60 ..\obj\syscalls.o
 .debug_aranges
                0x00000920       0x98 ..\obj\ssi.o
 .debug_aranges
                0x000009b8       0xf0 ..\obj\adc.o
 .debug_aranges
                0x00000aa8       0x90 ..\obj\queue.o
 .debug_aranges
                0x00000b38       0x70 ..\obj\port.o
 .debug_aranges
                0x00000ba8       0x28 ..\obj\pwm_generico.o
 .debug_aranges
                0x00000bd0       0x50 ..\obj\croutine.o
 .debug_aranges
                0x00000c20       0x30 ..\obj\cpu.o
 .debug_aranges
                0x00000c50       0x40 ..\obj\console.o
 .debug_aranges
                0x00000c90       0x60 ..\obj\systick.o
 .debug_aranges
                0x00000cf0       0x38 ..\obj\heap_1.o

.debug_ranges   0x00000000      0xb58
 .debug_ranges  0x00000000       0x10 ..\obj\Task_Comunicaciones.o
 .debug_ranges  0x00000010       0x18 ..\obj\system_lm3s.o
 .debug_ranges  0x00000028       0xb8 ..\obj\core_cm3.o
 .debug_ranges  0x000000e0       0x20 ..\obj\stellaris_1.o
 .debug_ranges  0x00000100       0xc0 ..\obj\timer.o
 .debug_ranges  0x000001c0      0x110 ..\obj\pwm.o
 .debug_ranges  0x000002d0       0x18 ..\obj\Task_Control.o
 .debug_ranges  0x000002e8       0x18 ..\obj\main.o
 .debug_ranges  0x00000300       0x40 ..\obj\framebuffer.o
 .debug_ranges  0x00000340      0x160 ..\obj\sysctl.o
 .debug_ranges  0x000004a0      0x108 ..\obj\gpio.o
 .debug_ranges  0x000005a8       0x20 ..\obj\display.o
 .debug_ranges  0x000005c8       0x20 ..\obj\display_RIT.o
 .debug_ranges  0x000005e8       0xb8 ..\obj\tasks.o
 .debug_ranges  0x000006a0       0x60 ..\obj\interrupt.o
 .debug_ranges  0x00000700       0x58 ..\obj\rit128x96x4.o
 .debug_ranges  0x00000758       0x18 ..\obj\startup_lm3s.o
 .debug_ranges  0x00000770       0x30 ..\obj\list.o
 .debug_ranges  0x000007a0       0x50 ..\obj\syscalls.o
 .debug_ranges  0x000007f0       0x88 ..\obj\ssi.o
 .debug_ranges  0x00000878       0xe0 ..\obj\adc.o
 .debug_ranges  0x00000958       0x80 ..\obj\queue.o
 .debug_ranges  0x000009d8       0x60 ..\obj\port.o
 .debug_ranges  0x00000a38       0x18 ..\obj\pwm_generico.o
 .debug_ranges  0x00000a50       0x40 ..\obj\croutine.o
 .debug_ranges  0x00000a90       0x20 ..\obj\cpu.o
 .debug_ranges  0x00000ab0       0x30 ..\obj\console.o
 .debug_ranges  0x00000ae0       0x50 ..\obj\systick.o
 .debug_ranges  0x00000b30       0x28 ..\obj\heap_1.o

.debug_str      0x00000000     0x30a2
 .debug_str     0x00000000      0x108 ..\obj\Task_Comunicaciones.o
                                0x148 (size before relaxing)
 .debug_str     0x00000108      0x1da ..\obj\system_lm3s.o
                                0x26f (size before relaxing)
 .debug_str     0x000002e2      0x174 ..\obj\core_cm3.o
                                0x225 (size before relaxing)
 .debug_str     0x00000456      0x1d5 ..\obj\stellaris_1.o
                                0x26a (size before relaxing)
 .debug_str     0x0000062b      0x205 ..\obj\timer.o
                                0x231 (size before relaxing)
 .debug_str     0x00000830      0x35d ..\obj\pwm.o
                                0x3cd (size before relaxing)
 .debug_str     0x00000b8d       0x87 ..\obj\Task_Control.o
                                0x25c (size before relaxing)
 .debug_str     0x00000c14       0x3e ..\obj\main.o
                                0x115 (size before relaxing)
 .debug_str     0x00000c52      0x196 ..\obj\framebuffer.o
                                0x26b (size before relaxing)
 .debug_str     0x00000de8      0x47b ..\obj\sysctl.o
                                0x4e8 (size before relaxing)
 .debug_str     0x00001263       0x38 ..\obj\timers.o
                                 0x8b (size before relaxing)
 .debug_str     0x0000129b      0x30f ..\obj\gpio.o
                                0x392 (size before relaxing)
 .debug_str     0x000015aa       0x81 ..\obj\display.o
                                 0xa6 (size before relaxing)
 .debug_str     0x0000162b       0xab ..\obj\display_RIT.o
                                0x148 (size before relaxing)
 .debug_str     0x000016d6      0x5e0 ..\obj\tasks.o
                                0x6d5 (size before relaxing)
 .debug_str     0x00001cb6      0x118 ..\obj\interrupt.o
                                0x1a5 (size before relaxing)
 .debug_str     0x00001dce      0x1a1 ..\obj\rit128x96x4.o
                                0x236 (size before relaxing)
 .debug_str     0x00001f6f       0xa3 ..\obj\startup_lm3s.o
                                 0xce (size before relaxing)
 .debug_str     0x00002012       0xc9 ..\obj\list.o
                                0x1fc (size before relaxing)
 .debug_str     0x000020db      0x15c ..\obj\syscalls.o
                                0x243 (size before relaxing)
 .debug_str     0x00002237      0x18d ..\obj\ssi.o
                                0x1fd (size before relaxing)
 .debug_str     0x000023c4      0x305 ..\obj\adc.o
                                0x3a1 (size before relaxing)
 .debug_str     0x000026c9      0x2cf ..\obj\queue.o
                                0x474 (size before relaxing)
 .debug_str     0x00002998      0x151 ..\obj\port.o
                                0x1d7 (size before relaxing)
 .debug_str     0x00002ae9       0xb1 ..\obj\pwm_generico.o
                                 0xf6 (size before relaxing)
 .debug_str     0x00002b9a      0x27c ..\obj\croutine.o
                                0x3cb (size before relaxing)
 .debug_str     0x00002e16       0x58 ..\obj\cpu.o
                                 0x76 (size before relaxing)
 .debug_str     0x00002e6e       0x99 ..\obj\console.o
                                0x159 (size before relaxing)
 .debug_str     0x00002f07       0xd7 ..\obj\systick.o
                                0x117 (size before relaxing)
 .debug_str     0x00002fde       0xc4 ..\obj\heap_1.o
                                0x167 (size before relaxing)

.comment        0x00000000       0x2a
 .comment       0x00000000       0x2a ..\obj\Task_Comunicaciones.o
                                 0x2b (size before relaxing)
 .comment       0x00000000       0x2b ..\obj\system_lm3s.o
 .comment       0x00000000       0x2b ..\obj\core_cm3.o
 .comment       0x00000000       0x2b ..\obj\stellaris_1.o
 .comment       0x00000000       0x2b ..\obj\timer.o
 .comment       0x00000000       0x2b ..\obj\pwm.o
 .comment       0x00000000       0x2b ..\obj\Task_Control.o
 .comment       0x00000000       0x2b ..\obj\main.o
 .comment       0x00000000       0x2b ..\obj\framebuffer.o
 .comment       0x00000000       0x2b ..\obj\sysctl.o
 .comment       0x00000000       0x2b ..\obj\timers.o
 .comment       0x00000000       0x2b ..\obj\gpio.o
 .comment       0x00000000       0x2b ..\obj\display.o
 .comment       0x00000000       0x2b ..\obj\display_RIT.o
 .comment       0x00000000       0x2b ..\obj\tasks.o
 .comment       0x00000000       0x2b ..\obj\interrupt.o
 .comment       0x00000000       0x2b ..\obj\rit128x96x4.o
 .comment       0x00000000       0x2b ..\obj\startup_lm3s.o
 .comment       0x00000000       0x2b ..\obj\list.o
 .comment       0x00000000       0x2b ..\obj\syscalls.o
 .comment       0x00000000       0x2b ..\obj\ssi.o
 .comment       0x00000000       0x2b ..\obj\adc.o
 .comment       0x00000000       0x2b ..\obj\queue.o
 .comment       0x00000000       0x2b ..\obj\port.o
 .comment       0x00000000       0x2b ..\obj\pwm_generico.o
 .comment       0x00000000       0x2b ..\obj\croutine.o
 .comment       0x00000000       0x2b ..\obj\cpu.o
 .comment       0x00000000       0x2b ..\obj\console.o
 .comment       0x00000000       0x2b ..\obj\systick.o
 .comment       0x00000000       0x2b ..\obj\heap_1.o

.ARM.attributes
                0x00000000       0x31
 .ARM.attributes
                0x00000000       0x31 ..\obj\Task_Comunicaciones.o
 .ARM.attributes
                0x00000031       0x31 ..\obj\system_lm3s.o
 .ARM.attributes
                0x00000062       0x31 ..\obj\core_cm3.o
 .ARM.attributes
                0x00000093       0x31 ..\obj\stellaris_1.o
 .ARM.attributes
                0x000000c4       0x31 ..\obj\timer.o
 .ARM.attributes
                0x000000f5       0x31 ..\obj\pwm.o
 .ARM.attributes
                0x00000126       0x31 ..\obj\Task_Control.o
 .ARM.attributes
                0x00000157       0x31 ..\obj\main.o
 .ARM.attributes
                0x00000188       0x31 ..\obj\framebuffer.o
 .ARM.attributes
                0x000001b9       0x31 ..\obj\sysctl.o
 .ARM.attributes
                0x000001ea       0x31 ..\obj\timers.o
 .ARM.attributes
                0x0000021b       0x31 ..\obj\gpio.o
 .ARM.attributes
                0x0000024c       0x31 ..\obj\display.o
 .ARM.attributes
                0x0000027d       0x31 ..\obj\display_RIT.o
 .ARM.attributes
                0x000002ae       0x31 ..\obj\tasks.o
 .ARM.attributes
                0x000002df       0x31 ..\obj\interrupt.o
 .ARM.attributes
                0x00000310       0x31 ..\obj\rit128x96x4.o
 .ARM.attributes
                0x00000341       0x31 ..\obj\startup_lm3s.o
 .ARM.attributes
                0x00000372       0x31 ..\obj\list.o
 .ARM.attributes
                0x000003a3       0x31 ..\obj\syscalls.o
 .ARM.attributes
                0x000003d4       0x31 ..\obj\ssi.o
 .ARM.attributes
                0x00000405       0x31 ..\obj\adc.o
 .ARM.attributes
                0x00000436       0x31 ..\obj\queue.o
 .ARM.attributes
                0x00000467       0x31 ..\obj\port.o
 .ARM.attributes
                0x00000498       0x31 ..\obj\pwm_generico.o
 .ARM.attributes
                0x000004c9       0x31 ..\obj\croutine.o
 .ARM.attributes
                0x000004fa       0x31 ..\obj\cpu.o
 .ARM.attributes
                0x0000052b       0x31 ..\obj\console.o
 .ARM.attributes
                0x0000055c       0x31 ..\obj\systick.o
 .ARM.attributes
                0x0000058d       0x31 ..\obj\heap_1.o
 .ARM.attributes
                0x000005be       0x1b c:/apps/coide/gcc/sourcery g++ lite/bin/../lib/gcc/arm-none-eabi/4.5.1/thumb2\libgcc.a(_arm_addsubdf3.o)
 .ARM.attributes
                0x000005d9       0x1b c:/apps/coide/gcc/sourcery g++ lite/bin/../lib/gcc/arm-none-eabi/4.5.1/thumb2\libgcc.a(_arm_muldivdf3.o)
 .ARM.attributes
                0x000005f4       0x1b c:/apps/coide/gcc/sourcery g++ lite/bin/../lib/gcc/arm-none-eabi/4.5.1/thumb2\libgcc.a(_arm_cmpdf2.o)
 .ARM.attributes
                0x0000060f       0x1b c:/apps/coide/gcc/sourcery g++ lite/bin/../lib/gcc/arm-none-eabi/4.5.1/thumb2\libgcc.a(_arm_truncdfsf2.o)
 .ARM.attributes
                0x0000062a       0x1b c:/apps/coide/gcc/sourcery g++ lite/bin/../lib/gcc/arm-none-eabi/4.5.1/thumb2\libgcc.a(_arm_addsubsf3.o)
 .ARM.attributes
                0x00000645       0x1b c:/apps/coide/gcc/sourcery g++ lite/bin/../lib/gcc/arm-none-eabi/4.5.1/thumb2\libgcc.a(_arm_muldivsf3.o)
 .ARM.attributes
                0x00000660       0x1b c:/apps/coide/gcc/sourcery g++ lite/bin/../lib/gcc/arm-none-eabi/4.5.1/thumb2\libgcc.a(_arm_fixunssfsi.o)
 .ARM.attributes
                0x0000067b       0x29 c:/apps/coide/gcc/sourcery g++ lite/bin/../lib/gcc/arm-none-eabi/4.5.1/../../../../arm-none-eabi/lib/thumb2\libc.a(lib_a-memcpy.o)
 .ARM.attributes
                0x000006a4       0x29 c:/apps/coide/gcc/sourcery g++ lite/bin/../lib/gcc/arm-none-eabi/4.5.1/../../../../arm-none-eabi/lib/thumb2\libc.a(lib_a-memset.o)
 .ARM.attributes
                0x000006cd       0x29 c:/apps/coide/gcc/sourcery g++ lite/bin/../lib/gcc/arm-none-eabi/4.5.1/../../../../arm-none-eabi/lib/thumb2\libc.a(lib_a-sprintf.o)
 .ARM.attributes
                0x000006f6       0x29 c:/apps/coide/gcc/sourcery g++ lite/bin/../lib/gcc/arm-none-eabi/4.5.1/../../../../arm-none-eabi/lib/thumb2\libc.a(lib_a-strlen.o)
 .ARM.attributes
                0x0000071f       0x29 c:/apps/coide/gcc/sourcery g++ lite/bin/../lib/gcc/arm-none-eabi/4.5.1/../../../../arm-none-eabi/lib/thumb2\libc.a(lib_a-strncpy.o)
 .ARM.attributes
                0x00000748       0x29 c:/apps/coide/gcc/sourcery g++ lite/bin/../lib/gcc/arm-none-eabi/4.5.1/../../../../arm-none-eabi/lib/thumb2\libc.a(lib_a-svfprintf.o)
 .ARM.attributes
                0x00000771       0x29 c:/apps/coide/gcc/sourcery g++ lite/bin/../lib/gcc/arm-none-eabi/4.5.1/../../../../arm-none-eabi/lib/thumb2\libc.a(lib_a-dtoa.o)
 .ARM.attributes
                0x0000079a       0x29 c:/apps/coide/gcc/sourcery g++ lite/bin/../lib/gcc/arm-none-eabi/4.5.1/../../../../arm-none-eabi/lib/thumb2\libc.a(lib_a-impure.o)
 .ARM.attributes
                0x000007c3       0x29 c:/apps/coide/gcc/sourcery g++ lite/bin/../lib/gcc/arm-none-eabi/4.5.1/../../../../arm-none-eabi/lib/thumb2\libc.a(lib_a-locale.o)
 .ARM.attributes
                0x000007ec       0x29 c:/apps/coide/gcc/sourcery g++ lite/bin/../lib/gcc/arm-none-eabi/4.5.1/../../../../arm-none-eabi/lib/thumb2\libc.a(lib_a-malloc.o)
 .ARM.attributes
                0x00000815       0x29 c:/apps/coide/gcc/sourcery g++ lite/bin/../lib/gcc/arm-none-eabi/4.5.1/../../../../arm-none-eabi/lib/thumb2\libc.a(lib_a-mallocr.o)
 .ARM.attributes
                0x0000083e       0x29 c:/apps/coide/gcc/sourcery g++ lite/bin/../lib/gcc/arm-none-eabi/4.5.1/../../../../arm-none-eabi/lib/thumb2\libc.a(lib_a-memchr.o)
 .ARM.attributes
                0x00000867       0x29 c:/apps/coide/gcc/sourcery g++ lite/bin/../lib/gcc/arm-none-eabi/4.5.1/../../../../arm-none-eabi/lib/thumb2\libc.a(lib_a-mlock.o)
 .ARM.attributes
                0x00000890       0x29 c:/apps/coide/gcc/sourcery g++ lite/bin/../lib/gcc/arm-none-eabi/4.5.1/../../../../arm-none-eabi/lib/thumb2\libc.a(lib_a-mprec.o)
 .ARM.attributes
                0x000008b9       0x29 c:/apps/coide/gcc/sourcery g++ lite/bin/../lib/gcc/arm-none-eabi/4.5.1/../../../../arm-none-eabi/lib/thumb2\libc.a(lib_a-s_fpclassify.o)
 .ARM.attributes
                0x000008e2       0x29 c:/apps/coide/gcc/sourcery g++ lite/bin/../lib/gcc/arm-none-eabi/4.5.1/../../../../arm-none-eabi/lib/thumb2\libc.a(lib_a-sbrkr.o)
 .ARM.attributes
                0x0000090b       0x29 c:/apps/coide/gcc/sourcery g++ lite/bin/../lib/gcc/arm-none-eabi/4.5.1/../../../../arm-none-eabi/lib/thumb2\libc.a(lib_a-strcmp.o)
 .ARM.attributes
                0x00000934       0x29 c:/apps/coide/gcc/sourcery g++ lite/bin/../lib/gcc/arm-none-eabi/4.5.1/../../../../arm-none-eabi/lib/thumb2\libc.a(lib_a-svfiprintf.o)
 .ARM.attributes
                0x0000095d       0x29 c:/apps/coide/gcc/sourcery g++ lite/bin/../lib/gcc/arm-none-eabi/4.5.1/../../../../arm-none-eabi/lib/thumb2\libc.a(lib_a-callocr.o)
 .ARM.attributes
                0x00000986       0x29 c:/apps/coide/gcc/sourcery g++ lite/bin/../lib/gcc/arm-none-eabi/4.5.1/../../../../arm-none-eabi/lib/thumb2\libc.a(lib_a-freer.o)
 .ARM.attributes
                0x000009af       0x29 c:/apps/coide/gcc/sourcery g++ lite/bin/../lib/gcc/arm-none-eabi/4.5.1/../../../../arm-none-eabi/lib/thumb2\libc.a(lib_a-memmove.o)
 .ARM.attributes
                0x000009d8       0x29 c:/apps/coide/gcc/sourcery g++ lite/bin/../lib/gcc/arm-none-eabi/4.5.1/../../../../arm-none-eabi/lib/thumb2\libc.a(lib_a-reallocr.o)
 .ARM.attributes
                0x00000a01       0x29 c:/apps/coide/gcc/sourcery g++ lite/bin/../lib/gcc/arm-none-eabi/4.5.1/../../../../arm-none-eabi/lib/thumb2\libc.a(lib_a-reent.o)
 .ARM.attributes
                0x00000a2a       0x1b c:/apps/coide/gcc/sourcery g++ lite/bin/../lib/gcc/arm-none-eabi/4.5.1/thumb2\libgcc.a(_udivsi3.o)
 .ARM.attributes
                0x00000a45       0x1b c:/apps/coide/gcc/sourcery g++ lite/bin/../lib/gcc/arm-none-eabi/4.5.1/thumb2\libgcc.a(_dvmd_tls.o)
 .ARM.attributes
                0x00000a60       0x1b c:/apps/coide/gcc/sourcery g++ lite/bin/../lib/gcc/arm-none-eabi/4.5.1/thumb2\libgcc.a(_arm_fixdfsi.o)
 .ARM.attributes
                0x00000a7b       0x1b c:/apps/coide/gcc/sourcery g++ lite/bin/../lib/gcc/arm-none-eabi/4.5.1/thumb2\libgcc.a(_aeabi_uldivmod.o)
 .ARM.attributes
                0x00000a96       0x29 c:/apps/coide/gcc/sourcery g++ lite/bin/../lib/gcc/arm-none-eabi/4.5.1/thumb2\libgcc.a(bpabi.o)
 .ARM.attributes
                0x00000abf       0x29 c:/apps/coide/gcc/sourcery g++ lite/bin/../lib/gcc/arm-none-eabi/4.5.1/thumb2\libgcc.a(_divdi3.o)
 .ARM.attributes
                0x00000ae8       0x29 c:/apps/coide/gcc/sourcery g++ lite/bin/../lib/gcc/arm-none-eabi/4.5.1/thumb2\libgcc.a(_udivdi3.o)

.debug_frame    0x00000000     0x2f7c
 .debug_frame   0x00000000       0x30 ..\obj\Task_Comunicaciones.o
 .debug_frame   0x00000030       0x4c ..\obj\system_lm3s.o
 .debug_frame   0x0000007c      0x280 ..\obj\core_cm3.o
 .debug_frame   0x000002fc       0x68 ..\obj\stellaris_1.o
 .debug_frame   0x00000364      0x2a0 ..\obj\timer.o
 .debug_frame   0x00000604      0x3bc ..\obj\pwm.o
 .debug_frame   0x000009c0       0x4c ..\obj\Task_Control.o
 .debug_frame   0x00000a0c       0x4c ..\obj\main.o
 .debug_frame   0x00000a58       0xe0 ..\obj\framebuffer.o
 .debug_frame   0x00000b38      0x498 ..\obj\sysctl.o
 .debug_frame   0x00000fd0      0x3d8 ..\obj\gpio.o
 .debug_frame   0x000013a8       0x68 ..\obj\display.o
 .debug_frame   0x00001410       0x6c ..\obj\display_RIT.o
 .debug_frame   0x0000147c      0x2a0 ..\obj\tasks.o
 .debug_frame   0x0000171c      0x140 ..\obj\interrupt.o
 .debug_frame   0x0000185c      0x14c ..\obj\rit128x96x4.o
 .debug_frame   0x000019a8       0x48 ..\obj\startup_lm3s.o
 .debug_frame   0x000019f0       0x9c ..\obj\list.o
 .debug_frame   0x00001a8c      0x108 ..\obj\syscalls.o
 .debug_frame   0x00001b94      0x1d8 ..\obj\ssi.o
 .debug_frame   0x00001d6c      0x30c ..\obj\adc.o
 .debug_frame   0x00002078      0x1e4 ..\obj\queue.o
 .debug_frame   0x0000225c      0x110 ..\obj\port.o
 .debug_frame   0x0000236c       0x50 ..\obj\pwm_generico.o
 .debug_frame   0x000023bc       0xf0 ..\obj\croutine.o
 .debug_frame   0x000024ac       0x40 ..\obj\cpu.o
 .debug_frame   0x000024ec       0xac ..\obj\console.o
 .debug_frame   0x00002598       0xf8 ..\obj\systick.o
 .debug_frame   0x00002690       0x7c ..\obj\heap_1.o
 .debug_frame   0x0000270c       0x30 c:/apps/coide/gcc/sourcery g++ lite/bin/../lib/gcc/arm-none-eabi/4.5.1/../../../../arm-none-eabi/lib/thumb2\libc.a(lib_a-memcpy.o)
 .debug_frame   0x0000273c       0x2c c:/apps/coide/gcc/sourcery g++ lite/bin/../lib/gcc/arm-none-eabi/4.5.1/../../../../arm-none-eabi/lib/thumb2\libc.a(lib_a-memset.o)
 .debug_frame   0x00002768       0x64 c:/apps/coide/gcc/sourcery g++ lite/bin/../lib/gcc/arm-none-eabi/4.5.1/../../../../arm-none-eabi/lib/thumb2\libc.a(lib_a-sprintf.o)
 .debug_frame   0x000027cc       0x20 c:/apps/coide/gcc/sourcery g++ lite/bin/../lib/gcc/arm-none-eabi/4.5.1/../../../../arm-none-eabi/lib/thumb2\libc.a(lib_a-strlen.o)
 .debug_frame   0x000027ec       0x2c c:/apps/coide/gcc/sourcery g++ lite/bin/../lib/gcc/arm-none-eabi/4.5.1/../../../../arm-none-eabi/lib/thumb2\libc.a(lib_a-strncpy.o)
 .debug_frame   0x00002818       0x3c c:/apps/coide/gcc/sourcery g++ lite/bin/../lib/gcc/arm-none-eabi/4.5.1/../../../../arm-none-eabi/lib/thumb2\libc.a(lib_a-svfprintf.o)
 .debug_frame   0x00002854       0x68 c:/apps/coide/gcc/sourcery g++ lite/bin/../lib/gcc/arm-none-eabi/4.5.1/../../../../arm-none-eabi/lib/thumb2\libc.a(lib_a-dtoa.o)
 .debug_frame   0x000028bc       0x98 c:/apps/coide/gcc/sourcery g++ lite/bin/../lib/gcc/arm-none-eabi/4.5.1/../../../../arm-none-eabi/lib/thumb2\libc.a(lib_a-locale.o)
 .debug_frame   0x00002954       0x30 c:/apps/coide/gcc/sourcery g++ lite/bin/../lib/gcc/arm-none-eabi/4.5.1/../../../../arm-none-eabi/lib/thumb2\libc.a(lib_a-malloc.o)
 .debug_frame   0x00002984       0x3c c:/apps/coide/gcc/sourcery g++ lite/bin/../lib/gcc/arm-none-eabi/4.5.1/../../../../arm-none-eabi/lib/thumb2\libc.a(lib_a-mallocr.o)
 .debug_frame   0x000029c0       0x2c c:/apps/coide/gcc/sourcery g++ lite/bin/../lib/gcc/arm-none-eabi/4.5.1/../../../../arm-none-eabi/lib/thumb2\libc.a(lib_a-memchr.o)
 .debug_frame   0x000029ec       0x30 c:/apps/coide/gcc/sourcery g++ lite/bin/../lib/gcc/arm-none-eabi/4.5.1/../../../../arm-none-eabi/lib/thumb2\libc.a(lib_a-mlock.o)
 .debug_frame   0x00002a1c      0x244 c:/apps/coide/gcc/sourcery g++ lite/bin/../lib/gcc/arm-none-eabi/4.5.1/../../../../arm-none-eabi/lib/thumb2\libc.a(lib_a-mprec.o)
 .debug_frame   0x00002c60       0x28 c:/apps/coide/gcc/sourcery g++ lite/bin/../lib/gcc/arm-none-eabi/4.5.1/../../../../arm-none-eabi/lib/thumb2\libc.a(lib_a-s_fpclassify.o)
 .debug_frame   0x00002c88       0x2c c:/apps/coide/gcc/sourcery g++ lite/bin/../lib/gcc/arm-none-eabi/4.5.1/../../../../arm-none-eabi/lib/thumb2\libc.a(lib_a-sbrkr.o)
 .debug_frame   0x00002cb4       0x30 c:/apps/coide/gcc/sourcery g++ lite/bin/../lib/gcc/arm-none-eabi/4.5.1/../../../../arm-none-eabi/lib/thumb2\libc.a(lib_a-strcmp.o)
 .debug_frame   0x00002ce4       0x68 c:/apps/coide/gcc/sourcery g++ lite/bin/../lib/gcc/arm-none-eabi/4.5.1/../../../../arm-none-eabi/lib/thumb2\libc.a(lib_a-svfiprintf.o)
 .debug_frame   0x00002d4c       0x2c c:/apps/coide/gcc/sourcery g++ lite/bin/../lib/gcc/arm-none-eabi/4.5.1/../../../../arm-none-eabi/lib/thumb2\libc.a(lib_a-callocr.o)
 .debug_frame   0x00002d78       0x50 c:/apps/coide/gcc/sourcery g++ lite/bin/../lib/gcc/arm-none-eabi/4.5.1/../../../../arm-none-eabi/lib/thumb2\libc.a(lib_a-freer.o)
 .debug_frame   0x00002dc8       0x2c c:/apps/coide/gcc/sourcery g++ lite/bin/../lib/gcc/arm-none-eabi/4.5.1/../../../../arm-none-eabi/lib/thumb2\libc.a(lib_a-memmove.o)
 .debug_frame   0x00002df4       0x3c c:/apps/coide/gcc/sourcery g++ lite/bin/../lib/gcc/arm-none-eabi/4.5.1/../../../../arm-none-eabi/lib/thumb2\libc.a(lib_a-reallocr.o)
 .debug_frame   0x00002e30       0x64 c:/apps/coide/gcc/sourcery g++ lite/bin/../lib/gcc/arm-none-eabi/4.5.1/../../../../arm-none-eabi/lib/thumb2\libc.a(lib_a-reent.o)
 .debug_frame   0x00002e94       0x20 c:/apps/coide/gcc/sourcery g++ lite/bin/../lib/gcc/arm-none-eabi/4.5.1/thumb2\libgcc.a(_udivsi3.o)
 .debug_frame   0x00002eb4       0x50 c:/apps/coide/gcc/sourcery g++ lite/bin/../lib/gcc/arm-none-eabi/4.5.1/thumb2\libgcc.a(bpabi.o)
 .debug_frame   0x00002f04       0x3c c:/apps/coide/gcc/sourcery g++ lite/bin/../lib/gcc/arm-none-eabi/4.5.1/thumb2\libgcc.a(_divdi3.o)
 .debug_frame   0x00002f40       0x3c c:/apps/coide/gcc/sourcery g++ lite/bin/../lib/gcc/arm-none-eabi/4.5.1/thumb2\libgcc.a(_udivdi3.o)
