Archive member included because of file (symbol)

c:/apps/coide/gcc/sourcery g++ lite/bin/../lib/gcc/arm-none-eabi/4.5.1/thumb2\libgcc.a(_arm_addsubdf3.o)
                              ..\obj\stellaris_1.o (__aeabi_dsub)
c:/apps/coide/gcc/sourcery g++ lite/bin/../lib/gcc/arm-none-eabi/4.5.1/thumb2\libgcc.a(_arm_muldivdf3.o)
                              ..\obj\stellaris_1.o (__aeabi_dmul)
c:/apps/coide/gcc/sourcery g++ lite/bin/../lib/gcc/arm-none-eabi/4.5.1/thumb2\libgcc.a(_arm_cmpdf2.o)
                              ..\obj\stellaris_1.o (__aeabi_dcmpeq)
c:/apps/coide/gcc/sourcery g++ lite/bin/../lib/gcc/arm-none-eabi/4.5.1/thumb2\libgcc.a(_arm_truncdfsf2.o)
                              ..\obj\Task_Control.o (__aeabi_d2f)
c:/apps/coide/gcc/sourcery g++ lite/bin/../lib/gcc/arm-none-eabi/4.5.1/thumb2\libgcc.a(_arm_addsubsf3.o)
                              ..\obj\pwm_generico.o (__aeabi_ui2f)
c:/apps/coide/gcc/sourcery g++ lite/bin/../lib/gcc/arm-none-eabi/4.5.1/thumb2\libgcc.a(_arm_muldivsf3.o)
                              ..\obj\pwm_generico.o (__aeabi_fmul)
c:/apps/coide/gcc/sourcery g++ lite/bin/../lib/gcc/arm-none-eabi/4.5.1/thumb2\libgcc.a(_arm_cmpsf2.o)
                              ..\obj\ultrasonidos.o (__aeabi_fcmplt)
c:/apps/coide/gcc/sourcery g++ lite/bin/../lib/gcc/arm-none-eabi/4.5.1/thumb2\libgcc.a(_arm_fixunssfsi.o)
                              ..\obj\pwm_generico.o (__aeabi_f2uiz)
c:/apps/coide/gcc/sourcery g++ lite/bin/../lib/gcc/arm-none-eabi/4.5.1/../../../../arm-none-eabi/lib/thumb2\libc.a(lib_a-memcpy.o)
                              ..\obj\queue.o (memcpy)
c:/apps/coide/gcc/sourcery g++ lite/bin/../lib/gcc/arm-none-eabi/4.5.1/../../../../arm-none-eabi/lib/thumb2\libc.a(lib_a-memset.o)
                              ..\obj\stellaris_1.o (memset)
c:/apps/coide/gcc/sourcery g++ lite/bin/../lib/gcc/arm-none-eabi/4.5.1/../../../../arm-none-eabi/lib/thumb2\libc.a(lib_a-sprintf.o)
                              ..\obj\task_display.o (sprintf)
c:/apps/coide/gcc/sourcery g++ lite/bin/../lib/gcc/arm-none-eabi/4.5.1/../../../../arm-none-eabi/lib/thumb2\libc.a(lib_a-strlen.o)
                              ..\obj\framebuffer.o (strlen)
c:/apps/coide/gcc/sourcery g++ lite/bin/../lib/gcc/arm-none-eabi/4.5.1/../../../../arm-none-eabi/lib/thumb2\libc.a(lib_a-strncpy.o)
                              ..\obj\tasks.o (strncpy)
c:/apps/coide/gcc/sourcery g++ lite/bin/../lib/gcc/arm-none-eabi/4.5.1/../../../../arm-none-eabi/lib/thumb2\libc.a(lib_a-svfprintf.o)
                              c:/apps/coide/gcc/sourcery g++ lite/bin/../lib/gcc/arm-none-eabi/4.5.1/../../../../arm-none-eabi/lib/thumb2\libc.a(lib_a-sprintf.o) (_svfprintf_r)
c:/apps/coide/gcc/sourcery g++ lite/bin/../lib/gcc/arm-none-eabi/4.5.1/../../../../arm-none-eabi/lib/thumb2\libc.a(lib_a-dtoa.o)
                              c:/apps/coide/gcc/sourcery g++ lite/bin/../lib/gcc/arm-none-eabi/4.5.1/../../../../arm-none-eabi/lib/thumb2\libc.a(lib_a-svfprintf.o) (_dtoa_r)
c:/apps/coide/gcc/sourcery g++ lite/bin/../lib/gcc/arm-none-eabi/4.5.1/../../../../arm-none-eabi/lib/thumb2\libc.a(lib_a-impure.o)
                              c:/apps/coide/gcc/sourcery g++ lite/bin/../lib/gcc/arm-none-eabi/4.5.1/../../../../arm-none-eabi/lib/thumb2\libc.a(lib_a-sprintf.o) (_impure_ptr)
c:/apps/coide/gcc/sourcery g++ lite/bin/../lib/gcc/arm-none-eabi/4.5.1/../../../../arm-none-eabi/lib/thumb2\libc.a(lib_a-locale.o)
                              c:/apps/coide/gcc/sourcery g++ lite/bin/../lib/gcc/arm-none-eabi/4.5.1/../../../../arm-none-eabi/lib/thumb2\libc.a(lib_a-svfprintf.o) (_localeconv_r)
c:/apps/coide/gcc/sourcery g++ lite/bin/../lib/gcc/arm-none-eabi/4.5.1/../../../../arm-none-eabi/lib/thumb2\libc.a(lib_a-malloc.o)
                              c:/apps/coide/gcc/sourcery g++ lite/bin/../lib/gcc/arm-none-eabi/4.5.1/../../../../arm-none-eabi/lib/thumb2\libc.a(lib_a-dtoa.o) (malloc)
c:/apps/coide/gcc/sourcery g++ lite/bin/../lib/gcc/arm-none-eabi/4.5.1/../../../../arm-none-eabi/lib/thumb2\libc.a(lib_a-mallocr.o)
                              c:/apps/coide/gcc/sourcery g++ lite/bin/../lib/gcc/arm-none-eabi/4.5.1/../../../../arm-none-eabi/lib/thumb2\libc.a(lib_a-svfprintf.o) (_malloc_r)
c:/apps/coide/gcc/sourcery g++ lite/bin/../lib/gcc/arm-none-eabi/4.5.1/../../../../arm-none-eabi/lib/thumb2\libc.a(lib_a-memchr.o)
                              c:/apps/coide/gcc/sourcery g++ lite/bin/../lib/gcc/arm-none-eabi/4.5.1/../../../../arm-none-eabi/lib/thumb2\libc.a(lib_a-svfprintf.o) (memchr)
c:/apps/coide/gcc/sourcery g++ lite/bin/../lib/gcc/arm-none-eabi/4.5.1/../../../../arm-none-eabi/lib/thumb2\libc.a(lib_a-mlock.o)
                              c:/apps/coide/gcc/sourcery g++ lite/bin/../lib/gcc/arm-none-eabi/4.5.1/../../../../arm-none-eabi/lib/thumb2\libc.a(lib_a-mallocr.o) (__malloc_lock)
c:/apps/coide/gcc/sourcery g++ lite/bin/../lib/gcc/arm-none-eabi/4.5.1/../../../../arm-none-eabi/lib/thumb2\libc.a(lib_a-mprec.o)
[...]
Memory Configuration

Name             Origin             Length             Attributes
rom              0x00000000         0x00040000         xr
ram              0x20000000         0x00010000         xrw
*default*        0x00000000         0xffffffff

Linker script and memory map

                0x20010000                _eram = 0x20010000

.text           0x00000000     0xab08
 *(.isr_vector .isr_vector.*)
 .isr_vector    0x00000000      0x100 ..\obj\startup_lm3s.o
                0x00000000                g_pfnVectors
 *(.text .text.* .gnu.linkonce.t.*)
 .text.vTask_Comunicaciones
                0x00000100       0x3c ..\obj\Task_Comunicaciones.o
                0x00000100                vTask_Comunicaciones
 .text.PINES_inicializar
                0x0000013c      0x168 ..\obj\pines.o
                0x0000013c                PINES_inicializar
 .text.PINES_inicializar_int_both_edges
                0x000002a4      0x148 ..\obj\pines.o
                0x000002a4                PINES_inicializar_int_both_edges
 .text.SystemInit
                0x000003ec      0x238 ..\obj\system_lm3s.o
                0x000003ec                SystemInit
 .text.getOscClk
                0x00000624      0x15c ..\obj\system_lm3s.o
 .text.stellaris_1_step
                0x00000780      0x300 ..\obj\stellaris_1.o
                0x00000780                stellaris_1_step
 .text.stellaris_1_initialize
                0x00000a80       0x40 ..\obj\stellaris_1.o
                0x00000a80                stellaris_1_initialize
 .text.PWMGenConfigure
                0x00000ac0       0x74 ..\obj\pwm.o
                0x00000ac0                PWMGenConfigure
 .text.PWMGenPeriodSet
                0x00000b34       0x48 ..\obj\pwm.o
                0x00000b34                PWMGenPeriodSet
 .text.PWMGenEnable
                0x00000b7c       0x28 ..\obj\pwm.o
                0x00000b7c                PWMGenEnable
 .text.PWMPulseWidthSet
                0x00000ba4       0x6c ..\obj\pwm.o
                0x00000ba4                PWMPulseWidthSet
 .text.PWMOutputState
                0x00000c10       0x50 ..\obj\pwm.o
                0x00000c10                PWMOutputState
 .text.vTask_Control
                0x00000c60       0x40 ..\obj\Task_Control.o
                0x00000c60                vTask_Control
 .text.rt_OneStep
                0x00000ca0      0x220 ..\obj\Task_Control.o
                0x00000ca0                rt_OneStep
 .text.SYSTEM_TICK_coger_valor_ticks
                0x00000ec0       0x20 ..\obj\system_tick.o
                0x00000ec0                SYSTEM_TICK_coger_valor_ticks
 .text.main     0x00000ee0       0xf8 ..\obj\main.o
                0x00000ee0                main
 .text.pwm_init
                0x00000fd8       0x20 ..\obj\main.o
                0x00000fd8                pwm_init
 .text.SysCtlPeripheralEnable
                0x00000ff8       0x58 ..\obj\sysctl.o
                0x00000ff8                SysCtlPeripheralEnable
 .text.SysCtlDelay
                0x00001050        0x8 ..\obj\sysctl.o
                0x00001050                SysCtlDelay
 .text.SysCtlClockSet
                0x00001058      0x290 ..\obj\sysctl.o
                0x00001058                SysCtlClockSet
 .text.SysCtlClockGet
                0x000012e8      0x384 ..\obj\sysctl.o
                0x000012e8                SysCtlClockGet
 .text.SysCtlPWMClockSet
                0x0000166c       0x30 ..\obj\sysctl.o
                0x0000166c                SysCtlPWMClockSet
 .text.GPIODirModeSet
                0x0000169c       0x88 ..\obj\gpio.o
                0x0000169c                GPIODirModeSet
 .text.GPIOIntTypeSet
                0x00001724       0xd4 ..\obj\gpio.o
                0x00001724                GPIOIntTypeSet
 .text.GPIOPadConfigSet
                0x000017f8      0x230 ..\obj\gpio.o
                0x000017f8                GPIOPadConfigSet
 .text.GPIOPinIntEnable
                0x00001a28       0x2c ..\obj\gpio.o
                0x00001a28                GPIOPinIntEnable
 .text.GPIOPinIntStatus
                0x00001a54       0x34 ..\obj\gpio.o
                0x00001a54                GPIOPinIntStatus
 .text.GPIOPinIntClear
                0x00001a88       0x24 ..\obj\gpio.o
                0x00001a88                GPIOPinIntClear
 .text.GPIOPinRead
                0x00001aac       0x28 ..\obj\gpio.o
                0x00001aac                GPIOPinRead
 .text.GPIOPinWrite
                0x00001ad4       0x2c ..\obj\gpio.o
                0x00001ad4                GPIOPinWrite
 .text.GPIOPinTypeGPIOInput
                0x00001b00       0x34 ..\obj\gpio.o
                0x00001b00                GPIOPinTypeGPIOInput
 .text.GPIOPinTypeGPIOOutput
                0x00001b34       0x34 ..\obj\gpio.o
                0x00001b34                GPIOPinTypeGPIOOutput
 .text.GPIOPinTypePWM
                0x00001b68       0x34 ..\obj\gpio.o
                0x00001b68                GPIOPinTypePWM
 .text.GPIOPinTypeSSI
                0x00001b9c       0x34 ..\obj\gpio.o
                0x00001b9c                GPIOPinTypeSSI
 .text.xTaskGenericCreate
                0x00001bd0      0x1ac ..\obj\tasks.o
                0x00001bd0                xTaskGenericCreate
 .text.vTaskDelayUntil
                0x00001d7c       0xb0 ..\obj\tasks.o
                0x00001d7c                vTaskDelayUntil
 .text.vTaskStartScheduler
                0x00001e2c       0x74 ..\obj\tasks.o
                0x00001e2c                vTaskStartScheduler
 .text.vTaskSuspendAll
                0x00001ea0       0x24 ..\obj\tasks.o
                0x00001ea0                vTaskSuspendAll
 .text.xTaskResumeAll
                0x00001ec4      0x154 ..\obj\tasks.o
                0x00001ec4                xTaskResumeAll
 .text.xTaskGetTickCount
                0x00002018       0x28 ..\obj\tasks.o
                0x00002018                xTaskGetTickCount
 .text.vTaskIncrementTick
                0x00002040      0x1b8 ..\obj\tasks.o
                0x00002040                vTaskIncrementTick
 .text.vTaskSwitchContext
                0x000021f8       0xd0 ..\obj\tasks.o
                0x000021f8                vTaskSwitchContext
 .text.prvIdleTask
                0x000022c8       0x10 ..\obj\tasks.o
 .text.prvInitialiseTCBVariables
                0x000022d8       0x78 ..\obj\tasks.o
 .text.prvInitialiseTaskLists
                0x00002350       0x8c ..\obj\tasks.o
 .text.prvCheckTasksWaitingTermination
                0x000023dc        0xc ..\obj\tasks.o
 .text.prvAddCurrentTaskToDelayedList
                0x000023e8       0x8c ..\obj\tasks.o
 .text.prvAllocateTCBAndStack
                0x00002474       0x74 ..\obj\tasks.o
 .text.vTask_Seguridad
                0x000024e8      0x130 ..\obj\Task_Seguridad.o
                0x000024e8                vTask_Seguridad
 .text.SEGURIDAD_ini
                0x00002618        0xc ..\obj\Task_Seguridad.o
                0x00002618                SEGURIDAD_ini
 .text.IntEnable
                0x00002624       0xd8 ..\obj\interrupt.o
                0x00002624                IntEnable
 .text.RITWriteCommand
                0x000026fc       0xfc ..\obj\rit128x96x4.o
 .text.RITWriteData
                0x000027f8       0xfc ..\obj\rit128x96x4.o
 .text.RIT128x96x4Clear
                0x000028f4       0x9c ..\obj\rit128x96x4.o
                0x000028f4                RIT128x96x4Clear
 .text.RIT128x96x4StringDraw
                0x00002990      0x1e0 ..\obj\rit128x96x4.o
                0x00002990                RIT128x96x4StringDraw
 .text.RIT128x96x4Enable
                0x00002b70       0xa4 ..\obj\rit128x96x4.o
                0x00002b70                RIT128x96x4Enable
 .text.RIT128x96x4Init
                0x00002c14      0x128 ..\obj\rit128x96x4.o
                0x00002c14                RIT128x96x4Init
 .text.Default_Reset_Handler
                0x00002d3c       0x6c ..\obj\startup_lm3s.o
                0x00002d3c                Default_Reset_Handler
                0x00002d3c                Reset_Handler
 .text.Default_Handler
                0x00002da8        0x8 ..\obj\startup_lm3s.o
                0x00002da8                DebugMon_Handler
                0x00002da8                FlashCtrl_IRQHandler
                0x00002da8                Timer0B_IRQHandler
                0x00002da8                I2C0_IRQHandler
                0x00002da8                HardFault_Handler
                0x00002da8                SysTick_Handler
                0x00002da8                PendSV_Handler
                0x00002da8                NMI_Handler
                0x00002da8                I2C1_IRQHandler
                0x00002da8                PWMGen0_IRQHandler
                0x00002da8                UART1_IRQHandler
                0x00002da8                CAN1_IRQHandler
                0x00002da8                Timer1B_IRQHandler
                0x00002da8                Watchdog_IRQHandler
                0x00002da8                UART0_IRQHandler
                0x00002da8                SSI0_IRQHandler
                0x00002da8                UsageFault_Handler
                0x00002da8                ADCSeq1_IRQHandler
                0x00002da8                PWMFault_IRQHandler
                0x00002da8                PWMGen1_IRQHandler
                0x00002da8                SSI1_IRQHandler
                0x00002da8                uDMA_IRQHandler
                0x00002da8                GPIOPortC_IRQHandler
                0x00002da8                ADCSeq2_IRQHandler
                0x00002da8                PWMGen2_IRQHandler
                0x00002da8                UART2_IRQHandler
                0x00002da8                uDMAErr_IRQHandler
                0x00002da8                QEI1_IRQHandler
                0x00002da8                QEI0_IRQHandler
                0x00002da8                PWMGen3_IRQHandler
                0x00002da8                GPIOPortD_IRQHandler
                0x00002da8                USB0_IRQHandler
                0x00002da8                MemManage_Handler
                0x00002da8                Ethernet_IRQHandler
                0x00002da8                SVC_Handler
                0x00002da8                Timer3B_IRQHandler
                0x00002da8                Timer3A_IRQHandler
                0x00002da8                GPIOPortA_IRQHandler
                0x00002da8                Timer0A_IRQHandler
                0x00002da8                ADCSeq0_IRQHandler
                0x00002da8                Timer1A_IRQHandler
                0x00002da8                GPIOPortG_IRQHandler
                0x00002da8                ADCSeq3_IRQHandler
                0x00002da8                GPIOPortE_IRQHandler
                0x00002da8                CAN0_IRQHandler
                0x00002da8                Comp0_IRQHandler
                0x00002da8                Comp1_IRQHandler
                0x00002da8                Comp2_IRQHandler
                0x00002da8                GPIOPortF_IRQHandler
                0x00002da8                GPIOPortB_IRQHandler
                0x00002da8                CAN2_IRQHandler
                0x00002da8                GPIOPortH_IRQHandler
                0x00002da8                BusFault_Handler
                0x00002da8                Timer2A_IRQHandler
                0x00002da8                Timer2B_IRQHandler
                0x00002da8                SysCtrl_IRQHandler
                0x00002da8                Hibernate_IRQHandler
 .text.vListInitialise
                0x00002db0       0x48 ..\obj\list.o
                0x00002db0                vListInitialise
 .text.vListInitialiseItem
                0x00002df8       0x1c ..\obj\list.o
                0x00002df8                vListInitialiseItem
 .text.vListInsertEnd
                0x00002e14       0x54 ..\obj\list.o
                0x00002e14                vListInsertEnd
 .text.vListInsert
                0x00002e68       0x78 ..\obj\list.o
                0x00002e68                vListInsert
 .text.vListRemove
                0x00002ee0       0x54 ..\obj\list.o
                0x00002ee0                vListRemove
 .text._sbrk    0x00002f34       0x5c ..\obj\syscalls.o
                0x00002f34                _sbrk
 .text.SSIConfigSetExpClk
                0x00002f90       0xb4 ..\obj\ssi.o
                0x00002f90                SSIConfigSetExpClk
 .text.SSIEnable
                0x00003044       0x28 ..\obj\ssi.o
                0x00003044                SSIEnable
 .text.SSIDisable
                0x0000306c       0x28 ..\obj\ssi.o
                0x0000306c                SSIDisable
 .text.SSIDataPut
                0x00003094       0x30 ..\obj\ssi.o
                0x00003094                SSIDataPut
 .text.SSIBusy  0x000030c4       0x2c ..\obj\ssi.o
                0x000030c4                SSIBusy
 .text.pxPortInitialiseStack
                0x000030f0       0x60 ..\obj\port.o
                0x000030f0                pxPortInitialiseStack
 .text.vPortSVCHandler
                0x00003150       0x20 ..\obj\port.o
                0x00003150                vPortSVCHandler
 .text.vPortStartFirstTask
                0x00003170       0x14 ..\obj\port.o
                0x00003170                vPortStartFirstTask
 .text.xPortStartScheduler
                0x00003184       0x54 ..\obj\port.o
                0x00003184                xPortStartScheduler
 .text.vPortYieldFromISR
                0x000031d8       0x18 ..\obj\port.o
                0x000031d8                vPortYieldFromISR
 .text.vPortEnterCritical
                0x000031f0       0x2c ..\obj\port.o
                0x000031f0                vPortEnterCritical
 .text.vPortExitCritical
                0x0000321c       0x38 ..\obj\port.o
                0x0000321c                vPortExitCritical
 .text.xPortPendSVHandler
                0x00003254       0x3c ..\obj\port.o
                0x00003254                xPortPendSVHandler
 .text.xPortSysTickHandler
                0x00003290       0x50 ..\obj\port.o
                0x00003290                xPortSysTickHandler
 .text.prvSetupTimerInterrupt
                0x000032e0       0x28 ..\obj\port.o
 .text.PWM_GENERICO_salida_init
                0x00003308      0x1b0 ..\obj\pwm_generico.o
                0x00003308                PWM_GENERICO_salida_init
 .text.PWM_GENERICO_cambiar_anchura_pulso
                0x000034b8       0x6c ..\obj\pwm_generico.o
                0x000034b8                PWM_GENERICO_cambiar_anchura_pulso
 .text.vTask_Display
                0x00003524      0x1f0 ..\obj\task_display.o
                0x00003524                vTask_Display
 .text.consolePrintStr
                0x00003714       0x58 ..\obj\console.o
                0x00003714                consolePrintStr
 .text.refreshConsole
                0x0000376c       0x50 ..\obj\console.o
                0x0000376c                refreshConsole
 .text.initConsole
                0x000037bc       0x84 ..\obj\console.o
                0x000037bc                initConsole
 .text.SysTickValueGet
                0x00003840       0x18 ..\obj\systick.o
                0x00003840                SysTickValueGet
 .text.pvPortMalloc
                0x00003858       0x98 ..\obj\heap_1.o
                0x00003858                pvPortMalloc
 .text.vPortFree
                0x000038f0       0x14 ..\obj\heap_1.o
                0x000038f0                vPortFree
 .text.ULTRASONIDOS_ini
                0x00003904       0x70 ..\obj\ultrasonidos.o
                0x00003904                ULTRASONIDOS_ini
 *fill*         0x00003974        0x4 00
 .text.ULTRASONIDOS_echoInt_PD4
                0x00003978      0x180 ..\obj\ultrasonidos.o
                0x00003978                ULTRASONIDOS_echoInt_PD4
 .text.ULTRASONIDOS_echoInt_PC7
                0x00003af8      0x180 ..\obj\ultrasonidos.o
                0x00003af8                ULTRASONIDOS_echoInt_PC7
 .text.ULTRASONIDOS_obstaculo
                0x00003c78       0x44 ..\obj\ultrasonidos.o
                0x00003c78                ULTRASONIDOS_obstaculo
 .text.ULTRASONIDOS_escalon
                0x00003cbc       0x44 ..\obj\ultrasonidos.o
                0x00003cbc                ULTRASONIDOS_escalon
 .text          0x00003d00      0x370 c:/apps/coide/gcc/sourcery g++ lite/bin/../lib/gcc/arm-none-eabi/4.5.1/thumb2\libgcc.a(_arm_addsubdf3.o)
                0x00003d00                __aeabi_drsub
                0x00003d08                __aeabi_dsub
                0x00003d08                __subdf3
                0x00003d0c                __aeabi_dadd
                0x00003d0c                __adddf3
                0x00003f84                __floatunsidf
                0x00003f84                __aeabi_ui2d
                0x00003fa4                __floatsidf
                0x00003fa4                __aeabi_i2d
                0x00003fc8                __aeabi_f2d
                0x00003fc8                __extendsfdf2
                0x00004004                __floatundidf
                0x00004004                __aeabi_ul2d
                0x00004014                __floatdidf
                0x00004014                __aeabi_l2d
 .text          0x00004070      0x424 c:/apps/coide/gcc/sourcery g++ lite/bin/../lib/gcc/arm-none-eabi/4.5.1/thumb2\libgcc.a(_arm_muldivdf3.o)
                0x00004070                __aeabi_dmul
                0x00004070                __muldf3
                0x000042c4                __divdf3
                0x000042c4                __aeabi_ddiv
 .text          0x00004494      0x110 c:/apps/coide/gcc/sourcery g++ lite/bin/../lib/gcc/arm-none-eabi/4.5.1/thumb2\libgcc.a(_arm_cmpdf2.o)
                0x00004494                __gtdf2
                0x00004494                __gedf2
                0x0000449c                __ltdf2
                0x0000449c                __ledf2
                0x000044a4                __nedf2
                0x000044a4                __eqdf2
                0x000044a4                __cmpdf2
                0x00004520                __aeabi_cdrcmple
                0x00004530                __aeabi_cdcmpeq
                0x00004530                __aeabi_cdcmple
                0x00004540                __aeabi_dcmpeq
                0x00004554                __aeabi_dcmplt
                0x00004568                __aeabi_dcmple
                0x0000457c                __aeabi_dcmpge
                0x00004590                __aeabi_dcmpgt
 .text          0x000045a4       0xa0 c:/apps/coide/gcc/sourcery g++ lite/bin/../lib/gcc/arm-none-eabi/4.5.1/thumb2\libgcc.a(_arm_truncdfsf2.o)
                0x000045a4                __truncdfsf2
                0x000045a4                __aeabi_d2f
 .text          0x00004644      0x21c c:/apps/coide/gcc/sourcery g++ lite/bin/../lib/gcc/arm-none-eabi/4.5.1/thumb2\libgcc.a(_arm_addsubsf3.o)
                0x00004644                __aeabi_frsub
                0x0000464c                __subsf3
                0x0000464c                __aeabi_fsub
                0x00004650                __aeabi_fadd
                0x00004650                __addsf3
                0x000047b0                __aeabi_ui2f
                0x000047b0                __floatunsisf
                0x000047b8                __aeabi_i2f
                0x000047b8                __floatsisf
                0x000047d4                __aeabi_ul2f
                0x000047d4                __floatundisf
                0x000047e4                __aeabi_l2f
                0x000047e4                __floatdisf
 .text          0x00004860      0x2a0 c:/apps/coide/gcc/sourcery g++ lite/bin/../lib/gcc/arm-none-eabi/4.5.1/thumb2\libgcc.a(_arm_muldivsf3.o)
                0x00004860                __mulsf3
                0x00004860                __aeabi_fmul
                0x000049c8                __aeabi_fdiv
                0x000049c8                __divsf3
 .text          0x00004b00       0xec c:/apps/coide/gcc/sourcery g++ lite/bin/../lib/gcc/arm-none-eabi/4.5.1/thumb2\libgcc.a(_arm_cmpsf2.o)
                0x00004b00                __gesf2
                0x00004b00                __gtsf2
                0x00004b08                __lesf2
                0x00004b08                __ltsf2
                0x00004b10                __nesf2
                0x00004b10                __eqsf2
                0x00004b10                __cmpsf2
                0x00004b70                __aeabi_cfrcmple
                0x00004b78                __aeabi_cfcmpeq
                0x00004b78                __aeabi_cfcmple
                0x00004b88                __aeabi_fcmpeq
                0x00004b9c                __aeabi_fcmplt
                0x00004bb0                __aeabi_fcmple
                0x00004bc4                __aeabi_fcmpge
                0x00004bd8                __aeabi_fcmpgt
 .text          0x00004bec       0x40 c:/apps/coide/gcc/sourcery g++ lite/bin/../lib/gcc/arm-none-eabi/4.5.1/thumb2\libgcc.a(_arm_fixunssfsi.o)
                0x00004bec                __fixunssfsi
                0x00004bec                __aeabi_f2uiz
 .text          0x00004c2c      0x150 c:/apps/coide/gcc/sourcery g++ lite/bin/../lib/gcc/arm-none-eabi/4.5.1/../../../../arm-none-eabi/lib/thumb2\libc.a(lib_a-memcpy.o)
                0x00004c2c                memcpy
 .text          0x00004d7c       0xb4 c:/apps/coide/gcc/sourcery g++ lite/bin/../lib/gcc/arm-none-eabi/4.5.1/../../../../arm-none-eabi/lib/thumb2\libc.a(lib_a-memset.o)
                0x00004d7c                memset
 .text          0x00004e30       0x94 c:/apps/coide/gcc/sourcery g++ lite/bin/../lib/gcc/arm-none-eabi/4.5.1/../../../../arm-none-eabi/lib/thumb2\libc.a(lib_a-sprintf.o)
                0x00004e30                _sprintf_r
                0x00004e74                sprintf
 .text          0x00004ec4       0x60 c:/apps/coide/gcc/sourcery g++ lite/bin/../lib/gcc/arm-none-eabi/4.5.1/../../../../arm-none-eabi/lib/thumb2\libc.a(lib_a-strlen.o)
                0x00004ec4                strlen
 .text          0x00004f24       0x7c c:/apps/coide/gcc/sourcery g++ lite/bin/../lib/gcc/arm-none-eabi/4.5.1/../../../../arm-none-eabi/lib/thumb2\libc.a(lib_a-strncpy.o)
                0x00004f24                strncpy
 .text          0x00004fa0     0x1658 c:/apps/coide/gcc/sourcery g++ lite/bin/../lib/gcc/arm-none-eabi/4.5.1/../../../../arm-none-eabi/lib/thumb2\libc.a(lib_a-svfprintf.o)
                0x00004fa0                _svfprintf_r
 .text          0x000065f8     0x1000 c:/apps/coide/gcc/sourcery g++ lite/bin/../lib/gcc/arm-none-eabi/4.5.1/../../../../arm-none-eabi/lib/thumb2\libc.a(lib_a-dtoa.o)
                0x00006724                _dtoa_r
 .text          0x000075f8       0xa0 c:/apps/coide/gcc/sourcery g++ lite/bin/../lib/gcc/arm-none-eabi/4.5.1/../../../../arm-none-eabi/lib/thumb2\libc.a(lib_a-locale.o)
                0x000075f8                _setlocale_r
                0x00007654                __locale_charset
                0x00007660                __locale_mb_cur_max
                0x0000766c                __locale_msgcharset
                0x00007674                __locale_cjk_lang
                0x00007678                _localeconv_r
                0x00007680                setlocale
                0x00007690                localeconv
 .text          0x00007698       0x20 c:/apps/coide/gcc/sourcery g++ lite/bin/../lib/gcc/arm-none-eabi/4.5.1/../../../../arm-none-eabi/lib/thumb2\libc.a(lib_a-malloc.o)
                0x00007698                malloc
                0x000076a8                free
 .text          0x000076b8      0x57c c:/apps/coide/gcc/sourcery g++ lite/bin/../lib/gcc/arm-none-eabi/4.5.1/../../../../arm-none-eabi/lib/thumb2\libc.a(lib_a-mallocr.o)
                0x000076b8                _malloc_r
 .text          0x00007c34       0x88 c:/apps/coide/gcc/sourcery g++ lite/bin/../lib/gcc/arm-none-eabi/4.5.1/../../../../arm-none-eabi/lib/thumb2\libc.a(lib_a-memchr.o)
                0x00007c34                memchr
 .text          0x00007cbc        0x8 c:/apps/coide/gcc/sourcery g++ lite/bin/../lib/gcc/arm-none-eabi/4.5.1/../../../../arm-none-eabi/lib/thumb2\libc.a(lib_a-mlock.o)
                0x00007cbc                __malloc_lock
                0x00007cc0                __malloc_unlock
 .text          0x00007cc4      0x920 c:/apps/coide/gcc/sourcery g++ lite/bin/../lib/gcc/arm-none-eabi/4.5.1/../../../../arm-none-eabi/lib/thumb2\libc.a(lib_a-mprec.o)
                0x00007cc4                _Balloc
                0x00007d2c                _Bfree
                0x00007d64                __multadd
                0x00007de8                __s2b
                0x00007e7c                __hi0bits
                0x00007ebc                __lo0bits
                0x00007f20                __i2b
                0x00007f34                __multiply
                0x0000805c                __pow5mult
                0x00008100                __lshift
                0x000081ac                __mcmp
                0x000081e8                __mdiff
                0x000082e0                __ulp
                0x00008328                __b2d
                0x000083d4                __d2b
                0x0000849c                __ratio
                0x0000850c                _mprec_log10
                0x00008540                __copybits
                0x00008588                __any_on
 .text          0x000085e4       0x90 c:/apps/coide/gcc/sourcery g++ lite/bin/../lib/gcc/arm-none-eabi/4.5.1/../../../../arm-none-eabi/lib/thumb2\libc.a(lib_a-s_fpclassify.o)
                0x000085e4                __fpclassifyd
 .text          0x00008674       0x28 c:/apps/coide/gcc/sourcery g++ lite/bin/../lib/gcc/arm-none-eabi/4.5.1/../../../../arm-none-eabi/lib/thumb2\libc.a(lib_a-sbrkr.o)
                0x00008674                _sbrk_r
 .text          0x0000869c      0x1dc c:/apps/coide/gcc/sourcery g++ lite/bin/../lib/gcc/arm-none-eabi/4.5.1/../../../../arm-none-eabi/lib/thumb2\libc.a(lib_a-strcmp.o)
                0x0000869c                strcmp
 .text          0x00008878      0xbe4 c:/apps/coide/gcc/sourcery g++ lite/bin/../lib/gcc/arm-none-eabi/4.5.1/../../../../arm-none-eabi/lib/thumb2\libc.a(lib_a-svfiprintf.o)
                0x00008878                __ssprint_r
                0x00008980                _svfiprintf_r
 .text          0x0000945c       0x5c c:/apps/coide/gcc/sourcery g++ lite/bin/../lib/gcc/arm-none-eabi/4.5.1/../../../../arm-none-eabi/lib/thumb2\libc.a(lib_a-callocr.o)
                0x0000945c                _calloc_r
 .text          0x000094b8      0x240 c:/apps/coide/gcc/sourcery g++ lite/bin/../lib/gcc/arm-none-eabi/4.5.1/../../../../arm-none-eabi/lib/thumb2\libc.a(lib_a-freer.o)
                0x000094b8                _malloc_trim_r
                0x00009560                _free_r
 .text          0x000096f8       0xa0 c:/apps/coide/gcc/sourcery g++ lite/bin/../lib/gcc/arm-none-eabi/4.5.1/../../../../arm-none-eabi/lib/thumb2\libc.a(lib_a-memmove.o)
                0x000096f8                memmove
 .text          0x00009798      0x41c c:/apps/coide/gcc/sourcery g++ lite/bin/../lib/gcc/arm-none-eabi/4.5.1/../../../../arm-none-eabi/lib/thumb2\libc.a(lib_a-reallocr.o)
                0x00009798                _realloc_r
 *fill*         0x00009bb4        0x4 00
 .text          0x00009bb8      0x278 c:/apps/coide/gcc/sourcery g++ lite/bin/../lib/gcc/arm-none-eabi/4.5.1/thumb2\libgcc.a(_udivsi3.o)
                0x00009bb8                __aeabi_uidiv
                0x00009bb8                __udivsi3
                0x00009e14                __aeabi_uidivmod
 .text          0x00009e30        0x4 c:/apps/coide/gcc/sourcery g++ lite/bin/../lib/gcc/arm-none-eabi/4.5.1/thumb2\libgcc.a(_dvmd_tls.o)
                0x00009e30                __aeabi_idiv0
                0x00009e30                __aeabi_ldiv0
 .text          0x00009e34       0x50 c:/apps/coide/gcc/sourcery g++ lite/bin/../lib/gcc/arm-none-eabi/4.5.1/thumb2\libgcc.a(_arm_fixdfsi.o)
                0x00009e34                __aeabi_d2iz
                0x00009e34                __fixdfsi
 .text          0x00009e84       0x2c c:/apps/coide/gcc/sourcery g++ lite/bin/../lib/gcc/arm-none-eabi/4.5.1/thumb2\libgcc.a(_aeabi_uldivmod.o)
                0x00009e84                __aeabi_uldivmod
 .text          0x00009eb0       0x60 c:/apps/coide/gcc/sourcery g++ lite/bin/../lib/gcc/arm-none-eabi/4.5.1/thumb2\libgcc.a(bpabi.o)
                0x00009eb0                __gnu_ldivmod_helper
                0x00009ee0                __gnu_uldivmod_helper
 .text          0x00009f10      0x364 c:/apps/coide/gcc/sourcery g++ lite/bin/../lib/gcc/arm-none-eabi/4.5.1/thumb2\libgcc.a(_divdi3.o)
                0x00009f10                __divdi3
 .text          0x0000a274      0x314 c:/apps/coide/gcc/sourcery g++ lite/bin/../lib/gcc/arm-none-eabi/4.5.1/thumb2\libgcc.a(_udivdi3.o)
                0x0000a274                __udivdi3
 *(.glue_7t)
 .glue_7t       0x00000000        0x0 linker stubs
 *(.glue_7)
 .glue_7        0x00000000        0x0 linker stubs
 *(.rodata .rodata* .gnu.linkonce.r.*)
 .rodata        0x0000a588        0x4 ..\obj\stellaris_1.o
                0x0000a588                stellaris_1_M
 .rodata        0x0000a58c        0x8 ..\obj\Task_Control.o
 .rodata        0x0000a594       0x48 ..\obj\main.o
 .rodata        0x0000a5dc       0x9c ..\obj\sysctl.o
 .rodata        0x0000a678        0x8 ..\obj\tasks.o
 .rodata        0x0000a680      0x244 ..\obj\rit128x96x4.o
 .rodata        0x0000a8c4       0x78 ..\obj\task_display.o
 .rodata        0x0000a93c       0x20 c:/apps/coide/gcc/sourcery g++ lite/bin/../lib/gcc/arm-none-eabi/4.5.1/../../../../arm-none-eabi/lib/thumb2\libc.a(lib_a-svfprintf.o)
 .rodata.str1.4
                0x0000a95c       0x42 c:/apps/coide/gcc/sourcery g++ lite/bin/../lib/gcc/arm-none-eabi/4.5.1/../../../../arm-none-eabi/lib/thumb2\libc.a(lib_a-svfprintf.o)
                                 0x44 (size before relaxing)
 *fill*         0x0000a99e        0x2 00
 .rodata.str1.4
                0x0000a9a0       0x10 c:/apps/coide/gcc/sourcery g++ lite/bin/../lib/gcc/arm-none-eabi/4.5.1/../../../../arm-none-eabi/lib/thumb2\libc.a(lib_a-dtoa.o)
                                 0x14 (size before relaxing)
 .rodata.str1.4
                0x0000a9b0        0x2 c:/apps/coide/gcc/sourcery g++ lite/bin/../lib/gcc/arm-none-eabi/4.5.1/../../../../arm-none-eabi/lib/thumb2\libc.a(lib_a-impure.o)
                                  0x4 (size before relaxing)
 *fill*         0x0000a9b2        0x2 00
 .rodata.str1.4
                0x0000a9b4        0xc c:/apps/coide/gcc/sourcery g++ lite/bin/../lib/gcc/arm-none-eabi/4.5.1/../../../../arm-none-eabi/lib/thumb2\libc.a(lib_a-locale.o)
                                 0x14 (size before relaxing)
 .rodata        0x0000a9c0      0x128 c:/apps/coide/gcc/sourcery g++ lite/bin/../lib/gcc/arm-none-eabi/4.5.1/../../../../arm-none-eabi/lib/thumb2\libc.a(lib_a-mprec.o)
                0x0000a9d0                __mprec_tens
                0x0000aa98                __mprec_bigtens
                0x0000aac0                __mprec_tinytens
 .rodata        0x0000aae8       0x20 c:/apps/coide/gcc/sourcery g++ lite/bin/../lib/gcc/arm-none-eabi/4.5.1/../../../../arm-none-eabi/lib/thumb2\libc.a(lib_a-svfiprintf.o)
 .rodata.str1.4
                0x00000000       0x30 c:/apps/coide/gcc/sourcery g++ lite/bin/../lib/gcc/arm-none-eabi/4.5.1/../../../../arm-none-eabi/lib/thumb2\libc.a(lib_a-svfiprintf.o)

.vfp11_veneer   0x0000ab08        0x0
 .vfp11_veneer  0x00000000        0x0 linker stubs

.v4_bx          0x0000ab08        0x0
 .v4_bx         0x00000000        0x0 linker stubs

.ARM.extab
 *(.ARM.extab* .gnu.linkonce.armextab.*)

.ARM.exidx      0x0000ab08        0x8
 *(.ARM.exidx* .gnu.linkonce.armexidx.*)
 .ARM.exidx     0x0000ab08        0x8 c:/apps/coide/gcc/sourcery g++ lite/bin/../lib/gcc/arm-none-eabi/4.5.1/thumb2\libgcc.a(_divdi3.o)
 .ARM.exidx     0x0000ab10        0x0 c:/apps/coide/gcc/sourcery g++ lite/bin/../lib/gcc/arm-none-eabi/4.5.1/thumb2\libgcc.a(_udivdi3.o)
                                  0x8 (size before relaxing)
                0x0000ab10                . = ALIGN (0x4)
                0x0000ab10                _etext = .
                0x0000ab10                _sidata = .

.data           0x20000000      0x5dc load address 0x0000ab10
                0x20000000                _sdata = .
 *(.data .data.*)
 .data          0x20000000       0x10 ..\obj\system_lm3s.o
                0x20000000                SystemFrequency
                0x20000004                SystemFrequency_PwmClk
                0x20000008                SystemFrequency_AdcClk
                0x2000000c                SystemFrequency_CanClk
 .data          0x20000010       0x10 ..\obj\stellaris_1.o
                0x20000010                Kpx
                0x20000018                Kpy
 .data          0x20000020        0x4 ..\obj\Task_Control.o
                0x20000020                periodo
 .data          0x20000024        0x4 ..\obj\tasks.o
 .data          0x20000028        0x4 ..\obj\port.o
 .data          0x2000002c       0x30 ..\obj\pwm_generico.o
 .data          0x2000005c       0xf4 c:/apps/coide/gcc/sourcery g++ lite/bin/../lib/gcc/arm-none-eabi/4.5.1/../../../../arm-none-eabi/lib/thumb2\libc.a(lib_a-impure.o)
                0x2000005c                _impure_ptr
 .data          0x20000150       0x7c c:/apps/coide/gcc/sourcery g++ lite/bin/../lib/gcc/arm-none-eabi/4.5.1/../../../../arm-none-eabi/lib/thumb2\libc.a(lib_a-locale.o)
                0x20000170                __mb_cur_max
 .data          0x200001cc      0x410 c:/apps/coide/gcc/sourcery g++ lite/bin/../lib/gcc/arm-none-eabi/4.5.1/../../../../arm-none-eabi/lib/thumb2\libc.a(lib_a-mallocr.o)
                0x200001cc                __malloc_av_
                0x200005d4                __malloc_sbrk_base
                0x200005d8                __malloc_trim_threshold
                0x200005dc                . = ALIGN (0x4)
                0x200005dc                _edata = .

.bss            0x200005e0     0x135c load address 0x0000b0f0
                0x200005e0                _sbss = .
 *(.bss .bss.*)
 .bss           0x200005e0        0x4 ..\obj\Task_Comunicaciones.o
                0x200005e0                cntComm
 *fill*         0x200005e4        0x4 00
 .bss           0x200005e8       0x20 ..\obj\Task_Control.o
                0x200005e8                ref_motor1
                0x200005f0                ref_motor2
                0x200005f8                duty1
                0x200005fc                duty2
                0x20000600                cntControl
 .bss           0x20000608       0xd4 ..\obj\tasks.o
                0x20000608                pxCurrentTCB
 .bss           0x200006dc       0x18 ..\obj\Task_Seguridad.o
                0x200006dc                gf_uSecho_widht_obs
                0x200006e0                gf_uSecho_widht_esc
                0x200006e4                cntSegur
                0x200006e8                distancia_obs
                0x200006ec                distancia_esc
                0x200006f0                obstaculo
                0x200006f1                escalon
                0x200006f2                g_parada_seguridad
 .bss           0x200006f4        0xc ..\obj\rit128x96x4.o
 .bss           0x20000700        0x4 ..\obj\syscalls.o
 *fill*         0x20000704        0x4 00
 .bss           0x20000708     0x1008 ..\obj\heap_1.o
 .bss           0x20001710       0x18 ..\obj\ultrasonidos.o
                0x20001710                time_flanco_pos_obs
                0x20001714                time_flanco_neg_obs
                0x20001718                time_flanco_pos_esc
                0x2000171c                time_flanco_neg_esc
                0x20001720                flancoPos_Obs
                0x20001721                flancoPos_Esc
                0x20001722                echo_OK_Obs
                0x20001723                echo_OK_Esc
                0x20001724                g_cycles
 .bss           0x20001728       0x34 c:/apps/coide/gcc/sourcery g++ lite/bin/../lib/gcc/arm-none-eabi/4.5.1/../../../../arm-none-eabi/lib/thumb2\libc.a(lib_a-mallocr.o)
                0x20001728                __malloc_top_pad
                0x2000172c                __malloc_current_mallinfo
                0x20001754                __malloc_max_sbrked_mem
                0x20001758                __malloc_max_total_mem
 *(COMMON)
 *fill*         0x2000175c        0x4 00
 COMMON         0x20001760       0x50 ..\obj\stellaris_1.o
                0x20001760                stellaris_1_Y
                0x20001770                stellaris_1_M_
                0x20001778                stellaris_1_U
 COMMON         0x200017b0       0x80 ..\obj\task_display.o
                0x200017b0                str
 COMMON         0x20001830      0x108 ..\obj\console.o
                0x20001830                consoleImage
 COMMON         0x20001938        0x4 c:/apps/coide/gcc/sourcery g++ lite/bin/../lib/gcc/arm-none-eabi/4.5.1/../../../../arm-none-eabi/lib/thumb2\libc.a(lib_a-reent.o)
                0x20001938                errno
                0x2000193c                . = ALIGN (0x4)
                0x2000193c                _ebss = .

.co_stack       0x2000193c      0x404 load address 0x0000c44c
                0x20001940                . = ALIGN (0x8)
 *fill*         0x2000193c        0x4 00
 *(.co_stack .co_stack.*)
 .co_stack      0x20001940      0x400 ..\obj\startup_lm3s.o
                0x20001940                pulStack
                0x20001d40                . = ALIGN (0x4)
                0x20001d40                _end = .
LOAD ..\obj\Task_Comunicaciones.o
LOAD ..\obj\pines.o
LOAD ..\obj\system_lm3s.o
LOAD ..\obj\core_cm3.o
LOAD ..\obj\stellaris_1.o
LOAD ..\obj\timer.o
LOAD ..\obj\pwm.o
LOAD ..\obj\Task_Control.o
LOAD ..\obj\system_tick.o
LOAD ..\obj\main.o
LOAD ..\obj\framebuffer.o
LOAD ..\obj\sysctl.o
LOAD ..\obj\timers.o
LOAD ..\obj\gpio.o
LOAD ..\obj\display.o
LOAD ..\obj\display_RIT.o
LOAD ..\obj\tasks.o
LOAD ..\obj\Task_Seguridad.o
LOAD ..\obj\interrupt.o
LOAD ..\obj\rit128x96x4.o
LOAD ..\obj\startup_lm3s.o
LOAD ..\obj\list.o
LOAD ..\obj\syscalls.o
LOAD ..\obj\ssi.o
LOAD ..\obj\adc.o
LOAD ..\obj\queue.o
LOAD ..\obj\port.o
LOAD ..\obj\pwm_generico.o
LOAD ..\obj\croutine.o
LOAD ..\obj\task_display.o
LOAD ..\obj\cpu.o
LOAD ..\obj\console.o
LOAD ..\obj\systick.o
LOAD ..\obj\heap_1.o
LOAD ..\obj\ultrasonidos.o
START GROUP
LOAD c:/apps/coide/gcc/sourcery g++ lite/bin/../lib/gcc/arm-none-eabi/4.5.1/thumb2\libgcc.a
LOAD c:/apps/coide/gcc/sourcery g++ lite/bin/../lib/gcc/arm-none-eabi/4.5.1/../../../../arm-none-eabi/lib/thumb2\libc.a
END GROUP
OUTPUT(POPBL.elf elf32-littlearm)

.debug_abbrev   0x00000000     0x1c05
 .debug_abbrev  0x00000000       0xab ..\obj\Task_Comunicaciones.o
 .debug_abbrev  0x000000ab       0xa9 ..\obj\pines.o
 .debug_abbrev  0x00000154      0x112 ..\obj\system_lm3s.o
 .debug_abbrev  0x00000266       0xd7 ..\obj\core_cm3.o
 .debug_abbrev  0x0000033d       0xfa ..\obj\stellaris_1.o
 .debug_abbrev  0x00000437       0xb8 ..\obj\timer.o
 .debug_abbrev  0x000004ef       0xc7 ..\obj\pwm.o
 .debug_abbrev  0x000005b6       0xdb ..\obj\Task_Control.o
 .debug_abbrev  0x00000691       0x49 ..\obj\system_tick.o
 .debug_abbrev  0x000006da       0x72 ..\obj\main.o
 .debug_abbrev  0x0000074c      0x12d ..\obj\framebuffer.o
 .debug_abbrev  0x00000879      0x115 ..\obj\sysctl.o
 .debug_abbrev  0x0000098e       0x2a ..\obj\timers.o
 .debug_abbrev  0x000009b8       0xf1 ..\obj\gpio.o
 .debug_abbrev  0x00000aa9       0x7d ..\obj\display.o
 .debug_abbrev  0x00000b26       0x84 ..\obj\display_RIT.o
 .debug_abbrev  0x00000baa      0x197 ..\obj\tasks.o
 .debug_abbrev  0x00000d41       0xae ..\obj\Task_Seguridad.o
 .debug_abbrev  0x00000def      0x104 ..\obj\interrupt.o
 .debug_abbrev  0x00000ef3       0xb2 ..\obj\rit128x96x4.o
 .debug_abbrev  0x00000fa5       0xa5 ..\obj\startup_lm3s.o
 .debug_abbrev  0x0000104a       0xb8 ..\obj\list.o
 .debug_abbrev  0x00001102       0xe0 ..\obj\syscalls.o
 .debug_abbrev  0x000011e2       0xd8 ..\obj\ssi.o
 .debug_abbrev  0x000012ba       0xec ..\obj\adc.o
 .debug_abbrev  0x000013a6      0x142 ..\obj\queue.o
 .debug_abbrev  0x000014e8      0x133 ..\obj\port.o
 .debug_abbrev  0x0000161b       0x73 ..\obj\pwm_generico.o
 .debug_abbrev  0x0000168e      0x188 ..\obj\croutine.o
 .debug_abbrev  0x00001816       0xbc ..\obj\task_display.o
 .debug_abbrev  0x000018d2       0x5e ..\obj\cpu.o
 .debug_abbrev  0x00001930       0xa0 ..\obj\console.o
 .debug_abbrev  0x000019d0       0x83 ..\obj\systick.o
 .debug_abbrev  0x00001a53       0xfe ..\obj\heap_1.o
 .debug_abbrev  0x00001b51       0xb4 ..\obj\ultrasonidos.o

.debug_info     0x00000000     0x7928
 .debug_info    0x00000000      0x10d ..\obj\Task_Comunicaciones.o
 .debug_info    0x0000010d      0x1f9 ..\obj\pines.o
 .debug_info    0x00000306      0x45a ..\obj\system_lm3s.o
 .debug_info    0x00000760      0x54c ..\obj\core_cm3.o
 .debug_info    0x00000cac      0x2eb ..\obj\stellaris_1.o
 .debug_info    0x00000f97      0x5b4 ..\obj\timer.o
 .debug_info    0x0000154b      0x950 ..\obj\pwm.o
 .debug_info    0x00001e9b      0x32f ..\obj\Task_Control.o
 .debug_info    0x000021ca       0x5b ..\obj\system_tick.o
 .debug_info    0x00002225       0xbd ..\obj\main.o
 .debug_info    0x000022e2      0x3b9 ..\obj\framebuffer.o
 .debug_info    0x0000269b      0x7f1 ..\obj\sysctl.o
 .debug_info    0x00002e8c       0x50 ..\obj\timers.o
 .debug_info    0x00002edc      0x8a1 ..\obj\gpio.o
 .debug_info    0x0000377d       0xa3 ..\obj\display.o
 .debug_info    0x00003820      0x153 ..\obj\display_RIT.o
 .debug_info    0x00003973      0x9d4 ..\obj\tasks.o
 .debug_info    0x00004347      0x21f ..\obj\Task_Seguridad.o
 .debug_info    0x00004566      0x2b7 ..\obj\interrupt.o
 .debug_info    0x0000481d      0x3db ..\obj\rit128x96x4.o
 .debug_info    0x00004bf8      0x135 ..\obj\startup_lm3s.o
 .debug_info    0x00004d2d      0x2aa ..\obj\list.o
 .debug_info    0x00004fd7      0x444 ..\obj\syscalls.o
 .debug_info    0x0000541b      0x449 ..\obj\ssi.o
 .debug_info    0x00005864      0x809 ..\obj\adc.o
 .debug_info    0x0000606d      0x731 ..\obj\queue.o
 .debug_info    0x0000679e      0x1f7 ..\obj\port.o
 .debug_info    0x00006995      0x107 ..\obj\pwm_generico.o
 .debug_info    0x00006a9c      0x4b3 ..\obj\croutine.o
 .debug_info    0x00006f4f      0x1dd ..\obj\task_display.o
 .debug_info    0x0000712c       0x99 ..\obj\cpu.o
 .debug_info    0x000071c5      0x1b2 ..\obj\console.o
 .debug_info    0x00007377      0x12b ..\obj\systick.o
 .debug_info    0x000074a2      0x176 ..\obj\heap_1.o
 .debug_info    0x00007618      0x310 ..\obj\ultrasonidos.o

.debug_line     0x00000000     0x80fe
 .debug_line    0x00000000      0x42b ..\obj\Task_Comunicaciones.o
 .debug_line    0x0000042b      0x31c ..\obj\pines.o
 .debug_line    0x00000747      0x254 ..\obj\system_lm3s.o
 .debug_line    0x0000099b      0x2d2 ..\obj\core_cm3.o
 .debug_line    0x00000c6d      0x408 ..\obj\stellaris_1.o
 .debug_line    0x00001075      0x409 ..\obj\timer.o
 .debug_line    0x0000147e      0x402 ..\obj\pwm.o
 .debug_line    0x00001880      0x646 ..\obj\Task_Control.o
 .debug_line    0x00001ec6       0xe4 ..\obj\system_tick.o
 .debug_line    0x00001faa      0x564 ..\obj\main.o
 .debug_line    0x0000250e      0x4e7 ..\obj\framebuffer.o
 .debug_line    0x000029f5      0x5e3 ..\obj\sysctl.o
 .debug_line    0x00002fd8      0x1e0 ..\obj\timers.o
 .debug_line    0x000031b8      0x5da ..\obj\gpio.o
 .debug_line    0x00003792      0x131 ..\obj\display.o
 .debug_line    0x000038c3      0x37d ..\obj\display_RIT.o
 .debug_line    0x00003c40      0x738 ..\obj\tasks.o
 .debug_line    0x00004378      0x59f ..\obj\Task_Seguridad.o
 .debug_line    0x00004917      0x22c ..\obj\interrupt.o
 .debug_line    0x00004b43      0x308 ..\obj\rit128x96x4.o
 .debug_line    0x00004e4b       0x95 ..\obj\startup_lm3s.o
 .debug_line    0x00004ee0      0x429 ..\obj\list.o
 .debug_line    0x00005309      0x36d ..\obj\syscalls.o
 .debug_line    0x00005676      0x2fe ..\obj\ssi.o
 .debug_line    0x00005974      0x3d0 ..\obj\adc.o
 .debug_line    0x00005d44      0x5dc ..\obj\queue.o
 .debug_line    0x00006320      0x273 ..\obj\port.o
 .debug_line    0x00006593      0x1b6 ..\obj\pwm_generico.o
 .debug_line    0x00006749      0x319 ..\obj\croutine.o
 .debug_line    0x00006a62      0x614 ..\obj\task_display.o
 .debug_line    0x00007076       0xcf ..\obj\cpu.o
 .debug_line    0x00007145      0x3e6 ..\obj\console.o
 .debug_line    0x0000752b      0x1b1 ..\obj\systick.o
 .debug_line    0x000076dc      0x415 ..\obj\heap_1.o
 .debug_line    0x00007af1      0x60d ..\obj\ultrasonidos.o

.debug_macinfo  0x00000000   0x111b74
 .debug_macinfo
                0x00000000     0x5e38 ..\obj\Task_Comunicaciones.o
 .debug_macinfo
                0x00005e38     0x9488 ..\obj\pines.o
 .debug_macinfo
                0x0000f2c0     0x61d1 ..\obj\system_lm3s.o
 .debug_macinfo
                0x00015491     0x1f65 ..\obj\core_cm3.o
 .debug_macinfo
                0x000173f6     0x3bdd ..\obj\stellaris_1.o
 .debug_macinfo
                0x0001afd3     0x42cf ..\obj\timer.o
 .debug_macinfo
                0x0001f2a2     0xf3b2 ..\obj\pwm.o
 .debug_macinfo
                0x0002e654     0xfb57 ..\obj\Task_Control.o
 .debug_macinfo
                0x0003e1ab     0x16c9 ..\obj\system_tick.o
 .debug_macinfo
                0x0003f874     0xfcdb ..\obj\main.o
 .debug_macinfo
                0x0004f54f     0x4c4f ..\obj\framebuffer.o
 .debug_macinfo
                0x0005419e    0x1284d ..\obj\sysctl.o
 .debug_macinfo
                0x000669eb     0x427f ..\obj\timers.o
 .debug_macinfo
                0x0006ac6a    0x119e1 ..\obj\gpio.o
 .debug_macinfo
                0x0007c64b     0x1fce ..\obj\display.o
 .debug_macinfo
                0x0007e619     0x3d68 ..\obj\display_RIT.o
 .debug_macinfo
                0x00082381     0x6afa ..\obj\tasks.o
 .debug_macinfo
                0x00088e7b     0xf8fa ..\obj\Task_Seguridad.o
 .debug_macinfo
                0x00098775     0x76e6 ..\obj\interrupt.o
 .debug_macinfo
                0x0009fe5b    0x1090a ..\obj\rit128x96x4.o
 .debug_macinfo
                0x000b0765     0x16a5 ..\obj\startup_lm3s.o
 .debug_macinfo
                0x000b1e0a     0x4f5e ..\obj\list.o
 .debug_macinfo
                0x000b6d68     0x492d ..\obj\syscalls.o
 .debug_macinfo
                0x000bb695     0x57bf ..\obj\ssi.o
 .debug_macinfo
                0x000c0e54     0x8145 ..\obj\adc.o
 .debug_macinfo
                0x000c8f99     0x566d ..\obj\queue.o
 .debug_macinfo
                0x000ce606     0x37bd ..\obj\port.o
 .debug_macinfo
                0x000d1dc3     0xab1a ..\obj\pwm_generico.o
 .debug_macinfo
                0x000dc8dd     0x3c8a ..\obj\croutine.o
 .debug_macinfo
                0x000e0567     0xf929 ..\obj\task_display.o
 .debug_macinfo
                0x000efe90     0x1680 ..\obj\cpu.o
 .debug_macinfo
                0x000f1510     0x431d ..\obj\console.o
 .debug_macinfo
                0x000f582d     0x76ea ..\obj\systick.o
 .debug_macinfo
                0x000fcf17     0x52fc ..\obj\heap_1.o
 .debug_macinfo
                0x00102213     0xf961 ..\obj\ultrasonidos.o

.debug_loc      0x00000000     0x4718
 .debug_loc     0x00000000       0x38 ..\obj\Task_Comunicaciones.o
 .debug_loc     0x00000038       0xa8 ..\obj\pines.o
 .debug_loc     0x000000e0       0x70 ..\obj\system_lm3s.o
 .debug_loc     0x00000150      0x3f0 ..\obj\core_cm3.o
 .debug_loc     0x00000540       0x92 ..\obj\stellaris_1.o
 .debug_loc     0x000005d2      0x508 ..\obj\timer.o
 .debug_loc     0x00000ada      0x738 ..\obj\pwm.o
 .debug_loc     0x00001212       0x64 ..\obj\Task_Control.o
 .debug_loc     0x00001276       0x38 ..\obj\system_tick.o
 .debug_loc     0x000012ae       0x64 ..\obj\main.o
 .debug_loc     0x00001312      0x18a ..\obj\framebuffer.o
 .debug_loc     0x0000149c      0x894 ..\obj\sysctl.o
 .debug_loc     0x00001d30      0x700 ..\obj\gpio.o
 .debug_loc     0x00002430       0x90 ..\obj\display.o
 .debug_loc     0x000024c0       0x9c ..\obj\display_RIT.o
 .debug_loc     0x0000255c      0x494 ..\obj\tasks.o
 .debug_loc     0x000029f0       0x64 ..\obj\Task_Seguridad.o
 .debug_loc     0x00002a54      0x244 ..\obj\interrupt.o
 .debug_loc     0x00002c98      0x224 ..\obj\rit128x96x4.o
 .debug_loc     0x00002ebc       0x64 ..\obj\startup_lm3s.o
 .debug_loc     0x00002f20      0x118 ..\obj\list.o
 .debug_loc     0x00003038      0x1ec ..\obj\syscalls.o
 .debug_loc     0x00003224      0x380 ..\obj\ssi.o
 .debug_loc     0x000035a4      0x5e8 ..\obj\adc.o
 .debug_loc     0x00003b8c      0x348 ..\obj\queue.o
 .debug_loc     0x00003ed4      0x178 ..\obj\port.o
 .debug_loc     0x0000404c       0x70 ..\obj\pwm_generico.o
 .debug_loc     0x000040bc      0x188 ..\obj\croutine.o
 .debug_loc     0x00004244       0x38 ..\obj\task_display.o
 .debug_loc     0x0000427c      0x118 ..\obj\console.o
 .debug_loc     0x00004394      0x1a4 ..\obj\systick.o
 .debug_loc     0x00004538       0xc8 ..\obj\heap_1.o
 .debug_loc     0x00004600      0x118 ..\obj\ultrasonidos.o

.debug_pubnames
                0x00000000     0x2135
 .debug_pubnames
                0x00000000       0x43 ..\obj\Task_Comunicaciones.o
 .debug_pubnames
                0x00000043       0x67 ..\obj\pines.o
 .debug_pubnames
                0x000000aa       0x86 ..\obj\system_lm3s.o
 .debug_pubnames
                0x00000130      0x159 ..\obj\core_cm3.o
 .debug_pubnames
                0x00000289       0xb5 ..\obj\stellaris_1.o
 .debug_pubnames
                0x0000033e      0x1d2 ..\obj\timer.o
 .debug_pubnames
                0x00000510      0x2d1 ..\obj\pwm.o
 .debug_pubnames
                0x000007e1       0x80 ..\obj\Task_Control.o
 .debug_pubnames
                0x00000861       0x34 ..\obj\system_tick.o
 .debug_pubnames
                0x00000895       0x28 ..\obj\main.o
 .debug_pubnames
                0x000008bd      0x13e ..\obj\framebuffer.o
 .debug_pubnames
                0x000009fb      0x41f ..\obj\sysctl.o
 .debug_pubnames
                0x00000e1a      0x2a9 ..\obj\gpio.o
 .debug_pubnames
                0x000010c3       0x66 ..\obj\display.o
 .debug_pubnames
                0x00001129       0x72 ..\obj\display_RIT.o
 .debug_pubnames
                0x0000119b      0x19d ..\obj\tasks.o
 .debug_pubnames
                0x00001338       0xca ..\obj\Task_Seguridad.o
 .debug_pubnames
                0x00001402       0xd6 ..\obj\interrupt.o
 .debug_pubnames
                0x000014d8       0xce ..\obj\rit128x96x4.o
 .debug_pubnames
                0x000015a6       0x4a ..\obj\startup_lm3s.o
 .debug_pubnames
                0x000015f0       0x71 ..\obj\list.o
 .debug_pubnames
                0x00001661       0x71 ..\obj\syscalls.o
 .debug_pubnames
                0x000016d2      0x133 ..\obj\ssi.o
 .debug_pubnames
                0x00001805      0x2c3 ..\obj\adc.o
 .debug_pubnames
                0x00001ac8      0x111 ..\obj\queue.o
 .debug_pubnames
                0x00001bd9      0x10d ..\obj\port.o
 .debug_pubnames
                0x00001ce6       0x56 ..\obj\pwm_generico.o
 .debug_pubnames
                0x00001d3c       0x96 ..\obj\croutine.o
 .debug_pubnames
                0x00001dd2       0x2c ..\obj\task_display.o
 .debug_pubnames
                0x00001dfe       0x37 ..\obj\cpu.o
 .debug_pubnames
                0x00001e35       0x86 ..\obj\console.o
 .debug_pubnames
                0x00001ebb       0xd0 ..\obj\systick.o
 .debug_pubnames
                0x00001f8b       0x64 ..\obj\heap_1.o
 .debug_pubnames
                0x00001fef      0x146 ..\obj\ultrasonidos.o

.debug_pubtypes
                0x00000000      0x887
 .debug_pubtypes
                0x00000000       0x23 ..\obj\Task_Comunicaciones.o
 .debug_pubtypes
                0x00000023       0x2f ..\obj\pines.o
 .debug_pubtypes
                0x00000052       0x3b ..\obj\system_lm3s.o
 .debug_pubtypes
                0x0000008d       0x50 ..\obj\core_cm3.o
 .debug_pubtypes
                0x000000dd       0xa7 ..\obj\stellaris_1.o
 .debug_pubtypes
                0x00000184       0x1f ..\obj\timer.o
 .debug_pubtypes
                0x000001a3       0x1f ..\obj\pwm.o
 .debug_pubtypes
                0x000001c2       0xac ..\obj\Task_Control.o
 .debug_pubtypes
                0x0000026e       0x12 ..\obj\main.o
 .debug_pubtypes
                0x00000280       0x3f ..\obj\framebuffer.o
 .debug_pubtypes
                0x000002bf       0x1f ..\obj\sysctl.o
 .debug_pubtypes
                0x000002de       0x12 ..\obj\timers.o
 .debug_pubtypes
                0x000002f0       0x1f ..\obj\gpio.o
 .debug_pubtypes
                0x0000030f       0x12 ..\obj\display.o
 .debug_pubtypes
                0x00000321       0x12 ..\obj\display_RIT.o
 .debug_pubtypes
                0x00000333      0x10c ..\obj\tasks.o
 .debug_pubtypes
                0x0000043f       0x30 ..\obj\Task_Seguridad.o
 .debug_pubtypes
                0x0000046f       0x1f ..\obj\interrupt.o
 .debug_pubtypes
                0x0000048e       0x12 ..\obj\rit128x96x4.o
 .debug_pubtypes
                0x000004a0       0x7a ..\obj\list.o
 .debug_pubtypes
                0x0000051a       0xaa ..\obj\syscalls.o
 .debug_pubtypes
                0x000005c4       0x1f ..\obj\ssi.o
 .debug_pubtypes
                0x000005e3       0x1f ..\obj\adc.o
 .debug_pubtypes
                0x00000602       0xd4 ..\obj\queue.o
 .debug_pubtypes
                0x000006d6       0x33 ..\obj\port.o
 .debug_pubtypes
                0x00000709       0x12 ..\obj\pwm_generico.o
 .debug_pubtypes
                0x0000071b       0xcd ..\obj\croutine.o
 .debug_pubtypes
                0x000007e8       0x30 ..\obj\task_display.o
 .debug_pubtypes
                0x00000818       0x12 ..\obj\console.o
 .debug_pubtypes
                0x0000082a       0x12 ..\obj\systick.o
 .debug_pubtypes
                0x0000083c       0x2c ..\obj\heap_1.o
 .debug_pubtypes
                0x00000868       0x1f ..\obj\ultrasonidos.o

.debug_aranges  0x00000000      0xe00
 .debug_aranges
                0x00000000       0x20 ..\obj\Task_Comunicaciones.o
 .debug_aranges
                0x00000020       0x30 ..\obj\pines.o
 .debug_aranges
                0x00000050       0x28 ..\obj\system_lm3s.o
 .debug_aranges
                0x00000078       0xc8 ..\obj\core_cm3.o
 .debug_aranges
                0x00000140       0x30 ..\obj\stellaris_1.o
 .debug_aranges
                0x00000170       0xd0 ..\obj\timer.o
 .debug_aranges
                0x00000240      0x120 ..\obj\pwm.o
 .debug_aranges
                0x00000360       0x28 ..\obj\Task_Control.o
 .debug_aranges
                0x00000388       0x20 ..\obj\system_tick.o
 .debug_aranges
                0x000003a8       0x28 ..\obj\main.o
 .debug_aranges
                0x000003d0       0x50 ..\obj\framebuffer.o
 .debug_aranges
                0x00000420      0x170 ..\obj\sysctl.o
 .debug_aranges
                0x00000590      0x118 ..\obj\gpio.o
 .debug_aranges
                0x000006a8       0x30 ..\obj\display.o
 .debug_aranges
                0x000006d8       0x30 ..\obj\display_RIT.o
 .debug_aranges
                0x00000708       0xc8 ..\obj\tasks.o
 .debug_aranges
                0x000007d0       0x28 ..\obj\Task_Seguridad.o
 .debug_aranges
                0x000007f8       0x70 ..\obj\interrupt.o
 .debug_aranges
                0x00000868       0x68 ..\obj\rit128x96x4.o
 .debug_aranges
                0x000008d0       0x28 ..\obj\startup_lm3s.o
 .debug_aranges
                0x000008f8       0x40 ..\obj\list.o
 .debug_aranges
                0x00000938       0x60 ..\obj\syscalls.o
 .debug_aranges
                0x00000998       0x98 ..\obj\ssi.o
 .debug_aranges
                0x00000a30       0xf0 ..\obj\adc.o
 .debug_aranges
                0x00000b20       0x90 ..\obj\queue.o
 .debug_aranges
                0x00000bb0       0x70 ..\obj\port.o
 .debug_aranges
                0x00000c20       0x28 ..\obj\pwm_generico.o
 .debug_aranges
                0x00000c48       0x50 ..\obj\croutine.o
 .debug_aranges
                0x00000c98       0x20 ..\obj\task_display.o
 .debug_aranges
                0x00000cb8       0x30 ..\obj\cpu.o
 .debug_aranges
                0x00000ce8       0x40 ..\obj\console.o
 .debug_aranges
                0x00000d28       0x60 ..\obj\systick.o
 .debug_aranges
                0x00000d88       0x38 ..\obj\heap_1.o
 .debug_aranges
                0x00000dc0       0x40 ..\obj\ultrasonidos.o

.debug_ranges   0x00000000      0xbe0
 .debug_ranges  0x00000000       0x10 ..\obj\Task_Comunicaciones.o
 .debug_ranges  0x00000010       0x20 ..\obj\pines.o
 .debug_ranges  0x00000030       0x18 ..\obj\system_lm3s.o
 .debug_ranges  0x00000048       0xb8 ..\obj\core_cm3.o
 .debug_ranges  0x00000100       0x20 ..\obj\stellaris_1.o
 .debug_ranges  0x00000120       0xc0 ..\obj\timer.o
 .debug_ranges  0x000001e0      0x110 ..\obj\pwm.o
 .debug_ranges  0x000002f0       0x18 ..\obj\Task_Control.o
 .debug_ranges  0x00000308       0x10 ..\obj\system_tick.o
 .debug_ranges  0x00000318       0x18 ..\obj\main.o
 .debug_ranges  0x00000330       0x40 ..\obj\framebuffer.o
 .debug_ranges  0x00000370      0x160 ..\obj\sysctl.o
 .debug_ranges  0x000004d0      0x108 ..\obj\gpio.o
 .debug_ranges  0x000005d8       0x20 ..\obj\display.o
 .debug_ranges  0x000005f8       0x20 ..\obj\display_RIT.o
 .debug_ranges  0x00000618       0xb8 ..\obj\tasks.o
 .debug_ranges  0x000006d0       0x18 ..\obj\Task_Seguridad.o
 .debug_ranges  0x000006e8       0x60 ..\obj\interrupt.o
 .debug_ranges  0x00000748       0x58 ..\obj\rit128x96x4.o
 .debug_ranges  0x000007a0       0x18 ..\obj\startup_lm3s.o
 .debug_ranges  0x000007b8       0x30 ..\obj\list.o
 .debug_ranges  0x000007e8       0x50 ..\obj\syscalls.o
 .debug_ranges  0x00000838       0x88 ..\obj\ssi.o
 .debug_ranges  0x000008c0       0xe0 ..\obj\adc.o
 .debug_ranges  0x000009a0       0x80 ..\obj\queue.o
 .debug_ranges  0x00000a20       0x60 ..\obj\port.o
 .debug_ranges  0x00000a80       0x18 ..\obj\pwm_generico.o
 .debug_ranges  0x00000a98       0x40 ..\obj\croutine.o
 .debug_ranges  0x00000ad8       0x10 ..\obj\task_display.o
 .debug_ranges  0x00000ae8       0x20 ..\obj\cpu.o
 .debug_ranges  0x00000b08       0x30 ..\obj\console.o
 .debug_ranges  0x00000b38       0x50 ..\obj\systick.o
 .debug_ranges  0x00000b88       0x28 ..\obj\heap_1.o
 .debug_ranges  0x00000bb0       0x30 ..\obj\ultrasonidos.o

.debug_str      0x00000000     0x3453
 .debug_str     0x00000000      0x113 ..\obj\Task_Comunicaciones.o
                                0x153 (size before relaxing)
 .debug_str     0x00000113      0x100 ..\obj\pines.o
                                0x161 (size before relaxing)
 .debug_str     0x00000213      0x1da ..\obj\system_lm3s.o
                                0x26f (size before relaxing)
 .debug_str     0x000003ed      0x174 ..\obj\core_cm3.o
                                0x225 (size before relaxing)
 .debug_str     0x00000561      0x1d5 ..\obj\stellaris_1.o
                                0x26a (size before relaxing)
 .debug_str     0x00000736      0x1fc ..\obj\timer.o
                                0x231 (size before relaxing)
 .debug_str     0x00000932      0x35d ..\obj\pwm.o
                                0x3cd (size before relaxing)
 .debug_str     0x00000c8f       0xa5 ..\obj\Task_Control.o
                                0x283 (size before relaxing)
 .debug_str     0x00000d34       0x55 ..\obj\system_tick.o
                                 0x73 (size before relaxing)
 .debug_str     0x00000d89       0x3e ..\obj\main.o
                                0x115 (size before relaxing)
 .debug_str     0x00000dc7      0x190 ..\obj\framebuffer.o
                                0x26b (size before relaxing)
 .debug_str     0x00000f57      0x47b ..\obj\sysctl.o
                                0x4e8 (size before relaxing)
 .debug_str     0x000013d2       0x38 ..\obj\timers.o
                                 0x8b (size before relaxing)
 .debug_str     0x0000140a      0x308 ..\obj\gpio.o
                                0x392 (size before relaxing)
 .debug_str     0x00001712       0x81 ..\obj\display.o
                                 0xa6 (size before relaxing)
 .debug_str     0x00001793       0xab ..\obj\display_RIT.o
                                0x148 (size before relaxing)
 .debug_str     0x0000183e      0x5d4 ..\obj\tasks.o
                                0x6d5 (size before relaxing)
 .debug_str     0x00001e12       0xbd ..\obj\Task_Seguridad.o
                                0x1e0 (size before relaxing)
 .debug_str     0x00001ecf      0x118 ..\obj\interrupt.o
                                0x1a5 (size before relaxing)
 .debug_str     0x00001fe7      0x1a1 ..\obj\rit128x96x4.o
                                0x236 (size before relaxing)
 .debug_str     0x00002188       0xa3 ..\obj\startup_lm3s.o
                                 0xce (size before relaxing)
 .debug_str     0x0000222b       0xc9 ..\obj\list.o
                                0x1fc (size before relaxing)
 .debug_str     0x000022f4      0x15c ..\obj\syscalls.o
                                0x243 (size before relaxing)
 .debug_str     0x00002450      0x18d ..\obj\ssi.o
                                0x1fd (size before relaxing)
 .debug_str     0x000025dd      0x305 ..\obj\adc.o
                                0x3a1 (size before relaxing)
 .debug_str     0x000028e2      0x2cf ..\obj\queue.o
                                0x474 (size before relaxing)
 .debug_str     0x00002bb1      0x15a ..\obj\port.o
                                0x1e0 (size before relaxing)
 .debug_str     0x00002d0b       0xb1 ..\obj\pwm_generico.o
                                 0xf6 (size before relaxing)
 .debug_str     0x00002dbc      0x27c ..\obj\croutine.o
                                0x3cb (size before relaxing)
 .debug_str     0x00003038       0x46 ..\obj\task_display.o
                                0x1a1 (size before relaxing)
 .debug_str     0x0000307e       0x58 ..\obj\cpu.o
                                 0x76 (size before relaxing)
 .debug_str     0x000030d6       0x99 ..\obj\console.o
                                0x159 (size before relaxing)
 .debug_str     0x0000316f       0xd7 ..\obj\systick.o
                                0x117 (size before relaxing)
 .debug_str     0x00003246       0xc4 ..\obj\heap_1.o
                                0x167 (size before relaxing)
 .debug_str     0x0000330a      0x149 ..\obj\ultrasonidos.o
                                0x278 (size before relaxing)

.comment        0x00000000       0x2a
 .comment       0x00000000       0x2a ..\obj\Task_Comunicaciones.o
                                 0x2b (size before relaxing)
 .comment       0x00000000       0x2b ..\obj\pines.o
 .comment       0x00000000       0x2b ..\obj\system_lm3s.o
 .comment       0x00000000       0x2b ..\obj\core_cm3.o
 .comment       0x00000000       0x2b ..\obj\stellaris_1.o
 .comment       0x00000000       0x2b ..\obj\timer.o
 .comment       0x00000000       0x2b ..\obj\pwm.o
 .comment       0x00000000       0x2b ..\obj\Task_Control.o
 .comment       0x00000000       0x2b ..\obj\system_tick.o
 .comment       0x00000000       0x2b ..\obj\main.o
 .comment       0x00000000       0x2b ..\obj\framebuffer.o
 .comment       0x00000000       0x2b ..\obj\sysctl.o
 .comment       0x00000000       0x2b ..\obj\timers.o
 .comment       0x00000000       0x2b ..\obj\gpio.o
 .comment       0x00000000       0x2b ..\obj\display.o
 .comment       0x00000000       0x2b ..\obj\display_RIT.o
 .comment       0x00000000       0x2b ..\obj\tasks.o
 .comment       0x00000000       0x2b ..\obj\Task_Seguridad.o
 .comment       0x00000000       0x2b ..\obj\interrupt.o
 .comment       0x00000000       0x2b ..\obj\rit128x96x4.o
 .comment       0x00000000       0x2b ..\obj\startup_lm3s.o
 .comment       0x00000000       0x2b ..\obj\list.o
 .comment       0x00000000       0x2b ..\obj\syscalls.o
 .comment       0x00000000       0x2b ..\obj\ssi.o
 .comment       0x00000000       0x2b ..\obj\adc.o
 .comment       0x00000000       0x2b ..\obj\queue.o
 .comment       0x00000000       0x2b ..\obj\port.o
 .comment       0x00000000       0x2b ..\obj\pwm_generico.o
 .comment       0x00000000       0x2b ..\obj\croutine.o
 .comment       0x00000000       0x2b ..\obj\task_display.o
 .comment       0x00000000       0x2b ..\obj\cpu.o
 .comment       0x00000000       0x2b ..\obj\console.o
 .comment       0x00000000       0x2b ..\obj\systick.o
 .comment       0x00000000       0x2b ..\obj\heap_1.o
 .comment       0x00000000       0x2b ..\obj\ultrasonidos.o

.ARM.attributes
                0x00000000       0x31
 .ARM.attributes
                0x00000000       0x31 ..\obj\Task_Comunicaciones.o
 .ARM.attributes
                0x00000031       0x31 ..\obj\pines.o
 .ARM.attributes
                0x00000062       0x31 ..\obj\system_lm3s.o
 .ARM.attributes
                0x00000093       0x31 ..\obj\core_cm3.o
 .ARM.attributes
                0x000000c4       0x31 ..\obj\stellaris_1.o
 .ARM.attributes
                0x000000f5       0x31 ..\obj\timer.o
 .ARM.attributes
                0x00000126       0x31 ..\obj\pwm.o
 .ARM.attributes
                0x00000157       0x31 ..\obj\Task_Control.o
 .ARM.attributes
                0x00000188       0x31 ..\obj\system_tick.o
 .ARM.attributes
                0x000001b9       0x31 ..\obj\main.o
 .ARM.attributes
                0x000001ea       0x31 ..\obj\framebuffer.o
 .ARM.attributes
                0x0000021b       0x31 ..\obj\sysctl.o
 .ARM.attributes
                0x0000024c       0x31 ..\obj\timers.o
 .ARM.attributes
                0x0000027d       0x31 ..\obj\gpio.o
 .ARM.attributes
                0x000002ae       0x31 ..\obj\display.o
 .ARM.attributes
                0x000002df       0x31 ..\obj\display_RIT.o
 .ARM.attributes
                0x00000310       0x31 ..\obj\tasks.o
 .ARM.attributes
                0x00000341       0x31 ..\obj\Task_Seguridad.o
 .ARM.attributes
                0x00000372       0x31 ..\obj\interrupt.o
 .ARM.attributes
                0x000003a3       0x31 ..\obj\rit128x96x4.o
 .ARM.attributes
                0x000003d4       0x31 ..\obj\startup_lm3s.o
 .ARM.attributes
                0x00000405       0x31 ..\obj\list.o
 .ARM.attributes
                0x00000436       0x31 ..\obj\syscalls.o
 .ARM.attributes
                0x00000467       0x31 ..\obj\ssi.o
 .ARM.attributes
                0x00000498       0x31 ..\obj\adc.o
 .ARM.attributes
                0x000004c9       0x31 ..\obj\queue.o
 .ARM.attributes
                0x000004fa       0x31 ..\obj\port.o
 .ARM.attributes
                0x0000052b       0x31 ..\obj\pwm_generico.o
 .ARM.attributes
                0x0000055c       0x31 ..\obj\croutine.o
 .ARM.attributes
                0x0000058d       0x31 ..\obj\task_display.o
 .ARM.attributes
                0x000005be       0x31 ..\obj\cpu.o
 .ARM.attributes
                0x000005ef       0x31 ..\obj\console.o
 .ARM.attributes
                0x00000620       0x31 ..\obj\systick.o
 .ARM.attributes
                0x00000651       0x31 ..\obj\heap_1.o
 .ARM.attributes
                0x00000682       0x31 ..\obj\ultrasonidos.o
 .ARM.attributes
                0x000006b3       0x1b c:/apps/coide/gcc/sourcery g++ lite/bin/../lib/gcc/arm-none-eabi/4.5.1/thumb2\libgcc.a(_arm_addsubdf3.o)
 .ARM.attributes
                0x000006ce       0x1b c:/apps/coide/gcc/sourcery g++ lite/bin/../lib/gcc/arm-none-eabi/4.5.1/thumb2\libgcc.a(_arm_muldivdf3.o)
 .ARM.attributes
                0x000006e9       0x1b c:/apps/coide/gcc/sourcery g++ lite/bin/../lib/gcc/arm-none-eabi/4.5.1/thumb2\libgcc.a(_arm_cmpdf2.o)
 .ARM.attributes
                0x00000704       0x1b c:/apps/coide/gcc/sourcery g++ lite/bin/../lib/gcc/arm-none-eabi/4.5.1/thumb2\libgcc.a(_arm_truncdfsf2.o)
 .ARM.attributes
                0x0000071f       0x1b c:/apps/coide/gcc/sourcery g++ lite/bin/../lib/gcc/arm-none-eabi/4.5.1/thumb2\libgcc.a(_arm_addsubsf3.o)
 .ARM.attributes
                0x0000073a       0x1b c:/apps/coide/gcc/sourcery g++ lite/bin/../lib/gcc/arm-none-eabi/4.5.1/thumb2\libgcc.a(_arm_muldivsf3.o)
 .ARM.attributes
                0x00000755       0x1b c:/apps/coide/gcc/sourcery g++ lite/bin/../lib/gcc/arm-none-eabi/4.5.1/thumb2\libgcc.a(_arm_cmpsf2.o)
 .ARM.attributes
                0x00000770       0x1b c:/apps/coide/gcc/sourcery g++ lite/bin/../lib/gcc/arm-none-eabi/4.5.1/thumb2\libgcc.a(_arm_fixunssfsi.o)
 .ARM.attributes
                0x0000078b       0x29 c:/apps/coide/gcc/sourcery g++ lite/bin/../lib/gcc/arm-none-eabi/4.5.1/../../../../arm-none-eabi/lib/thumb2\libc.a(lib_a-memcpy.o)
 .ARM.attributes
                0x000007b4       0x29 c:/apps/coide/gcc/sourcery g++ lite/bin/../lib/gcc/arm-none-eabi/4.5.1/../../../../arm-none-eabi/lib/thumb2\libc.a(lib_a-memset.o)
 .ARM.attributes
                0x000007dd       0x29 c:/apps/coide/gcc/sourcery g++ lite/bin/../lib/gcc/arm-none-eabi/4.5.1/../../../../arm-none-eabi/lib/thumb2\libc.a(lib_a-sprintf.o)
 .ARM.attributes
                0x00000806       0x29 c:/apps/coide/gcc/sourcery g++ lite/bin/../lib/gcc/arm-none-eabi/4.5.1/../../../../arm-none-eabi/lib/thumb2\libc.a(lib_a-strlen.o)
 .ARM.attributes
                0x0000082f       0x29 c:/apps/coide/gcc/sourcery g++ lite/bin/../lib/gcc/arm-none-eabi/4.5.1/../../../../arm-none-eabi/lib/thumb2\libc.a(lib_a-strncpy.o)
 .ARM.attributes
                0x00000858       0x29 c:/apps/coide/gcc/sourcery g++ lite/bin/../lib/gcc/arm-none-eabi/4.5.1/../../../../arm-none-eabi/lib/thumb2\libc.a(lib_a-svfprintf.o)
 .ARM.attributes
                0x00000881       0x29 c:/apps/coide/gcc/sourcery g++ lite/bin/../lib/gcc/arm-none-eabi/4.5.1/../../../../arm-none-eabi/lib/thumb2\libc.a(lib_a-dtoa.o)
 .ARM.attributes
                0x000008aa       0x29 c:/apps/coide/gcc/sourcery g++ lite/bin/../lib/gcc/arm-none-eabi/4.5.1/../../../../arm-none-eabi/lib/thumb2\libc.a(lib_a-impure.o)
 .ARM.attributes
                0x000008d3       0x29 c:/apps/coide/gcc/sourcery g++ lite/bin/../lib/gcc/arm-none-eabi/4.5.1/../../../../arm-none-eabi/lib/thumb2\libc.a(lib_a-locale.o)
 .ARM.attributes
                0x000008fc       0x29 c:/apps/coide/gcc/sourcery g++ lite/bin/../lib/gcc/arm-none-eabi/4.5.1/../../../../arm-none-eabi/lib/thumb2\libc.a(lib_a-malloc.o)
 .ARM.attributes
                0x00000925       0x29 c:/apps/coide/gcc/sourcery g++ lite/bin/../lib/gcc/arm-none-eabi/4.5.1/../../../../arm-none-eabi/lib/thumb2\libc.a(lib_a-mallocr.o)
 .ARM.attributes
                0x0000094e       0x29 c:/apps/coide/gcc/sourcery g++ lite/bin/../lib/gcc/arm-none-eabi/4.5.1/../../../../arm-none-eabi/lib/thumb2\libc.a(lib_a-memchr.o)
 .ARM.attributes
                0x00000977       0x29 c:/apps/coide/gcc/sourcery g++ lite/bin/../lib/gcc/arm-none-eabi/4.5.1/../../../../arm-none-eabi/lib/thumb2\libc.a(lib_a-mlock.o)
 .ARM.attributes
                0x000009a0       0x29 c:/apps/coide/gcc/sourcery g++ lite/bin/../lib/gcc/arm-none-eabi/4.5.1/../../../../arm-none-eabi/lib/thumb2\libc.a(lib_a-mprec.o)
 .ARM.attributes
                0x000009c9       0x29 c:/apps/coide/gcc/sourcery g++ lite/bin/../lib/gcc/arm-none-eabi/4.5.1/../../../../arm-none-eabi/lib/thumb2\libc.a(lib_a-s_fpclassify.o)
 .ARM.attributes
                0x000009f2       0x29 c:/apps/coide/gcc/sourcery g++ lite/bin/../lib/gcc/arm-none-eabi/4.5.1/../../../../arm-none-eabi/lib/thumb2\libc.a(lib_a-sbrkr.o)
 .ARM.attributes
                0x00000a1b       0x29 c:/apps/coide/gcc/sourcery g++ lite/bin/../lib/gcc/arm-none-eabi/4.5.1/../../../../arm-none-eabi/lib/thumb2\libc.a(lib_a-strcmp.o)
 .ARM.attributes
                0x00000a44       0x29 c:/apps/coide/gcc/sourcery g++ lite/bin/../lib/gcc/arm-none-eabi/4.5.1/../../../../arm-none-eabi/lib/thumb2\libc.a(lib_a-svfiprintf.o)
 .ARM.attributes
                0x00000a6d       0x29 c:/apps/coide/gcc/sourcery g++ lite/bin/../lib/gcc/arm-none-eabi/4.5.1/../../../../arm-none-eabi/lib/thumb2\libc.a(lib_a-callocr.o)
 .ARM.attributes
                0x00000a96       0x29 c:/apps/coide/gcc/sourcery g++ lite/bin/../lib/gcc/arm-none-eabi/4.5.1/../../../../arm-none-eabi/lib/thumb2\libc.a(lib_a-freer.o)
 .ARM.attributes
                0x00000abf       0x29 c:/apps/coide/gcc/sourcery g++ lite/bin/../lib/gcc/arm-none-eabi/4.5.1/../../../../arm-none-eabi/lib/thumb2\libc.a(lib_a-memmove.o)
 .ARM.attributes
                0x00000ae8       0x29 c:/apps/coide/gcc/sourcery g++ lite/bin/../lib/gcc/arm-none-eabi/4.5.1/../../../../arm-none-eabi/lib/thumb2\libc.a(lib_a-reallocr.o)
 .ARM.attributes
                0x00000b11       0x29 c:/apps/coide/gcc/sourcery g++ lite/bin/../lib/gcc/arm-none-eabi/4.5.1/../../../../arm-none-eabi/lib/thumb2\libc.a(lib_a-reent.o)
 .ARM.attributes
                0x00000b3a       0x1b c:/apps/coide/gcc/sourcery g++ lite/bin/../lib/gcc/arm-none-eabi/4.5.1/thumb2\libgcc.a(_udivsi3.o)
 .ARM.attributes
                0x00000b55       0x1b c:/apps/coide/gcc/sourcery g++ lite/bin/../lib/gcc/arm-none-eabi/4.5.1/thumb2\libgcc.a(_dvmd_tls.o)
 .ARM.attributes
                0x00000b70       0x1b c:/apps/coide/gcc/sourcery g++ lite/bin/../lib/gcc/arm-none-eabi/4.5.1/thumb2\libgcc.a(_arm_fixdfsi.o)
 .ARM.attributes
                0x00000b8b       0x1b c:/apps/coide/gcc/sourcery g++ lite/bin/../lib/gcc/arm-none-eabi/4.5.1/thumb2\libgcc.a(_aeabi_uldivmod.o)
 .ARM.attributes
                0x00000ba6       0x29 c:/apps/coide/gcc/sourcery g++ lite/bin/../lib/gcc/arm-none-eabi/4.5.1/thumb2\libgcc.a(bpabi.o)
 .ARM.attributes
                0x00000bcf       0x29 c:/apps/coide/gcc/sourcery g++ lite/bin/../lib/gcc/arm-none-eabi/4.5.1/thumb2\libgcc.a(_divdi3.o)
 .ARM.attributes
                0x00000bf8       0x29 c:/apps/coide/gcc/sourcery g++ lite/bin/../lib/gcc/arm-none-eabi/4.5.1/thumb2\libgcc.a(_udivdi3.o)

.debug_frame    0x00000000     0x315c
 .debug_frame   0x00000000       0x30 ..\obj\Task_Comunicaciones.o
 .debug_frame   0x00000030       0x74 ..\obj\pines.o
 .debug_frame   0x000000a4       0x4c ..\obj\system_lm3s.o
 .debug_frame   0x000000f0      0x280 ..\obj\core_cm3.o
 .debug_frame   0x00000370       0x68 ..\obj\stellaris_1.o
 .debug_frame   0x000003d8      0x2a0 ..\obj\timer.o
 .debug_frame   0x00000678      0x3bc ..\obj\pwm.o
 .debug_frame   0x00000a34       0x4c ..\obj\Task_Control.o
 .debug_frame   0x00000a80       0x30 ..\obj\system_tick.o
 .debug_frame   0x00000ab0       0x4c ..\obj\main.o
 .debug_frame   0x00000afc       0xe0 ..\obj\framebuffer.o
 .debug_frame   0x00000bdc      0x498 ..\obj\sysctl.o
 .debug_frame   0x00001074      0x3d8 ..\obj\gpio.o
 .debug_frame   0x0000144c       0x68 ..\obj\display.o
 .debug_frame   0x000014b4       0x6c ..\obj\display_RIT.o
 .debug_frame   0x00001520      0x2a0 ..\obj\tasks.o
 .debug_frame   0x000017c0       0x4c ..\obj\Task_Seguridad.o
 .debug_frame   0x0000180c      0x140 ..\obj\interrupt.o
 .debug_frame   0x0000194c      0x14c ..\obj\rit128x96x4.o
 .debug_frame   0x00001a98       0x48 ..\obj\startup_lm3s.o
 .debug_frame   0x00001ae0       0x9c ..\obj\list.o
 .debug_frame   0x00001b7c      0x108 ..\obj\syscalls.o
 .debug_frame   0x00001c84      0x1d8 ..\obj\ssi.o
 .debug_frame   0x00001e5c      0x30c ..\obj\adc.o
 .debug_frame   0x00002168      0x1e4 ..\obj\queue.o
 .debug_frame   0x0000234c      0x110 ..\obj\port.o
 .debug_frame   0x0000245c       0x50 ..\obj\pwm_generico.o
 .debug_frame   0x000024ac       0xf0 ..\obj\croutine.o
 .debug_frame   0x0000259c       0x30 ..\obj\task_display.o
 .debug_frame   0x000025cc       0x40 ..\obj\cpu.o
 .debug_frame   0x0000260c       0xac ..\obj\console.o
 .debug_frame   0x000026b8       0xf8 ..\obj\systick.o
 .debug_frame   0x000027b0       0x7c ..\obj\heap_1.o
 .debug_frame   0x0000282c       0xc0 ..\obj\ultrasonidos.o
 .debug_frame   0x000028ec       0x30 c:/apps/coide/gcc/sourcery g++ lite/bin/../lib/gcc/arm-none-eabi/4.5.1/../../../../arm-none-eabi/lib/thumb2\libc.a(lib_a-memcpy.o)
 .debug_frame   0x0000291c       0x2c c:/apps/coide/gcc/sourcery g++ lite/bin/../lib/gcc/arm-none-eabi/4.5.1/../../../../arm-none-eabi/lib/thumb2\libc.a(lib_a-memset.o)
 .debug_frame   0x00002948       0x64 c:/apps/coide/gcc/sourcery g++ lite/bin/../lib/gcc/arm-none-eabi/4.5.1/../../../../arm-none-eabi/lib/thumb2\libc.a(lib_a-sprintf.o)
 .debug_frame   0x000029ac       0x20 c:/apps/coide/gcc/sourcery g++ lite/bin/../lib/gcc/arm-none-eabi/4.5.1/../../../../arm-none-eabi/lib/thumb2\libc.a(lib_a-strlen.o)
 .debug_frame   0x000029cc       0x2c c:/apps/coide/gcc/sourcery g++ lite/bin/../lib/gcc/arm-none-eabi/4.5.1/../../../../arm-none-eabi/lib/thumb2\libc.a(lib_a-strncpy.o)
 .debug_frame   0x000029f8       0x3c c:/apps/coide/gcc/sourcery g++ lite/bin/../lib/gcc/arm-none-eabi/4.5.1/../../../../arm-none-eabi/lib/thumb2\libc.a(lib_a-svfprintf.o)
 .debug_frame   0x00002a34       0x68 c:/apps/coide/gcc/sourcery g++ lite/bin/../lib/gcc/arm-none-eabi/4.5.1/../../../../arm-none-eabi/lib/thumb2\libc.a(lib_a-dtoa.o)
 .debug_frame   0x00002a9c       0x98 c:/apps/coide/gcc/sourcery g++ lite/bin/../lib/gcc/arm-none-eabi/4.5.1/../../../../arm-none-eabi/lib/thumb2\libc.a(lib_a-locale.o)
 .debug_frame   0x00002b34       0x30 c:/apps/coide/gcc/sourcery g++ lite/bin/../lib/gcc/arm-none-eabi/4.5.1/../../../../arm-none-eabi/lib/thumb2\libc.a(lib_a-malloc.o)
 .debug_frame   0x00002b64       0x3c c:/apps/coide/gcc/sourcery g++ lite/bin/../lib/gcc/arm-none-eabi/4.5.1/../../../../arm-none-eabi/lib/thumb2\libc.a(lib_a-mallocr.o)
 .debug_frame   0x00002ba0       0x2c c:/apps/coide/gcc/sourcery g++ lite/bin/../lib/gcc/arm-none-eabi/4.5.1/../../../../arm-none-eabi/lib/thumb2\libc.a(lib_a-memchr.o)
 .debug_frame   0x00002bcc       0x30 c:/apps/coide/gcc/sourcery g++ lite/bin/../lib/gcc/arm-none-eabi/4.5.1/../../../../arm-none-eabi/lib/thumb2\libc.a(lib_a-mlock.o)
 .debug_frame   0x00002bfc      0x244 c:/apps/coide/gcc/sourcery g++ lite/bin/../lib/gcc/arm-none-eabi/4.5.1/../../../../arm-none-eabi/lib/thumb2\libc.a(lib_a-mprec.o)
 .debug_frame   0x00002e40       0x28 c:/apps/coide/gcc/sourcery g++ lite/bin/../lib/gcc/arm-none-eabi/4.5.1/../../../../arm-none-eabi/lib/thumb2\libc.a(lib_a-s_fpclassify.o)
 .debug_frame   0x00002e68       0x2c c:/apps/coide/gcc/sourcery g++ lite/bin/../lib/gcc/arm-none-eabi/4.5.1/../../../../arm-none-eabi/lib/thumb2\libc.a(lib_a-sbrkr.o)
 .debug_frame   0x00002e94       0x30 c:/apps/coide/gcc/sourcery g++ lite/bin/../lib/gcc/arm-none-eabi/4.5.1/../../../../arm-none-eabi/lib/thumb2\libc.a(lib_a-strcmp.o)
 .debug_frame   0x00002ec4       0x68 c:/apps/coide/gcc/sourcery g++ lite/bin/../lib/gcc/arm-none-eabi/4.5.1/../../../../arm-none-eabi/lib/thumb2\libc.a(lib_a-svfiprintf.o)
 .debug_frame   0x00002f2c       0x2c c:/apps/coide/gcc/sourcery g++ lite/bin/../lib/gcc/arm-none-eabi/4.5.1/../../../../arm-none-eabi/lib/thumb2\libc.a(lib_a-callocr.o)
 .debug_frame   0x00002f58       0x50 c:/apps/coide/gcc/sourcery g++ lite/bin/../lib/gcc/arm-none-eabi/4.5.1/../../../../arm-none-eabi/lib/thumb2\libc.a(lib_a-freer.o)
 .debug_frame   0x00002fa8       0x2c c:/apps/coide/gcc/sourcery g++ lite/bin/../lib/gcc/arm-none-eabi/4.5.1/../../../../arm-none-eabi/lib/thumb2\libc.a(lib_a-memmove.o)
 .debug_frame   0x00002fd4       0x3c c:/apps/coide/gcc/sourcery g++ lite/bin/../lib/gcc/arm-none-eabi/4.5.1/../../../../arm-none-eabi/lib/thumb2\libc.a(lib_a-reallocr.o)
 .debug_frame   0x00003010       0x64 c:/apps/coide/gcc/sourcery g++ lite/bin/../lib/gcc/arm-none-eabi/4.5.1/../../../../arm-none-eabi/lib/thumb2\libc.a(lib_a-reent.o)
 .debug_frame   0x00003074       0x20 c:/apps/coide/gcc/sourcery g++ lite/bin/../lib/gcc/arm-none-eabi/4.5.1/thumb2\libgcc.a(_udivsi3.o)
 .debug_frame   0x00003094       0x50 c:/apps/coide/gcc/sourcery g++ lite/bin/../lib/gcc/arm-none-eabi/4.5.1/thumb2\libgcc.a(bpabi.o)
 .debug_frame   0x000030e4       0x3c c:/apps/coide/gcc/sourcery g++ lite/bin/../lib/gcc/arm-none-eabi/4.5.1/thumb2\libgcc.a(_divdi3.o)
 .debug_frame   0x00003120       0x3c c:/apps/coide/gcc/sourcery g++ lite/bin/../lib/gcc/arm-none-eabi/4.5.1/thumb2\libgcc.a(_udivdi3.o)
