Archive member included because of file (symbol)

c:/app/coide/gcc/sourcery g++ lite/bin/../lib/gcc/arm-none-eabi/4.5.1/thumb2\libgcc.a(_arm_addsubdf3.o)
                              ..\obj\stellaris_1.o (__aeabi_dsub)
c:/app/coide/gcc/sourcery g++ lite/bin/../lib/gcc/arm-none-eabi/4.5.1/thumb2\libgcc.a(_arm_muldivdf3.o)
                              ..\obj\stellaris_1.o (__aeabi_dmul)
c:/app/coide/gcc/sourcery g++ lite/bin/../lib/gcc/arm-none-eabi/4.5.1/thumb2\libgcc.a(_arm_cmpdf2.o)
                              ..\obj\stellaris_1.o (__aeabi_dcmpeq)
c:/app/coide/gcc/sourcery g++ lite/bin/../lib/gcc/arm-none-eabi/4.5.1/thumb2\libgcc.a(_arm_truncdfsf2.o)
                              ..\obj\Task_Control.o (__aeabi_d2f)
c:/app/coide/gcc/sourcery g++ lite/bin/../lib/gcc/arm-none-eabi/4.5.1/thumb2\libgcc.a(_arm_addsubsf3.o)
                              ..\obj\pwm_generico.o (__aeabi_ui2f)
c:/app/coide/gcc/sourcery g++ lite/bin/../lib/gcc/arm-none-eabi/4.5.1/thumb2\libgcc.a(_arm_muldivsf3.o)
                              ..\obj\pwm_generico.o (__aeabi_fmul)
c:/app/coide/gcc/sourcery g++ lite/bin/../lib/gcc/arm-none-eabi/4.5.1/thumb2\libgcc.a(_arm_cmpsf2.o)
                              ..\obj\ultrasonidos.o (__aeabi_fcmplt)
c:/app/coide/gcc/sourcery g++ lite/bin/../lib/gcc/arm-none-eabi/4.5.1/thumb2\libgcc.a(_arm_fixunssfsi.o)
                              ..\obj\pwm_generico.o (__aeabi_f2uiz)
c:/app/coide/gcc/sourcery g++ lite/bin/../lib/gcc/arm-none-eabi/4.5.1/../../../../arm-none-eabi/lib/thumb2\libc.a(lib_a-memcpy.o)
                              ..\obj\queue.o (memcpy)
c:/app/coide/gcc/sourcery g++ lite/bin/../lib/gcc/arm-none-eabi/4.5.1/../../../../arm-none-eabi/lib/thumb2\libc.a(lib_a-memset.o)
                              ..\obj\stellaris_1.o (memset)
c:/app/coide/gcc/sourcery g++ lite/bin/../lib/gcc/arm-none-eabi/4.5.1/../../../../arm-none-eabi/lib/thumb2\libc.a(lib_a-sprintf.o)
                              ..\obj\task_display.o (sprintf)
c:/app/coide/gcc/sourcery g++ lite/bin/../lib/gcc/arm-none-eabi/4.5.1/../../../../arm-none-eabi/lib/thumb2\libc.a(lib_a-strlen.o)
                              ..\obj\framebuffer.o (strlen)
c:/app/coide/gcc/sourcery g++ lite/bin/../lib/gcc/arm-none-eabi/4.5.1/../../../../arm-none-eabi/lib/thumb2\libc.a(lib_a-strncpy.o)
                              ..\obj\tasks.o (strncpy)
c:/app/coide/gcc/sourcery g++ lite/bin/../lib/gcc/arm-none-eabi/4.5.1/../../../../arm-none-eabi/lib/thumb2\libc.a(lib_a-svfprintf.o)
                              c:/app/coide/gcc/sourcery g++ lite/bin/../lib/gcc/arm-none-eabi/4.5.1/../../../../arm-none-eabi/lib/thumb2\libc.a(lib_a-sprintf.o) (_svfprintf_r)
c:/app/coide/gcc/sourcery g++ lite/bin/../lib/gcc/arm-none-eabi/4.5.1/../../../../arm-none-eabi/lib/thumb2\libc.a(lib_a-dtoa.o)
                              c:/app/coide/gcc/sourcery g++ lite/bin/../lib/gcc/arm-none-eabi/4.5.1/../../../../arm-none-eabi/lib/thumb2\libc.a(lib_a-svfprintf.o) (_dtoa_r)
c:/app/coide/gcc/sourcery g++ lite/bin/../lib/gcc/arm-none-eabi/4.5.1/../../../../arm-none-eabi/lib/thumb2\libc.a(lib_a-impure.o)
                              c:/app/coide/gcc/sourcery g++ lite/bin/../lib/gcc/arm-none-eabi/4.5.1/../../../../arm-none-eabi/lib/thumb2\libc.a(lib_a-sprintf.o) (_impure_ptr)
c:/app/coide/gcc/sourcery g++ lite/bin/../lib/gcc/arm-none-eabi/4.5.1/../../../../arm-none-eabi/lib/thumb2\libc.a(lib_a-locale.o)
                              c:/app/coide/gcc/sourcery g++ lite/bin/../lib/gcc/arm-none-eabi/4.5.1/../../../../arm-none-eabi/lib/thumb2\libc.a(lib_a-svfprintf.o) (_localeconv_r)
c:/app/coide/gcc/sourcery g++ lite/bin/../lib/gcc/arm-none-eabi/4.5.1/../../../../arm-none-eabi/lib/thumb2\libc.a(lib_a-malloc.o)
                              c:/app/coide/gcc/sourcery g++ lite/bin/../lib/gcc/arm-none-eabi/4.5.1/../../../../arm-none-eabi/lib/thumb2\libc.a(lib_a-dtoa.o) (malloc)
c:/app/coide/gcc/sourcery g++ lite/bin/../lib/gcc/arm-none-eabi/4.5.1/../../../../arm-none-eabi/lib/thumb2\libc.a(lib_a-mallocr.o)
                              c:/app/coide/gcc/sourcery g++ lite/bin/../lib/gcc/arm-none-eabi/4.5.1/../../../../arm-none-eabi/lib/thumb2\libc.a(lib_a-svfprintf.o) (_malloc_r)
c:/app/coide/gcc/sourcery g++ lite/bin/../lib/gcc/arm-none-eabi/4.5.1/../../../../arm-none-eabi/lib/thumb2\libc.a(lib_a-memchr.o)
                              c:/app/coide/gcc/sourcery g++ lite/bin/../lib/gcc/arm-none-eabi/4.5.1/../../../../arm-none-eabi/lib/thumb2\libc.a(lib_a-svfprintf.o) (memchr)
c:/app/coide/gcc/sourcery g++ lite/bin/../lib/gcc/arm-none-eabi/4.5.1/../../../../arm-none-eabi/lib/thumb2\libc.a(lib_a-mlock.o)
                              c:/app/coide/gcc/sourcery g++ lite/bin/../lib/gcc/arm-none-eabi/4.5.1/../../../../arm-none-eabi/lib/thumb2\libc.a(lib_a-mallocr.o) (__malloc_lock)
c:/app/coide/gcc/sourcery g++ lite/bin/../lib/gcc/arm-none-eabi/4.5.1/../../../../arm-none-eabi/lib/thumb2\libc.a(lib_a-mprec.o)
[...]
Memory Configuration

Name             Origin             Length             Attributes
rom              0x00000000         0x00040000         xr
ram              0x20000000         0x00010000         xrw
*default*        0x00000000         0xffffffff

Linker script and memory map

                0x20010000                _eram = 0x20010000

.text           0x00000000     0xd258
 *(.isr_vector .isr_vector.*)
 .isr_vector    0x00000000      0x100 ..\obj\startup_lm3s.o
                0x00000000                g_pfnVectors
 *(.text .text.* .gnu.linkonce.t.*)
 .text.RECECPCION_INFRARROJOS_fev_flanco_positivo
                0x00000100       0x1c ..\obj\Recepcion_Infrarrojos.o
                0x00000100                RECECPCION_INFRARROJOS_fev_flanco_positivo
 .text.RECECPCION_INFRARROJOS_fev_flanco_t_corto_min
                0x0000011c       0x58 ..\obj\Recepcion_Infrarrojos.o
                0x0000011c                RECECPCION_INFRARROJOS_fev_flanco_t_corto_min
 .text.RECECPCION_INFRARROJOS_fev_flanco_positivo_t_corto_ok
                0x00000174       0x9c ..\obj\Recepcion_Infrarrojos.o
                0x00000174                RECECPCION_INFRARROJOS_fev_flanco_positivo_t_corto_ok
 .text.RECECPCION_INFRARROJOS_fev_flanco_t_largo_min
                0x00000210       0x58 ..\obj\Recepcion_Infrarrojos.o
                0x00000210                RECECPCION_INFRARROJOS_fev_flanco_t_largo_min
 .text.RECECPCION_INFRARROJOS_fev_flanco_positivo_t_largo_ok
                0x00000268       0x9c ..\obj\Recepcion_Infrarrojos.o
                0x00000268                RECECPCION_INFRARROJOS_fev_flanco_positivo_t_largo_ok
 .text.RECECPCION_INFRARROJOS_fev_flanco_negativo
                0x00000304       0x1c ..\obj\Recepcion_Infrarrojos.o
                0x00000304                RECECPCION_INFRARROJOS_fev_flanco_negativo
 .text.RECECPCION_INFRARROJOS_fev_flanco_negativo_t_corto_ok
                0x00000320       0x9c ..\obj\Recepcion_Infrarrojos.o
                0x00000320                RECECPCION_INFRARROJOS_fev_flanco_negativo_t_corto_ok
 .text.RECECPCION_INFRARROJOS_fev_flanco_negativo_t_largo_ok
                0x000003bc       0x9c ..\obj\Recepcion_Infrarrojos.o
                0x000003bc                RECECPCION_INFRARROJOS_fev_flanco_negativo_t_largo_ok
 .text.RECECPCION_INFRARROJOS_fev_izquierda_pulsado
                0x00000458       0x30 ..\obj\Recepcion_Infrarrojos.o
                0x00000458                RECECPCION_INFRARROJOS_fev_izquierda_pulsado
 .text.RECECPCION_INFRARROJOS_fev_derecha_pulsado
                0x00000488       0x30 ..\obj\Recepcion_Infrarrojos.o
                0x00000488                RECECPCION_INFRARROJOS_fev_derecha_pulsado
 .text.RECECPCION_INFRARROJOS_fac_leer_on
                0x000004b8       0x1c ..\obj\Recepcion_Infrarrojos.o
                0x000004b8                RECECPCION_INFRARROJOS_fac_leer_on
 .text.RECECPCION_INFRARROJOS_fac_leer_off
                0x000004d4       0x1c ..\obj\Recepcion_Infrarrojos.o
                0x000004d4                RECECPCION_INFRARROJOS_fac_leer_off
 .text.RECECPCION_INFRARROJOS_fac_leer_on_2
                0x000004f0       0x1c ..\obj\Recepcion_Infrarrojos.o
                0x000004f0                RECECPCION_INFRARROJOS_fac_leer_on_2
 .text.RECECPCION_INFRARROJOS_fac_leer_off_2
                0x0000050c       0x1c ..\obj\Recepcion_Infrarrojos.o
                0x0000050c                RECECPCION_INFRARROJOS_fac_leer_off_2
 .text.RECECPCION_INFRARROJOS_fac_leer_on_4
                0x00000528       0x1c ..\obj\Recepcion_Infrarrojos.o
                0x00000528                RECECPCION_INFRARROJOS_fac_leer_on_4
 .text.RECECPCION_INFRARROJOS_fac_leer_off_3
                0x00000544       0x1c ..\obj\Recepcion_Infrarrojos.o
                0x00000544                RECECPCION_INFRARROJOS_fac_leer_off_3
 .text.RECECPCION_INFRARROJOS_fac_leer_on_3
                0x00000560       0x1c ..\obj\Recepcion_Infrarrojos.o
                0x00000560                RECECPCION_INFRARROJOS_fac_leer_on_3
 .text.RECECPCION_INFRARROJOS_fac_leer_off_4
                0x0000057c       0x1c ..\obj\Recepcion_Infrarrojos.o
                0x0000057c                RECECPCION_INFRARROJOS_fac_leer_off_4
 .text.RECECPCION_INFRARROJOS_fac_activar
                0x00000598       0x44 ..\obj\Recepcion_Infrarrojos.o
                0x00000598                RECECPCION_INFRARROJOS_fac_activar
 .text.RECECPCION_INFRARROJOS_fac_desactivar
                0x000005dc       0x48 ..\obj\Recepcion_Infrarrojos.o
                0x000005dc                RECECPCION_INFRARROJOS_fac_desactivar
 .text.RECECPCION_INFRARROJOS_fev_t_corto
                0x00000624       0x58 ..\obj\Recepcion_Infrarrojos.o
                0x00000624                RECECPCION_INFRARROJOS_fev_t_corto
 .text.RECECPCION_INFRARROJOS_fev_t_largo
                0x0000067c       0x58 ..\obj\Recepcion_Infrarrojos.o
                0x0000067c                RECECPCION_INFRARROJOS_fev_t_largo
 .text.RECECPCION_INFRARROJOS_fac_cancelar
                0x000006d4       0x34 ..\obj\Recepcion_Infrarrojos.o
                0x000006d4                RECECPCION_INFRARROJOS_fac_cancelar
 .text.RECEPCION_INFRARROJOS_fac_borrar_inter
                0x00000708       0x28 ..\obj\Recepcion_Infrarrojos.o
                0x00000708                RECEPCION_INFRARROJOS_fac_borrar_inter
 .text.RECECPCION_INFRARROJOS_fac_preguntar
                0x00000730       0x28 ..\obj\Recepcion_Infrarrojos.o
                0x00000730                RECECPCION_INFRARROJOS_fac_preguntar
 .text.RECEPCION_INFRARROJOS_coger_tiempo_actual
                0x00000758       0x34 ..\obj\Recepcion_Infrarrojos.o
                0x00000758                RECEPCION_INFRARROJOS_coger_tiempo_actual
 .text.RECEPCION_INFRARROJOS_dormir_tarea_190ms
                0x0000078c       0x18 ..\obj\Recepcion_Infrarrojos.o
                0x0000078c                RECEPCION_INFRARROJOS_dormir_tarea_190ms
 .text.RECEPCION_INFRARROJOS_dormir_tarea_90ms
                0x000007a4       0x18 ..\obj\Recepcion_Infrarrojos.o
                0x000007a4                RECEPCION_INFRARROJOS_dormir_tarea_90ms
 .text.RECEPCION_INFRARROJOS_mirar_flanco_positivo
                0x000007bc       0x30 ..\obj\Recepcion_Infrarrojos.o
                0x000007bc                RECEPCION_INFRARROJOS_mirar_flanco_positivo
 .text.RECEPCION_INFRARROJOS_mirar_flanco_negativo
                0x000007ec       0x30 ..\obj\Recepcion_Infrarrojos.o
                0x000007ec                RECEPCION_INFRARROJOS_mirar_flanco_negativo
 .text.RECECPCION_INFRARROJOS_fev_comunicacion_activada
                0x0000081c       0x18 ..\obj\Recepcion_Infrarrojos.o
                0x0000081c                RECECPCION_INFRARROJOS_fev_comunicacion_activada
 .text.RECECPCION_INFRARROJOS_fac_medir_senal
                0x00000834       0xf4 ..\obj\Recepcion_Infrarrojos.o
                0x00000834                RECECPCION_INFRARROJOS_fac_medir_senal
 .text.PINES_inicializar
                0x00000928      0x168 ..\obj\pines.o
                0x00000928                PINES_inicializar
 .text.PINES_inicializar_int_both_edges
                0x00000a90      0x148 ..\obj\pines.o
                0x00000a90                PINES_inicializar_int_both_edges
 .text.PortDInterruptHandler
                0x00000bd8      0x11c ..\obj\pines.o
                0x00000bd8                PortDInterruptHandler
 .text.SystemInit
                0x00000cf4      0x238 ..\obj\system_lm3s.o
                0x00000cf4                SystemInit
 .text.getOscClk
                0x00000f2c      0x15c ..\obj\system_lm3s.o
 .text.stellaris_1_step
                0x00001088      0x300 ..\obj\stellaris_1.o
                0x00001088                stellaris_1_step
 .text.stellaris_1_initialize
                0x00001388       0x40 ..\obj\stellaris_1.o
                0x00001388                stellaris_1_initialize
 .text.PWMGenConfigure
                0x000013c8       0x74 ..\obj\pwm.o
                0x000013c8                PWMGenConfigure
 .text.PWMGenPeriodSet
                0x0000143c       0x48 ..\obj\pwm.o
                0x0000143c                PWMGenPeriodSet
 .text.PWMGenEnable
                0x00001484       0x28 ..\obj\pwm.o
                0x00001484                PWMGenEnable
 .text.PWMPulseWidthSet
                0x000014ac       0x6c ..\obj\pwm.o
                0x000014ac                PWMPulseWidthSet
 .text.PWMOutputState
                0x00001518       0x50 ..\obj\pwm.o
                0x00001518                PWMOutputState
 .text.vTask_Control
                0x00001568       0x40 ..\obj\Task_Control.o
                0x00001568                vTask_Control
 .text.rt_OneStep
                0x000015a8      0x220 ..\obj\Task_Control.o
                0x000015a8                rt_OneStep
 .text.SYSTEM_TICK_coger_valor_ticks
                0x000017c8       0x20 ..\obj\system_tick.o
                0x000017c8                SYSTEM_TICK_coger_valor_ticks
 .text.main     0x000017e8      0x26c ..\obj\main.o
                0x000017e8                main
 .text.pwm_init
                0x00001a54       0x20 ..\obj\main.o
                0x00001a54                pwm_init
 .text.FRAME_BUFFER_init
                0x00001a74      0x10c ..\obj\framebuffer.o
                0x00001a74                FRAME_BUFFER_init
 .text.FRAME_BUFFER_insert_text
                0x00001b80      0x16c ..\obj\framebuffer.o
                0x00001b80                FRAME_BUFFER_insert_text
 .text.FRAME_BUFFER_change_text
                0x00001cec       0x58 ..\obj\framebuffer.o
                0x00001cec                FRAME_BUFFER_change_text
 .text.FRAME_BUFFER_write_to_display
                0x00001d44      0x2e8 ..\obj\framebuffer.o
                0x00001d44                FRAME_BUFFER_write_to_display
 .text.SysCtlPeripheralEnable
                0x0000202c       0x58 ..\obj\sysctl.o
                0x0000202c                SysCtlPeripheralEnable
 .text.SysCtlDelay
                0x00002084        0x8 ..\obj\sysctl.o
                0x00002084                SysCtlDelay
 .text.SysCtlClockSet
                0x0000208c      0x290 ..\obj\sysctl.o
                0x0000208c                SysCtlClockSet
 .text.SysCtlClockGet
                0x0000231c      0x384 ..\obj\sysctl.o
                0x0000231c                SysCtlClockGet
 .text.SysCtlPWMClockSet
                0x000026a0       0x30 ..\obj\sysctl.o
                0x000026a0                SysCtlPWMClockSet
 .text.SysCtlADCSpeedSet
                0x000026d0       0x50 ..\obj\sysctl.o
                0x000026d0                SysCtlADCSpeedSet
 .text.GPIODirModeSet
                0x00002720       0x88 ..\obj\gpio.o
                0x00002720                GPIODirModeSet
 .text.GPIOIntTypeSet
                0x000027a8       0xd4 ..\obj\gpio.o
                0x000027a8                GPIOIntTypeSet
 .text.GPIOPadConfigSet
                0x0000287c      0x230 ..\obj\gpio.o
                0x0000287c                GPIOPadConfigSet
 .text.GPIOPinIntEnable
                0x00002aac       0x2c ..\obj\gpio.o
                0x00002aac                GPIOPinIntEnable
 .text.GPIOPinIntStatus
                0x00002ad8       0x34 ..\obj\gpio.o
                0x00002ad8                GPIOPinIntStatus
 .text.GPIOPinIntClear
                0x00002b0c       0x24 ..\obj\gpio.o
                0x00002b0c                GPIOPinIntClear
 .text.GPIOPinRead
                0x00002b30       0x28 ..\obj\gpio.o
                0x00002b30                GPIOPinRead
 .text.GPIOPinWrite
                0x00002b58       0x2c ..\obj\gpio.o
                0x00002b58                GPIOPinWrite
 .text.GPIOPinTypeADC
                0x00002b84       0x34 ..\obj\gpio.o
                0x00002b84                GPIOPinTypeADC
 .text.GPIOPinTypeGPIOInput
                0x00002bb8       0x34 ..\obj\gpio.o
                0x00002bb8                GPIOPinTypeGPIOInput
 .text.GPIOPinTypeGPIOOutput
                0x00002bec       0x34 ..\obj\gpio.o
                0x00002bec                GPIOPinTypeGPIOOutput
 .text.GPIOPinTypePWM
                0x00002c20       0x34 ..\obj\gpio.o
                0x00002c20                GPIOPinTypePWM
 .text.GPIOPinTypeSSI
                0x00002c54       0x34 ..\obj\gpio.o
                0x00002c54                GPIOPinTypeSSI
 .text.DISPLAY_inicializar
                0x00002c88      0x114 ..\obj\display.o
                0x00002c88                DISPLAY_inicializar
 .text.DISPLAY_indicar_estado
                0x00002d9c       0xdc ..\obj\display.o
                0x00002d9c                DISPLAY_indicar_estado
 .text.DISPLAY_peticion_seguimiento
                0x00002e78       0x38 ..\obj\display.o
                0x00002e78                DISPLAY_peticion_seguimiento
 .text.DISPLAY_GENERICO_dibuja_string
                0x00002eb0       0x24 ..\obj\display_RIT.o
                0x00002eb0                DISPLAY_GENERICO_dibuja_string
 .text.DISPLAY_GENERICO_dibuja_imagen
                0x00002ed4       0x28 ..\obj\display_RIT.o
                0x00002ed4                DISPLAY_GENERICO_dibuja_imagen
 .text.DISPLAY_GENERICO_init
                0x00002efc       0x14 ..\obj\display_RIT.o
                0x00002efc                DISPLAY_GENERICO_init
 .text.xTaskGenericCreate
                0x00002f10      0x1ac ..\obj\tasks.o
                0x00002f10                xTaskGenericCreate
 .text.vTaskDelayUntil
                0x000030bc       0xb0 ..\obj\tasks.o
                0x000030bc                vTaskDelayUntil
 .text.vTaskSuspend
                0x0000316c       0xc0 ..\obj\tasks.o
                0x0000316c                vTaskSuspend
 .text.xTaskIsTaskSuspended
                0x0000322c       0x50 ..\obj\tasks.o
                0x0000322c                xTaskIsTaskSuspended
 .text.vTaskResume
                0x0000327c       0xac ..\obj\tasks.o
                0x0000327c                vTaskResume
 .text.vTaskStartScheduler
                0x00003328       0x74 ..\obj\tasks.o
                0x00003328                vTaskStartScheduler
 .text.vTaskSuspendAll
                0x0000339c       0x24 ..\obj\tasks.o
                0x0000339c                vTaskSuspendAll
 .text.xTaskResumeAll
                0x000033c0      0x154 ..\obj\tasks.o
                0x000033c0                xTaskResumeAll
 .text.xTaskGetTickCount
                0x00003514       0x28 ..\obj\tasks.o
                0x00003514                xTaskGetTickCount
 .text.vTaskIncrementTick
                0x0000353c      0x1b8 ..\obj\tasks.o
                0x0000353c                vTaskIncrementTick
 .text.vTaskSwitchContext
                0x000036f4       0xd0 ..\obj\tasks.o
                0x000036f4                vTaskSwitchContext
 .text.prvIdleTask
                0x000037c4       0x10 ..\obj\tasks.o
 .text.prvInitialiseTCBVariables
                0x000037d4       0x78 ..\obj\tasks.o
 .text.prvInitialiseTaskLists
                0x0000384c       0x98 ..\obj\tasks.o
 .text.prvCheckTasksWaitingTermination
                0x000038e4        0xc ..\obj\tasks.o
 .text.prvAddCurrentTaskToDelayedList
                0x000038f0       0x8c ..\obj\tasks.o
 .text.prvAllocateTCBAndStack
                0x0000397c       0x74 ..\obj\tasks.o
 .text.EjecutaAutomata
                0x000039f0       0x50 ..\obj\egoera_makina.o
                0x000039f0                EjecutaAutomata
 .text.EjecutaEstadoVertical
                0x00003a40       0x78 ..\obj\egoera_makina.o
                0x00003a40                EjecutaEstadoVertical
 .text.vTask_Seguridad
                0x00003ab8      0x18c ..\obj\Task_Seguridad.o
                0x00003ab8                vTask_Seguridad
 .text.SEGURIDAD_ini
                0x00003c44        0xc ..\obj\Task_Seguridad.o
                0x00003c44                SEGURIDAD_ini
 .text.IntEnable
                0x00003c50       0xd8 ..\obj\interrupt.o
                0x00003c50                IntEnable
 .text.RITWriteCommand
                0x00003d28       0xfc ..\obj\rit128x96x4.o
 .text.RITWriteData
                0x00003e24       0xfc ..\obj\rit128x96x4.o
 .text.RIT128x96x4Clear
                0x00003f20       0x9c ..\obj\rit128x96x4.o
                0x00003f20                RIT128x96x4Clear
 .text.RIT128x96x4StringDraw
                0x00003fbc      0x1e0 ..\obj\rit128x96x4.o
                0x00003fbc                RIT128x96x4StringDraw
 .text.RIT128x96x4ImageDraw
                0x0000419c       0xec ..\obj\rit128x96x4.o
                0x0000419c                RIT128x96x4ImageDraw
 .text.RIT128x96x4Enable
                0x00004288       0xa4 ..\obj\rit128x96x4.o
                0x00004288                RIT128x96x4Enable
 .text.RIT128x96x4Init
                0x0000432c      0x128 ..\obj\rit128x96x4.o
                0x0000432c                RIT128x96x4Init
 .text.KEYPAD_inicializacion_keypad
                0x00004454       0xf0 ..\obj\keypad.o
                0x00004454                KEYPAD_inicializacion_keypad
 .text.PortEInterruptHandler
                0x00004544      0x11c ..\obj\keypad.o
                0x00004544                PortEInterruptHandler
 .text.PortFInterruptHandler
                0x00004660       0x60 ..\obj\keypad.o
                0x00004660                PortFInterruptHandler
 .text.AD_ObtenerValorADC_Channel1
                0x000046c0       0xc0 ..\obj\ad.o
                0x000046c0                AD_ObtenerValorADC_Channel1
 .text.AD_ObtenerValorADC_Channel2
                0x00004780       0xc0 ..\obj\ad.o
                0x00004780                AD_ObtenerValorADC_Channel2
 .text.AD_ObtenerValorADC_Channel3
                0x00004840       0xc0 ..\obj\ad.o
                0x00004840                AD_ObtenerValorADC_Channel3
 .text.Default_Reset_Handler
                0x00004900       0x6c ..\obj\startup_lm3s.o
                0x00004900                Default_Reset_Handler
                0x00004900                Reset_Handler
 .text.Default_Handler
                0x0000496c        0x8 ..\obj\startup_lm3s.o
                0x0000496c                DebugMon_Handler
                0x0000496c                FlashCtrl_IRQHandler
                0x0000496c                Timer0B_IRQHandler
                0x0000496c                I2C0_IRQHandler
                0x0000496c                HardFault_Handler
                0x0000496c                SysTick_Handler
                0x0000496c                PendSV_Handler
                0x0000496c                NMI_Handler
                0x0000496c                I2C1_IRQHandler
                0x0000496c                PWMGen0_IRQHandler
                0x0000496c                UART1_IRQHandler
                0x0000496c                CAN1_IRQHandler
                0x0000496c                Timer1B_IRQHandler
                0x0000496c                Watchdog_IRQHandler
                0x0000496c                UART0_IRQHandler
                0x0000496c                SSI0_IRQHandler
                0x0000496c                UsageFault_Handler
                0x0000496c                ADCSeq1_IRQHandler
                0x0000496c                PWMFault_IRQHandler
                0x0000496c                PWMGen1_IRQHandler
                0x0000496c                SSI1_IRQHandler
                0x0000496c                uDMA_IRQHandler
                0x0000496c                GPIOPortC_IRQHandler
                0x0000496c                ADCSeq2_IRQHandler
                0x0000496c                PWMGen2_IRQHandler
                0x0000496c                UART2_IRQHandler
                0x0000496c                uDMAErr_IRQHandler
                0x0000496c                QEI1_IRQHandler
                0x0000496c                QEI0_IRQHandler
                0x0000496c                PWMGen3_IRQHandler
                0x0000496c                GPIOPortD_IRQHandler
                0x0000496c                USB0_IRQHandler
                0x0000496c                MemManage_Handler
                0x0000496c                Ethernet_IRQHandler
                0x0000496c                SVC_Handler
                0x0000496c                Timer3B_IRQHandler
                0x0000496c                Timer3A_IRQHandler
                0x0000496c                GPIOPortA_IRQHandler
                0x0000496c                Timer0A_IRQHandler
                0x0000496c                ADCSeq0_IRQHandler
                0x0000496c                Timer1A_IRQHandler
                0x0000496c                GPIOPortG_IRQHandler
                0x0000496c                ADCSeq3_IRQHandler
                0x0000496c                GPIOPortE_IRQHandler
                0x0000496c                CAN0_IRQHandler
                0x0000496c                Comp0_IRQHandler
                0x0000496c                Comp1_IRQHandler
                0x0000496c                Comp2_IRQHandler
                0x0000496c                GPIOPortF_IRQHandler
                0x0000496c                GPIOPortB_IRQHandler
                0x0000496c                CAN2_IRQHandler
                0x0000496c                GPIOPortH_IRQHandler
                0x0000496c                BusFault_Handler
                0x0000496c                Timer2A_IRQHandler
                0x0000496c                Timer2B_IRQHandler
                0x0000496c                SysCtrl_IRQHandler
                0x0000496c                Hibernate_IRQHandler
 .text.vListInitialise
                0x00004974       0x48 ..\obj\list.o
                0x00004974                vListInitialise
 .text.vListInitialiseItem
                0x000049bc       0x1c ..\obj\list.o
                0x000049bc                vListInitialiseItem
 .text.vListInsertEnd
                0x000049d8       0x54 ..\obj\list.o
                0x000049d8                vListInsertEnd
 .text.vListInsert
                0x00004a2c       0x78 ..\obj\list.o
                0x00004a2c                vListInsert
 .text.vListRemove
                0x00004aa4       0x54 ..\obj\list.o
                0x00004aa4                vListRemove
 .text._sbrk    0x00004af8       0x5c ..\obj\syscalls.o
                0x00004af8                _sbrk
 .text.SSIConfigSetExpClk
                0x00004b54       0xb4 ..\obj\ssi.o
                0x00004b54                SSIConfigSetExpClk
 .text.SSIEnable
                0x00004c08       0x28 ..\obj\ssi.o
                0x00004c08                SSIEnable
 .text.SSIDisable
                0x00004c30       0x28 ..\obj\ssi.o
                0x00004c30                SSIDisable
 .text.SSIDataPut
                0x00004c58       0x30 ..\obj\ssi.o
                0x00004c58                SSIDataPut
 .text.SSIBusy  0x00004c88       0x2c ..\obj\ssi.o
                0x00004c88                SSIBusy
 .text.ADCIntStatus
                0x00004cb4       0x80 ..\obj\adc.o
                0x00004cb4                ADCIntStatus
 .text.ADCIntClear
                0x00004d34       0x28 ..\obj\adc.o
                0x00004d34                ADCIntClear
 .text.ADCSequenceEnable
                0x00004d5c       0x2c ..\obj\adc.o
                0x00004d5c                ADCSequenceEnable
 .text.ADCSequenceConfigure
                0x00004d88       0x80 ..\obj\adc.o
                0x00004d88                ADCSequenceConfigure
 .text.ADCSequenceStepConfigure
                0x00004e08      0x12c ..\obj\adc.o
                0x00004e08                ADCSequenceStepConfigure
 .text.ADCSequenceDataGet
                0x00004f34       0x64 ..\obj\adc.o
                0x00004f34                ADCSequenceDataGet
 .text.ADCProcessorTrigger
                0x00004f98       0x28 ..\obj\adc.o
                0x00004f98                ADCProcessorTrigger
 .text.pxPortInitialiseStack
                0x00004fc0       0x60 ..\obj\port.o
                0x00004fc0                pxPortInitialiseStack
 .text.vPortSVCHandler
                0x00005020       0x20 ..\obj\port.o
                0x00005020                vPortSVCHandler
 .text.vPortStartFirstTask
                0x00005040       0x14 ..\obj\port.o
                0x00005040                vPortStartFirstTask
 .text.xPortStartScheduler
                0x00005054       0x54 ..\obj\port.o
                0x00005054                xPortStartScheduler
 .text.vPortYieldFromISR
                0x000050a8       0x18 ..\obj\port.o
                0x000050a8                vPortYieldFromISR
 .text.vPortEnterCritical
                0x000050c0       0x2c ..\obj\port.o
                0x000050c0                vPortEnterCritical
 .text.vPortExitCritical
                0x000050ec       0x38 ..\obj\port.o
                0x000050ec                vPortExitCritical
 .text.xPortPendSVHandler
                0x00005124       0x3c ..\obj\port.o
                0x00005124                xPortPendSVHandler
 .text.xPortSysTickHandler
                0x00005160       0x68 ..\obj\port.o
                0x00005160                xPortSysTickHandler
 .text.prvSetupTimerInterrupt
                0x000051c8       0x28 ..\obj\port.o
 .text.PWM_GENERICO_salida_init
                0x000051f0      0x1b0 ..\obj\pwm_generico.o
                0x000051f0                PWM_GENERICO_salida_init
 .text.PWM_GENERICO_cambiar_anchura_pulso
                0x000053a0       0x6c ..\obj\pwm_generico.o
                0x000053a0                PWM_GENERICO_cambiar_anchura_pulso
 .text.vTask_Display
                0x0000540c      0x2b8 ..\obj\task_display.o
                0x0000540c                vTask_Display
 .text.initConsole
                0x000056c4       0x84 ..\obj\console.o
                0x000056c4                initConsole
 .text.SysTickValueGet
                0x00005748       0x18 ..\obj\systick.o
                0x00005748                SysTickValueGet
 .text.pvPortMalloc
                0x00005760       0x98 ..\obj\heap_1.o
                0x00005760                pvPortMalloc
 .text.vPortFree
                0x000057f8       0x14 ..\obj\heap_1.o
                0x000057f8                vPortFree
 .text.ULTRASONIDOS_ini
                0x0000580c       0x70 ..\obj\ultrasonidos.o
                0x0000580c                ULTRASONIDOS_ini
 *fill*         0x0000587c        0x4 00
 .text.ULTRASONIDOS_echoInt_PB4
                0x00005880      0x180 ..\obj\ultrasonidos.o
                0x00005880                ULTRASONIDOS_echoInt_PB4
 .text.ULTRASONIDOS_echoInt_PC4
                0x00005a00      0x180 ..\obj\ultrasonidos.o
                0x00005a00                ULTRASONIDOS_echoInt_PC4
 .text.ULTRASONIDOS_obstaculo
                0x00005b80       0x44 ..\obj\ultrasonidos.o
                0x00005b80                ULTRASONIDOS_obstaculo
 .text.ULTRASONIDOS_escalon
                0x00005bc4       0x44 ..\obj\ultrasonidos.o
                0x00005bc4                ULTRASONIDOS_escalon
 .text.CLOCK_inicializar_clock
                0x00005c08       0x14 ..\obj\clock.o
                0x00005c08                CLOCK_inicializar_clock
 .text.vTask_Recibir_Infrarrojos
                0x00005c1c       0x30 ..\obj\Task_Recibir_Infrarrojos.o
                0x00005c1c                vTask_Recibir_Infrarrojos
 .text          0x00005c4c      0x370 c:/app/coide/gcc/sourcery g++ lite/bin/../lib/gcc/arm-none-eabi/4.5.1/thumb2\libgcc.a(_arm_addsubdf3.o)
                0x00005c4c                __aeabi_drsub
                0x00005c54                __aeabi_dsub
                0x00005c54                __subdf3
                0x00005c58                __aeabi_dadd
                0x00005c58                __adddf3
                0x00005ed0                __floatunsidf
                0x00005ed0                __aeabi_ui2d
                0x00005ef0                __floatsidf
                0x00005ef0                __aeabi_i2d
                0x00005f14                __aeabi_f2d
                0x00005f14                __extendsfdf2
                0x00005f50                __floatundidf
                0x00005f50                __aeabi_ul2d
                0x00005f60                __floatdidf
                0x00005f60                __aeabi_l2d
 .text          0x00005fbc      0x424 c:/app/coide/gcc/sourcery g++ lite/bin/../lib/gcc/arm-none-eabi/4.5.1/thumb2\libgcc.a(_arm_muldivdf3.o)
                0x00005fbc                __aeabi_dmul
                0x00005fbc                __muldf3
                0x00006210                __divdf3
                0x00006210                __aeabi_ddiv
 .text          0x000063e0      0x110 c:/app/coide/gcc/sourcery g++ lite/bin/../lib/gcc/arm-none-eabi/4.5.1/thumb2\libgcc.a(_arm_cmpdf2.o)
                0x000063e0                __gtdf2
                0x000063e0                __gedf2
                0x000063e8                __ltdf2
                0x000063e8                __ledf2
                0x000063f0                __nedf2
                0x000063f0                __eqdf2
                0x000063f0                __cmpdf2
                0x0000646c                __aeabi_cdrcmple
                0x0000647c                __aeabi_cdcmpeq
                0x0000647c                __aeabi_cdcmple
                0x0000648c                __aeabi_dcmpeq
                0x000064a0                __aeabi_dcmplt
                0x000064b4                __aeabi_dcmple
                0x000064c8                __aeabi_dcmpge
                0x000064dc                __aeabi_dcmpgt
 .text          0x000064f0       0xa0 c:/app/coide/gcc/sourcery g++ lite/bin/../lib/gcc/arm-none-eabi/4.5.1/thumb2\libgcc.a(_arm_truncdfsf2.o)
                0x000064f0                __truncdfsf2
                0x000064f0                __aeabi_d2f
 .text          0x00006590      0x21c c:/app/coide/gcc/sourcery g++ lite/bin/../lib/gcc/arm-none-eabi/4.5.1/thumb2\libgcc.a(_arm_addsubsf3.o)
                0x00006590                __aeabi_frsub
                0x00006598                __subsf3
                0x00006598                __aeabi_fsub
                0x0000659c                __aeabi_fadd
                0x0000659c                __addsf3
                0x000066fc                __aeabi_ui2f
                0x000066fc                __floatunsisf
                0x00006704                __aeabi_i2f
                0x00006704                __floatsisf
                0x00006720                __aeabi_ul2f
                0x00006720                __floatundisf
                0x00006730                __aeabi_l2f
                0x00006730                __floatdisf
 .text          0x000067ac      0x2a0 c:/app/coide/gcc/sourcery g++ lite/bin/../lib/gcc/arm-none-eabi/4.5.1/thumb2\libgcc.a(_arm_muldivsf3.o)
                0x000067ac                __mulsf3
                0x000067ac                __aeabi_fmul
                0x00006914                __aeabi_fdiv
                0x00006914                __divsf3
 .text          0x00006a4c       0xec c:/app/coide/gcc/sourcery g++ lite/bin/../lib/gcc/arm-none-eabi/4.5.1/thumb2\libgcc.a(_arm_cmpsf2.o)
                0x00006a4c                __gesf2
                0x00006a4c                __gtsf2
                0x00006a54                __lesf2
                0x00006a54                __ltsf2
                0x00006a5c                __nesf2
                0x00006a5c                __eqsf2
                0x00006a5c                __cmpsf2
                0x00006abc                __aeabi_cfrcmple
                0x00006ac4                __aeabi_cfcmpeq
                0x00006ac4                __aeabi_cfcmple
                0x00006ad4                __aeabi_fcmpeq
                0x00006ae8                __aeabi_fcmplt
                0x00006afc                __aeabi_fcmple
                0x00006b10                __aeabi_fcmpge
                0x00006b24                __aeabi_fcmpgt
 .text          0x00006b38       0x40 c:/app/coide/gcc/sourcery g++ lite/bin/../lib/gcc/arm-none-eabi/4.5.1/thumb2\libgcc.a(_arm_fixunssfsi.o)
                0x00006b38                __fixunssfsi
                0x00006b38                __aeabi_f2uiz
 .text          0x00006b78      0x150 c:/app/coide/gcc/sourcery g++ lite/bin/../lib/gcc/arm-none-eabi/4.5.1/../../../../arm-none-eabi/lib/thumb2\libc.a(lib_a-memcpy.o)
                0x00006b78                memcpy
 .text          0x00006cc8       0xb4 c:/app/coide/gcc/sourcery g++ lite/bin/../lib/gcc/arm-none-eabi/4.5.1/../../../../arm-none-eabi/lib/thumb2\libc.a(lib_a-memset.o)
                0x00006cc8                memset
 .text          0x00006d7c       0x94 c:/app/coide/gcc/sourcery g++ lite/bin/../lib/gcc/arm-none-eabi/4.5.1/../../../../arm-none-eabi/lib/thumb2\libc.a(lib_a-sprintf.o)
                0x00006d7c                _sprintf_r
                0x00006dc0                sprintf
 .text          0x00006e10       0x60 c:/app/coide/gcc/sourcery g++ lite/bin/../lib/gcc/arm-none-eabi/4.5.1/../../../../arm-none-eabi/lib/thumb2\libc.a(lib_a-strlen.o)
                0x00006e10                strlen
 .text          0x00006e70       0x7c c:/app/coide/gcc/sourcery g++ lite/bin/../lib/gcc/arm-none-eabi/4.5.1/../../../../arm-none-eabi/lib/thumb2\libc.a(lib_a-strncpy.o)
                0x00006e70                strncpy
 .text          0x00006eec     0x1658 c:/app/coide/gcc/sourcery g++ lite/bin/../lib/gcc/arm-none-eabi/4.5.1/../../../../arm-none-eabi/lib/thumb2\libc.a(lib_a-svfprintf.o)
                0x00006eec                _svfprintf_r
 *fill*         0x00008544        0x4 00
 .text          0x00008548     0x1000 c:/app/coide/gcc/sourcery g++ lite/bin/../lib/gcc/arm-none-eabi/4.5.1/../../../../arm-none-eabi/lib/thumb2\libc.a(lib_a-dtoa.o)
                0x00008674                _dtoa_r
 .text          0x00009548       0xa0 c:/app/coide/gcc/sourcery g++ lite/bin/../lib/gcc/arm-none-eabi/4.5.1/../../../../arm-none-eabi/lib/thumb2\libc.a(lib_a-locale.o)
                0x00009548                _setlocale_r
                0x000095a4                __locale_charset
                0x000095b0                __locale_mb_cur_max
                0x000095bc                __locale_msgcharset
                0x000095c4                __locale_cjk_lang
                0x000095c8                _localeconv_r
                0x000095d0                setlocale
                0x000095e0                localeconv
 .text          0x000095e8       0x20 c:/app/coide/gcc/sourcery g++ lite/bin/../lib/gcc/arm-none-eabi/4.5.1/../../../../arm-none-eabi/lib/thumb2\libc.a(lib_a-malloc.o)
                0x000095e8                malloc
                0x000095f8                free
 .text          0x00009608      0x57c c:/app/coide/gcc/sourcery g++ lite/bin/../lib/gcc/arm-none-eabi/4.5.1/../../../../arm-none-eabi/lib/thumb2\libc.a(lib_a-mallocr.o)
                0x00009608                _malloc_r
 .text          0x00009b84       0x88 c:/app/coide/gcc/sourcery g++ lite/bin/../lib/gcc/arm-none-eabi/4.5.1/../../../../arm-none-eabi/lib/thumb2\libc.a(lib_a-memchr.o)
                0x00009b84                memchr
 .text          0x00009c0c        0x8 c:/app/coide/gcc/sourcery g++ lite/bin/../lib/gcc/arm-none-eabi/4.5.1/../../../../arm-none-eabi/lib/thumb2\libc.a(lib_a-mlock.o)
                0x00009c0c                __malloc_lock
                0x00009c10                __malloc_unlock
 .text          0x00009c14      0x920 c:/app/coide/gcc/sourcery g++ lite/bin/../lib/gcc/arm-none-eabi/4.5.1/../../../../arm-none-eabi/lib/thumb2\libc.a(lib_a-mprec.o)
                0x00009c14                _Balloc
                0x00009c7c                _Bfree
                0x00009cb4                __multadd
                0x00009d38                __s2b
                0x00009dcc                __hi0bits
                0x00009e0c                __lo0bits
                0x00009e70                __i2b
                0x00009e84                __multiply
                0x00009fac                __pow5mult
                0x0000a050                __lshift
                0x0000a0fc                __mcmp
                0x0000a138                __mdiff
                0x0000a230                __ulp
                0x0000a278                __b2d
                0x0000a324                __d2b
                0x0000a3ec                __ratio
                0x0000a45c                _mprec_log10
                0x0000a490                __copybits
                0x0000a4d8                __any_on
 .text          0x0000a534       0x90 c:/app/coide/gcc/sourcery g++ lite/bin/../lib/gcc/arm-none-eabi/4.5.1/../../../../arm-none-eabi/lib/thumb2\libc.a(lib_a-s_fpclassify.o)
                0x0000a534                __fpclassifyd
 .text          0x0000a5c4       0x28 c:/app/coide/gcc/sourcery g++ lite/bin/../lib/gcc/arm-none-eabi/4.5.1/../../../../arm-none-eabi/lib/thumb2\libc.a(lib_a-sbrkr.o)
                0x0000a5c4                _sbrk_r
 .text          0x0000a5ec      0x1dc c:/app/coide/gcc/sourcery g++ lite/bin/../lib/gcc/arm-none-eabi/4.5.1/../../../../arm-none-eabi/lib/thumb2\libc.a(lib_a-strcmp.o)
                0x0000a5ec                strcmp
 .text          0x0000a7c8      0xbe4 c:/app/coide/gcc/sourcery g++ lite/bin/../lib/gcc/arm-none-eabi/4.5.1/../../../../arm-none-eabi/lib/thumb2\libc.a(lib_a-svfiprintf.o)
                0x0000a7c8                __ssprint_r
                0x0000a8d0                _svfiprintf_r
 .text          0x0000b3ac       0x5c c:/app/coide/gcc/sourcery g++ lite/bin/../lib/gcc/arm-none-eabi/4.5.1/../../../../arm-none-eabi/lib/thumb2\libc.a(lib_a-callocr.o)
                0x0000b3ac                _calloc_r
 .text          0x0000b408      0x240 c:/app/coide/gcc/sourcery g++ lite/bin/../lib/gcc/arm-none-eabi/4.5.1/../../../../arm-none-eabi/lib/thumb2\libc.a(lib_a-freer.o)
                0x0000b408                _malloc_trim_r
                0x0000b4b0                _free_r
 .text          0x0000b648       0xa0 c:/app/coide/gcc/sourcery g++ lite/bin/../lib/gcc/arm-none-eabi/4.5.1/../../../../arm-none-eabi/lib/thumb2\libc.a(lib_a-memmove.o)
                0x0000b648                memmove
 .text          0x0000b6e8      0x41c c:/app/coide/gcc/sourcery g++ lite/bin/../lib/gcc/arm-none-eabi/4.5.1/../../../../arm-none-eabi/lib/thumb2\libc.a(lib_a-reallocr.o)
                0x0000b6e8                _realloc_r
 *fill*         0x0000bb04        0x4 00
 .text          0x0000bb08      0x278 c:/app/coide/gcc/sourcery g++ lite/bin/../lib/gcc/arm-none-eabi/4.5.1/thumb2\libgcc.a(_udivsi3.o)
                0x0000bb08                __aeabi_uidiv
                0x0000bb08                __udivsi3
                0x0000bd64                __aeabi_uidivmod
 .text          0x0000bd80        0x4 c:/app/coide/gcc/sourcery g++ lite/bin/../lib/gcc/arm-none-eabi/4.5.1/thumb2\libgcc.a(_dvmd_tls.o)
                0x0000bd80                __aeabi_idiv0
                0x0000bd80                __aeabi_ldiv0
 .text          0x0000bd84       0x50 c:/app/coide/gcc/sourcery g++ lite/bin/../lib/gcc/arm-none-eabi/4.5.1/thumb2\libgcc.a(_arm_fixdfsi.o)
                0x0000bd84                __aeabi_d2iz
                0x0000bd84                __fixdfsi
 .text          0x0000bdd4       0x2c c:/app/coide/gcc/sourcery g++ lite/bin/../lib/gcc/arm-none-eabi/4.5.1/thumb2\libgcc.a(_aeabi_uldivmod.o)
                0x0000bdd4                __aeabi_uldivmod
 .text          0x0000be00       0x60 c:/app/coide/gcc/sourcery g++ lite/bin/../lib/gcc/arm-none-eabi/4.5.1/thumb2\libgcc.a(bpabi.o)
                0x0000be00                __gnu_ldivmod_helper
                0x0000be30                __gnu_uldivmod_helper
 .text          0x0000be60      0x364 c:/app/coide/gcc/sourcery g++ lite/bin/../lib/gcc/arm-none-eabi/4.5.1/thumb2\libgcc.a(_divdi3.o)
                0x0000be60                __divdi3
 .text          0x0000c1c4      0x314 c:/app/coide/gcc/sourcery g++ lite/bin/../lib/gcc/arm-none-eabi/4.5.1/thumb2\libgcc.a(_udivdi3.o)
                0x0000c1c4                __udivdi3
 *(.glue_7t)
 .glue_7t       0x00000000        0x0 linker stubs
 *(.glue_7)
 .glue_7        0x00000000        0x0 linker stubs
 *(.rodata .rodata* .gnu.linkonce.r.*)
 .rodata        0x0000c4d8      0x640 ..\obj\Recepcion_Infrarrojos.o
                0x0000c504                xesperar
                0x0000c52c                esperar
                0x0000c5c8                xleer_on
                0x0000c610                leer_on
                0x0000c6ac                xleer_off
                0x0000c6f8                leer_off
                0x0000c740                xleer_on_2
                0x0000c78c                leer_on_2
                0x0000c7d4                xleer_off_2
                0x0000c820                leer_off_2
                0x0000c88c                xpreguntar
                0x0000c8c8                preguntar
                0x0000c938                xactivado
                0x0000c974                activado
                0x0000c984                xleer_off_3
                0x0000c9d0                leer_off_3
                0x0000c9e0                xleer_on_3
                0x0000ca2c                leer_on_3
                0x0000ca3c                xleer_off_4
                0x0000ca88                leer_off_4
                0x0000ca98                xleer_on_4
                0x0000cae4                leer_on_4
                0x0000cb08                activar_infrarrojos
 .rodata        0x0000cb18        0x4 ..\obj\stellaris_1.o
                0x0000cb18                stellaris_1_M
 .rodata        0x0000cb1c        0x8 ..\obj\Task_Control.o
 .rodata        0x0000cb24       0x4c ..\obj\main.o
 .rodata        0x0000cb70       0x78 ..\obj\framebuffer.o
                0x0000cb70                g_puc_circ
                0x0000cbac                g_puc_nada
 .rodata        0x0000cbe8       0x9c ..\obj\sysctl.o
 .rodata        0x0000cc84      0x140 ..\obj\display.o
 .rodata        0x0000cdc4        0x8 ..\obj\tasks.o
 .rodata        0x0000cdcc      0x244 ..\obj\rit128x96x4.o
 .rodata        0x0000d010       0x78 ..\obj\task_display.o
 .rodata        0x0000d088       0x20 c:/app/coide/gcc/sourcery g++ lite/bin/../lib/gcc/arm-none-eabi/4.5.1/../../../../arm-none-eabi/lib/thumb2\libc.a(lib_a-svfprintf.o)
 .rodata.str1.4
                0x0000d0a8       0x42 c:/app/coide/gcc/sourcery g++ lite/bin/../lib/gcc/arm-none-eabi/4.5.1/../../../../arm-none-eabi/lib/thumb2\libc.a(lib_a-svfprintf.o)
                                 0x44 (size before relaxing)
 *fill*         0x0000d0ea        0x2 00
 .rodata.str1.4
                0x0000d0ec       0x10 c:/app/coide/gcc/sourcery g++ lite/bin/../lib/gcc/arm-none-eabi/4.5.1/../../../../arm-none-eabi/lib/thumb2\libc.a(lib_a-dtoa.o)
                                 0x14 (size before relaxing)
 .rodata.str1.4
                0x0000d0fc        0x2 c:/app/coide/gcc/sourcery g++ lite/bin/../lib/gcc/arm-none-eabi/4.5.1/../../../../arm-none-eabi/lib/thumb2\libc.a(lib_a-impure.o)
                                  0x4 (size before relaxing)
 *fill*         0x0000d0fe        0x2 00
 .rodata.str1.4
                0x0000d100        0xc c:/app/coide/gcc/sourcery g++ lite/bin/../lib/gcc/arm-none-eabi/4.5.1/../../../../arm-none-eabi/lib/thumb2\libc.a(lib_a-locale.o)
                                 0x14 (size before relaxing)
 *fill*         0x0000d10c        0x4 00
 .rodata        0x0000d110      0x128 c:/app/coide/gcc/sourcery g++ lite/bin/../lib/gcc/arm-none-eabi/4.5.1/../../../../arm-none-eabi/lib/thumb2\libc.a(lib_a-mprec.o)
                0x0000d120                __mprec_tens
                0x0000d1e8                __mprec_bigtens
                0x0000d210                __mprec_tinytens
 .rodata        0x0000d238       0x20 c:/app/coide/gcc/sourcery g++ lite/bin/../lib/gcc/arm-none-eabi/4.5.1/../../../../arm-none-eabi/lib/thumb2\libc.a(lib_a-svfiprintf.o)
 .rodata.str1.4
                0x00000000       0x30 c:/app/coide/gcc/sourcery g++ lite/bin/../lib/gcc/arm-none-eabi/4.5.1/../../../../arm-none-eabi/lib/thumb2\libc.a(lib_a-svfiprintf.o)

.vfp11_veneer   0x0000d258        0x0
 .vfp11_veneer  0x00000000        0x0 linker stubs

.v4_bx          0x0000d258        0x0
 .v4_bx         0x00000000        0x0 linker stubs

.ARM.extab
 *(.ARM.extab* .gnu.linkonce.armextab.*)

.ARM.exidx      0x0000d258        0x8
 *(.ARM.exidx* .gnu.linkonce.armexidx.*)
 .ARM.exidx     0x0000d258        0x8 c:/app/coide/gcc/sourcery g++ lite/bin/../lib/gcc/arm-none-eabi/4.5.1/thumb2\libgcc.a(_divdi3.o)
 .ARM.exidx     0x0000d260        0x0 c:/app/coide/gcc/sourcery g++ lite/bin/../lib/gcc/arm-none-eabi/4.5.1/thumb2\libgcc.a(_udivdi3.o)
                                  0x8 (size before relaxing)
                0x0000d260                . = ALIGN (0x4)
                0x0000d260                _etext = .
                0x0000d260                _sidata = .

.data           0x20000000      0x60c load address 0x0000d260
                0x20000000                _sdata = .
 *(.data .data.*)
 .data          0x20000000       0x30 ..\obj\Recepcion_Infrarrojos.o
                0x20000000                xactivar_infrarrojos
 .data          0x20000030       0x10 ..\obj\system_lm3s.o
                0x20000030                SystemFrequency
                0x20000034                SystemFrequency_PwmClk
                0x20000038                SystemFrequency_AdcClk
                0x2000003c                SystemFrequency_CanClk
 .data          0x20000040       0x10 ..\obj\stellaris_1.o
                0x20000040                Kpx
                0x20000048                Kpy
 .data          0x20000050        0x4 ..\obj\Task_Control.o
                0x20000050                periodo
 .data          0x20000054        0x4 ..\obj\tasks.o
 .data          0x20000058        0x4 ..\obj\port.o
 .data          0x2000005c       0x30 ..\obj\pwm_generico.o
 .data          0x2000008c       0xf4 c:/app/coide/gcc/sourcery g++ lite/bin/../lib/gcc/arm-none-eabi/4.5.1/../../../../arm-none-eabi/lib/thumb2\libc.a(lib_a-impure.o)
                0x2000008c                _impure_ptr
 .data          0x20000180       0x7c c:/app/coide/gcc/sourcery g++ lite/bin/../lib/gcc/arm-none-eabi/4.5.1/../../../../arm-none-eabi/lib/thumb2\libc.a(lib_a-locale.o)
                0x200001a0                __mb_cur_max
 .data          0x200001fc      0x410 c:/app/coide/gcc/sourcery g++ lite/bin/../lib/gcc/arm-none-eabi/4.5.1/../../../../arm-none-eabi/lib/thumb2\libc.a(lib_a-mallocr.o)
                0x200001fc                __malloc_av_
                0x20000604                __malloc_sbrk_base
                0x20000608                __malloc_trim_threshold
                0x2000060c                . = ALIGN (0x4)
                0x2000060c                _edata = .

.bss            0x20000610     0x1e34 load address 0x0000d870
                0x20000610                _sbss = .
 *(.bss .bss.*)
 .bss           0x20000610       0x14 ..\obj\Recepcion_Infrarrojos.o
                0x20000610                g_time
                0x20000614                g_cycles
                0x20000618                g_comunicacion_activada
                0x2000061c                estado
                0x20000620                peticion
 *fill*         0x20000624        0x4 00
 .bss           0x20000628       0x20 ..\obj\Task_Control.o
                0x20000628                ref_motor1
                0x20000630                ref_motor2
                0x20000638                duty1
                0x2000063c                duty2
                0x20000640                cntControl
 .bss           0x20000648       0x18 ..\obj\main.o
                0x20000648                sens1
                0x2000064c                sens2
                0x20000650                sens3
                0x20000654                sens4
                0x20000658                sens5
                0x2000065c                sens6
 .bss           0x20000660        0x4 ..\obj\framebuffer.o
                0x20000660                g_display_element_kop
 .bss           0x20000664       0xfc ..\obj\tasks.o
                0x20000664                pxCurrentTCB
 .bss           0x20000760        0x2 ..\obj\egoera_makina.o
                0x20000760                fms_mv
                0x20000761                fms_mv_anterior
 *fill*         0x20000762        0x2 00
 .bss           0x20000764       0x1c ..\obj\Task_Seguridad.o
                0x20000764                gf_uSecho_widht_obs
                0x20000768                gf_uSecho_widht_esc
                0x2000076c                nivel_bateria
                0x20000770                cntSegur
                0x20000774                distancia_obs
                0x20000778                distancia_esc
                0x2000077c                obstaculo
                0x2000077d                escalon
                0x2000077e                bateria
                0x2000077f                g_parada_seguridad
 .bss           0x20000780        0xc ..\obj\rit128x96x4.o
 .bss           0x2000078c        0x8 ..\obj\ad.o
                0x2000078c                infra1
                0x20000790                infra2
 .bss           0x20000794        0x4 ..\obj\syscalls.o
 .bss           0x20000798        0x4 ..\obj\task_display.o
                0x20000798                seguridad
 *fill*         0x2000079c        0x4 00
 .bss           0x200007a0     0x1408 ..\obj\heap_1.o
 .bss           0x20001ba8       0x18 ..\obj\ultrasonidos.o
                0x20001ba8                time_flanco_pos_obs
                0x20001bac                time_flanco_neg_obs
                0x20001bb0                time_flanco_pos_esc
                0x20001bb4                time_flanco_neg_esc
                0x20001bb8                flancoPos_Obs
                0x20001bb9                flancoPos_Esc
                0x20001bba                echo_OK_Obs
                0x20001bbb                echo_OK_Esc
                0x20001bbc                g_cycles_us
 .bss           0x20001bc0        0x5 ..\obj\Task_Recibir_Infrarrojos.o
                0x20001bc0                g_arriba
                0x20001bc1                g_abajo
                0x20001bc2                g_izquierda
                0x20001bc3                g_derecha
                0x20001bc4                g_select
 *fill*         0x20001bc5        0x3 00
 .bss           0x20001bc8       0x34 c:/app/coide/gcc/sourcery g++ lite/bin/../lib/gcc/arm-none-eabi/4.5.1/../../../../arm-none-eabi/lib/thumb2\libc.a(lib_a-mallocr.o)
                0x20001bc8                __malloc_top_pad
                0x20001bcc                __malloc_current_mallinfo
                0x20001bf4                __malloc_max_sbrked_mem
                0x20001bf8                __malloc_max_total_mem
 *(COMMON)
 COMMON         0x20001bfc        0xc ..\obj\Recepcion_Infrarrojos.o
                0x20001bfc                g_ul_xTimeTimerOn
                0x20001c00                g_ul_xTimeTimerOff1
                0x20001c04                g_xTimeFlanco
 COMMON         0x20001c08       0x50 ..\obj\stellaris_1.o
                0x20001c08                stellaris_1_Y
                0x20001c18                stellaris_1_M_
                0x20001c20                stellaris_1_U
 COMMON         0x20001c58        0x4 ..\obj\main.o
                0x20001c58                xHandle_Task_Recibir_Infrarrojos
 COMMON         0x20001c5c      0x2d0 ..\obj\framebuffer.o
                0x20001c5c                g_display_elements
 COMMON         0x20001f2c        0xc ..\obj\ad.o
                0x20001f2c                ulADC1_Value
                0x20001f30                ulADC2_Value
                0x20001f34                ulADC3_Value
 COMMON         0x20001f38      0x400 ..\obj\task_display.o
                0x20001f38                str7
                0x20001fb8                str4
                0x20002038                str3
                0x200020b8                str5
                0x20002138                str1
                0x200021b8                str6
                0x20002238                str
                0x200022b8                str2
 COMMON         0x20002338      0x108 ..\obj\console.o
                0x20002338                consoleImage
 COMMON         0x20002440        0x4 c:/app/coide/gcc/sourcery g++ lite/bin/../lib/gcc/arm-none-eabi/4.5.1/../../../../arm-none-eabi/lib/thumb2\libc.a(lib_a-reent.o)
                0x20002440                errno
                0x20002444                . = ALIGN (0x4)
                0x20002444                _ebss = .

.co_stack       0x20002444      0x404 load address 0x0000f6a4
                0x20002448                . = ALIGN (0x8)
 *fill*         0x20002444        0x4 00
 *(.co_stack .co_stack.*)
 .co_stack      0x20002448      0x400 ..\obj\startup_lm3s.o
                0x20002448                pulStack
                0x20002848                . = ALIGN (0x4)
                0x20002848                _end = .
LOAD ..\obj\Recepcion_Infrarrojos.o
LOAD ..\obj\pines.o
LOAD ..\obj\system_lm3s.o
LOAD ..\obj\core_cm3.o
LOAD ..\obj\stellaris_1.o
LOAD ..\obj\timer.o
LOAD ..\obj\pwm.o
LOAD ..\obj\Task_Control.o
LOAD ..\obj\system_tick.o
LOAD ..\obj\main.o
LOAD ..\obj\framebuffer.o
LOAD ..\obj\sysctl.o
LOAD ..\obj\timers.o
LOAD ..\obj\gpio.o
LOAD ..\obj\display.o
LOAD ..\obj\display_RIT.o
LOAD ..\obj\tasks.o
LOAD ..\obj\egoera_makina.o
LOAD ..\obj\Task_Seguridad.o
LOAD ..\obj\interrupt.o
LOAD ..\obj\rit128x96x4.o
LOAD ..\obj\keypad.o
LOAD ..\obj\ad.o
LOAD ..\obj\startup_lm3s.o
LOAD ..\obj\list.o
LOAD ..\obj\syscalls.o
LOAD ..\obj\ssi.o
LOAD ..\obj\adc.o
LOAD ..\obj\queue.o
LOAD ..\obj\port.o
LOAD ..\obj\pwm_generico.o
LOAD ..\obj\croutine.o
LOAD ..\obj\task_display.o
LOAD ..\obj\cpu.o
LOAD ..\obj\console.o
LOAD ..\obj\systick.o
LOAD ..\obj\heap_1.o
LOAD ..\obj\ultrasonidos.o
LOAD ..\obj\Task_Idle.o
LOAD ..\obj\clock.o
LOAD ..\obj\Task_Recibir_Infrarrojos.o
START GROUP
LOAD c:/app/coide/gcc/sourcery g++ lite/bin/../lib/gcc/arm-none-eabi/4.5.1/thumb2\libgcc.a
LOAD c:/app/coide/gcc/sourcery g++ lite/bin/../lib/gcc/arm-none-eabi/4.5.1/../../../../arm-none-eabi/lib/thumb2\libc.a
END GROUP
OUTPUT(POPBL.elf elf32-littlearm)

.debug_abbrev   0x00000000     0x2116
 .debug_abbrev  0x00000000      0x1a4 ..\obj\Recepcion_Infrarrojos.o
 .debug_abbrev  0x000001a4       0xcf ..\obj\pines.o
 .debug_abbrev  0x00000273      0x112 ..\obj\system_lm3s.o
 .debug_abbrev  0x00000385       0xd7 ..\obj\core_cm3.o
 .debug_abbrev  0x0000045c       0xfa ..\obj\stellaris_1.o
 .debug_abbrev  0x00000556       0xb8 ..\obj\timer.o
 .debug_abbrev  0x0000060e       0xc7 ..\obj\pwm.o
 .debug_abbrev  0x000006d5       0xdb ..\obj\Task_Control.o
 .debug_abbrev  0x000007b0       0x49 ..\obj\system_tick.o
 .debug_abbrev  0x000007f9       0xbb ..\obj\main.o
 .debug_abbrev  0x000008b4      0x12d ..\obj\framebuffer.o
 .debug_abbrev  0x000009e1      0x115 ..\obj\sysctl.o
 .debug_abbrev  0x00000af6       0x2a ..\obj\timers.o
 .debug_abbrev  0x00000b20       0xf1 ..\obj\gpio.o
 .debug_abbrev  0x00000c11       0x7d ..\obj\display.o
 .debug_abbrev  0x00000c8e       0x84 ..\obj\display_RIT.o
 .debug_abbrev  0x00000d12      0x197 ..\obj\tasks.o
 .debug_abbrev  0x00000ea9       0xd6 ..\obj\egoera_makina.o
 .debug_abbrev  0x00000f7f       0xae ..\obj\Task_Seguridad.o
 .debug_abbrev  0x0000102d      0x104 ..\obj\interrupt.o
 .debug_abbrev  0x00001131       0xb2 ..\obj\rit128x96x4.o
 .debug_abbrev  0x000011e3       0x9b ..\obj\keypad.o
 .debug_abbrev  0x0000127e       0x9f ..\obj\ad.o
 .debug_abbrev  0x0000131d       0xa5 ..\obj\startup_lm3s.o
 .debug_abbrev  0x000013c2       0xb8 ..\obj\list.o
 .debug_abbrev  0x0000147a       0xe0 ..\obj\syscalls.o
 .debug_abbrev  0x0000155a       0xd8 ..\obj\ssi.o
 .debug_abbrev  0x00001632       0xec ..\obj\adc.o
 .debug_abbrev  0x0000171e      0x142 ..\obj\queue.o
 .debug_abbrev  0x00001860      0x133 ..\obj\port.o
 .debug_abbrev  0x00001993       0x73 ..\obj\pwm_generico.o
 .debug_abbrev  0x00001a06      0x188 ..\obj\croutine.o
 .debug_abbrev  0x00001b8e       0xff ..\obj\task_display.o
 .debug_abbrev  0x00001c8d       0x5e ..\obj\cpu.o
 .debug_abbrev  0x00001ceb       0xa0 ..\obj\console.o
 .debug_abbrev  0x00001d8b       0x83 ..\obj\systick.o
 .debug_abbrev  0x00001e0e       0xfe ..\obj\heap_1.o
 .debug_abbrev  0x00001f0c       0xb4 ..\obj\ultrasonidos.o
 .debug_abbrev  0x00001fc0       0x43 ..\obj\Task_Idle.o
 .debug_abbrev  0x00002003       0x36 ..\obj\clock.o
 .debug_abbrev  0x00002039       0xdd ..\obj\Task_Recibir_Infrarrojos.o

.debug_info     0x00000000     0x9057
 .debug_info    0x00000000      0xb85 ..\obj\Recepcion_Infrarrojos.o
 .debug_info    0x00000b85      0x1ff ..\obj\pines.o
 .debug_info    0x00000d84      0x45a ..\obj\system_lm3s.o
 .debug_info    0x000011de      0x54c ..\obj\core_cm3.o
 .debug_info    0x0000172a      0x2eb ..\obj\stellaris_1.o
 .debug_info    0x00001a15      0x5b4 ..\obj\timer.o
 .debug_info    0x00001fc9      0x950 ..\obj\pwm.o
 .debug_info    0x00002919      0x32f ..\obj\Task_Control.o
 .debug_info    0x00002c48       0x5b ..\obj\system_tick.o
 .debug_info    0x00002ca3      0x16f ..\obj\main.o
 .debug_info    0x00002e12      0x3b9 ..\obj\framebuffer.o
 .debug_info    0x000031cb      0x7f1 ..\obj\sysctl.o
 .debug_info    0x000039bc       0x50 ..\obj\timers.o
 .debug_info    0x00003a0c      0x8a1 ..\obj\gpio.o
 .debug_info    0x000042ad       0xa3 ..\obj\display.o
 .debug_info    0x00004350      0x153 ..\obj\display_RIT.o
 .debug_info    0x000044a3      0xaff ..\obj\tasks.o
 .debug_info    0x00004fa2      0x259 ..\obj\egoera_makina.o
 .debug_info    0x000051fb      0x25d ..\obj\Task_Seguridad.o
 .debug_info    0x00005458      0x2b7 ..\obj\interrupt.o
 .debug_info    0x0000570f      0x3db ..\obj\rit128x96x4.o
 .debug_info    0x00005aea      0x1bd ..\obj\keypad.o
 .debug_info    0x00005ca7      0x199 ..\obj\ad.o
 .debug_info    0x00005e40      0x135 ..\obj\startup_lm3s.o
 .debug_info    0x00005f75      0x2aa ..\obj\list.o
 .debug_info    0x0000621f      0x444 ..\obj\syscalls.o
 .debug_info    0x00006663      0x449 ..\obj\ssi.o
 .debug_info    0x00006aac      0x809 ..\obj\adc.o
 .debug_info    0x000072b5      0x731 ..\obj\queue.o
 .debug_info    0x000079e6      0x213 ..\obj\port.o
 .debug_info    0x00007bf9      0x107 ..\obj\pwm_generico.o
 .debug_info    0x00007d00      0x4b3 ..\obj\croutine.o
 .debug_info    0x000081b3      0x3a0 ..\obj\task_display.o
 .debug_info    0x00008553       0x99 ..\obj\cpu.o
 .debug_info    0x000085ec      0x1b2 ..\obj\console.o
 .debug_info    0x0000879e      0x12b ..\obj\systick.o
 .debug_info    0x000088c9      0x176 ..\obj\heap_1.o
 .debug_info    0x00008a3f      0x310 ..\obj\ultrasonidos.o
 .debug_info    0x00008d4f       0x54 ..\obj\Task_Idle.o
 .debug_info    0x00008da3       0x46 ..\obj\clock.o
 .debug_info    0x00008de9      0x26e ..\obj\Task_Recibir_Infrarrojos.o

.debug_line     0x00000000     0x9539
 .debug_line    0x00000000      0x7c1 ..\obj\Recepcion_Infrarrojos.o
 .debug_line    0x000007c1      0x30d ..\obj\pines.o
 .debug_line    0x00000ace      0x24c ..\obj\system_lm3s.o
 .debug_line    0x00000d1a      0x2ce ..\obj\core_cm3.o
 .debug_line    0x00000fe8      0x3ff ..\obj\stellaris_1.o
 .debug_line    0x000013e7      0x403 ..\obj\timer.o
 .debug_line    0x000017ea      0x3fc ..\obj\pwm.o
 .debug_line    0x00001be6      0x62f ..\obj\Task_Control.o
 .debug_line    0x00002215       0xde ..\obj\system_tick.o
 .debug_line    0x000022f3      0x629 ..\obj\main.o
 .debug_line    0x0000291c      0x4db ..\obj\framebuffer.o
 .debug_line    0x00002df7      0x5dd ..\obj\sysctl.o
 .debug_line    0x000033d4      0x1d7 ..\obj\timers.o
 .debug_line    0x000035ab      0x5d4 ..\obj\gpio.o
 .debug_line    0x00003b7f      0x12f ..\obj\display.o
 .debug_line    0x00003cae      0x371 ..\obj\display_RIT.o
 .debug_line    0x0000401f      0x7d9 ..\obj\tasks.o
 .debug_line    0x000047f8      0x360 ..\obj\egoera_makina.o
 .debug_line    0x00004b58      0x5b2 ..\obj\Task_Seguridad.o
 .debug_line    0x0000510a      0x226 ..\obj\interrupt.o
 .debug_line    0x00005330      0x300 ..\obj\rit128x96x4.o
 .debug_line    0x00005630      0x33d ..\obj\keypad.o
 .debug_line    0x0000596d      0x3c1 ..\obj\ad.o
 .debug_line    0x00005d2e       0x93 ..\obj\startup_lm3s.o
 .debug_line    0x00005dc1      0x41d ..\obj\list.o
 .debug_line    0x000061de      0x367 ..\obj\syscalls.o
 .debug_line    0x00006545      0x2f8 ..\obj\ssi.o
 .debug_line    0x0000683d      0x3ca ..\obj\adc.o
 .debug_line    0x00006c07      0x5d0 ..\obj\queue.o
 .debug_line    0x000071d7      0x26d ..\obj\port.o
 .debug_line    0x00007444      0x1ac ..\obj\pwm_generico.o
 .debug_line    0x000075f0      0x310 ..\obj\croutine.o
 .debug_line    0x00007900      0x536 ..\obj\task_display.o
 .debug_line    0x00007e36       0xcb ..\obj\cpu.o
 .debug_line    0x00007f01      0x3dc ..\obj\console.o
 .debug_line    0x000082dd      0x1ab ..\obj\systick.o
 .debug_line    0x00008488      0x409 ..\obj\heap_1.o
 .debug_line    0x00008891      0x5f9 ..\obj\ultrasonidos.o
 .debug_line    0x00008e8a       0x67 ..\obj\Task_Idle.o
 .debug_line    0x00008ef1      0x108 ..\obj\clock.o
 .debug_line    0x00008ff9      0x540 ..\obj\Task_Recibir_Infrarrojos.o

.debug_macinfo  0x00000000   0x1343b1
 .debug_macinfo
                0x00000000     0xc2e5 ..\obj\Recepcion_Infrarrojos.o
 .debug_macinfo
                0x0000c2e5     0x9488 ..\obj\pines.o
 .debug_macinfo
                0x0001576d     0x61d1 ..\obj\system_lm3s.o
 .debug_macinfo
                0x0001b93e     0x1f65 ..\obj\core_cm3.o
 .debug_macinfo
                0x0001d8a3     0x3bdd ..\obj\stellaris_1.o
 .debug_macinfo
                0x00021480     0x42cf ..\obj\timer.o
 .debug_macinfo
                0x0002574f     0xf3b2 ..\obj\pwm.o
 .debug_macinfo
                0x00034b01     0xfb57 ..\obj\Task_Control.o
 .debug_macinfo
                0x00044658     0x16c9 ..\obj\system_tick.o
 .debug_macinfo
                0x00045d21    0x109ca ..\obj\main.o
 .debug_macinfo
                0x000566eb     0x4c4f ..\obj\framebuffer.o
 .debug_macinfo
                0x0005b33a    0x1284d ..\obj\sysctl.o
 .debug_macinfo
                0x0006db87     0x427f ..\obj\timers.o
 .debug_macinfo
                0x00071e06    0x119e1 ..\obj\gpio.o
 .debug_macinfo
                0x000837e7     0x1fce ..\obj\display.o
 .debug_macinfo
                0x000857b5     0x3d68 ..\obj\display_RIT.o
 .debug_macinfo
                0x0008951d     0x6afa ..\obj\tasks.o
 .debug_macinfo
                0x00090017     0x4c21 ..\obj\egoera_makina.o
 .debug_macinfo
                0x00094c38    0x100b1 ..\obj\Task_Seguridad.o
 .debug_macinfo
                0x000a4ce9     0x76e6 ..\obj\interrupt.o
 .debug_macinfo
                0x000ac3cf    0x1090a ..\obj\rit128x96x4.o
 .debug_macinfo
                0x000bccd9     0x946f ..\obj\keypad.o
 .debug_macinfo
                0x000c6148     0x58b5 ..\obj\ad.o
 .debug_macinfo
                0x000cb9fd     0x16a5 ..\obj\startup_lm3s.o
 .debug_macinfo
                0x000cd0a2     0x4f5e ..\obj\list.o
 .debug_macinfo
                0x000d2000     0x492d ..\obj\syscalls.o
 .debug_macinfo
                0x000d692d     0x57bf ..\obj\ssi.o
 .debug_macinfo
                0x000dc0ec     0x8145 ..\obj\adc.o
 .debug_macinfo
                0x000e4231     0x566d ..\obj\queue.o
 .debug_macinfo
                0x000e989e     0x37bd ..\obj\port.o
 .debug_macinfo
                0x000ed05b     0xab1a ..\obj\pwm_generico.o
 .debug_macinfo
                0x000f7b75     0x3c8a ..\obj\croutine.o
 .debug_macinfo
                0x000fb7ff     0x796a ..\obj\task_display.o
 .debug_macinfo
                0x00103169     0x1680 ..\obj\cpu.o
 .debug_macinfo
                0x001047e9     0x431d ..\obj\console.o
 .debug_macinfo
                0x00108b06     0x76ea ..\obj\systick.o
 .debug_macinfo
                0x001101f0     0x52fc ..\obj\heap_1.o
 .debug_macinfo
                0x001154ec     0xf967 ..\obj\ultrasonidos.o
 .debug_macinfo
                0x00124e53     0x1683 ..\obj\Task_Idle.o
 .debug_macinfo
                0x001264d6     0x42b1 ..\obj\clock.o
 .debug_macinfo
                0x0012a787     0x9c2a ..\obj\Task_Recibir_Infrarrojos.o

.debug_loc      0x00000000     0x4fe4
 .debug_loc     0x00000000      0x5f8 ..\obj\Recepcion_Infrarrojos.o
 .debug_loc     0x000005f8       0xa8 ..\obj\pines.o
 .debug_loc     0x000006a0       0x70 ..\obj\system_lm3s.o
 .debug_loc     0x00000710      0x3f0 ..\obj\core_cm3.o
 .debug_loc     0x00000b00       0x92 ..\obj\stellaris_1.o
 .debug_loc     0x00000b92      0x508 ..\obj\timer.o
 .debug_loc     0x0000109a      0x738 ..\obj\pwm.o
 .debug_loc     0x000017d2       0x64 ..\obj\Task_Control.o
 .debug_loc     0x00001836       0x38 ..\obj\system_tick.o
 .debug_loc     0x0000186e       0x64 ..\obj\main.o
 .debug_loc     0x000018d2      0x18a ..\obj\framebuffer.o
 .debug_loc     0x00001a5c      0x894 ..\obj\sysctl.o
 .debug_loc     0x000022f0      0x700 ..\obj\gpio.o
 .debug_loc     0x000029f0       0x90 ..\obj\display.o
 .debug_loc     0x00002a80       0x9c ..\obj\display_RIT.o
 .debug_loc     0x00002b1c      0x574 ..\obj\tasks.o
 .debug_loc     0x00003090       0x70 ..\obj\egoera_makina.o
 .debug_loc     0x00003100       0x64 ..\obj\Task_Seguridad.o
 .debug_loc     0x00003164      0x244 ..\obj\interrupt.o
 .debug_loc     0x000033a8      0x224 ..\obj\rit128x96x4.o
 .debug_loc     0x000035cc       0x9c ..\obj\keypad.o
 .debug_loc     0x00003668       0x84 ..\obj\ad.o
 .debug_loc     0x000036ec       0x64 ..\obj\startup_lm3s.o
 .debug_loc     0x00003750      0x118 ..\obj\list.o
 .debug_loc     0x00003868      0x1ec ..\obj\syscalls.o
 .debug_loc     0x00003a54      0x380 ..\obj\ssi.o
 .debug_loc     0x00003dd4      0x5e8 ..\obj\adc.o
 .debug_loc     0x000043bc      0x348 ..\obj\queue.o
 .debug_loc     0x00004704      0x178 ..\obj\port.o
 .debug_loc     0x0000487c       0x70 ..\obj\pwm_generico.o
 .debug_loc     0x000048ec      0x188 ..\obj\croutine.o
 .debug_loc     0x00004a74       0x38 ..\obj\task_display.o
 .debug_loc     0x00004aac      0x118 ..\obj\console.o
 .debug_loc     0x00004bc4      0x1a4 ..\obj\systick.o
 .debug_loc     0x00004d68       0xc8 ..\obj\heap_1.o
 .debug_loc     0x00004e30      0x118 ..\obj\ultrasonidos.o
 .debug_loc     0x00004f48       0x38 ..\obj\Task_Idle.o
 .debug_loc     0x00004f80       0x2c ..\obj\clock.o
 .debug_loc     0x00004fac       0x38 ..\obj\Task_Recibir_Infrarrojos.o

.debug_pubnames
                0x00000000     0x2c68
 .debug_pubnames
                0x00000000      0x7f1 ..\obj\Recepcion_Infrarrojos.o
 .debug_pubnames
                0x000007f1       0x67 ..\obj\pines.o
 .debug_pubnames
                0x00000858       0x86 ..\obj\system_lm3s.o
 .debug_pubnames
                0x000008de      0x159 ..\obj\core_cm3.o
 .debug_pubnames
                0x00000a37       0xb5 ..\obj\stellaris_1.o
 .debug_pubnames
                0x00000aec      0x1d2 ..\obj\timer.o
 .debug_pubnames
                0x00000cbe      0x2d1 ..\obj\pwm.o
 .debug_pubnames
                0x00000f8f       0x80 ..\obj\Task_Control.o
 .debug_pubnames
                0x0000100f       0x34 ..\obj\system_tick.o
 .debug_pubnames
                0x00001043       0x89 ..\obj\main.o
 .debug_pubnames
                0x000010cc      0x13e ..\obj\framebuffer.o
 .debug_pubnames
                0x0000120a      0x41f ..\obj\sysctl.o
 .debug_pubnames
                0x00001629      0x2a9 ..\obj\gpio.o
 .debug_pubnames
                0x000018d2       0x66 ..\obj\display.o
 .debug_pubnames
                0x00001938       0x72 ..\obj\display_RIT.o
 .debug_pubnames
                0x000019aa      0x1ee ..\obj\tasks.o
 .debug_pubnames
                0x00001b98       0x5f ..\obj\egoera_makina.o
 .debug_pubnames
                0x00001bf7       0xe8 ..\obj\Task_Seguridad.o
 .debug_pubnames
                0x00001cdf       0xd6 ..\obj\interrupt.o
 .debug_pubnames
                0x00001db5       0xce ..\obj\rit128x96x4.o
 .debug_pubnames
                0x00001e83       0x80 ..\obj\keypad.o
 .debug_pubnames
                0x00001f03       0xc3 ..\obj\ad.o
 .debug_pubnames
                0x00001fc6       0x4a ..\obj\startup_lm3s.o
 .debug_pubnames
                0x00002010       0x71 ..\obj\list.o
 .debug_pubnames
                0x00002081       0x71 ..\obj\syscalls.o
 .debug_pubnames
                0x000020f2      0x133 ..\obj\ssi.o
 .debug_pubnames
                0x00002225      0x2c3 ..\obj\adc.o
 .debug_pubnames
                0x000024e8      0x111 ..\obj\queue.o
 .debug_pubnames
                0x000025f9      0x10d ..\obj\port.o
 .debug_pubnames
                0x00002706       0x56 ..\obj\pwm_generico.o
 .debug_pubnames
                0x0000275c       0x96 ..\obj\croutine.o
 .debug_pubnames
                0x000027f2       0x79 ..\obj\task_display.o
 .debug_pubnames
                0x0000286b       0x37 ..\obj\cpu.o
 .debug_pubnames
                0x000028a2       0x86 ..\obj\console.o
 .debug_pubnames
                0x00002928       0xd0 ..\obj\systick.o
 .debug_pubnames
                0x000029f8       0x64 ..\obj\heap_1.o
 .debug_pubnames
                0x00002a5c      0x149 ..\obj\ultrasonidos.o
 .debug_pubnames
                0x00002ba5       0x21 ..\obj\Task_Idle.o
 .debug_pubnames
                0x00002bc6       0x2e ..\obj\clock.o
 .debug_pubnames
                0x00002bf4       0x74 ..\obj\Task_Recibir_Infrarrojos.o

.debug_pubtypes
                0x00000000      0xa28
 .debug_pubtypes
                0x00000000       0x86 ..\obj\Recepcion_Infrarrojos.o
 .debug_pubtypes
                0x00000086       0x2f ..\obj\pines.o
 .debug_pubtypes
                0x000000b5       0x3b ..\obj\system_lm3s.o
 .debug_pubtypes
                0x000000f0       0x50 ..\obj\core_cm3.o
 .debug_pubtypes
                0x00000140       0xa7 ..\obj\stellaris_1.o
 .debug_pubtypes
                0x000001e7       0x1f ..\obj\timer.o
 .debug_pubtypes
                0x00000206       0x1f ..\obj\pwm.o
 .debug_pubtypes
                0x00000225       0xac ..\obj\Task_Control.o
 .debug_pubtypes
                0x000002d1       0x22 ..\obj\main.o
 .debug_pubtypes
                0x000002f3       0x3f ..\obj\framebuffer.o
 .debug_pubtypes
                0x00000332       0x1f ..\obj\sysctl.o
 .debug_pubtypes
                0x00000351       0x12 ..\obj\timers.o
 .debug_pubtypes
                0x00000363       0x1f ..\obj\gpio.o
 .debug_pubtypes
                0x00000382       0x12 ..\obj\display.o
 .debug_pubtypes
                0x00000394       0x12 ..\obj\display_RIT.o
 .debug_pubtypes
                0x000003a6      0x10c ..\obj\tasks.o
 .debug_pubtypes
                0x000004b2       0x65 ..\obj\egoera_makina.o
 .debug_pubtypes
                0x00000517       0x30 ..\obj\Task_Seguridad.o
 .debug_pubtypes
                0x00000547       0x1f ..\obj\interrupt.o
 .debug_pubtypes
                0x00000566       0x12 ..\obj\rit128x96x4.o
 .debug_pubtypes
                0x00000578       0x2f ..\obj\keypad.o
 .debug_pubtypes
                0x000005a7       0x12 ..\obj\ad.o
 .debug_pubtypes
                0x000005b9       0x7a ..\obj\list.o
 .debug_pubtypes
                0x00000633       0xaa ..\obj\syscalls.o
 .debug_pubtypes
                0x000006dd       0x1f ..\obj\ssi.o
 .debug_pubtypes
                0x000006fc       0x1f ..\obj\adc.o
 .debug_pubtypes
                0x0000071b       0xd4 ..\obj\queue.o
 .debug_pubtypes
                0x000007ef       0x33 ..\obj\port.o
 .debug_pubtypes
                0x00000822       0x12 ..\obj\pwm_generico.o
 .debug_pubtypes
                0x00000834       0xcd ..\obj\croutine.o
 .debug_pubtypes
                0x00000901       0x30 ..\obj\task_display.o
 .debug_pubtypes
                0x00000931       0x12 ..\obj\console.o
 .debug_pubtypes
                0x00000943       0x12 ..\obj\systick.o
 .debug_pubtypes
                0x00000955       0x2c ..\obj\heap_1.o
 .debug_pubtypes
                0x00000981       0x1f ..\obj\ultrasonidos.o
 .debug_pubtypes
                0x000009a0       0x12 ..\obj\clock.o
 .debug_pubtypes
                0x000009b2       0x76 ..\obj\Task_Recibir_Infrarrojos.o

.debug_aranges  0x00000000     0x1000
 .debug_aranges
                0x00000000      0x118 ..\obj\Recepcion_Infrarrojos.o
 .debug_aranges
                0x00000118       0x30 ..\obj\pines.o
 .debug_aranges
                0x00000148       0x28 ..\obj\system_lm3s.o
 .debug_aranges
                0x00000170       0xc8 ..\obj\core_cm3.o
 .debug_aranges
                0x00000238       0x30 ..\obj\stellaris_1.o
 .debug_aranges
                0x00000268       0xd0 ..\obj\timer.o
 .debug_aranges
                0x00000338      0x120 ..\obj\pwm.o
 .debug_aranges
                0x00000458       0x28 ..\obj\Task_Control.o
 .debug_aranges
                0x00000480       0x20 ..\obj\system_tick.o
 .debug_aranges
                0x000004a0       0x28 ..\obj\main.o
 .debug_aranges
                0x000004c8       0x50 ..\obj\framebuffer.o
 .debug_aranges
                0x00000518      0x170 ..\obj\sysctl.o
 .debug_aranges
                0x00000688      0x118 ..\obj\gpio.o
 .debug_aranges
                0x000007a0       0x30 ..\obj\display.o
 .debug_aranges
                0x000007d0       0x30 ..\obj\display_RIT.o
 .debug_aranges
                0x00000800       0xe8 ..\obj\tasks.o
 .debug_aranges
                0x000008e8       0x28 ..\obj\egoera_makina.o
 .debug_aranges
                0x00000910       0x28 ..\obj\Task_Seguridad.o
 .debug_aranges
                0x00000938       0x70 ..\obj\interrupt.o
 .debug_aranges
                0x000009a8       0x68 ..\obj\rit128x96x4.o
 .debug_aranges
                0x00000a10       0x30 ..\obj\keypad.o
 .debug_aranges
                0x00000a40       0x30 ..\obj\ad.o
 .debug_aranges
                0x00000a70       0x28 ..\obj\startup_lm3s.o
 .debug_aranges
                0x00000a98       0x40 ..\obj\list.o
 .debug_aranges
                0x00000ad8       0x60 ..\obj\syscalls.o
 .debug_aranges
                0x00000b38       0x98 ..\obj\ssi.o
 .debug_aranges
                0x00000bd0       0xf0 ..\obj\adc.o
 .debug_aranges
                0x00000cc0       0x90 ..\obj\queue.o
 .debug_aranges
                0x00000d50       0x70 ..\obj\port.o
 .debug_aranges
                0x00000dc0       0x28 ..\obj\pwm_generico.o
 .debug_aranges
                0x00000de8       0x50 ..\obj\croutine.o
 .debug_aranges
                0x00000e38       0x20 ..\obj\task_display.o
 .debug_aranges
                0x00000e58       0x30 ..\obj\cpu.o
 .debug_aranges
                0x00000e88       0x40 ..\obj\console.o
 .debug_aranges
                0x00000ec8       0x60 ..\obj\systick.o
 .debug_aranges
                0x00000f28       0x38 ..\obj\heap_1.o
 .debug_aranges
                0x00000f60       0x40 ..\obj\ultrasonidos.o
 .debug_aranges
                0x00000fa0       0x20 ..\obj\Task_Idle.o
 .debug_aranges
                0x00000fc0       0x20 ..\obj\clock.o
 .debug_aranges
                0x00000fe0       0x20 ..\obj\Task_Recibir_Infrarrojos.o

.debug_ranges   0x00000000      0xd80
 .debug_ranges  0x00000000      0x108 ..\obj\Recepcion_Infrarrojos.o
 .debug_ranges  0x00000108       0x20 ..\obj\pines.o
 .debug_ranges  0x00000128       0x18 ..\obj\system_lm3s.o
 .debug_ranges  0x00000140       0xb8 ..\obj\core_cm3.o
 .debug_ranges  0x000001f8       0x20 ..\obj\stellaris_1.o
 .debug_ranges  0x00000218       0xc0 ..\obj\timer.o
 .debug_ranges  0x000002d8      0x110 ..\obj\pwm.o
 .debug_ranges  0x000003e8       0x18 ..\obj\Task_Control.o
 .debug_ranges  0x00000400       0x10 ..\obj\system_tick.o
 .debug_ranges  0x00000410       0x18 ..\obj\main.o
 .debug_ranges  0x00000428       0x40 ..\obj\framebuffer.o
 .debug_ranges  0x00000468      0x160 ..\obj\sysctl.o
 .debug_ranges  0x000005c8      0x108 ..\obj\gpio.o
 .debug_ranges  0x000006d0       0x20 ..\obj\display.o
 .debug_ranges  0x000006f0       0x20 ..\obj\display_RIT.o
 .debug_ranges  0x00000710       0xd8 ..\obj\tasks.o
 .debug_ranges  0x000007e8       0x18 ..\obj\egoera_makina.o
 .debug_ranges  0x00000800       0x18 ..\obj\Task_Seguridad.o
 .debug_ranges  0x00000818       0x60 ..\obj\interrupt.o
 .debug_ranges  0x00000878       0x58 ..\obj\rit128x96x4.o
 .debug_ranges  0x000008d0       0x20 ..\obj\keypad.o
 .debug_ranges  0x000008f0       0x20 ..\obj\ad.o
 .debug_ranges  0x00000910       0x18 ..\obj\startup_lm3s.o
 .debug_ranges  0x00000928       0x30 ..\obj\list.o
 .debug_ranges  0x00000958       0x50 ..\obj\syscalls.o
 .debug_ranges  0x000009a8       0x88 ..\obj\ssi.o
 .debug_ranges  0x00000a30       0xe0 ..\obj\adc.o
 .debug_ranges  0x00000b10       0x80 ..\obj\queue.o
 .debug_ranges  0x00000b90       0x60 ..\obj\port.o
 .debug_ranges  0x00000bf0       0x18 ..\obj\pwm_generico.o
 .debug_ranges  0x00000c08       0x40 ..\obj\croutine.o
 .debug_ranges  0x00000c48       0x10 ..\obj\task_display.o
 .debug_ranges  0x00000c58       0x20 ..\obj\cpu.o
 .debug_ranges  0x00000c78       0x30 ..\obj\console.o
 .debug_ranges  0x00000ca8       0x50 ..\obj\systick.o
 .debug_ranges  0x00000cf8       0x28 ..\obj\heap_1.o
 .debug_ranges  0x00000d20       0x30 ..\obj\ultrasonidos.o
 .debug_ranges  0x00000d50       0x10 ..\obj\Task_Idle.o
 .debug_ranges  0x00000d60       0x10 ..\obj\clock.o
 .debug_ranges  0x00000d70       0x10 ..\obj\Task_Recibir_Infrarrojos.o

.debug_str      0x00000000     0x3e0f
 .debug_str     0x00000000      0x7f7 ..\obj\Recepcion_Infrarrojos.o
                                0x8b6 (size before relaxing)
 .debug_str     0x000007f7       0xb7 ..\obj\pines.o
                                0x15f (size before relaxing)
 .debug_str     0x000008ae      0x1d8 ..\obj\system_lm3s.o
                                0x26d (size before relaxing)
 .debug_str     0x00000a86      0x172 ..\obj\core_cm3.o
                                0x223 (size before relaxing)
 .debug_str     0x00000bf8      0x1cd ..\obj\stellaris_1.o
                                0x268 (size before relaxing)
 .debug_str     0x00000dc5      0x1fa ..\obj\timer.o
                                0x22f (size before relaxing)
 .debug_str     0x00000fbf      0x35b ..\obj\pwm.o
                                0x3cb (size before relaxing)
 .debug_str     0x0000131a       0xbe ..\obj\Task_Control.o
                                0x27f (size before relaxing)
 .debug_str     0x000013d8       0x53 ..\obj\system_tick.o
                                 0x71 (size before relaxing)
 .debug_str     0x0000142b       0x59 ..\obj\main.o
                                0x185 (size before relaxing)
 .debug_str     0x00001484      0x18e ..\obj\framebuffer.o
                                0x267 (size before relaxing)
 .debug_str     0x00001612      0x479 ..\obj\sysctl.o
                                0x4e6 (size before relaxing)
 .debug_str     0x00001a8b       0x36 ..\obj\timers.o
                                 0x89 (size before relaxing)
 .debug_str     0x00001ac1      0x306 ..\obj\gpio.o
                                0x390 (size before relaxing)
 .debug_str     0x00001dc7       0x7f ..\obj\display.o
                                 0xa4 (size before relaxing)
 .debug_str     0x00001e46       0xa9 ..\obj\display_RIT.o
                                0x146 (size before relaxing)
 .debug_str     0x00001eef      0x64b ..\obj\tasks.o
                                0x74a (size before relaxing)
 .debug_str     0x0000253a       0x8d ..\obj\egoera_makina.o
                                0x1bd (size before relaxing)
 .debug_str     0x000025c7       0xc9 ..\obj\Task_Seguridad.o
                                0x1f2 (size before relaxing)
 .debug_str     0x00002690      0x116 ..\obj\interrupt.o
                                0x1a3 (size before relaxing)
 .debug_str     0x000027a6      0x19f ..\obj\rit128x96x4.o
                                0x234 (size before relaxing)
 .debug_str     0x00002945       0x7a ..\obj\keypad.o
                                0x169 (size before relaxing)
 .debug_str     0x000029bf       0xb5 ..\obj\ad.o
                                0x179 (size before relaxing)
 .debug_str     0x00002a74       0xa1 ..\obj\startup_lm3s.o
                                 0xcc (size before relaxing)
 .debug_str     0x00002b15       0xc7 ..\obj\list.o
                                0x1fa (size before relaxing)
 .debug_str     0x00002bdc      0x15a ..\obj\syscalls.o
                                0x23f (size before relaxing)
 .debug_str     0x00002d36      0x18b ..\obj\ssi.o
                                0x1fb (size before relaxing)
 .debug_str     0x00002ec1      0x303 ..\obj\adc.o
                                0x39f (size before relaxing)
 .debug_str     0x000031c4      0x2cd ..\obj\queue.o
                                0x472 (size before relaxing)
 .debug_str     0x00003491      0x15b ..\obj\port.o
                                0x1ea (size before relaxing)
 .debug_str     0x000035ec       0xaf ..\obj\pwm_generico.o
                                 0xf4 (size before relaxing)
 .debug_str     0x0000369b      0x27a ..\obj\croutine.o
                                0x3c9 (size before relaxing)
 .debug_str     0x00003915       0x4e ..\obj\task_display.o
                                0x213 (size before relaxing)
 .debug_str     0x00003963       0x56 ..\obj\cpu.o
                                 0x74 (size before relaxing)
 .debug_str     0x000039b9       0x97 ..\obj\console.o
                                0x155 (size before relaxing)
 .debug_str     0x00003a50       0xd5 ..\obj\systick.o
                                0x115 (size before relaxing)
 .debug_str     0x00003b25       0xc2 ..\obj\heap_1.o
                                0x165 (size before relaxing)
 .debug_str     0x00003be7      0x147 ..\obj\ultrasonidos.o
                                0x277 (size before relaxing)
 .debug_str     0x00003d2e       0x3e ..\obj\Task_Idle.o
                                 0x57 (size before relaxing)
 .debug_str     0x00003d6c       0x47 ..\obj\clock.o
                                 0x61 (size before relaxing)
 .debug_str     0x00003db3       0x5c ..\obj\Task_Recibir_Infrarrojos.o
                                0x1ff (size before relaxing)

.comment        0x00000000       0x2a
 .comment       0x00000000       0x2a ..\obj\Recepcion_Infrarrojos.o
                                 0x2b (size before relaxing)
 .comment       0x00000000       0x2b ..\obj\pines.o
 .comment       0x00000000       0x2b ..\obj\system_lm3s.o
 .comment       0x00000000       0x2b ..\obj\core_cm3.o
 .comment       0x00000000       0x2b ..\obj\stellaris_1.o
 .comment       0x00000000       0x2b ..\obj\timer.o
 .comment       0x00000000       0x2b ..\obj\pwm.o
 .comment       0x00000000       0x2b ..\obj\Task_Control.o
 .comment       0x00000000       0x2b ..\obj\system_tick.o
 .comment       0x00000000       0x2b ..\obj\main.o
 .comment       0x00000000       0x2b ..\obj\framebuffer.o
 .comment       0x00000000       0x2b ..\obj\sysctl.o
 .comment       0x00000000       0x2b ..\obj\timers.o
 .comment       0x00000000       0x2b ..\obj\gpio.o
 .comment       0x00000000       0x2b ..\obj\display.o
 .comment       0x00000000       0x2b ..\obj\display_RIT.o
 .comment       0x00000000       0x2b ..\obj\tasks.o
 .comment       0x00000000       0x2b ..\obj\egoera_makina.o
 .comment       0x00000000       0x2b ..\obj\Task_Seguridad.o
 .comment       0x00000000       0x2b ..\obj\interrupt.o
 .comment       0x00000000       0x2b ..\obj\rit128x96x4.o
 .comment       0x00000000       0x2b ..\obj\keypad.o
 .comment       0x00000000       0x2b ..\obj\ad.o
 .comment       0x00000000       0x2b ..\obj\startup_lm3s.o
 .comment       0x00000000       0x2b ..\obj\list.o
 .comment       0x00000000       0x2b ..\obj\syscalls.o
 .comment       0x00000000       0x2b ..\obj\ssi.o
 .comment       0x00000000       0x2b ..\obj\adc.o
 .comment       0x00000000       0x2b ..\obj\queue.o
 .comment       0x00000000       0x2b ..\obj\port.o
 .comment       0x00000000       0x2b ..\obj\pwm_generico.o
 .comment       0x00000000       0x2b ..\obj\croutine.o
 .comment       0x00000000       0x2b ..\obj\task_display.o
 .comment       0x00000000       0x2b ..\obj\cpu.o
 .comment       0x00000000       0x2b ..\obj\console.o
 .comment       0x00000000       0x2b ..\obj\systick.o
 .comment       0x00000000       0x2b ..\obj\heap_1.o
 .comment       0x00000000       0x2b ..\obj\ultrasonidos.o
 .comment       0x00000000       0x2b ..\obj\Task_Idle.o
 .comment       0x00000000       0x2b ..\obj\clock.o
 .comment       0x00000000       0x2b ..\obj\Task_Recibir_Infrarrojos.o

.ARM.attributes
                0x00000000       0x31
 .ARM.attributes
                0x00000000       0x31 ..\obj\Recepcion_Infrarrojos.o
 .ARM.attributes
                0x00000031       0x31 ..\obj\pines.o
 .ARM.attributes
                0x00000062       0x31 ..\obj\system_lm3s.o
 .ARM.attributes
                0x00000093       0x31 ..\obj\core_cm3.o
 .ARM.attributes
                0x000000c4       0x31 ..\obj\stellaris_1.o
 .ARM.attributes
                0x000000f5       0x31 ..\obj\timer.o
 .ARM.attributes
                0x00000126       0x31 ..\obj\pwm.o
 .ARM.attributes
                0x00000157       0x31 ..\obj\Task_Control.o
 .ARM.attributes
                0x00000188       0x31 ..\obj\system_tick.o
 .ARM.attributes
                0x000001b9       0x31 ..\obj\main.o
 .ARM.attributes
                0x000001ea       0x31 ..\obj\framebuffer.o
 .ARM.attributes
                0x0000021b       0x31 ..\obj\sysctl.o
 .ARM.attributes
                0x0000024c       0x31 ..\obj\timers.o
 .ARM.attributes
                0x0000027d       0x31 ..\obj\gpio.o
 .ARM.attributes
                0x000002ae       0x31 ..\obj\display.o
 .ARM.attributes
                0x000002df       0x31 ..\obj\display_RIT.o
 .ARM.attributes
                0x00000310       0x31 ..\obj\tasks.o
 .ARM.attributes
                0x00000341       0x31 ..\obj\egoera_makina.o
 .ARM.attributes
                0x00000372       0x31 ..\obj\Task_Seguridad.o
 .ARM.attributes
                0x000003a3       0x31 ..\obj\interrupt.o
 .ARM.attributes
                0x000003d4       0x31 ..\obj\rit128x96x4.o
 .ARM.attributes
                0x00000405       0x31 ..\obj\keypad.o
 .ARM.attributes
                0x00000436       0x31 ..\obj\ad.o
 .ARM.attributes
                0x00000467       0x31 ..\obj\startup_lm3s.o
 .ARM.attributes
                0x00000498       0x31 ..\obj\list.o
 .ARM.attributes
                0x000004c9       0x31 ..\obj\syscalls.o
 .ARM.attributes
                0x000004fa       0x31 ..\obj\ssi.o
 .ARM.attributes
                0x0000052b       0x31 ..\obj\adc.o
 .ARM.attributes
                0x0000055c       0x31 ..\obj\queue.o
 .ARM.attributes
                0x0000058d       0x31 ..\obj\port.o
 .ARM.attributes
                0x000005be       0x31 ..\obj\pwm_generico.o
 .ARM.attributes
                0x000005ef       0x31 ..\obj\croutine.o
 .ARM.attributes
                0x00000620       0x31 ..\obj\task_display.o
 .ARM.attributes
                0x00000651       0x31 ..\obj\cpu.o
 .ARM.attributes
                0x00000682       0x31 ..\obj\console.o
 .ARM.attributes
                0x000006b3       0x31 ..\obj\systick.o
 .ARM.attributes
                0x000006e4       0x31 ..\obj\heap_1.o
 .ARM.attributes
                0x00000715       0x31 ..\obj\ultrasonidos.o
 .ARM.attributes
                0x00000746       0x31 ..\obj\Task_Idle.o
 .ARM.attributes
                0x00000777       0x31 ..\obj\clock.o
 .ARM.attributes
                0x000007a8       0x31 ..\obj\Task_Recibir_Infrarrojos.o
 .ARM.attributes
                0x000007d9       0x1b c:/app/coide/gcc/sourcery g++ lite/bin/../lib/gcc/arm-none-eabi/4.5.1/thumb2\libgcc.a(_arm_addsubdf3.o)
 .ARM.attributes
                0x000007f4       0x1b c:/app/coide/gcc/sourcery g++ lite/bin/../lib/gcc/arm-none-eabi/4.5.1/thumb2\libgcc.a(_arm_muldivdf3.o)
 .ARM.attributes
                0x0000080f       0x1b c:/app/coide/gcc/sourcery g++ lite/bin/../lib/gcc/arm-none-eabi/4.5.1/thumb2\libgcc.a(_arm_cmpdf2.o)
 .ARM.attributes
                0x0000082a       0x1b c:/app/coide/gcc/sourcery g++ lite/bin/../lib/gcc/arm-none-eabi/4.5.1/thumb2\libgcc.a(_arm_truncdfsf2.o)
 .ARM.attributes
                0x00000845       0x1b c:/app/coide/gcc/sourcery g++ lite/bin/../lib/gcc/arm-none-eabi/4.5.1/thumb2\libgcc.a(_arm_addsubsf3.o)
 .ARM.attributes
                0x00000860       0x1b c:/app/coide/gcc/sourcery g++ lite/bin/../lib/gcc/arm-none-eabi/4.5.1/thumb2\libgcc.a(_arm_muldivsf3.o)
 .ARM.attributes
                0x0000087b       0x1b c:/app/coide/gcc/sourcery g++ lite/bin/../lib/gcc/arm-none-eabi/4.5.1/thumb2\libgcc.a(_arm_cmpsf2.o)
 .ARM.attributes
                0x00000896       0x1b c:/app/coide/gcc/sourcery g++ lite/bin/../lib/gcc/arm-none-eabi/4.5.1/thumb2\libgcc.a(_arm_fixunssfsi.o)
 .ARM.attributes
                0x000008b1       0x29 c:/app/coide/gcc/sourcery g++ lite/bin/../lib/gcc/arm-none-eabi/4.5.1/../../../../arm-none-eabi/lib/thumb2\libc.a(lib_a-memcpy.o)
 .ARM.attributes
                0x000008da       0x29 c:/app/coide/gcc/sourcery g++ lite/bin/../lib/gcc/arm-none-eabi/4.5.1/../../../../arm-none-eabi/lib/thumb2\libc.a(lib_a-memset.o)
 .ARM.attributes
                0x00000903       0x29 c:/app/coide/gcc/sourcery g++ lite/bin/../lib/gcc/arm-none-eabi/4.5.1/../../../../arm-none-eabi/lib/thumb2\libc.a(lib_a-sprintf.o)
 .ARM.attributes
                0x0000092c       0x29 c:/app/coide/gcc/sourcery g++ lite/bin/../lib/gcc/arm-none-eabi/4.5.1/../../../../arm-none-eabi/lib/thumb2\libc.a(lib_a-strlen.o)
 .ARM.attributes
                0x00000955       0x29 c:/app/coide/gcc/sourcery g++ lite/bin/../lib/gcc/arm-none-eabi/4.5.1/../../../../arm-none-eabi/lib/thumb2\libc.a(lib_a-strncpy.o)
 .ARM.attributes
                0x0000097e       0x29 c:/app/coide/gcc/sourcery g++ lite/bin/../lib/gcc/arm-none-eabi/4.5.1/../../../../arm-none-eabi/lib/thumb2\libc.a(lib_a-svfprintf.o)
 .ARM.attributes
                0x000009a7       0x29 c:/app/coide/gcc/sourcery g++ lite/bin/../lib/gcc/arm-none-eabi/4.5.1/../../../../arm-none-eabi/lib/thumb2\libc.a(lib_a-dtoa.o)
 .ARM.attributes
                0x000009d0       0x29 c:/app/coide/gcc/sourcery g++ lite/bin/../lib/gcc/arm-none-eabi/4.5.1/../../../../arm-none-eabi/lib/thumb2\libc.a(lib_a-impure.o)
 .ARM.attributes
                0x000009f9       0x29 c:/app/coide/gcc/sourcery g++ lite/bin/../lib/gcc/arm-none-eabi/4.5.1/../../../../arm-none-eabi/lib/thumb2\libc.a(lib_a-locale.o)
 .ARM.attributes
                0x00000a22       0x29 c:/app/coide/gcc/sourcery g++ lite/bin/../lib/gcc/arm-none-eabi/4.5.1/../../../../arm-none-eabi/lib/thumb2\libc.a(lib_a-malloc.o)
 .ARM.attributes
                0x00000a4b       0x29 c:/app/coide/gcc/sourcery g++ lite/bin/../lib/gcc/arm-none-eabi/4.5.1/../../../../arm-none-eabi/lib/thumb2\libc.a(lib_a-mallocr.o)
 .ARM.attributes
                0x00000a74       0x29 c:/app/coide/gcc/sourcery g++ lite/bin/../lib/gcc/arm-none-eabi/4.5.1/../../../../arm-none-eabi/lib/thumb2\libc.a(lib_a-memchr.o)
 .ARM.attributes
                0x00000a9d       0x29 c:/app/coide/gcc/sourcery g++ lite/bin/../lib/gcc/arm-none-eabi/4.5.1/../../../../arm-none-eabi/lib/thumb2\libc.a(lib_a-mlock.o)
 .ARM.attributes
                0x00000ac6       0x29 c:/app/coide/gcc/sourcery g++ lite/bin/../lib/gcc/arm-none-eabi/4.5.1/../../../../arm-none-eabi/lib/thumb2\libc.a(lib_a-mprec.o)
 .ARM.attributes
                0x00000aef       0x29 c:/app/coide/gcc/sourcery g++ lite/bin/../lib/gcc/arm-none-eabi/4.5.1/../../../../arm-none-eabi/lib/thumb2\libc.a(lib_a-s_fpclassify.o)
 .ARM.attributes
                0x00000b18       0x29 c:/app/coide/gcc/sourcery g++ lite/bin/../lib/gcc/arm-none-eabi/4.5.1/../../../../arm-none-eabi/lib/thumb2\libc.a(lib_a-sbrkr.o)
 .ARM.attributes
                0x00000b41       0x29 c:/app/coide/gcc/sourcery g++ lite/bin/../lib/gcc/arm-none-eabi/4.5.1/../../../../arm-none-eabi/lib/thumb2\libc.a(lib_a-strcmp.o)
 .ARM.attributes
                0x00000b6a       0x29 c:/app/coide/gcc/sourcery g++ lite/bin/../lib/gcc/arm-none-eabi/4.5.1/../../../../arm-none-eabi/lib/thumb2\libc.a(lib_a-svfiprintf.o)
 .ARM.attributes
                0x00000b93       0x29 c:/app/coide/gcc/sourcery g++ lite/bin/../lib/gcc/arm-none-eabi/4.5.1/../../../../arm-none-eabi/lib/thumb2\libc.a(lib_a-callocr.o)
 .ARM.attributes
                0x00000bbc       0x29 c:/app/coide/gcc/sourcery g++ lite/bin/../lib/gcc/arm-none-eabi/4.5.1/../../../../arm-none-eabi/lib/thumb2\libc.a(lib_a-freer.o)
 .ARM.attributes
                0x00000be5       0x29 c:/app/coide/gcc/sourcery g++ lite/bin/../lib/gcc/arm-none-eabi/4.5.1/../../../../arm-none-eabi/lib/thumb2\libc.a(lib_a-memmove.o)
 .ARM.attributes
                0x00000c0e       0x29 c:/app/coide/gcc/sourcery g++ lite/bin/../lib/gcc/arm-none-eabi/4.5.1/../../../../arm-none-eabi/lib/thumb2\libc.a(lib_a-reallocr.o)
 .ARM.attributes
                0x00000c37       0x29 c:/app/coide/gcc/sourcery g++ lite/bin/../lib/gcc/arm-none-eabi/4.5.1/../../../../arm-none-eabi/lib/thumb2\libc.a(lib_a-reent.o)
 .ARM.attributes
                0x00000c60       0x1b c:/app/coide/gcc/sourcery g++ lite/bin/../lib/gcc/arm-none-eabi/4.5.1/thumb2\libgcc.a(_udivsi3.o)
 .ARM.attributes
                0x00000c7b       0x1b c:/app/coide/gcc/sourcery g++ lite/bin/../lib/gcc/arm-none-eabi/4.5.1/thumb2\libgcc.a(_dvmd_tls.o)
 .ARM.attributes
                0x00000c96       0x1b c:/app/coide/gcc/sourcery g++ lite/bin/../lib/gcc/arm-none-eabi/4.5.1/thumb2\libgcc.a(_arm_fixdfsi.o)
 .ARM.attributes
                0x00000cb1       0x1b c:/app/coide/gcc/sourcery g++ lite/bin/../lib/gcc/arm-none-eabi/4.5.1/thumb2\libgcc.a(_aeabi_uldivmod.o)
 .ARM.attributes
                0x00000ccc       0x29 c:/app/coide/gcc/sourcery g++ lite/bin/../lib/gcc/arm-none-eabi/4.5.1/thumb2\libgcc.a(bpabi.o)
 .ARM.attributes
                0x00000cf5       0x29 c:/app/coide/gcc/sourcery g++ lite/bin/../lib/gcc/arm-none-eabi/4.5.1/thumb2\libgcc.a(_divdi3.o)
 .ARM.attributes
                0x00000d1e       0x29 c:/app/coide/gcc/sourcery g++ lite/bin/../lib/gcc/arm-none-eabi/4.5.1/thumb2\libgcc.a(_udivdi3.o)

.debug_frame    0x00000000     0x36f4
 .debug_frame   0x00000000      0x39c ..\obj\Recepcion_Infrarrojos.o
 .debug_frame   0x0000039c       0x74 ..\obj\pines.o
 .debug_frame   0x00000410       0x4c ..\obj\system_lm3s.o