Archive member included because of file (symbol)

c:/apps/coide/gcc/sourcery g++ lite/bin/../lib/gcc/arm-none-eabi/4.5.1/../../../../arm-none-eabi/lib/thumb2\libc.a(lib_a-memcpy.o)
                              ..\obj\queue.o (memcpy)
c:/apps/coide/gcc/sourcery g++ lite/bin/../lib/gcc/arm-none-eabi/4.5.1/../../../../arm-none-eabi/lib/thumb2\libc.a(lib_a-memset.o)
                              ..\obj\tasks.o (memset)
c:/apps/coide/gcc/sourcery g++ lite/bin/../lib/gcc/arm-none-eabi/4.5.1/../../../../arm-none-eabi/lib/thumb2\libc.a(lib_a-sprintf.o)
                              ..\obj\Task_Comunicaciones.o (sprintf)
c:/apps/coide/gcc/sourcery g++ lite/bin/../lib/gcc/arm-none-eabi/4.5.1/../../../../arm-none-eabi/lib/thumb2\libc.a(lib_a-strlen.o)
                              ..\obj\console.o (strlen)
c:/apps/coide/gcc/sourcery g++ lite/bin/../lib/gcc/arm-none-eabi/4.5.1/../../../../arm-none-eabi/lib/thumb2\libc.a(lib_a-strncpy.o)
                              ..\obj\tasks.o (strncpy)
c:/apps/coide/gcc/sourcery g++ lite/bin/../lib/gcc/arm-none-eabi/4.5.1/../../../../arm-none-eabi/lib/thumb2\libc.a(lib_a-svfprintf.o)
                              c:/apps/coide/gcc/sourcery g++ lite/bin/../lib/gcc/arm-none-eabi/4.5.1/../../../../arm-none-eabi/lib/thumb2\libc.a(lib_a-sprintf.o) (_svfprintf_r)
c:/apps/coide/gcc/sourcery g++ lite/bin/../lib/gcc/arm-none-eabi/4.5.1/../../../../arm-none-eabi/lib/thumb2\libc.a(lib_a-dtoa.o)
                              c:/apps/coide/gcc/sourcery g++ lite/bin/../lib/gcc/arm-none-eabi/4.5.1/../../../../arm-none-eabi/lib/thumb2\libc.a(lib_a-svfprintf.o) (_dtoa_r)
c:/apps/coide/gcc/sourcery g++ lite/bin/../lib/gcc/arm-none-eabi/4.5.1/../../../../arm-none-eabi/lib/thumb2\libc.a(lib_a-impure.o)
                              c:/apps/coide/gcc/sourcery g++ lite/bin/../lib/gcc/arm-none-eabi/4.5.1/../../../../arm-none-eabi/lib/thumb2\libc.a(lib_a-sprintf.o) (_impure_ptr)
c:/apps/coide/gcc/sourcery g++ lite/bin/../lib/gcc/arm-none-eabi/4.5.1/../../../../arm-none-eabi/lib/thumb2\libc.a(lib_a-locale.o)
                              c:/apps/coide/gcc/sourcery g++ lite/bin/../lib/gcc/arm-none-eabi/4.5.1/../../../../arm-none-eabi/lib/thumb2\libc.a(lib_a-svfprintf.o) (_localeconv_r)
c:/apps/coide/gcc/sourcery g++ lite/bin/../lib/gcc/arm-none-eabi/4.5.1/../../../../arm-none-eabi/lib/thumb2\libc.a(lib_a-malloc.o)
                              c:/apps/coide/gcc/sourcery g++ lite/bin/../lib/gcc/arm-none-eabi/4.5.1/../../../../arm-none-eabi/lib/thumb2\libc.a(lib_a-dtoa.o) (malloc)
c:/apps/coide/gcc/sourcery g++ lite/bin/../lib/gcc/arm-none-eabi/4.5.1/../../../../arm-none-eabi/lib/thumb2\libc.a(lib_a-mallocr.o)
                              c:/apps/coide/gcc/sourcery g++ lite/bin/../lib/gcc/arm-none-eabi/4.5.1/../../../../arm-none-eabi/lib/thumb2\libc.a(lib_a-svfprintf.o) (_malloc_r)
c:/apps/coide/gcc/sourcery g++ lite/bin/../lib/gcc/arm-none-eabi/4.5.1/../../../../arm-none-eabi/lib/thumb2\libc.a(lib_a-memchr.o)
                              c:/apps/coide/gcc/sourcery g++ lite/bin/../lib/gcc/arm-none-eabi/4.5.1/../../../../arm-none-eabi/lib/thumb2\libc.a(lib_a-svfprintf.o) (memchr)
c:/apps/coide/gcc/sourcery g++ lite/bin/../lib/gcc/arm-none-eabi/4.5.1/../../../../arm-none-eabi/lib/thumb2\libc.a(lib_a-mlock.o)
                              c:/apps/coide/gcc/sourcery g++ lite/bin/../lib/gcc/arm-none-eabi/4.5.1/../../../../arm-none-eabi/lib/thumb2\libc.a(lib_a-mallocr.o) (__malloc_lock)
c:/apps/coide/gcc/sourcery g++ lite/bin/../lib/gcc/arm-none-eabi/4.5.1/../../../../arm-none-eabi/lib/thumb2\libc.a(lib_a-mprec.o)
                              c:/apps/coide/gcc/sourcery g++ lite/bin/../lib/gcc/arm-none-eabi/4.5.1/../../../../arm-none-eabi/lib/thumb2\libc.a(lib_a-dtoa.o) (_Balloc)
c:/apps/coide/gcc/sourcery g++ lite/bin/../lib/gcc/arm-none-eabi/4.5.1/../../../../arm-none-eabi/lib/thumb2\libc.a(lib_a-s_fpclassify.o)
                              c:/apps/coide/gcc/sourcery g++ lite/bin/../lib/gcc/arm-none-eabi/4.5.1/../../../../arm-none-eabi/lib/thumb2\libc.a(lib_a-svfprintf.o) (__fpclassifyd)
c:/apps/coide/gcc/sourcery g++ lite/bin/../lib/gcc/arm-none-eabi/4.5.1/../../../../arm-none-eabi/lib/thumb2\libc.a(lib_a-sbrkr.o)
                              c:/apps/coide/gcc/sourcery g++ lite/bin/../lib/gcc/arm-none-eabi/4.5.1/../../../../arm-none-eabi/lib/thumb2\libc.a(lib_a-mallocr.o) (_sbrk_r)
c:/apps/coide/gcc/sourcery g++ lite/bin/../lib/gcc/arm-none-eabi/4.5.1/../../../../arm-none-eabi/lib/thumb2\libc.a(lib_a-strcmp.o)
                              c:/apps/coide/gcc/sourcery g++ lite/bin/../lib/gcc/arm-none-eabi/4.5.1/../../../../arm-none-eabi/lib/thumb2\libc.a(lib_a-locale.o) (strcmp)
c:/apps/coide/gcc/sourcery g++ lite/bin/../lib/gcc/arm-none-eabi/4.5.1/../../../../arm-none-eabi/lib/thumb2\libc.a(lib_a-svfiprintf.o)
                              c:/apps/coide/gcc/sourcery g++ lite/bin/../lib/gcc/arm-none-eabi/4.5.1/../../../../arm-none-eabi/lib/thumb2\libc.a(lib_a-svfprintf.o) (__ssprint_r)
[...]
Memory Configuration

Name             Origin             Length             Attributes
rom              0x00000000         0x00040000         xr
ram              0x20000000         0x00010000         xrw
*default*        0x00000000         0xffffffff

Linker script and memory map

                0x20010000                _eram = 0x20010000

.text           0x00000000     0x8dc8
 *(.isr_vector .isr_vector.*)
 .isr_vector    0x00000000      0x100 ..\obj\startup_lm3s.o
                0x00000000                g_pfnVectors
 *(.text .text.* .gnu.linkonce.t.*)
 .text.vTask_Comunicaciones
                0x00000100       0x78 ..\obj\Task_Comunicaciones.o
                0x00000100                vTask_Comunicaciones
 .text.SystemInit
                0x00000178      0x238 ..\obj\system_lm3s.o
                0x00000178                SystemInit
 .text.getOscClk
                0x000003b0      0x15c ..\obj\system_lm3s.o
 .text.vTask_Control
                0x0000050c       0x78 ..\obj\Task_Control.o
                0x0000050c                vTask_Control
 .text.main     0x00000584       0xa4 ..\obj\main.o
                0x00000584                main
 .text.SysCtlPeripheralEnable
                0x00000628       0x58 ..\obj\sysctl.o
                0x00000628                SysCtlPeripheralEnable
 .text.SysCtlDelay
                0x00000680        0x8 ..\obj\sysctl.o
                0x00000680                SysCtlDelay
 .text.SysCtlClockSet
                0x00000688      0x290 ..\obj\sysctl.o
                0x00000688                SysCtlClockSet
 .text.SysCtlClockGet
                0x00000918      0x384 ..\obj\sysctl.o
                0x00000918                SysCtlClockGet
 .text.GPIODirModeSet
                0x00000c9c       0x88 ..\obj\gpio.o
                0x00000c9c                GPIODirModeSet
 .text.GPIOPadConfigSet
                0x00000d24      0x230 ..\obj\gpio.o
                0x00000d24                GPIOPadConfigSet
 .text.GPIOPinWrite
                0x00000f54       0x2c ..\obj\gpio.o
                0x00000f54                GPIOPinWrite
 .text.GPIOPinTypeGPIOOutput
                0x00000f80       0x34 ..\obj\gpio.o
                0x00000f80                GPIOPinTypeGPIOOutput
 .text.GPIOPinTypeSSI
                0x00000fb4       0x34 ..\obj\gpio.o
                0x00000fb4                GPIOPinTypeSSI
 .text.xTaskGenericCreate
                0x00000fe8      0x1ac ..\obj\tasks.o
                0x00000fe8                xTaskGenericCreate
 .text.vTaskDelayUntil
                0x00001194       0xb0 ..\obj\tasks.o
                0x00001194                vTaskDelayUntil
 .text.vTaskStartScheduler
                0x00001244       0x74 ..\obj\tasks.o
                0x00001244                vTaskStartScheduler
 .text.vTaskSuspendAll
                0x000012b8       0x24 ..\obj\tasks.o
                0x000012b8                vTaskSuspendAll
 .text.xTaskResumeAll
                0x000012dc      0x154 ..\obj\tasks.o
                0x000012dc                xTaskResumeAll
 .text.xTaskGetTickCount
                0x00001430       0x28 ..\obj\tasks.o
                0x00001430                xTaskGetTickCount
 .text.vTaskIncrementTick
                0x00001458      0x1b8 ..\obj\tasks.o
                0x00001458                vTaskIncrementTick
 .text.vTaskSwitchContext
                0x00001610       0xd0 ..\obj\tasks.o
                0x00001610                vTaskSwitchContext
 .text.prvIdleTask
                0x000016e0       0x10 ..\obj\tasks.o
 .text.prvInitialiseTCBVariables
                0x000016f0       0x78 ..\obj\tasks.o
 .text.prvInitialiseTaskLists
                0x00001768       0x8c ..\obj\tasks.o
 .text.prvCheckTasksWaitingTermination
                0x000017f4        0xc ..\obj\tasks.o
 .text.prvAddCurrentTaskToDelayedList
                0x00001800       0x8c ..\obj\tasks.o
 .text.prvAllocateTCBAndStack
                0x0000188c       0x74 ..\obj\tasks.o
 .text.RITWriteCommand
                0x00001900       0xfc ..\obj\rit128x96x4.o
 .text.RITWriteData
                0x000019fc       0xfc ..\obj\rit128x96x4.o
 .text.RIT128x96x4Clear
                0x00001af8       0x9c ..\obj\rit128x96x4.o
                0x00001af8                RIT128x96x4Clear
 .text.RIT128x96x4StringDraw
                0x00001b94      0x1e0 ..\obj\rit128x96x4.o
                0x00001b94                RIT128x96x4StringDraw
 .text.RIT128x96x4Enable
                0x00001d74       0xa4 ..\obj\rit128x96x4.o
                0x00001d74                RIT128x96x4Enable
 .text.RIT128x96x4Init
                0x00001e18      0x128 ..\obj\rit128x96x4.o
                0x00001e18                RIT128x96x4Init
 .text.Default_Reset_Handler
                0x00001f40       0x6c ..\obj\startup_lm3s.o
                0x00001f40                Default_Reset_Handler
                0x00001f40                Reset_Handler
 .text.Default_Handler
                0x00001fac        0x8 ..\obj\startup_lm3s.o
                0x00001fac                DebugMon_Handler
                0x00001fac                FlashCtrl_IRQHandler
                0x00001fac                Timer0B_IRQHandler
                0x00001fac                I2C0_IRQHandler
                0x00001fac                HardFault_Handler
                0x00001fac                SysTick_Handler
                0x00001fac                PendSV_Handler
                0x00001fac                NMI_Handler
                0x00001fac                I2C1_IRQHandler
                0x00001fac                PWMGen0_IRQHandler
                0x00001fac                UART1_IRQHandler
                0x00001fac                CAN1_IRQHandler
                0x00001fac                Timer1B_IRQHandler
                0x00001fac                Watchdog_IRQHandler
                0x00001fac                UART0_IRQHandler
                0x00001fac                SSI0_IRQHandler
                0x00001fac                UsageFault_Handler
                0x00001fac                ADCSeq1_IRQHandler
                0x00001fac                PWMFault_IRQHandler
                0x00001fac                PWMGen1_IRQHandler
                0x00001fac                SSI1_IRQHandler
                0x00001fac                uDMA_IRQHandler
                0x00001fac                GPIOPortC_IRQHandler
                0x00001fac                ADCSeq2_IRQHandler
                0x00001fac                PWMGen2_IRQHandler
                0x00001fac                UART2_IRQHandler
                0x00001fac                uDMAErr_IRQHandler
                0x00001fac                QEI1_IRQHandler
                0x00001fac                QEI0_IRQHandler
                0x00001fac                PWMGen3_IRQHandler
                0x00001fac                GPIOPortD_IRQHandler
                0x00001fac                USB0_IRQHandler
                0x00001fac                MemManage_Handler
                0x00001fac                Ethernet_IRQHandler
                0x00001fac                SVC_Handler
                0x00001fac                Timer3B_IRQHandler
                0x00001fac                Timer3A_IRQHandler
                0x00001fac                GPIOPortA_IRQHandler
                0x00001fac                Timer0A_IRQHandler
                0x00001fac                ADCSeq0_IRQHandler
                0x00001fac                Timer1A_IRQHandler
                0x00001fac                GPIOPortG_IRQHandler
                0x00001fac                ADCSeq3_IRQHandler
                0x00001fac                GPIOPortE_IRQHandler
                0x00001fac                CAN0_IRQHandler
                0x00001fac                Comp0_IRQHandler
                0x00001fac                Comp1_IRQHandler
                0x00001fac                Comp2_IRQHandler
                0x00001fac                GPIOPortF_IRQHandler
                0x00001fac                GPIOPortB_IRQHandler
                0x00001fac                CAN2_IRQHandler
                0x00001fac                GPIOPortH_IRQHandler
                0x00001fac                BusFault_Handler
                0x00001fac                Timer2A_IRQHandler
                0x00001fac                Timer2B_IRQHandler
                0x00001fac                SysCtrl_IRQHandler
                0x00001fac                Hibernate_IRQHandler
 .text.vListInitialise
                0x00001fb4       0x48 ..\obj\list.o
                0x00001fb4                vListInitialise
 .text.vListInitialiseItem
                0x00001ffc       0x1c ..\obj\list.o
                0x00001ffc                vListInitialiseItem
 .text.vListInsertEnd
                0x00002018       0x54 ..\obj\list.o
                0x00002018                vListInsertEnd
 .text.vListInsert
                0x0000206c       0x78 ..\obj\list.o
                0x0000206c                vListInsert
 .text.vListRemove
                0x000020e4       0x54 ..\obj\list.o
                0x000020e4                vListRemove
 .text._sbrk    0x00002138       0x5c ..\obj\syscalls.o
                0x00002138                _sbrk
 .text.SSIConfigSetExpClk
                0x00002194       0xb4 ..\obj\ssi.o
                0x00002194                SSIConfigSetExpClk
 .text.SSIEnable
                0x00002248       0x28 ..\obj\ssi.o
                0x00002248                SSIEnable
 .text.SSIDisable
                0x00002270       0x28 ..\obj\ssi.o
                0x00002270                SSIDisable
 .text.SSIDataPut
                0x00002298       0x30 ..\obj\ssi.o
                0x00002298                SSIDataPut
 .text.SSIBusy  0x000022c8       0x2c ..\obj\ssi.o
                0x000022c8                SSIBusy
 .text.pxPortInitialiseStack
                0x000022f4       0x60 ..\obj\port.o
                0x000022f4                pxPortInitialiseStack
 .text.vPortSVCHandler
                0x00002354       0x20 ..\obj\port.o
                0x00002354                vPortSVCHandler
 .text.vPortStartFirstTask
                0x00002374       0x14 ..\obj\port.o
                0x00002374                vPortStartFirstTask
 .text.xPortStartScheduler
                0x00002388       0x54 ..\obj\port.o
                0x00002388                xPortStartScheduler
 .text.vPortYieldFromISR
                0x000023dc       0x18 ..\obj\port.o
                0x000023dc                vPortYieldFromISR
 .text.vPortEnterCritical
                0x000023f4       0x2c ..\obj\port.o
                0x000023f4                vPortEnterCritical
 .text.vPortExitCritical
                0x00002420       0x38 ..\obj\port.o
                0x00002420                vPortExitCritical
 .text.xPortPendSVHandler
                0x00002458       0x3c ..\obj\port.o
                0x00002458                xPortPendSVHandler
 .text.xPortSysTickHandler
                0x00002494       0x38 ..\obj\port.o
                0x00002494                xPortSysTickHandler
 .text.prvSetupTimerInterrupt
                0x000024cc       0x28 ..\obj\port.o
 .text.consolePrintStr
                0x000024f4       0x58 ..\obj\console.o
                0x000024f4                consolePrintStr
 .text.refreshConsoleLine
                0x0000254c       0x3c ..\obj\console.o
                0x0000254c                refreshConsoleLine
 .text.initConsole
                0x00002588       0x84 ..\obj\console.o
                0x00002588                initConsole
 .text.pvPortMalloc
                0x0000260c       0x98 ..\obj\heap_1.o
                0x0000260c                pvPortMalloc
 .text.vPortFree
                0x000026a4       0x14 ..\obj\heap_1.o
                0x000026a4                vPortFree
 .text          0x000026b8      0x150 c:/apps/coide/gcc/sourcery g++ lite/bin/../lib/gcc/arm-none-eabi/4.5.1/../../../../arm-none-eabi/lib/thumb2\libc.a(lib_a-memcpy.o)
                0x000026b8                memcpy
 .text          0x00002808       0xb4 c:/apps/coide/gcc/sourcery g++ lite/bin/../lib/gcc/arm-none-eabi/4.5.1/../../../../arm-none-eabi/lib/thumb2\libc.a(lib_a-memset.o)
                0x00002808                memset
 .text          0x000028bc       0x94 c:/apps/coide/gcc/sourcery g++ lite/bin/../lib/gcc/arm-none-eabi/4.5.1/../../../../arm-none-eabi/lib/thumb2\libc.a(lib_a-sprintf.o)
                0x000028bc                _sprintf_r
                0x00002900                sprintf
 .text          0x00002950       0x60 c:/apps/coide/gcc/sourcery g++ lite/bin/../lib/gcc/arm-none-eabi/4.5.1/../../../../arm-none-eabi/lib/thumb2\libc.a(lib_a-strlen.o)
                0x00002950                strlen
 .text          0x000029b0       0x7c c:/apps/coide/gcc/sourcery g++ lite/bin/../lib/gcc/arm-none-eabi/4.5.1/../../../../arm-none-eabi/lib/thumb2\libc.a(lib_a-strncpy.o)
                0x000029b0                strncpy
 .text          0x00002a2c     0x1658 c:/apps/coide/gcc/sourcery g++ lite/bin/../lib/gcc/arm-none-eabi/4.5.1/../../../../arm-none-eabi/lib/thumb2\libc.a(lib_a-svfprintf.o)
                0x00002a2c                _svfprintf_r
 *fill*         0x00004084        0x4 00
 .text          0x00004088     0x1000 c:/apps/coide/gcc/sourcery g++ lite/bin/../lib/gcc/arm-none-eabi/4.5.1/../../../../arm-none-eabi/lib/thumb2\libc.a(lib_a-dtoa.o)
                0x000041b4                _dtoa_r
 .text          0x00005088       0xa0 c:/apps/coide/gcc/sourcery g++ lite/bin/../lib/gcc/arm-none-eabi/4.5.1/../../../../arm-none-eabi/lib/thumb2\libc.a(lib_a-locale.o)
                0x00005088                _setlocale_r
                0x000050e4                __locale_charset
                0x000050f0                __locale_mb_cur_max
                0x000050fc                __locale_msgcharset
                0x00005104                __locale_cjk_lang
                0x00005108                _localeconv_r
                0x00005110                setlocale
                0x00005120                localeconv
 .text          0x00005128       0x20 c:/apps/coide/gcc/sourcery g++ lite/bin/../lib/gcc/arm-none-eabi/4.5.1/../../../../arm-none-eabi/lib/thumb2\libc.a(lib_a-malloc.o)
                0x00005128                malloc
                0x00005138                free
 .text          0x00005148      0x57c c:/apps/coide/gcc/sourcery g++ lite/bin/../lib/gcc/arm-none-eabi/4.5.1/../../../../arm-none-eabi/lib/thumb2\libc.a(lib_a-mallocr.o)
                0x00005148                _malloc_r
 .text          0x000056c4       0x88 c:/apps/coide/gcc/sourcery g++ lite/bin/../lib/gcc/arm-none-eabi/4.5.1/../../../../arm-none-eabi/lib/thumb2\libc.a(lib_a-memchr.o)
                0x000056c4                memchr
 .text          0x0000574c        0x8 c:/apps/coide/gcc/sourcery g++ lite/bin/../lib/gcc/arm-none-eabi/4.5.1/../../../../arm-none-eabi/lib/thumb2\libc.a(lib_a-mlock.o)
                0x0000574c                __malloc_lock
                0x00005750                __malloc_unlock
 .text          0x00005754      0x920 c:/apps/coide/gcc/sourcery g++ lite/bin/../lib/gcc/arm-none-eabi/4.5.1/../../../../arm-none-eabi/lib/thumb2\libc.a(lib_a-mprec.o)
                0x00005754                _Balloc
                0x000057bc                _Bfree
                0x000057f4                __multadd
                0x00005878                __s2b
                0x0000590c                __hi0bits
                0x0000594c                __lo0bits
                0x000059b0                __i2b
                0x000059c4                __multiply
                0x00005aec                __pow5mult
                0x00005b90                __lshift
                0x00005c3c                __mcmp
                0x00005c78                __mdiff
                0x00005d70                __ulp
                0x00005db8                __b2d
                0x00005e64                __d2b
                0x00005f2c                __ratio
                0x00005f9c                _mprec_log10
                0x00005fd0                __copybits
                0x00006018                __any_on
 .text          0x00006074       0x90 c:/apps/coide/gcc/sourcery g++ lite/bin/../lib/gcc/arm-none-eabi/4.5.1/../../../../arm-none-eabi/lib/thumb2\libc.a(lib_a-s_fpclassify.o)
                0x00006074                __fpclassifyd
 .text          0x00006104       0x28 c:/apps/coide/gcc/sourcery g++ lite/bin/../lib/gcc/arm-none-eabi/4.5.1/../../../../arm-none-eabi/lib/thumb2\libc.a(lib_a-sbrkr.o)
                0x00006104                _sbrk_r
 .text          0x0000612c      0x1dc c:/apps/coide/gcc/sourcery g++ lite/bin/../lib/gcc/arm-none-eabi/4.5.1/../../../../arm-none-eabi/lib/thumb2\libc.a(lib_a-strcmp.o)
                0x0000612c                strcmp
 .text          0x00006308      0xbe4 c:/apps/coide/gcc/sourcery g++ lite/bin/../lib/gcc/arm-none-eabi/4.5.1/../../../../arm-none-eabi/lib/thumb2\libc.a(lib_a-svfiprintf.o)
                0x00006308                __ssprint_r
                0x00006410                _svfiprintf_r
 .text          0x00006eec       0x5c c:/apps/coide/gcc/sourcery g++ lite/bin/../lib/gcc/arm-none-eabi/4.5.1/../../../../arm-none-eabi/lib/thumb2\libc.a(lib_a-callocr.o)
                0x00006eec                _calloc_r
 .text          0x00006f48      0x240 c:/apps/coide/gcc/sourcery g++ lite/bin/../lib/gcc/arm-none-eabi/4.5.1/../../../../arm-none-eabi/lib/thumb2\libc.a(lib_a-freer.o)
                0x00006f48                _malloc_trim_r
                0x00006ff0                _free_r
 .text          0x00007188       0xa0 c:/apps/coide/gcc/sourcery g++ lite/bin/../lib/gcc/arm-none-eabi/4.5.1/../../../../arm-none-eabi/lib/thumb2\libc.a(lib_a-memmove.o)
                0x00007188                memmove
 .text          0x00007228      0x41c c:/apps/coide/gcc/sourcery g++ lite/bin/../lib/gcc/arm-none-eabi/4.5.1/../../../../arm-none-eabi/lib/thumb2\libc.a(lib_a-reallocr.o)
                0x00007228                _realloc_r
 *fill*         0x00007644        0x4 00
 .text          0x00007648      0x278 c:/apps/coide/gcc/sourcery g++ lite/bin/../lib/gcc/arm-none-eabi/4.5.1/thumb2\libgcc.a(_udivsi3.o)
                0x00007648                __aeabi_uidiv
                0x00007648                __udivsi3
                0x000078a4                __aeabi_uidivmod
 .text          0x000078c0        0x4 c:/apps/coide/gcc/sourcery g++ lite/bin/../lib/gcc/arm-none-eabi/4.5.1/thumb2\libgcc.a(_dvmd_tls.o)
                0x000078c0                __aeabi_idiv0
                0x000078c0                __aeabi_ldiv0
 .text          0x000078c4      0x370 c:/apps/coide/gcc/sourcery g++ lite/bin/../lib/gcc/arm-none-eabi/4.5.1/thumb2\libgcc.a(_arm_addsubdf3.o)
                0x000078c4                __aeabi_drsub
                0x000078cc                __aeabi_dsub
                0x000078cc                __subdf3
                0x000078d0                __aeabi_dadd
                0x000078d0                __adddf3
                0x00007b48                __floatunsidf
                0x00007b48                __aeabi_ui2d
                0x00007b68                __floatsidf
                0x00007b68                __aeabi_i2d
                0x00007b8c                __aeabi_f2d
                0x00007b8c                __extendsfdf2
                0x00007bc8                __floatundidf
                0x00007bc8                __aeabi_ul2d
                0x00007bd8                __floatdidf
                0x00007bd8                __aeabi_l2d
 .text          0x00007c34      0x424 c:/apps/coide/gcc/sourcery g++ lite/bin/../lib/gcc/arm-none-eabi/4.5.1/thumb2\libgcc.a(_arm_muldivdf3.o)
                0x00007c34                __aeabi_dmul
                0x00007c34                __muldf3
                0x00007e88                __divdf3
                0x00007e88                __aeabi_ddiv
 .text          0x00008058      0x110 c:/apps/coide/gcc/sourcery g++ lite/bin/../lib/gcc/arm-none-eabi/4.5.1/thumb2\libgcc.a(_arm_cmpdf2.o)
                0x00008058                __gtdf2
                0x00008058                __gedf2
                0x00008060                __ltdf2
                0x00008060                __ledf2
                0x00008068                __nedf2
                0x00008068                __eqdf2
                0x00008068                __cmpdf2
                0x000080e4                __aeabi_cdrcmple
                0x000080f4                __aeabi_cdcmpeq
                0x000080f4                __aeabi_cdcmple
                0x00008104                __aeabi_dcmpeq
                0x00008118                __aeabi_dcmplt
                0x0000812c                __aeabi_dcmple
                0x00008140                __aeabi_dcmpge
                0x00008154                __aeabi_dcmpgt
 .text          0x00008168       0x50 c:/apps/coide/gcc/sourcery g++ lite/bin/../lib/gcc/arm-none-eabi/4.5.1/thumb2\libgcc.a(_arm_fixdfsi.o)
                0x00008168                __aeabi_d2iz
                0x00008168                __fixdfsi
 .text          0x000081b8       0x2c c:/apps/coide/gcc/sourcery g++ lite/bin/../lib/gcc/arm-none-eabi/4.5.1/thumb2\libgcc.a(_aeabi_uldivmod.o)
                0x000081b8                __aeabi_uldivmod
 .text          0x000081e4       0x60 c:/apps/coide/gcc/sourcery g++ lite/bin/../lib/gcc/arm-none-eabi/4.5.1/thumb2\libgcc.a(bpabi.o)
                0x000081e4                __gnu_ldivmod_helper
                0x00008214                __gnu_uldivmod_helper
 .text          0x00008244      0x364 c:/apps/coide/gcc/sourcery g++ lite/bin/../lib/gcc/arm-none-eabi/4.5.1/thumb2\libgcc.a(_divdi3.o)
                0x00008244                __divdi3
 .text          0x000085a8      0x314 c:/apps/coide/gcc/sourcery g++ lite/bin/../lib/gcc/arm-none-eabi/4.5.1/thumb2\libgcc.a(_udivdi3.o)
                0x000085a8                __udivdi3
 *(.glue_7t)
 .glue_7t       0x00000000        0x0 linker stubs
 *(.glue_7)
 .glue_7        0x00000000        0x0 linker stubs
 *(.rodata .rodata* .gnu.linkonce.r.*)
 .rodata        0x000088bc       0x10 ..\obj\Task_Comunicaciones.o
 .rodata        0x000088cc       0x10 ..\obj\Task_Control.o
 .rodata        0x000088dc       0x34 ..\obj\main.o
 .rodata        0x00008910       0x9c ..\obj\sysctl.o
 .rodata        0x000089ac        0x8 ..\obj\tasks.o
 .rodata        0x000089b4      0x244 ..\obj\rit128x96x4.o
 .rodata        0x00008bf8       0x20 c:/apps/coide/gcc/sourcery g++ lite/bin/../lib/gcc/arm-none-eabi/4.5.1/../../../../arm-none-eabi/lib/thumb2\libc.a(lib_a-svfprintf.o)
 .rodata.str1.4
                0x00008c18       0x42 c:/apps/coide/gcc/sourcery g++ lite/bin/../lib/gcc/arm-none-eabi/4.5.1/../../../../arm-none-eabi/lib/thumb2\libc.a(lib_a-svfprintf.o)
                                 0x44 (size before relaxing)
 *fill*         0x00008c5a        0x2 00
 .rodata.str1.4
                0x00008c5c       0x10 c:/apps/coide/gcc/sourcery g++ lite/bin/../lib/gcc/arm-none-eabi/4.5.1/../../../../arm-none-eabi/lib/thumb2\libc.a(lib_a-dtoa.o)
                                 0x14 (size before relaxing)
 .rodata.str1.4
                0x00008c6c        0x2 c:/apps/coide/gcc/sourcery g++ lite/bin/../lib/gcc/arm-none-eabi/4.5.1/../../../../arm-none-eabi/lib/thumb2\libc.a(lib_a-impure.o)
                                  0x4 (size before relaxing)
 *fill*         0x00008c6e        0x2 00
 .rodata.str1.4
                0x00008c70        0xc c:/apps/coide/gcc/sourcery g++ lite/bin/../lib/gcc/arm-none-eabi/4.5.1/../../../../arm-none-eabi/lib/thumb2\libc.a(lib_a-locale.o)
                                 0x14 (size before relaxing)
 *fill*         0x00008c7c        0x4 00
 .rodata        0x00008c80      0x128 c:/apps/coide/gcc/sourcery g++ lite/bin/../lib/gcc/arm-none-eabi/4.5.1/../../../../arm-none-eabi/lib/thumb2\libc.a(lib_a-mprec.o)
                0x00008c90                __mprec_tens
                0x00008d58                __mprec_bigtens
                0x00008d80                __mprec_tinytens
 .rodata        0x00008da8       0x20 c:/apps/coide/gcc/sourcery g++ lite/bin/../lib/gcc/arm-none-eabi/4.5.1/../../../../arm-none-eabi/lib/thumb2\libc.a(lib_a-svfiprintf.o)
 .rodata.str1.4
                0x00000000       0x30 c:/apps/coide/gcc/sourcery g++ lite/bin/../lib/gcc/arm-none-eabi/4.5.1/../../../../arm-none-eabi/lib/thumb2\libc.a(lib_a-svfiprintf.o)

.vfp11_veneer   0x00008dc8        0x0
 .vfp11_veneer  0x00000000        0x0 linker stubs

.v4_bx          0x00008dc8        0x0
 .v4_bx         0x00000000        0x0 linker stubs

.ARM.extab
 *(.ARM.extab* .gnu.linkonce.armextab.*)

.ARM.exidx      0x00008dc8        0x8
 *(.ARM.exidx* .gnu.linkonce.armexidx.*)
 .ARM.exidx     0x00008dc8        0x8 c:/apps/coide/gcc/sourcery g++ lite/bin/../lib/gcc/arm-none-eabi/4.5.1/thumb2\libgcc.a(_divdi3.o)
 .ARM.exidx     0x00008dd0        0x0 c:/apps/coide/gcc/sourcery g++ lite/bin/../lib/gcc/arm-none-eabi/4.5.1/thumb2\libgcc.a(_udivdi3.o)
                                  0x8 (size before relaxing)
                0x00008dd0                . = ALIGN (0x4)
                0x00008dd0                _etext = .
                0x00008dd0                _sidata = .

.data           0x20000000      0x598 load address 0x00008dd0
                0x20000000                _sdata = .
 *(.data .data.*)
 .data          0x20000000       0x10 ..\obj\system_lm3s.o
                0x20000000                SystemFrequency
                0x20000004                SystemFrequency_PwmClk
                0x20000008                SystemFrequency_AdcClk
                0x2000000c                SystemFrequency_CanClk
 .data          0x20000010        0x4 ..\obj\tasks.o
 .data          0x20000014        0x4 ..\obj\port.o
 .data          0x20000018       0xf4 c:/apps/coide/gcc/sourcery g++ lite/bin/../lib/gcc/arm-none-eabi/4.5.1/../../../../arm-none-eabi/lib/thumb2\libc.a(lib_a-impure.o)
                0x20000018                _impure_ptr
 .data          0x2000010c       0x7c c:/apps/coide/gcc/sourcery g++ lite/bin/../lib/gcc/arm-none-eabi/4.5.1/../../../../arm-none-eabi/lib/thumb2\libc.a(lib_a-locale.o)
                0x2000012c                __mb_cur_max
 .data          0x20000188      0x410 c:/apps/coide/gcc/sourcery g++ lite/bin/../lib/gcc/arm-none-eabi/4.5.1/../../../../arm-none-eabi/lib/thumb2\libc.a(lib_a-mallocr.o)
                0x20000188                __malloc_av_
                0x20000590                __malloc_sbrk_base
                0x20000594                __malloc_trim_threshold
                0x20000598                . = ALIGN (0x4)
                0x20000598                _edata = .

.bss            0x20000598     0x1230 load address 0x00009368
                0x20000598                _sbss = .
 *(.bss .bss.*)
 .bss           0x20000598       0xd4 ..\obj\tasks.o
                0x20000598                pxCurrentTCB
 .bss           0x2000066c        0xc ..\obj\rit128x96x4.o
 .bss           0x20000678        0x4 ..\obj\syscalls.o
 *fill*         0x2000067c        0x4 00
 .bss           0x20000680     0x1008 ..\obj\heap_1.o
 .bss           0x20001688       0x34 c:/apps/coide/gcc/sourcery g++ lite/bin/../lib/gcc/arm-none-eabi/4.5.1/../../../../arm-none-eabi/lib/thumb2\libc.a(lib_a-mallocr.o)
                0x20001688                __malloc_top_pad
                0x2000168c                __malloc_current_mallinfo
                0x200016b4                __malloc_max_sbrked_mem
                0x200016b8                __malloc_max_total_mem
 *(COMMON)
 COMMON         0x200016bc      0x108 ..\obj\console.o
                0x200016bc                consoleImage
 COMMON         0x200017c4        0x4 c:/apps/coide/gcc/sourcery g++ lite/bin/../lib/gcc/arm-none-eabi/4.5.1/../../../../arm-none-eabi/lib/thumb2\libc.a(lib_a-reent.o)
                0x200017c4                errno
                0x200017c8                . = ALIGN (0x4)
                0x200017c8                _ebss = .

.co_stack       0x200017c8      0x400 load address 0x0000a598
                0x200017c8                . = ALIGN (0x8)
 *(.co_stack .co_stack.*)
 .co_stack      0x200017c8      0x400 ..\obj\startup_lm3s.o
                0x200017c8                pulStack
                0x20001bc8                . = ALIGN (0x4)
                0x20001bc8                _end = .
LOAD ..\obj\Task_Comunicaciones.o
LOAD ..\obj\system_lm3s.o
LOAD ..\obj\core_cm3.o
LOAD ..\obj\timer.o
LOAD ..\obj\pwm.o
LOAD ..\obj\Task_Control.o
LOAD ..\obj\main.o
LOAD ..\obj\sysctl.o
LOAD ..\obj\timers.o
LOAD ..\obj\gpio.o
LOAD ..\obj\tasks.o
LOAD ..\obj\interrupt.o
LOAD ..\obj\rit128x96x4.o
LOAD ..\obj\startup_lm3s.o
LOAD ..\obj\list.o
LOAD ..\obj\syscalls.o
LOAD ..\obj\ssi.o
LOAD ..\obj\queue.o
LOAD ..\obj\port.o
LOAD ..\obj\croutine.o
LOAD ..\obj\cpu.o
LOAD ..\obj\console.o
LOAD ..\obj\systick.o
LOAD ..\obj\heap_1.o
START GROUP
LOAD c:/apps/coide/gcc/sourcery g++ lite/bin/../lib/gcc/arm-none-eabi/4.5.1/thumb2\libgcc.a
LOAD c:/apps/coide/gcc/sourcery g++ lite/bin/../lib/gcc/arm-none-eabi/4.5.1/../../../../arm-none-eabi/lib/thumb2\libc.a
END GROUP
OUTPUT(POPBL.elf elf32-littlearm)

.debug_abbrev   0x00000000     0x13d6
 .debug_abbrev  0x00000000       0x96 ..\obj\Task_Comunicaciones.o
 .debug_abbrev  0x00000096      0x112 ..\obj\system_lm3s.o
 .debug_abbrev  0x000001a8       0xd7 ..\obj\core_cm3.o
 .debug_abbrev  0x0000027f       0xb8 ..\obj\timer.o
 .debug_abbrev  0x00000337       0xc7 ..\obj\pwm.o
 .debug_abbrev  0x000003fe       0x96 ..\obj\Task_Control.o
 .debug_abbrev  0x00000494       0x45 ..\obj\main.o
 .debug_abbrev  0x000004d9      0x115 ..\obj\sysctl.o
 .debug_abbrev  0x000005ee       0x2a ..\obj\timers.o
 .debug_abbrev  0x00000618       0xf1 ..\obj\gpio.o
 .debug_abbrev  0x00000709      0x197 ..\obj\tasks.o
 .debug_abbrev  0x000008a0      0x104 ..\obj\interrupt.o
 .debug_abbrev  0x000009a4       0xb2 ..\obj\rit128x96x4.o
 .debug_abbrev  0x00000a56       0xa5 ..\obj\startup_lm3s.o
 .debug_abbrev  0x00000afb       0xb8 ..\obj\list.o
 .debug_abbrev  0x00000bb3       0xe0 ..\obj\syscalls.o
 .debug_abbrev  0x00000c93       0xd8 ..\obj\ssi.o
 .debug_abbrev  0x00000d6b      0x142 ..\obj\queue.o
 .debug_abbrev  0x00000ead      0x122 ..\obj\port.o
 .debug_abbrev  0x00000fcf      0x188 ..\obj\croutine.o
 .debug_abbrev  0x00001157       0x5e ..\obj\cpu.o
 .debug_abbrev  0x000011b5       0xa0 ..\obj\console.o
 .debug_abbrev  0x00001255       0x83 ..\obj\systick.o
 .debug_abbrev  0x000012d8       0xfe ..\obj\heap_1.o

.debug_info     0x00000000     0x5b9d
 .debug_info    0x00000000      0x100 ..\obj\Task_Comunicaciones.o
 .debug_info    0x00000100      0x45a ..\obj\system_lm3s.o
 .debug_info    0x0000055a      0x54c ..\obj\core_cm3.o
 .debug_info    0x00000aa6      0x5b4 ..\obj\timer.o
 .debug_info    0x0000105a      0x950 ..\obj\pwm.o
 .debug_info    0x000019aa      0x100 ..\obj\Task_Control.o
 .debug_info    0x00001aaa       0x94 ..\obj\main.o
 .debug_info    0x00001b3e      0x7f1 ..\obj\sysctl.o
 .debug_info    0x0000232f       0x50 ..\obj\timers.o
 .debug_info    0x0000237f      0x8a1 ..\obj\gpio.o
 .debug_info    0x00002c20      0x9d4 ..\obj\tasks.o
 .debug_info    0x000035f4      0x2b7 ..\obj\interrupt.o
 .debug_info    0x000038ab      0x3db ..\obj\rit128x96x4.o
 .debug_info    0x00003c86      0x135 ..\obj\startup_lm3s.o
 .debug_info    0x00003dbb      0x2aa ..\obj\list.o
 .debug_info    0x00004065      0x444 ..\obj\syscalls.o
 .debug_info    0x000044a9      0x449 ..\obj\ssi.o
 .debug_info    0x000048f2      0x731 ..\obj\queue.o
 .debug_info    0x00005023      0x1db ..\obj\port.o
 .debug_info    0x000051fe      0x4b3 ..\obj\croutine.o
 .debug_info    0x000056b1       0x99 ..\obj\cpu.o
 .debug_info    0x0000574a      0x1b2 ..\obj\console.o
 .debug_info    0x000058fc      0x12b ..\obj\systick.o
 .debug_info    0x00005a27      0x176 ..\obj\heap_1.o

.debug_line     0x00000000     0x5eda
 .debug_line    0x00000000      0x478 ..\obj\Task_Comunicaciones.o
 .debug_line    0x00000478      0x2ff ..\obj\system_lm3s.o
 .debug_line    0x00000777      0x30b ..\obj\core_cm3.o
 .debug_line    0x00000a82      0x4b4 ..\obj\timer.o
 .debug_line    0x00000f36      0x4ad ..\obj\pwm.o
 .debug_line    0x000013e3      0x471 ..\obj\Task_Control.o
 .debug_line    0x00001854      0x598 ..\obj\main.o
 .debug_line    0x00001dec      0x68e ..\obj\sysctl.o
 .debug_line    0x0000247a      0x239 ..\obj\timers.o
 .debug_line    0x000026b3      0x685 ..\obj\gpio.o
 .debug_line    0x00002d38      0x7c0 ..\obj\tasks.o
 .debug_line    0x000034f8      0x2d7 ..\obj\interrupt.o
 .debug_line    0x000037cf      0x35d ..\obj\rit128x96x4.o
 .debug_line    0x00003b2c       0xce ..\obj\startup_lm3s.o
 .debug_line    0x00003bfa      0x438 ..\obj\list.o
 .debug_line    0x00004032      0x3a6 ..\obj\syscalls.o
 .debug_line    0x000043d8      0x3a9 ..\obj\ssi.o
 .debug_line    0x00004781      0x5eb ..\obj\queue.o
 .debug_line    0x00004d6c      0x291 ..\obj\port.o
 .debug_line    0x00004ffd      0x360 ..\obj\croutine.o
 .debug_line    0x0000535d      0x141 ..\obj\cpu.o
 .debug_line    0x0000549e      0x3bc ..\obj\console.o
 .debug_line    0x0000585a      0x25c ..\obj\systick.o
 .debug_line    0x00005ab6      0x424 ..\obj\heap_1.o

.debug_macinfo  0x00000000    0xa9b27
 .debug_macinfo
                0x00000000     0x5e38 ..\obj\Task_Comunicaciones.o
 .debug_macinfo
                0x00005e38     0x61d1 ..\obj\system_lm3s.o
 .debug_macinfo
                0x0000c009     0x1f65 ..\obj\core_cm3.o
 .debug_macinfo
                0x0000df6e     0x42cf ..\obj\timer.o
 .debug_macinfo
                0x0001223d     0xf3b2 ..\obj\pwm.o
 .debug_macinfo
                0x000215ef     0x5e38 ..\obj\Task_Control.o
 .debug_macinfo
                0x00027427     0xc222 ..\obj\main.o
 .debug_macinfo
                0x00033649    0x1284d ..\obj\sysctl.o
 .debug_macinfo
                0x00045e96     0x4287 ..\obj\timers.o
 .debug_macinfo
                0x0004a11d    0x119e1 ..\obj\gpio.o
 .debug_macinfo
                0x0005bafe     0x6b0f ..\obj\tasks.o
 .debug_macinfo
                0x0006260d     0x76e6 ..\obj\interrupt.o
 .debug_macinfo
                0x00069cf3    0x1090a ..\obj\rit128x96x4.o
 .debug_macinfo
                0x0007a5fd     0x16a5 ..\obj\startup_lm3s.o
 .debug_macinfo
                0x0007bca2     0x4f5e ..\obj\list.o
 .debug_macinfo
                0x00080c00     0x492d ..\obj\syscalls.o
 .debug_macinfo
                0x0008552d     0x57bf ..\obj\ssi.o
 .debug_macinfo
                0x0008acec     0x566d ..\obj\queue.o
 .debug_macinfo
                0x00090359     0x37bd ..\obj\port.o
 .debug_macinfo
                0x00093b16     0x3c8e ..\obj\croutine.o
 .debug_macinfo
                0x000977a4     0x1680 ..\obj\cpu.o
 .debug_macinfo
                0x00098e24     0x431d ..\obj\console.o
 .debug_macinfo
                0x0009d141     0x76ea ..\obj\systick.o
 .debug_macinfo
                0x000a482b     0x52fc ..\obj\heap_1.o

.debug_loc      0x00000000     0x3a90
 .debug_loc     0x00000000       0x3a ..\obj\Task_Comunicaciones.o
 .debug_loc     0x0000003a       0x70 ..\obj\system_lm3s.o
 .debug_loc     0x000000aa      0x3f0 ..\obj\core_cm3.o
 .debug_loc     0x0000049a      0x508 ..\obj\timer.o
 .debug_loc     0x000009a2      0x738 ..\obj\pwm.o
 .debug_loc     0x000010da       0x3a ..\obj\Task_Control.o
 .debug_loc     0x00001114       0x38 ..\obj\main.o
 .debug_loc     0x0000114c      0x894 ..\obj\sysctl.o
 .debug_loc     0x000019e0      0x700 ..\obj\gpio.o
 .debug_loc     0x000020e0      0x494 ..\obj\tasks.o
 .debug_loc     0x00002574      0x244 ..\obj\interrupt.o
 .debug_loc     0x000027b8      0x224 ..\obj\rit128x96x4.o
 .debug_loc     0x000029dc       0x64 ..\obj\startup_lm3s.o
 .debug_loc     0x00002a40      0x118 ..\obj\list.o
 .debug_loc     0x00002b58      0x1ec ..\obj\syscalls.o
 .debug_loc     0x00002d44      0x380 ..\obj\ssi.o
 .debug_loc     0x000030c4      0x348 ..\obj\queue.o
 .debug_loc     0x0000340c      0x178 ..\obj\port.o
 .debug_loc     0x00003584      0x188 ..\obj\croutine.o
 .debug_loc     0x0000370c      0x118 ..\obj\console.o
 .debug_loc     0x00003824      0x1a4 ..\obj\systick.o
 .debug_loc     0x000039c8       0xc8 ..\obj\heap_1.o

.debug_pubnames
                0x00000000     0x17f9
 .debug_pubnames
                0x00000000       0x2b ..\obj\Task_Comunicaciones.o
 .debug_pubnames
                0x0000002b       0x86 ..\obj\system_lm3s.o
 .debug_pubnames
                0x000000b1      0x159 ..\obj\core_cm3.o
 .debug_pubnames
                0x0000020a      0x1d2 ..\obj\timer.o
 .debug_pubnames
                0x000003dc      0x2d1 ..\obj\pwm.o
 .debug_pubnames
                0x000006ad       0x24 ..\obj\Task_Control.o
 .debug_pubnames
                0x000006d1       0x1b ..\obj\main.o
 .debug_pubnames
                0x000006ec      0x41f ..\obj\sysctl.o
 .debug_pubnames
                0x00000b0b      0x2a9 ..\obj\gpio.o
 .debug_pubnames
                0x00000db4      0x19d ..\obj\tasks.o
 .debug_pubnames
                0x00000f51       0xd6 ..\obj\interrupt.o
 .debug_pubnames
                0x00001027       0xce ..\obj\rit128x96x4.o
 .debug_pubnames
                0x000010f5       0x4a ..\obj\startup_lm3s.o
 .debug_pubnames
                0x0000113f       0x71 ..\obj\list.o
 .debug_pubnames
                0x000011b0       0x71 ..\obj\syscalls.o
 .debug_pubnames
                0x00001221      0x133 ..\obj\ssi.o
 .debug_pubnames
                0x00001354      0x111 ..\obj\queue.o
 .debug_pubnames
                0x00001465      0x10d ..\obj\port.o
 .debug_pubnames
                0x00001572       0x96 ..\obj\croutine.o
 .debug_pubnames
                0x00001608       0x37 ..\obj\cpu.o
 .debug_pubnames
                0x0000163f       0x86 ..\obj\console.o
 .debug_pubnames
                0x000016c5       0xd0 ..\obj\systick.o
 .debug_pubnames
                0x00001795       0x64 ..\obj\heap_1.o

.debug_pubtypes
                0x00000000      0x615
 .debug_pubtypes
                0x00000000       0x23 ..\obj\Task_Comunicaciones.o
 .debug_pubtypes
                0x00000023       0x3b ..\obj\system_lm3s.o
 .debug_pubtypes
                0x0000005e       0x50 ..\obj\core_cm3.o
 .debug_pubtypes
                0x000000ae       0x1f ..\obj\timer.o
 .debug_pubtypes
                0x000000cd       0x1f ..\obj\pwm.o
 .debug_pubtypes
                0x000000ec       0x23 ..\obj\Task_Control.o
 .debug_pubtypes
                0x0000010f       0x12 ..\obj\main.o
 .debug_pubtypes
                0x00000121       0x1f ..\obj\sysctl.o
 .debug_pubtypes
                0x00000140       0x12 ..\obj\timers.o
 .debug_pubtypes
                0x00000152       0x1f ..\obj\gpio.o
 .debug_pubtypes
                0x00000171      0x10c ..\obj\tasks.o
 .debug_pubtypes
                0x0000027d       0x1f ..\obj\interrupt.o
 .debug_pubtypes
                0x0000029c       0x12 ..\obj\rit128x96x4.o
 .debug_pubtypes
                0x000002ae       0x7a ..\obj\list.o
 .debug_pubtypes
                0x00000328       0xaa ..\obj\syscalls.o
 .debug_pubtypes
                0x000003d2       0x1f ..\obj\ssi.o
 .debug_pubtypes
                0x000003f1       0xd4 ..\obj\queue.o
 .debug_pubtypes
                0x000004c5       0x33 ..\obj\port.o
 .debug_pubtypes
                0x000004f8       0xcd ..\obj\croutine.o
 .debug_pubtypes
                0x000005c5       0x12 ..\obj\console.o
 .debug_pubtypes
                0x000005d7       0x12 ..\obj\systick.o
 .debug_pubtypes
                0x000005e9       0x2c ..\obj\heap_1.o

.debug_aranges  0x00000000      0xb20
 .debug_aranges
                0x00000000       0x20 ..\obj\Task_Comunicaciones.o
 .debug_aranges
                0x00000020       0x28 ..\obj\system_lm3s.o
 .debug_aranges
                0x00000048       0xc8 ..\obj\core_cm3.o
 .debug_aranges
                0x00000110       0xd0 ..\obj\timer.o
 .debug_aranges
                0x000001e0      0x120 ..\obj\pwm.o
 .debug_aranges
                0x00000300       0x20 ..\obj\Task_Control.o
 .debug_aranges
                0x00000320       0x20 ..\obj\main.o
 .debug_aranges
                0x00000340      0x170 ..\obj\sysctl.o
 .debug_aranges
                0x000004b0      0x118 ..\obj\gpio.o
 .debug_aranges
                0x000005c8       0xc8 ..\obj\tasks.o
 .debug_aranges
                0x00000690       0x70 ..\obj\interrupt.o
 .debug_aranges
                0x00000700       0x68 ..\obj\rit128x96x4.o
 .debug_aranges
                0x00000768       0x28 ..\obj\startup_lm3s.o
 .debug_aranges
                0x00000790       0x40 ..\obj\list.o
 .debug_aranges
                0x000007d0       0x60 ..\obj\syscalls.o
 .debug_aranges
                0x00000830       0x98 ..\obj\ssi.o
 .debug_aranges
                0x000008c8       0x90 ..\obj\queue.o
 .debug_aranges
                0x00000958       0x70 ..\obj\port.o
 .debug_aranges
                0x000009c8       0x50 ..\obj\croutine.o
 .debug_aranges
                0x00000a18       0x30 ..\obj\cpu.o
 .debug_aranges
                0x00000a48       0x40 ..\obj\console.o
 .debug_aranges
                0x00000a88       0x60 ..\obj\systick.o
 .debug_aranges
                0x00000ae8       0x38 ..\obj\heap_1.o

.debug_ranges   0x00000000      0x9b0
 .debug_ranges  0x00000000       0x10 ..\obj\Task_Comunicaciones.o
 .debug_ranges  0x00000010       0x18 ..\obj\system_lm3s.o
 .debug_ranges  0x00000028       0xb8 ..\obj\core_cm3.o
 .debug_ranges  0x000000e0       0xc0 ..\obj\timer.o
 .debug_ranges  0x000001a0      0x110 ..\obj\pwm.o
 .debug_ranges  0x000002b0       0x10 ..\obj\Task_Control.o
 .debug_ranges  0x000002c0       0x10 ..\obj\main.o
 .debug_ranges  0x000002d0      0x160 ..\obj\sysctl.o
 .debug_ranges  0x00000430      0x108 ..\obj\gpio.o
 .debug_ranges  0x00000538       0xb8 ..\obj\tasks.o
 .debug_ranges  0x000005f0       0x60 ..\obj\interrupt.o
 .debug_ranges  0x00000650       0x58 ..\obj\rit128x96x4.o
 .debug_ranges  0x000006a8       0x18 ..\obj\startup_lm3s.o
 .debug_ranges  0x000006c0       0x30 ..\obj\list.o
 .debug_ranges  0x000006f0       0x50 ..\obj\syscalls.o
 .debug_ranges  0x00000740       0x88 ..\obj\ssi.o
 .debug_ranges  0x000007c8       0x80 ..\obj\queue.o
 .debug_ranges  0x00000848       0x60 ..\obj\port.o
 .debug_ranges  0x000008a8       0x40 ..\obj\croutine.o
 .debug_ranges  0x000008e8       0x20 ..\obj\cpu.o
 .debug_ranges  0x00000908       0x30 ..\obj\console.o
 .debug_ranges  0x00000938       0x50 ..\obj\systick.o
 .debug_ranges  0x00000988       0x28 ..\obj\heap_1.o

.debug_str      0x00000000     0x2b4b
 .debug_str     0x00000000      0x181 ..\obj\Task_Comunicaciones.o
                                0x1ba (size before relaxing)
 .debug_str     0x00000181      0x213 ..\obj\system_lm3s.o
                                0x2a8 (size before relaxing)
 .debug_str     0x00000394      0x1ad ..\obj\core_cm3.o
                                0x25e (size before relaxing)
 .debug_str     0x00000541      0x23e ..\obj\timer.o
                                0x26a (size before relaxing)
 .debug_str     0x0000077f      0x396 ..\obj\pwm.o
                                0x406 (size before relaxing)
 .debug_str     0x00000b15       0x7f ..\obj\Task_Control.o
                                0x1a7 (size before relaxing)
 .debug_str     0x00000b94       0x6e ..\obj\main.o
                                0x167 (size before relaxing)
 .debug_str     0x00000c02      0x4b4 ..\obj\sysctl.o
                                0x521 (size before relaxing)
 .debug_str     0x000010b6       0x2a ..\obj\timers.o
                                 0x7d (size before relaxing)
 .debug_str     0x000010e0      0x348 ..\obj\gpio.o
                                0x3cb (size before relaxing)
 .debug_str     0x00001428      0x5d2 ..\obj\tasks.o
                                0x700 (size before relaxing)
 .debug_str     0x000019fa      0x151 ..\obj\interrupt.o
                                0x1de (size before relaxing)
 .debug_str     0x00001b4b      0x1b3 ..\obj\rit128x96x4.o
                                0x228 (size before relaxing)
 .debug_str     0x00001cfe       0xdc ..\obj\startup_lm3s.o
                                0x107 (size before relaxing)
 .debug_str     0x00001dda       0xbb ..\obj\list.o
                                0x1ee (size before relaxing)
 .debug_str     0x00001e95      0x195 ..\obj\syscalls.o
                                0x2b5 (size before relaxing)
 .debug_str     0x0000202a      0x1c6 ..\obj\ssi.o
                                0x236 (size before relaxing)
 .debug_str     0x000021f0      0x2c1 ..\obj\queue.o
                                0x466 (size before relaxing)
 .debug_str     0x000024b1      0x143 ..\obj\port.o
                                0x1c9 (size before relaxing)
 .debug_str     0x000025f4      0x26e ..\obj\croutine.o
                                0x3bd (size before relaxing)
 .debug_str     0x00002862       0x91 ..\obj\cpu.o
                                 0xaf (size before relaxing)
 .debug_str     0x000028f3       0x8b ..\obj\console.o
                                0x184 (size before relaxing)
 .debug_str     0x0000297e      0x110 ..\obj\systick.o
                                0x150 (size before relaxing)
 .debug_str     0x00002a8e       0xbd ..\obj\heap_1.o
                                0x159 (size before relaxing)

.comment        0x00000000       0x2a
 .comment       0x00000000       0x2a ..\obj\Task_Comunicaciones.o
                                 0x2b (size before relaxing)
 .comment       0x00000000       0x2b ..\obj\system_lm3s.o
 .comment       0x00000000       0x2b ..\obj\core_cm3.o
 .comment       0x00000000       0x2b ..\obj\timer.o
 .comment       0x00000000       0x2b ..\obj\pwm.o
 .comment       0x00000000       0x2b ..\obj\Task_Control.o
 .comment       0x00000000       0x2b ..\obj\main.o
 .comment       0x00000000       0x2b ..\obj\sysctl.o
 .comment       0x00000000       0x2b ..\obj\timers.o
 .comment       0x00000000       0x2b ..\obj\gpio.o
 .comment       0x00000000       0x2b ..\obj\tasks.o
 .comment       0x00000000       0x2b ..\obj\interrupt.o
 .comment       0x00000000       0x2b ..\obj\rit128x96x4.o
 .comment       0x00000000       0x2b ..\obj\startup_lm3s.o
 .comment       0x00000000       0x2b ..\obj\list.o
 .comment       0x00000000       0x2b ..\obj\syscalls.o
 .comment       0x00000000       0x2b ..\obj\ssi.o
 .comment       0x00000000       0x2b ..\obj\queue.o
 .comment       0x00000000       0x2b ..\obj\port.o
 .comment       0x00000000       0x2b ..\obj\croutine.o
 .comment       0x00000000       0x2b ..\obj\cpu.o
 .comment       0x00000000       0x2b ..\obj\console.o
 .comment       0x00000000       0x2b ..\obj\systick.o
 .comment       0x00000000       0x2b ..\obj\heap_1.o

.ARM.attributes
                0x00000000       0x31
 .ARM.attributes
                0x00000000       0x31 ..\obj\Task_Comunicaciones.o
 .ARM.attributes
                0x00000031       0x31 ..\obj\system_lm3s.o
 .ARM.attributes
                0x00000062       0x31 ..\obj\core_cm3.o
 .ARM.attributes
                0x00000093       0x31 ..\obj\timer.o
 .ARM.attributes
                0x000000c4       0x31 ..\obj\pwm.o
 .ARM.attributes
                0x000000f5       0x31 ..\obj\Task_Control.o
 .ARM.attributes
                0x00000126       0x31 ..\obj\main.o
 .ARM.attributes
                0x00000157       0x31 ..\obj\sysctl.o
 .ARM.attributes
                0x00000188       0x31 ..\obj\timers.o
 .ARM.attributes
                0x000001b9       0x31 ..\obj\gpio.o
 .ARM.attributes
                0x000001ea       0x31 ..\obj\tasks.o
 .ARM.attributes
                0x0000021b       0x31 ..\obj\interrupt.o
 .ARM.attributes
                0x0000024c       0x31 ..\obj\rit128x96x4.o
 .ARM.attributes
                0x0000027d       0x31 ..\obj\startup_lm3s.o
 .ARM.attributes
                0x000002ae       0x31 ..\obj\list.o
 .ARM.attributes
                0x000002df       0x31 ..\obj\syscalls.o
 .ARM.attributes
                0x00000310       0x31 ..\obj\ssi.o
 .ARM.attributes
                0x00000341       0x31 ..\obj\queue.o
 .ARM.attributes
                0x00000372       0x31 ..\obj\port.o
 .ARM.attributes
                0x000003a3       0x31 ..\obj\croutine.o
 .ARM.attributes
                0x000003d4       0x31 ..\obj\cpu.o
 .ARM.attributes
                0x00000405       0x31 ..\obj\console.o
 .ARM.attributes
                0x00000436       0x31 ..\obj\systick.o
 .ARM.attributes
                0x00000467       0x31 ..\obj\heap_1.o
 .ARM.attributes
                0x00000498       0x29 c:/apps/coide/gcc/sourcery g++ lite/bin/../lib/gcc/arm-none-eabi/4.5.1/../../../../arm-none-eabi/lib/thumb2\libc.a(lib_a-memcpy.o)
 .ARM.attributes
                0x000004c1       0x29 c:/apps/coide/gcc/sourcery g++ lite/bin/../lib/gcc/arm-none-eabi/4.5.1/../../../../arm-none-eabi/lib/thumb2\libc.a(lib_a-memset.o)
 .ARM.attributes
                0x000004ea       0x29 c:/apps/coide/gcc/sourcery g++ lite/bin/../lib/gcc/arm-none-eabi/4.5.1/../../../../arm-none-eabi/lib/thumb2\libc.a(lib_a-sprintf.o)
 .ARM.attributes
                0x00000513       0x29 c:/apps/coide/gcc/sourcery g++ lite/bin/../lib/gcc/arm-none-eabi/4.5.1/../../../../arm-none-eabi/lib/thumb2\libc.a(lib_a-strlen.o)
 .ARM.attributes
                0x0000053c       0x29 c:/apps/coide/gcc/sourcery g++ lite/bin/../lib/gcc/arm-none-eabi/4.5.1/../../../../arm-none-eabi/lib/thumb2\libc.a(lib_a-strncpy.o)
 .ARM.attributes
                0x00000565       0x29 c:/apps/coide/gcc/sourcery g++ lite/bin/../lib/gcc/arm-none-eabi/4.5.1/../../../../arm-none-eabi/lib/thumb2\libc.a(lib_a-svfprintf.o)
 .ARM.attributes
                0x0000058e       0x29 c:/apps/coide/gcc/sourcery g++ lite/bin/../lib/gcc/arm-none-eabi/4.5.1/../../../../arm-none-eabi/lib/thumb2\libc.a(lib_a-dtoa.o)
 .ARM.attributes
                0x000005b7       0x29 c:/apps/coide/gcc/sourcery g++ lite/bin/../lib/gcc/arm-none-eabi/4.5.1/../../../../arm-none-eabi/lib/thumb2\libc.a(lib_a-impure.o)
 .ARM.attributes
                0x000005e0       0x29 c:/apps/coide/gcc/sourcery g++ lite/bin/../lib/gcc/arm-none-eabi/4.5.1/../../../../arm-none-eabi/lib/thumb2\libc.a(lib_a-locale.o)
 .ARM.attributes
                0x00000609       0x29 c:/apps/coide/gcc/sourcery g++ lite/bin/../lib/gcc/arm-none-eabi/4.5.1/../../../../arm-none-eabi/lib/thumb2\libc.a(lib_a-malloc.o)
 .ARM.attributes
                0x00000632       0x29 c:/apps/coide/gcc/sourcery g++ lite/bin/../lib/gcc/arm-none-eabi/4.5.1/../../../../arm-none-eabi/lib/thumb2\libc.a(lib_a-mallocr.o)
 .ARM.attributes
                0x0000065b       0x29 c:/apps/coide/gcc/sourcery g++ lite/bin/../lib/gcc/arm-none-eabi/4.5.1/../../../../arm-none-eabi/lib/thumb2\libc.a(lib_a-memchr.o)
 .ARM.attributes
                0x00000684       0x29 c:/apps/coide/gcc/sourcery g++ lite/bin/../lib/gcc/arm-none-eabi/4.5.1/../../../../arm-none-eabi/lib/thumb2\libc.a(lib_a-mlock.o)
 .ARM.attributes
                0x000006ad       0x29 c:/apps/coide/gcc/sourcery g++ lite/bin/../lib/gcc/arm-none-eabi/4.5.1/../../../../arm-none-eabi/lib/thumb2\libc.a(lib_a-mprec.o)
 .ARM.attributes
                0x000006d6       0x29 c:/apps/coide/gcc/sourcery g++ lite/bin/../lib/gcc/arm-none-eabi/4.5.1/../../../../arm-none-eabi/lib/thumb2\libc.a(lib_a-s_fpclassify.o)
 .ARM.attributes
                0x000006ff       0x29 c:/apps/coide/gcc/sourcery g++ lite/bin/../lib/gcc/arm-none-eabi/4.5.1/../../../../arm-none-eabi/lib/thumb2\libc.a(lib_a-sbrkr.o)
 .ARM.attributes
                0x00000728       0x29 c:/apps/coide/gcc/sourcery g++ lite/bin/../lib/gcc/arm-none-eabi/4.5.1/../../../../arm-none-eabi/lib/thumb2\libc.a(lib_a-strcmp.o)
 .ARM.attributes
                0x00000751       0x29 c:/apps/coide/gcc/sourcery g++ lite/bin/../lib/gcc/arm-none-eabi/4.5.1/../../../../arm-none-eabi/lib/thumb2\libc.a(lib_a-svfiprintf.o)
 .ARM.attributes
                0x0000077a       0x29 c:/apps/coide/gcc/sourcery g++ lite/bin/../lib/gcc/arm-none-eabi/4.5.1/../../../../arm-none-eabi/lib/thumb2\libc.a(lib_a-callocr.o)
 .ARM.attributes
                0x000007a3       0x29 c:/apps/coide/gcc/sourcery g++ lite/bin/../lib/gcc/arm-none-eabi/4.5.1/../../../../arm-none-eabi/lib/thumb2\libc.a(lib_a-freer.o)
 .ARM.attributes
                0x000007cc       0x29 c:/apps/coide/gcc/sourcery g++ lite/bin/../lib/gcc/arm-none-eabi/4.5.1/../../../../arm-none-eabi/lib/thumb2\libc.a(lib_a-memmove.o)
 .ARM.attributes
                0x000007f5       0x29 c:/apps/coide/gcc/sourcery g++ lite/bin/../lib/gcc/arm-none-eabi/4.5.1/../../../../arm-none-eabi/lib/thumb2\libc.a(lib_a-reallocr.o)
 .ARM.attributes
                0x0000081e       0x29 c:/apps/coide/gcc/sourcery g++ lite/bin/../lib/gcc/arm-none-eabi/4.5.1/../../../../arm-none-eabi/lib/thumb2\libc.a(lib_a-reent.o)
 .ARM.attributes
                0x00000847       0x1b c:/apps/coide/gcc/sourcery g++ lite/bin/../lib/gcc/arm-none-eabi/4.5.1/thumb2\libgcc.a(_udivsi3.o)
 .ARM.attributes
                0x00000862       0x1b c:/apps/coide/gcc/sourcery g++ lite/bin/../lib/gcc/arm-none-eabi/4.5.1/thumb2\libgcc.a(_dvmd_tls.o)
 .ARM.attributes
                0x0000087d       0x1b c:/apps/coide/gcc/sourcery g++ lite/bin/../lib/gcc/arm-none-eabi/4.5.1/thumb2\libgcc.a(_arm_addsubdf3.o)
 .ARM.attributes
                0x00000898       0x1b c:/apps/coide/gcc/sourcery g++ lite/bin/../lib/gcc/arm-none-eabi/4.5.1/thumb2\libgcc.a(_arm_muldivdf3.o)
 .ARM.attributes
                0x000008b3       0x1b c:/apps/coide/gcc/sourcery g++ lite/bin/../lib/gcc/arm-none-eabi/4.5.1/thumb2\libgcc.a(_arm_cmpdf2.o)
 .ARM.attributes
                0x000008ce       0x1b c:/apps/coide/gcc/sourcery g++ lite/bin/../lib/gcc/arm-none-eabi/4.5.1/thumb2\libgcc.a(_arm_fixdfsi.o)
 .ARM.attributes
                0x000008e9       0x1b c:/apps/coide/gcc/sourcery g++ lite/bin/../lib/gcc/arm-none-eabi/4.5.1/thumb2\libgcc.a(_aeabi_uldivmod.o)
 .ARM.attributes
                0x00000904       0x29 c:/apps/coide/gcc/sourcery g++ lite/bin/../lib/gcc/arm-none-eabi/4.5.1/thumb2\libgcc.a(bpabi.o)
 .ARM.attributes
                0x0000092d       0x29 c:/apps/coide/gcc/sourcery g++ lite/bin/../lib/gcc/arm-none-eabi/4.5.1/thumb2\libgcc.a(_divdi3.o)
 .ARM.attributes
                0x00000956       0x29 c:/apps/coide/gcc/sourcery g++ lite/bin/../lib/gcc/arm-none-eabi/4.5.1/thumb2\libgcc.a(_udivdi3.o)

.debug_frame    0x00000000     0x29cc
 .debug_frame   0x00000000       0x30 ..\obj\Task_Comunicaciones.o
 .debug_frame   0x00000030       0x4c ..\obj\system_lm3s.o
 .debug_frame   0x0000007c      0x280 ..\obj\core_cm3.o
 .debug_frame   0x000002fc      0x2a0 ..\obj\timer.o
 .debug_frame   0x0000059c      0x3bc ..\obj\pwm.o
 .debug_frame   0x00000958       0x30 ..\obj\Task_Control.o
 .debug_frame   0x00000988       0x30 ..\obj\main.o
 .debug_frame   0x000009b8      0x498 ..\obj\sysctl.o
 .debug_frame   0x00000e50      0x3d8 ..\obj\gpio.o
 .debug_frame   0x00001228      0x2a0 ..\obj\tasks.o
 .debug_frame   0x000014c8      0x140 ..\obj\interrupt.o
 .debug_frame   0x00001608      0x14c ..\obj\rit128x96x4.o
 .debug_frame   0x00001754       0x48 ..\obj\startup_lm3s.o
 .debug_frame   0x0000179c       0x9c ..\obj\list.o
 .debug_frame   0x00001838      0x108 ..\obj\syscalls.o
 .debug_frame   0x00001940      0x1d8 ..\obj\ssi.o
 .debug_frame   0x00001b18      0x1e4 ..\obj\queue.o
 .debug_frame   0x00001cfc      0x110 ..\obj\port.o
 .debug_frame   0x00001e0c       0xf0 ..\obj\croutine.o
 .debug_frame   0x00001efc       0x40 ..\obj\cpu.o
 .debug_frame   0x00001f3c       0xac ..\obj\console.o
 .debug_frame   0x00001fe8       0xf8 ..\obj\systick.o
 .debug_frame   0x000020e0       0x7c ..\obj\heap_1.o
 .debug_frame   0x0000215c       0x30 c:/apps/coide/gcc/sourcery g++ lite/bin/../lib/gcc/arm-none-eabi/4.5.1/../../../../arm-none-eabi/lib/thumb2\libc.a(lib_a-memcpy.o)
 .debug_frame   0x0000218c       0x2c c:/apps/coide/gcc/sourcery g++ lite/bin/../lib/gcc/arm-none-eabi/4.5.1/../../../../arm-none-eabi/lib/thumb2\libc.a(lib_a-memset.o)
 .debug_frame   0x000021b8       0x64 c:/apps/coide/gcc/sourcery g++ lite/bin/../lib/gcc/arm-none-eabi/4.5.1/../../../../arm-none-eabi/lib/thumb2\libc.a(lib_a-sprintf.o)
 .debug_frame   0x0000221c       0x20 c:/apps/coide/gcc/sourcery g++ lite/bin/../lib/gcc/arm-none-eabi/4.5.1/../../../../arm-none-eabi/lib/thumb2\libc.a(lib_a-strlen.o)
 .debug_frame   0x0000223c       0x2c c:/apps/coide/gcc/sourcery g++ lite/bin/../lib/gcc/arm-none-eabi/4.5.1/../../../../arm-none-eabi/lib/thumb2\libc.a(lib_a-strncpy.o)
 .debug_frame   0x00002268       0x3c c:/apps/coide/gcc/sourcery g++ lite/bin/../lib/gcc/arm-none-eabi/4.5.1/../../../../arm-none-eabi/lib/thumb2\libc.a(lib_a-svfprintf.o)
 .debug_frame   0x000022a4       0x68 c:/apps/coide/gcc/sourcery g++ lite/bin/../lib/gcc/arm-none-eabi/4.5.1/../../../../arm-none-eabi/lib/thumb2\libc.a(lib_a-dtoa.o)
 .debug_frame   0x0000230c       0x98 c:/apps/coide/gcc/sourcery g++ lite/bin/../lib/gcc/arm-none-eabi/4.5.1/../../../../arm-none-eabi/lib/thumb2\libc.a(lib_a-locale.o)
 .debug_frame   0x000023a4       0x30 c:/apps/coide/gcc/sourcery g++ lite/bin/../lib/gcc/arm-none-eabi/4.5.1/../../../../arm-none-eabi/lib/thumb2\libc.a(lib_a-malloc.o)
 .debug_frame   0x000023d4       0x3c c:/apps/coide/gcc/sourcery g++ lite/bin/../lib/gcc/arm-none-eabi/4.5.1/../../../../arm-none-eabi/lib/thumb2\libc.a(lib_a-mallocr.o)
 .debug_frame   0x00002410       0x2c c:/apps/coide/gcc/sourcery g++ lite/bin/../lib/gcc/arm-none-eabi/4.5.1/../../../../arm-none-eabi/lib/thumb2\libc.a(lib_a-memchr.o)
 .debug_frame   0x0000243c       0x30 c:/apps/coide/gcc/sourcery g++ lite/bin/../lib/gcc/arm-none-eabi/4.5.1/../../../../arm-none-eabi/lib/thumb2\libc.a(lib_a-mlock.o)
 .debug_frame   0x0000246c      0x244 c:/apps/coide/gcc/sourcery g++ lite/bin/../lib/gcc/arm-none-eabi/4.5.1/../../../../arm-none-eabi/lib/thumb2\libc.a(lib_a-mprec.o)
 .debug_frame   0x000026b0       0x28 c:/apps/coide/gcc/sourcery g++ lite/bin/../lib/gcc/arm-none-eabi/4.5.1/../../../../arm-none-eabi/lib/thumb2\libc.a(lib_a-s_fpclassify.o)
 .debug_frame   0x000026d8       0x2c c:/apps/coide/gcc/sourcery g++ lite/bin/../lib/gcc/arm-none-eabi/4.5.1/../../../../arm-none-eabi/lib/thumb2\libc.a(lib_a-sbrkr.o)
 .debug_frame   0x00002704       0x30 c:/apps/coide/gcc/sourcery g++ lite/bin/../lib/gcc/arm-none-eabi/4.5.1/../../../../arm-none-eabi/lib/thumb2\libc.a(lib_a-strcmp.o)
 .debug_frame   0x00002734       0x68 c:/apps/coide/gcc/sourcery g++ lite/bin/../lib/gcc/arm-none-eabi/4.5.1/../../../../arm-none-eabi/lib/thumb2\libc.a(lib_a-svfiprintf.o)
 .debug_frame   0x0000279c       0x2c c:/apps/coide/gcc/sourcery g++ lite/bin/../lib/gcc/arm-none-eabi/4.5.1/../../../../arm-none-eabi/lib/thumb2\libc.a(lib_a-callocr.o)
 .debug_frame   0x000027c8       0x50 c:/apps/coide/gcc/sourcery g++ lite/bin/../lib/gcc/arm-none-eabi/4.5.1/../../../../arm-none-eabi/lib/thumb2\libc.a(lib_a-freer.o)
 .debug_frame   0x00002818       0x2c c:/apps/coide/gcc/sourcery g++ lite/bin/../lib/gcc/arm-none-eabi/4.5.1/../../../../arm-none-eabi/lib/thumb2\libc.a(lib_a-memmove.o)
 .debug_frame   0x00002844       0x3c c:/apps/coide/gcc/sourcery g++ lite/bin/../lib/gcc/arm-none-eabi/4.5.1/../../../../arm-none-eabi/lib/thumb2\libc.a(lib_a-reallocr.o)
 .debug_frame   0x00002880       0x64 c:/apps/coide/gcc/sourcery g++ lite/bin/../lib/gcc/arm-none-eabi/4.5.1/../../../../arm-none-eabi/lib/thumb2\libc.a(lib_a-reent.o)
 .debug_frame   0x000028e4       0x20 c:/apps/coide/gcc/sourcery g++ lite/bin/../lib/gcc/arm-none-eabi/4.5.1/thumb2\libgcc.a(_udivsi3.o)
 .debug_frame   0x00002904       0x50 c:/apps/coide/gcc/sourcery g++ lite/bin/../lib/gcc/arm-none-eabi/4.5.1/thumb2\libgcc.a(bpabi.o)
 .debug_frame   0x00002954       0x3c c:/apps/coide/gcc/sourcery g++ lite/bin/../lib/gcc/arm-none-eabi/4.5.1/thumb2\libgcc.a(_divdi3.o)
 .debug_frame   0x00002990       0x3c c:/apps/coide/gcc/sourcery g++ lite/bin/../lib/gcc/arm-none-eabi/4.5.1/thumb2\libgcc.a(_udivdi3.o)
