Archive member included because of file (symbol)

c:/app/coide/gcc/sourcery g++ lite/bin/../lib/gcc/arm-none-eabi/4.5.1/thumb2\libgcc.a(_arm_addsubdf3.o)
                              ..\obj\stellaris_1.o (__aeabi_dsub)
c:/app/coide/gcc/sourcery g++ lite/bin/../lib/gcc/arm-none-eabi/4.5.1/thumb2\libgcc.a(_arm_muldivdf3.o)
                              ..\obj\stellaris_1.o (__aeabi_dmul)
c:/app/coide/gcc/sourcery g++ lite/bin/../lib/gcc/arm-none-eabi/4.5.1/thumb2\libgcc.a(_arm_cmpdf2.o)
                              ..\obj\stellaris_1.o (__aeabi_dcmpeq)
c:/app/coide/gcc/sourcery g++ lite/bin/../lib/gcc/arm-none-eabi/4.5.1/thumb2\libgcc.a(_arm_truncdfsf2.o)
                              ..\obj\Task_Control.o (__aeabi_d2f)
c:/app/coide/gcc/sourcery g++ lite/bin/../lib/gcc/arm-none-eabi/4.5.1/thumb2\libgcc.a(_arm_addsubsf3.o)
                              ..\obj\pwm_generico.o (__aeabi_ui2f)
c:/app/coide/gcc/sourcery g++ lite/bin/../lib/gcc/arm-none-eabi/4.5.1/thumb2\libgcc.a(_arm_muldivsf3.o)
                              ..\obj\pwm_generico.o (__aeabi_fmul)
c:/app/coide/gcc/sourcery g++ lite/bin/../lib/gcc/arm-none-eabi/4.5.1/thumb2\libgcc.a(_arm_cmpsf2.o)
                              ..\obj\Recepcion_Infrarrojos.o (__aeabi_fcmplt)
c:/app/coide/gcc/sourcery g++ lite/bin/../lib/gcc/arm-none-eabi/4.5.1/thumb2\libgcc.a(_arm_fixunssfsi.o)
                              ..\obj\pwm_generico.o (__aeabi_f2uiz)
c:/app/coide/gcc/sourcery g++ lite/bin/../lib/gcc/arm-none-eabi/4.5.1/../../../../arm-none-eabi/lib/thumb2\libc.a(lib_a-memcpy.o)
                              ..\obj\queue.o (memcpy)
c:/app/coide/gcc/sourcery g++ lite/bin/../lib/gcc/arm-none-eabi/4.5.1/../../../../arm-none-eabi/lib/thumb2\libc.a(lib_a-memset.o)
                              ..\obj\stellaris_1.o (memset)
c:/app/coide/gcc/sourcery g++ lite/bin/../lib/gcc/arm-none-eabi/4.5.1/../../../../arm-none-eabi/lib/thumb2\libc.a(lib_a-sprintf.o)
                              ..\obj\task_display.o (sprintf)
c:/app/coide/gcc/sourcery g++ lite/bin/../lib/gcc/arm-none-eabi/4.5.1/../../../../arm-none-eabi/lib/thumb2\libc.a(lib_a-strlen.o)
                              ..\obj\framebuffer.o (strlen)
c:/app/coide/gcc/sourcery g++ lite/bin/../lib/gcc/arm-none-eabi/4.5.1/../../../../arm-none-eabi/lib/thumb2\libc.a(lib_a-strncpy.o)
                              ..\obj\tasks.o (strncpy)
c:/app/coide/gcc/sourcery g++ lite/bin/../lib/gcc/arm-none-eabi/4.5.1/../../../../arm-none-eabi/lib/thumb2\libc.a(lib_a-svfprintf.o)
                              c:/app/coide/gcc/sourcery g++ lite/bin/../lib/gcc/arm-none-eabi/4.5.1/../../../../arm-none-eabi/lib/thumb2\libc.a(lib_a-sprintf.o) (_svfprintf_r)
c:/app/coide/gcc/sourcery g++ lite/bin/../lib/gcc/arm-none-eabi/4.5.1/../../../../arm-none-eabi/lib/thumb2\libc.a(lib_a-dtoa.o)
                              c:/app/coide/gcc/sourcery g++ lite/bin/../lib/gcc/arm-none-eabi/4.5.1/../../../../arm-none-eabi/lib/thumb2\libc.a(lib_a-svfprintf.o) (_dtoa_r)
c:/app/coide/gcc/sourcery g++ lite/bin/../lib/gcc/arm-none-eabi/4.5.1/../../../../arm-none-eabi/lib/thumb2\libc.a(lib_a-impure.o)
                              c:/app/coide/gcc/sourcery g++ lite/bin/../lib/gcc/arm-none-eabi/4.5.1/../../../../arm-none-eabi/lib/thumb2\libc.a(lib_a-sprintf.o) (_impure_ptr)
c:/app/coide/gcc/sourcery g++ lite/bin/../lib/gcc/arm-none-eabi/4.5.1/../../../../arm-none-eabi/lib/thumb2\libc.a(lib_a-locale.o)
                              c:/app/coide/gcc/sourcery g++ lite/bin/../lib/gcc/arm-none-eabi/4.5.1/../../../../arm-none-eabi/lib/thumb2\libc.a(lib_a-svfprintf.o) (_localeconv_r)
c:/app/coide/gcc/sourcery g++ lite/bin/../lib/gcc/arm-none-eabi/4.5.1/../../../../arm-none-eabi/lib/thumb2\libc.a(lib_a-malloc.o)
                              c:/app/coide/gcc/sourcery g++ lite/bin/../lib/gcc/arm-none-eabi/4.5.1/../../../../arm-none-eabi/lib/thumb2\libc.a(lib_a-dtoa.o) (malloc)
c:/app/coide/gcc/sourcery g++ lite/bin/../lib/gcc/arm-none-eabi/4.5.1/../../../../arm-none-eabi/lib/thumb2\libc.a(lib_a-mallocr.o)
                              c:/app/coide/gcc/sourcery g++ lite/bin/../lib/gcc/arm-none-eabi/4.5.1/../../../../arm-none-eabi/lib/thumb2\libc.a(lib_a-svfprintf.o) (_malloc_r)
c:/app/coide/gcc/sourcery g++ lite/bin/../lib/gcc/arm-none-eabi/4.5.1/../../../../arm-none-eabi/lib/thumb2\libc.a(lib_a-memchr.o)
                              c:/app/coide/gcc/sourcery g++ lite/bin/../lib/gcc/arm-none-eabi/4.5.1/../../../../arm-none-eabi/lib/thumb2\libc.a(lib_a-svfprintf.o) (memchr)
c:/app/coide/gcc/sourcery g++ lite/bin/../lib/gcc/arm-none-eabi/4.5.1/../../../../arm-none-eabi/lib/thumb2\libc.a(lib_a-mlock.o)
                              c:/app/coide/gcc/sourcery g++ lite/bin/../lib/gcc/arm-none-eabi/4.5.1/../../../../arm-none-eabi/lib/thumb2\libc.a(lib_a-mallocr.o) (__malloc_lock)
c:/app/coide/gcc/sourcery g++ lite/bin/../lib/gcc/arm-none-eabi/4.5.1/../../../../arm-none-eabi/lib/thumb2\libc.a(lib_a-mprec.o)
[...]
Memory Configuration

Name             Origin             Length             Attributes
rom              0x00000000         0x00040000         xr
ram              0x20000000         0x00010000         xrw
*default*        0x00000000         0xffffffff

Linker script and memory map

                0x20010000                _eram = 0x20010000

.text           0x00000000     0xda70
 *(.isr_vector .isr_vector.*)
 .isr_vector    0x00000000      0x100 ..\obj\startup_lm3s.o
                0x00000000                g_pfnVectors
 *(.text .text.* .gnu.linkonce.t.*)
 .text.RECECPCION_INFRARROJOS_fev_flanco_positivo
                0x00000100       0x1c ..\obj\Recepcion_Infrarrojos.o
                0x00000100                RECECPCION_INFRARROJOS_fev_flanco_positivo
 .text.RECECPCION_INFRARROJOS_fev_flanco_t_corto_min
                0x0000011c       0x58 ..\obj\Recepcion_Infrarrojos.o
                0x0000011c                RECECPCION_INFRARROJOS_fev_flanco_t_corto_min
 .text.RECECPCION_INFRARROJOS_fev_flanco_positivo_t_corto_ok
                0x00000174       0x9c ..\obj\Recepcion_Infrarrojos.o
                0x00000174                RECECPCION_INFRARROJOS_fev_flanco_positivo_t_corto_ok
 .text.RECECPCION_INFRARROJOS_fev_flanco_t_largo_min
                0x00000210       0x58 ..\obj\Recepcion_Infrarrojos.o
                0x00000210                RECECPCION_INFRARROJOS_fev_flanco_t_largo_min
 .text.RECECPCION_INFRARROJOS_fev_flanco_positivo_t_largo_ok
                0x00000268       0x9c ..\obj\Recepcion_Infrarrojos.o
                0x00000268                RECECPCION_INFRARROJOS_fev_flanco_positivo_t_largo_ok
 .text.RECECPCION_INFRARROJOS_fev_flanco_negativo
                0x00000304       0x1c ..\obj\Recepcion_Infrarrojos.o
                0x00000304                RECECPCION_INFRARROJOS_fev_flanco_negativo
 .text.RECECPCION_INFRARROJOS_fev_flanco_negativo_t_corto_ok
                0x00000320       0x9c ..\obj\Recepcion_Infrarrojos.o
                0x00000320                RECECPCION_INFRARROJOS_fev_flanco_negativo_t_corto_ok
 .text.RECECPCION_INFRARROJOS_fev_flanco_negativo_t_largo_ok
                0x000003bc       0x9c ..\obj\Recepcion_Infrarrojos.o
                0x000003bc                RECECPCION_INFRARROJOS_fev_flanco_negativo_t_largo_ok
 .text.RECECPCION_INFRARROJOS_fev_izquierda_pulsado
                0x00000458       0x30 ..\obj\Recepcion_Infrarrojos.o
                0x00000458                RECECPCION_INFRARROJOS_fev_izquierda_pulsado
 .text.RECECPCION_INFRARROJOS_fev_derecha_pulsado
                0x00000488       0x30 ..\obj\Recepcion_Infrarrojos.o
                0x00000488                RECECPCION_INFRARROJOS_fev_derecha_pulsado
 .text.RECECPCION_INFRARROJOS_fac_leer_on
                0x000004b8       0x1c ..\obj\Recepcion_Infrarrojos.o
                0x000004b8                RECECPCION_INFRARROJOS_fac_leer_on
 .text.RECECPCION_INFRARROJOS_fac_leer_off
                0x000004d4       0x1c ..\obj\Recepcion_Infrarrojos.o
                0x000004d4                RECECPCION_INFRARROJOS_fac_leer_off
 .text.RECECPCION_INFRARROJOS_fac_leer_on_2
                0x000004f0       0x1c ..\obj\Recepcion_Infrarrojos.o
                0x000004f0                RECECPCION_INFRARROJOS_fac_leer_on_2
 .text.RECECPCION_INFRARROJOS_fac_leer_off_2
                0x0000050c       0x1c ..\obj\Recepcion_Infrarrojos.o
                0x0000050c                RECECPCION_INFRARROJOS_fac_leer_off_2
 .text.RECECPCION_INFRARROJOS_fac_leer_on_4
                0x00000528       0x1c ..\obj\Recepcion_Infrarrojos.o
                0x00000528                RECECPCION_INFRARROJOS_fac_leer_on_4
 .text.RECECPCION_INFRARROJOS_fac_leer_off_3
                0x00000544       0x1c ..\obj\Recepcion_Infrarrojos.o
                0x00000544                RECECPCION_INFRARROJOS_fac_leer_off_3
 .text.RECECPCION_INFRARROJOS_fac_leer_on_3
                0x00000560       0x1c ..\obj\Recepcion_Infrarrojos.o
                0x00000560                RECECPCION_INFRARROJOS_fac_leer_on_3
 .text.RECECPCION_INFRARROJOS_fac_leer_off_4
                0x0000057c       0x1c ..\obj\Recepcion_Infrarrojos.o
                0x0000057c                RECECPCION_INFRARROJOS_fac_leer_off_4
 .text.RECECPCION_INFRARROJOS_fac_activar
                0x00000598       0x44 ..\obj\Recepcion_Infrarrojos.o
                0x00000598                RECECPCION_INFRARROJOS_fac_activar
 .text.RECECPCION_INFRARROJOS_fac_desactivar
                0x000005dc       0x94 ..\obj\Recepcion_Infrarrojos.o
                0x000005dc                RECECPCION_INFRARROJOS_fac_desactivar
 .text.RECECPCION_INFRARROJOS_fev_t_corto
                0x00000670       0x58 ..\obj\Recepcion_Infrarrojos.o
                0x00000670                RECECPCION_INFRARROJOS_fev_t_corto
 .text.RECECPCION_INFRARROJOS_fev_t_largo
                0x000006c8       0x58 ..\obj\Recepcion_Infrarrojos.o
                0x000006c8                RECECPCION_INFRARROJOS_fev_t_largo
 .text.RECECPCION_INFRARROJOS_fac_cancelar
                0x00000720       0x34 ..\obj\Recepcion_Infrarrojos.o
                0x00000720                RECECPCION_INFRARROJOS_fac_cancelar
 .text.RECEPCION_INFRARROJOS_fac_borrar_inter
                0x00000754       0x28 ..\obj\Recepcion_Infrarrojos.o
                0x00000754                RECEPCION_INFRARROJOS_fac_borrar_inter
 .text.RECECPCION_INFRARROJOS_fac_preguntar
                0x0000077c       0x28 ..\obj\Recepcion_Infrarrojos.o
                0x0000077c                RECECPCION_INFRARROJOS_fac_preguntar
 .text.RECEPCION_INFRARROJOS_coger_tiempo_actual
                0x000007a4       0x34 ..\obj\Recepcion_Infrarrojos.o
                0x000007a4                RECEPCION_INFRARROJOS_coger_tiempo_actual
 .text.RECEPCION_INFRARROJOS_dormir_tarea_190ms
                0x000007d8       0x18 ..\obj\Recepcion_Infrarrojos.o
                0x000007d8                RECEPCION_INFRARROJOS_dormir_tarea_190ms
 .text.RECEPCION_INFRARROJOS_dormir_tarea_90ms
                0x000007f0       0x18 ..\obj\Recepcion_Infrarrojos.o
                0x000007f0                RECEPCION_INFRARROJOS_dormir_tarea_90ms
 .text.RECEPCION_INFRARROJOS_mirar_flanco_positivo
                0x00000808       0x30 ..\obj\Recepcion_Infrarrojos.o
                0x00000808                RECEPCION_INFRARROJOS_mirar_flanco_positivo
 .text.RECEPCION_INFRARROJOS_mirar_flanco_negativo
                0x00000838       0x30 ..\obj\Recepcion_Infrarrojos.o
                0x00000838                RECEPCION_INFRARROJOS_mirar_flanco_negativo
 .text.RECECPCION_INFRARROJOS_fev_comunicacion_activada
                0x00000868       0x18 ..\obj\Recepcion_Infrarrojos.o
                0x00000868                RECECPCION_INFRARROJOS_fev_comunicacion_activada
 .text.RECECPCION_INFRARROJOS_fev_comunicacion_perdida
                0x00000880      0x114 ..\obj\Recepcion_Infrarrojos.o
                0x00000880                RECECPCION_INFRARROJOS_fev_comunicacion_perdida
 .text.RECECPCION_INFRARROJOS_fev_comunicacion_recuperada
                0x00000994      0x11c ..\obj\Recepcion_Infrarrojos.o
                0x00000994                RECECPCION_INFRARROJOS_fev_comunicacion_recuperada
 .text.RECECPCION_INFRARROJOS_fac_indicar_perdida
                0x00000ab0       0x64 ..\obj\Recepcion_Infrarrojos.o
                0x00000ab0                RECECPCION_INFRARROJOS_fac_indicar_perdida
 .text.RECECPCION_INFRARROJOS_fac_medir_senal
                0x00000b14       0xf4 ..\obj\Recepcion_Infrarrojos.o
                0x00000b14                RECECPCION_INFRARROJOS_fac_medir_senal
 .text.PINES_inicializar
                0x00000c08      0x168 ..\obj\pines.o
                0x00000c08                PINES_inicializar
 .text.PINES_inicializar_int_both_edges
                0x00000d70      0x148 ..\obj\pines.o
                0x00000d70                PINES_inicializar_int_both_edges
 .text.PINES_inicializar_int_pos_edge
                0x00000eb8      0x148 ..\obj\pines.o
                0x00000eb8                PINES_inicializar_int_pos_edge
 .text.PortDInterruptHandler
                0x00001000      0x170 ..\obj\pines.o
                0x00001000                PortDInterruptHandler
 .text.SystemInit
                0x00001170      0x238 ..\obj\system_lm3s.o
                0x00001170                SystemInit
 .text.getOscClk
                0x000013a8      0x15c ..\obj\system_lm3s.o
 .text.stellaris_1_step
                0x00001504      0x4f4 ..\obj\stellaris_1.o
                0x00001504                stellaris_1_step
 .text.stellaris_1_initialize
                0x000019f8       0x40 ..\obj\stellaris_1.o
                0x000019f8                stellaris_1_initialize
 .text.PWMGenConfigure
                0x00001a38       0x74 ..\obj\pwm.o
                0x00001a38                PWMGenConfigure
 .text.PWMGenPeriodSet
                0x00001aac       0x48 ..\obj\pwm.o
                0x00001aac                PWMGenPeriodSet
 .text.PWMGenEnable
                0x00001af4       0x28 ..\obj\pwm.o
                0x00001af4                PWMGenEnable
 .text.PWMPulseWidthSet
                0x00001b1c       0x6c ..\obj\pwm.o
                0x00001b1c                PWMPulseWidthSet
 .text.PWMOutputState
                0x00001b88       0x50 ..\obj\pwm.o
                0x00001b88                PWMOutputState
 .text.vTask_Control
                0x00001bd8       0x40 ..\obj\Task_Control.o
                0x00001bd8                vTask_Control
 .text.rt_OneStep
                0x00001c18      0x240 ..\obj\Task_Control.o
                0x00001c18                rt_OneStep
 .text.SYSTEM_TICK_coger_valor_ticks
                0x00001e58       0x20 ..\obj\system_tick.o
                0x00001e58                SYSTEM_TICK_coger_valor_ticks
 .text.main     0x00001e78      0x284 ..\obj\main.o
                0x00001e78                main
 .text.pwm_init
                0x000020fc       0x20 ..\obj\main.o
                0x000020fc                pwm_init
 .text.FRAME_BUFFER_init
                0x0000211c      0x10c ..\obj\framebuffer.o
                0x0000211c                FRAME_BUFFER_init
 .text.FRAME_BUFFER_insert_text
                0x00002228      0x16c ..\obj\framebuffer.o
                0x00002228                FRAME_BUFFER_insert_text
 .text.FRAME_BUFFER_change_text
                0x00002394       0x58 ..\obj\framebuffer.o
                0x00002394                FRAME_BUFFER_change_text
 .text.FRAME_BUFFER_write_to_display
                0x000023ec      0x2e8 ..\obj\framebuffer.o
                0x000023ec                FRAME_BUFFER_write_to_display
 .text.SysCtlPeripheralEnable
                0x000026d4       0x58 ..\obj\sysctl.o
                0x000026d4                SysCtlPeripheralEnable
 .text.SysCtlDelay
                0x0000272c        0x8 ..\obj\sysctl.o
                0x0000272c                SysCtlDelay
 .text.SysCtlClockSet
                0x00002734      0x290 ..\obj\sysctl.o
                0x00002734                SysCtlClockSet
 .text.SysCtlClockGet
                0x000029c4      0x384 ..\obj\sysctl.o
                0x000029c4                SysCtlClockGet
 .text.SysCtlPWMClockSet
                0x00002d48       0x30 ..\obj\sysctl.o
                0x00002d48                SysCtlPWMClockSet
 .text.SysCtlADCSpeedSet
                0x00002d78       0x50 ..\obj\sysctl.o
                0x00002d78                SysCtlADCSpeedSet
 .text.GPIODirModeSet
                0x00002dc8       0x88 ..\obj\gpio.o
                0x00002dc8                GPIODirModeSet
 .text.GPIOIntTypeSet
                0x00002e50       0xd4 ..\obj\gpio.o
                0x00002e50                GPIOIntTypeSet
 .text.GPIOPadConfigSet
                0x00002f24      0x230 ..\obj\gpio.o
                0x00002f24                GPIOPadConfigSet
 .text.GPIOPinIntEnable
                0x00003154       0x2c ..\obj\gpio.o
                0x00003154                GPIOPinIntEnable
 .text.GPIOPinIntStatus
                0x00003180       0x34 ..\obj\gpio.o
                0x00003180                GPIOPinIntStatus
 .text.GPIOPinIntClear
                0x000031b4       0x24 ..\obj\gpio.o
                0x000031b4                GPIOPinIntClear
 .text.GPIOPinRead
                0x000031d8       0x28 ..\obj\gpio.o
                0x000031d8                GPIOPinRead
 .text.GPIOPinWrite
                0x00003200       0x2c ..\obj\gpio.o
                0x00003200                GPIOPinWrite
 .text.GPIOPinTypeADC
                0x0000322c       0x34 ..\obj\gpio.o
                0x0000322c                GPIOPinTypeADC
 .text.GPIOPinTypeGPIOInput
                0x00003260       0x34 ..\obj\gpio.o
                0x00003260                GPIOPinTypeGPIOInput
 .text.GPIOPinTypeGPIOOutput
                0x00003294       0x34 ..\obj\gpio.o
                0x00003294                GPIOPinTypeGPIOOutput
 .text.GPIOPinTypePWM
                0x000032c8       0x34 ..\obj\gpio.o
                0x000032c8                GPIOPinTypePWM
 .text.GPIOPinTypeSSI
                0x000032fc       0x34 ..\obj\gpio.o
                0x000032fc                GPIOPinTypeSSI
 .text.DISPLAY_inicializar
                0x00003330      0x114 ..\obj\display.o
                0x00003330                DISPLAY_inicializar
 .text.DISPLAY_indicar_estado
                0x00003444       0xec ..\obj\display.o
                0x00003444                DISPLAY_indicar_estado
 .text.DISPLAY_peticion_seguimiento
                0x00003530       0x38 ..\obj\display.o
                0x00003530                DISPLAY_peticion_seguimiento
 .text.DISPLAY_GENERICO_dibuja_string
                0x00003568       0x24 ..\obj\display_RIT.o
                0x00003568                DISPLAY_GENERICO_dibuja_string
 .text.DISPLAY_GENERICO_dibuja_imagen
                0x0000358c       0x28 ..\obj\display_RIT.o
                0x0000358c                DISPLAY_GENERICO_dibuja_imagen
 .text.DISPLAY_GENERICO_init
                0x000035b4       0x14 ..\obj\display_RIT.o
                0x000035b4                DISPLAY_GENERICO_init
 .text.xTaskGenericCreate
                0x000035c8      0x1ac ..\obj\tasks.o
                0x000035c8                xTaskGenericCreate
 .text.vTaskDelayUntil
                0x00003774       0xb0 ..\obj\tasks.o
                0x00003774                vTaskDelayUntil
 .text.vTaskSuspend
                0x00003824       0xc0 ..\obj\tasks.o
                0x00003824                vTaskSuspend
 .text.xTaskIsTaskSuspended
                0x000038e4       0x50 ..\obj\tasks.o
                0x000038e4                xTaskIsTaskSuspended
 .text.vTaskResume
                0x00003934       0xac ..\obj\tasks.o
                0x00003934                vTaskResume
 .text.vTaskStartScheduler
                0x000039e0       0x74 ..\obj\tasks.o
                0x000039e0                vTaskStartScheduler
 .text.vTaskSuspendAll
                0x00003a54       0x24 ..\obj\tasks.o
                0x00003a54                vTaskSuspendAll
 .text.xTaskResumeAll
                0x00003a78      0x154 ..\obj\tasks.o
                0x00003a78                xTaskResumeAll
 .text.xTaskGetTickCount
                0x00003bcc       0x28 ..\obj\tasks.o
                0x00003bcc                xTaskGetTickCount
 .text.vTaskIncrementTick
                0x00003bf4      0x1b8 ..\obj\tasks.o
                0x00003bf4                vTaskIncrementTick
 .text.vTaskSwitchContext
                0x00003dac       0xd0 ..\obj\tasks.o
                0x00003dac                vTaskSwitchContext
 .text.prvIdleTask
                0x00003e7c       0x10 ..\obj\tasks.o
 .text.prvInitialiseTCBVariables
                0x00003e8c       0x78 ..\obj\tasks.o
 .text.prvInitialiseTaskLists
                0x00003f04       0x98 ..\obj\tasks.o
 .text.prvCheckTasksWaitingTermination
                0x00003f9c        0xc ..\obj\tasks.o
 .text.prvAddCurrentTaskToDelayedList
                0x00003fa8       0x8c ..\obj\tasks.o
 .text.prvAllocateTCBAndStack
                0x00004034       0x74 ..\obj\tasks.o
 .text.EjecutaAutomata
                0x000040a8       0x50 ..\obj\egoera_makina.o
                0x000040a8                EjecutaAutomata
 .text.EjecutaEstadoVertical
                0x000040f8       0x78 ..\obj\egoera_makina.o
                0x000040f8                EjecutaEstadoVertical
 .text.vTask_Seguridad
                0x00004170      0x19c ..\obj\Task_Seguridad.o
                0x00004170                vTask_Seguridad
 .text.SEGURIDAD_ini
                0x0000430c        0xc ..\obj\Task_Seguridad.o
                0x0000430c                SEGURIDAD_ini
 .text.IntEnable
                0x00004318       0xd8 ..\obj\interrupt.o
                0x00004318                IntEnable
 .text.RITWriteCommand
                0x000043f0       0xfc ..\obj\rit128x96x4.o
 .text.RITWriteData
                0x000044ec       0xfc ..\obj\rit128x96x4.o
 .text.RIT128x96x4Clear
                0x000045e8       0x9c ..\obj\rit128x96x4.o
                0x000045e8                RIT128x96x4Clear
 .text.RIT128x96x4StringDraw
                0x00004684      0x1e0 ..\obj\rit128x96x4.o
                0x00004684                RIT128x96x4StringDraw
 .text.RIT128x96x4ImageDraw
                0x00004864       0xec ..\obj\rit128x96x4.o
                0x00004864                RIT128x96x4ImageDraw
 .text.RIT128x96x4Enable
                0x00004950       0xa4 ..\obj\rit128x96x4.o
                0x00004950                RIT128x96x4Enable
 .text.RIT128x96x4Init
                0x000049f4      0x128 ..\obj\rit128x96x4.o
                0x000049f4                RIT128x96x4Init
 .text.KEYPAD_inicializacion_keypad
                0x00004b1c       0xf0 ..\obj\keypad.o
                0x00004b1c                KEYPAD_inicializacion_keypad
 .text.PortEInterruptHandler
                0x00004c0c      0x11c ..\obj\keypad.o
                0x00004c0c                PortEInterruptHandler
 .text.PortFInterruptHandler
                0x00004d28       0x60 ..\obj\keypad.o
                0x00004d28                PortFInterruptHandler
 .text.AD_ObtenerValorADC_Channel1
                0x00004d88       0xc0 ..\obj\ad.o
                0x00004d88                AD_ObtenerValorADC_Channel1
 .text.AD_ObtenerValorADC_Channel2
                0x00004e48       0xc0 ..\obj\ad.o
                0x00004e48                AD_ObtenerValorADC_Channel2
 .text.AD_ObtenerValorADC_Channel3
                0x00004f08       0xc0 ..\obj\ad.o
                0x00004f08                AD_ObtenerValorADC_Channel3
 .text.Default_Reset_Handler
                0x00004fc8       0x6c ..\obj\startup_lm3s.o
                0x00004fc8                Default_Reset_Handler
                0x00004fc8                Reset_Handler
 .text.Default_Handler
                0x00005034        0x8 ..\obj\startup_lm3s.o
                0x00005034                DebugMon_Handler
                0x00005034                FlashCtrl_IRQHandler
                0x00005034                Timer0B_IRQHandler
                0x00005034                I2C0_IRQHandler
                0x00005034                HardFault_Handler
                0x00005034                SysTick_Handler
                0x00005034                PendSV_Handler
                0x00005034                NMI_Handler
                0x00005034                I2C1_IRQHandler
                0x00005034                PWMGen0_IRQHandler
                0x00005034                UART1_IRQHandler
                0x00005034                CAN1_IRQHandler
                0x00005034                Timer1B_IRQHandler
                0x00005034                Watchdog_IRQHandler
                0x00005034                UART0_IRQHandler
                0x00005034                SSI0_IRQHandler
                0x00005034                UsageFault_Handler
                0x00005034                ADCSeq1_IRQHandler
                0x00005034                PWMFault_IRQHandler
                0x00005034                PWMGen1_IRQHandler
                0x00005034                SSI1_IRQHandler
                0x00005034                uDMA_IRQHandler
                0x00005034                GPIOPortC_IRQHandler
                0x00005034                ADCSeq2_IRQHandler
                0x00005034                PWMGen2_IRQHandler
                0x00005034                UART2_IRQHandler
                0x00005034                uDMAErr_IRQHandler
                0x00005034                QEI1_IRQHandler
                0x00005034                QEI0_IRQHandler
                0x00005034                PWMGen3_IRQHandler
                0x00005034                GPIOPortD_IRQHandler
                0x00005034                USB0_IRQHandler
                0x00005034                MemManage_Handler
                0x00005034                Ethernet_IRQHandler
                0x00005034                SVC_Handler
                0x00005034                Timer3B_IRQHandler
                0x00005034                Timer3A_IRQHandler
                0x00005034                GPIOPortA_IRQHandler
                0x00005034                Timer0A_IRQHandler
                0x00005034                ADCSeq0_IRQHandler
                0x00005034                Timer1A_IRQHandler
                0x00005034                GPIOPortG_IRQHandler
                0x00005034                ADCSeq3_IRQHandler
                0x00005034                GPIOPortE_IRQHandler
                0x00005034                CAN0_IRQHandler
                0x00005034                Comp0_IRQHandler
                0x00005034                Comp1_IRQHandler
                0x00005034                Comp2_IRQHandler
                0x00005034                GPIOPortF_IRQHandler
                0x00005034                GPIOPortB_IRQHandler
                0x00005034                CAN2_IRQHandler
                0x00005034                GPIOPortH_IRQHandler
                0x00005034                BusFault_Handler
                0x00005034                Timer2A_IRQHandler
                0x00005034                Timer2B_IRQHandler
                0x00005034                SysCtrl_IRQHandler
                0x00005034                Hibernate_IRQHandler
 .text.vListInitialise
                0x0000503c       0x48 ..\obj\list.o
                0x0000503c                vListInitialise
 .text.vListInitialiseItem
                0x00005084       0x1c ..\obj\list.o
                0x00005084                vListInitialiseItem
 .text.vListInsertEnd
                0x000050a0       0x54 ..\obj\list.o
                0x000050a0                vListInsertEnd
 .text.vListInsert
                0x000050f4       0x78 ..\obj\list.o
                0x000050f4                vListInsert
 .text.vListRemove
                0x0000516c       0x54 ..\obj\list.o
                0x0000516c                vListRemove
 .text._sbrk    0x000051c0       0x5c ..\obj\syscalls.o
                0x000051c0                _sbrk
 .text.SSIConfigSetExpClk
                0x0000521c       0xb4 ..\obj\ssi.o
                0x0000521c                SSIConfigSetExpClk
 .text.SSIEnable
                0x000052d0       0x28 ..\obj\ssi.o
                0x000052d0                SSIEnable
 .text.SSIDisable
                0x000052f8       0x28 ..\obj\ssi.o
                0x000052f8                SSIDisable
 .text.SSIDataPut
                0x00005320       0x30 ..\obj\ssi.o
                0x00005320                SSIDataPut
 .text.SSIBusy  0x00005350       0x2c ..\obj\ssi.o
                0x00005350                SSIBusy
 .text.ADCIntStatus
                0x0000537c       0x80 ..\obj\adc.o
                0x0000537c                ADCIntStatus
 .text.ADCIntClear
                0x000053fc       0x28 ..\obj\adc.o
                0x000053fc                ADCIntClear
 .text.ADCSequenceEnable
                0x00005424       0x2c ..\obj\adc.o
                0x00005424                ADCSequenceEnable
 .text.ADCSequenceConfigure
                0x00005450       0x80 ..\obj\adc.o
                0x00005450                ADCSequenceConfigure
 .text.ADCSequenceStepConfigure
                0x000054d0      0x12c ..\obj\adc.o
                0x000054d0                ADCSequenceStepConfigure
 .text.ADCSequenceDataGet
                0x000055fc       0x64 ..\obj\adc.o
                0x000055fc                ADCSequenceDataGet
 .text.ADCProcessorTrigger
                0x00005660       0x28 ..\obj\adc.o
                0x00005660                ADCProcessorTrigger
 .text.pxPortInitialiseStack
                0x00005688       0x60 ..\obj\port.o
                0x00005688                pxPortInitialiseStack
 .text.vPortSVCHandler
                0x000056e8       0x20 ..\obj\port.o
                0x000056e8                vPortSVCHandler
 .text.vPortStartFirstTask
                0x00005708       0x14 ..\obj\port.o
                0x00005708                vPortStartFirstTask
 .text.xPortStartScheduler
                0x0000571c       0x54 ..\obj\port.o
                0x0000571c                xPortStartScheduler
 .text.vPortYieldFromISR
                0x00005770       0x18 ..\obj\port.o
                0x00005770                vPortYieldFromISR
 .text.vPortEnterCritical
                0x00005788       0x2c ..\obj\port.o
                0x00005788                vPortEnterCritical
 .text.vPortExitCritical
                0x000057b4       0x38 ..\obj\port.o
                0x000057b4                vPortExitCritical
 .text.xPortPendSVHandler
                0x000057ec       0x3c ..\obj\port.o
                0x000057ec                xPortPendSVHandler
 .text.xPortSysTickHandler
                0x00005828       0x68 ..\obj\port.o
                0x00005828                xPortSysTickHandler
 .text.prvSetupTimerInterrupt
                0x00005890       0x28 ..\obj\port.o
 .text.PWM_GENERICO_salida_init
                0x000058b8      0x1b0 ..\obj\pwm_generico.o
                0x000058b8                PWM_GENERICO_salida_init
 .text.PWM_GENERICO_cambiar_anchura_pulso
                0x00005a68       0x6c ..\obj\pwm_generico.o
                0x00005a68                PWM_GENERICO_cambiar_anchura_pulso
 .text.vTask_Display
                0x00005ad4      0x314 ..\obj\task_display.o
                0x00005ad4                vTask_Display
 .text.initConsole
                0x00005de8       0x84 ..\obj\console.o
                0x00005de8                initConsole
 .text.SysTickValueGet
                0x00005e6c       0x18 ..\obj\systick.o
                0x00005e6c                SysTickValueGet
 .text.pvPortMalloc
                0x00005e84       0x98 ..\obj\heap_1.o
                0x00005e84                pvPortMalloc
 .text.vPortFree
                0x00005f1c       0x14 ..\obj\heap_1.o
                0x00005f1c                vPortFree
 .text.ULTRASONIDOS_ini
                0x00005f30       0x70 ..\obj\ultrasonidos.o
                0x00005f30                ULTRASONIDOS_ini
 .text.ULTRASONIDOS_echoInt_PB4
                0x00005fa0      0x180 ..\obj\ultrasonidos.o
                0x00005fa0                ULTRASONIDOS_echoInt_PB4
 .text.ULTRASONIDOS_echoInt_PC4
                0x00006120      0x180 ..\obj\ultrasonidos.o
                0x00006120                ULTRASONIDOS_echoInt_PC4
 .text.ULTRASONIDOS_obstaculo
                0x000062a0       0x44 ..\obj\ultrasonidos.o
                0x000062a0                ULTRASONIDOS_obstaculo
 .text.ULTRASONIDOS_escalon
                0x000062e4       0x44 ..\obj\ultrasonidos.o
                0x000062e4                ULTRASONIDOS_escalon
 .text.CLOCK_inicializar_clock
                0x00006328       0x14 ..\obj\clock.o
                0x00006328                CLOCK_inicializar_clock
 .text.vTask_Recibir_Infrarrojos
                0x0000633c       0x30 ..\obj\Task_Recibir_Infrarrojos.o
                0x0000633c                vTask_Recibir_Infrarrojos
 .text          0x0000636c      0x370 c:/app/coide/gcc/sourcery g++ lite/bin/../lib/gcc/arm-none-eabi/4.5.1/thumb2\libgcc.a(_arm_addsubdf3.o)
                0x0000636c                __aeabi_drsub
                0x00006374                __aeabi_dsub
                0x00006374                __subdf3
                0x00006378                __aeabi_dadd
                0x00006378                __adddf3
                0x000065f0                __floatunsidf
                0x000065f0                __aeabi_ui2d
                0x00006610                __floatsidf
                0x00006610                __aeabi_i2d
                0x00006634                __aeabi_f2d
                0x00006634                __extendsfdf2
                0x00006670                __floatundidf
                0x00006670                __aeabi_ul2d
                0x00006680                __floatdidf
                0x00006680                __aeabi_l2d
 .text          0x000066dc      0x424 c:/app/coide/gcc/sourcery g++ lite/bin/../lib/gcc/arm-none-eabi/4.5.1/thumb2\libgcc.a(_arm_muldivdf3.o)
                0x000066dc                __aeabi_dmul
                0x000066dc                __muldf3
                0x00006930                __divdf3
                0x00006930                __aeabi_ddiv
 .text          0x00006b00      0x110 c:/app/coide/gcc/sourcery g++ lite/bin/../lib/gcc/arm-none-eabi/4.5.1/thumb2\libgcc.a(_arm_cmpdf2.o)
                0x00006b00                __gtdf2
                0x00006b00                __gedf2
                0x00006b08                __ltdf2
                0x00006b08                __ledf2
                0x00006b10                __nedf2
                0x00006b10                __eqdf2
                0x00006b10                __cmpdf2
                0x00006b8c                __aeabi_cdrcmple
                0x00006b9c                __aeabi_cdcmpeq
                0x00006b9c                __aeabi_cdcmple
                0x00006bac                __aeabi_dcmpeq
                0x00006bc0                __aeabi_dcmplt
                0x00006bd4                __aeabi_dcmple
                0x00006be8                __aeabi_dcmpge
                0x00006bfc                __aeabi_dcmpgt
 .text          0x00006c10       0xa0 c:/app/coide/gcc/sourcery g++ lite/bin/../lib/gcc/arm-none-eabi/4.5.1/thumb2\libgcc.a(_arm_truncdfsf2.o)
                0x00006c10                __truncdfsf2
                0x00006c10                __aeabi_d2f
 .text          0x00006cb0      0x21c c:/app/coide/gcc/sourcery g++ lite/bin/../lib/gcc/arm-none-eabi/4.5.1/thumb2\libgcc.a(_arm_addsubsf3.o)
                0x00006cb0                __aeabi_frsub
                0x00006cb8                __subsf3
                0x00006cb8                __aeabi_fsub
                0x00006cbc                __aeabi_fadd
                0x00006cbc                __addsf3
                0x00006e1c                __aeabi_ui2f
                0x00006e1c                __floatunsisf
                0x00006e24                __aeabi_i2f
                0x00006e24                __floatsisf
                0x00006e40                __aeabi_ul2f
                0x00006e40                __floatundisf
                0x00006e50                __aeabi_l2f
                0x00006e50                __floatdisf
 .text          0x00006ecc      0x2a0 c:/app/coide/gcc/sourcery g++ lite/bin/../lib/gcc/arm-none-eabi/4.5.1/thumb2\libgcc.a(_arm_muldivsf3.o)
                0x00006ecc                __mulsf3
                0x00006ecc                __aeabi_fmul
                0x00007034                __aeabi_fdiv
                0x00007034                __divsf3
 .text          0x0000716c       0xec c:/app/coide/gcc/sourcery g++ lite/bin/../lib/gcc/arm-none-eabi/4.5.1/thumb2\libgcc.a(_arm_cmpsf2.o)
                0x0000716c                __gesf2
                0x0000716c                __gtsf2
                0x00007174                __lesf2
                0x00007174                __ltsf2
                0x0000717c                __nesf2
                0x0000717c                __eqsf2
                0x0000717c                __cmpsf2
                0x000071dc                __aeabi_cfrcmple
                0x000071e4                __aeabi_cfcmpeq
                0x000071e4                __aeabi_cfcmple
                0x000071f4                __aeabi_fcmpeq
                0x00007208                __aeabi_fcmplt
                0x0000721c                __aeabi_fcmple
                0x00007230                __aeabi_fcmpge
                0x00007244                __aeabi_fcmpgt
 .text          0x00007258       0x40 c:/app/coide/gcc/sourcery g++ lite/bin/../lib/gcc/arm-none-eabi/4.5.1/thumb2\libgcc.a(_arm_fixunssfsi.o)
                0x00007258                __fixunssfsi
                0x00007258                __aeabi_f2uiz
 .text          0x00007298      0x150 c:/app/coide/gcc/sourcery g++ lite/bin/../lib/gcc/arm-none-eabi/4.5.1/../../../../arm-none-eabi/lib/thumb2\libc.a(lib_a-memcpy.o)
                0x00007298                memcpy
 .text          0x000073e8       0xb4 c:/app/coide/gcc/sourcery g++ lite/bin/../lib/gcc/arm-none-eabi/4.5.1/../../../../arm-none-eabi/lib/thumb2\libc.a(lib_a-memset.o)
                0x000073e8                memset
 .text          0x0000749c       0x94 c:/app/coide/gcc/sourcery g++ lite/bin/../lib/gcc/arm-none-eabi/4.5.1/../../../../arm-none-eabi/lib/thumb2\libc.a(lib_a-sprintf.o)
                0x0000749c                _sprintf_r
                0x000074e0                sprintf
 .text          0x00007530       0x60 c:/app/coide/gcc/sourcery g++ lite/bin/../lib/gcc/arm-none-eabi/4.5.1/../../../../arm-none-eabi/lib/thumb2\libc.a(lib_a-strlen.o)
                0x00007530                strlen
 .text          0x00007590       0x7c c:/app/coide/gcc/sourcery g++ lite/bin/../lib/gcc/arm-none-eabi/4.5.1/../../../../arm-none-eabi/lib/thumb2\libc.a(lib_a-strncpy.o)
                0x00007590                strncpy
 .text          0x0000760c     0x1658 c:/app/coide/gcc/sourcery g++ lite/bin/../lib/gcc/arm-none-eabi/4.5.1/../../../../arm-none-eabi/lib/thumb2\libc.a(lib_a-svfprintf.o)
                0x0000760c                _svfprintf_r
 *fill*         0x00008c64        0x4 00
 .text          0x00008c68     0x1000 c:/app/coide/gcc/sourcery g++ lite/bin/../lib/gcc/arm-none-eabi/4.5.1/../../../../arm-none-eabi/lib/thumb2\libc.a(lib_a-dtoa.o)
                0x00008d94                _dtoa_r
 .text          0x00009c68       0xa0 c:/app/coide/gcc/sourcery g++ lite/bin/../lib/gcc/arm-none-eabi/4.5.1/../../../../arm-none-eabi/lib/thumb2\libc.a(lib_a-locale.o)
                0x00009c68                _setlocale_r
                0x00009cc4                __locale_charset
                0x00009cd0                __locale_mb_cur_max
                0x00009cdc                __locale_msgcharset
                0x00009ce4                __locale_cjk_lang
                0x00009ce8                _localeconv_r
                0x00009cf0                setlocale
                0x00009d00                localeconv
 .text          0x00009d08       0x20 c:/app/coide/gcc/sourcery g++ lite/bin/../lib/gcc/arm-none-eabi/4.5.1/../../../../arm-none-eabi/lib/thumb2\libc.a(lib_a-malloc.o)
                0x00009d08                malloc
                0x00009d18                free
 .text          0x00009d28      0x57c c:/app/coide/gcc/sourcery g++ lite/bin/../lib/gcc/arm-none-eabi/4.5.1/../../../../arm-none-eabi/lib/thumb2\libc.a(lib_a-mallocr.o)
                0x00009d28                _malloc_r
 .text          0x0000a2a4       0x88 c:/app/coide/gcc/sourcery g++ lite/bin/../lib/gcc/arm-none-eabi/4.5.1/../../../../arm-none-eabi/lib/thumb2\libc.a(lib_a-memchr.o)
                0x0000a2a4                memchr
 .text          0x0000a32c        0x8 c:/app/coide/gcc/sourcery g++ lite/bin/../lib/gcc/arm-none-eabi/4.5.1/../../../../arm-none-eabi/lib/thumb2\libc.a(lib_a-mlock.o)
                0x0000a32c                __malloc_lock
                0x0000a330                __malloc_unlock
 .text          0x0000a334      0x920 c:/app/coide/gcc/sourcery g++ lite/bin/../lib/gcc/arm-none-eabi/4.5.1/../../../../arm-none-eabi/lib/thumb2\libc.a(lib_a-mprec.o)
                0x0000a334                _Balloc
                0x0000a39c                _Bfree
                0x0000a3d4                __multadd
                0x0000a458                __s2b
                0x0000a4ec                __hi0bits
                0x0000a52c                __lo0bits
                0x0000a590                __i2b
                0x0000a5a4                __multiply
                0x0000a6cc                __pow5mult
                0x0000a770                __lshift
                0x0000a81c                __mcmp
                0x0000a858                __mdiff
                0x0000a950                __ulp
                0x0000a998                __b2d
                0x0000aa44                __d2b
                0x0000ab0c                __ratio
                0x0000ab7c                _mprec_log10
                0x0000abb0                __copybits
                0x0000abf8                __any_on
 .text          0x0000ac54       0x90 c:/app/coide/gcc/sourcery g++ lite/bin/../lib/gcc/arm-none-eabi/4.5.1/../../../../arm-none-eabi/lib/thumb2\libc.a(lib_a-s_fpclassify.o)
                0x0000ac54                __fpclassifyd
 .text          0x0000ace4       0x28 c:/app/coide/gcc/sourcery g++ lite/bin/../lib/gcc/arm-none-eabi/4.5.1/../../../../arm-none-eabi/lib/thumb2\libc.a(lib_a-sbrkr.o)
                0x0000ace4                _sbrk_r
 .text          0x0000ad0c      0x1dc c:/app/coide/gcc/sourcery g++ lite/bin/../lib/gcc/arm-none-eabi/4.5.1/../../../../arm-none-eabi/lib/thumb2\libc.a(lib_a-strcmp.o)
                0x0000ad0c                strcmp
 .text          0x0000aee8      0xbe4 c:/app/coide/gcc/sourcery g++ lite/bin/../lib/gcc/arm-none-eabi/4.5.1/../../../../arm-none-eabi/lib/thumb2\libc.a(lib_a-svfiprintf.o)
                0x0000aee8                __ssprint_r
                0x0000aff0                _svfiprintf_r
 .text          0x0000bacc       0x5c c:/app/coide/gcc/sourcery g++ lite/bin/../lib/gcc/arm-none-eabi/4.5.1/../../../../arm-none-eabi/lib/thumb2\libc.a(lib_a-callocr.o)
                0x0000bacc                _calloc_r
 .text          0x0000bb28      0x240 c:/app/coide/gcc/sourcery g++ lite/bin/../lib/gcc/arm-none-eabi/4.5.1/../../../../arm-none-eabi/lib/thumb2\libc.a(lib_a-freer.o)
                0x0000bb28                _malloc_trim_r
                0x0000bbd0                _free_r
 .text          0x0000bd68       0xa0 c:/app/coide/gcc/sourcery g++ lite/bin/../lib/gcc/arm-none-eabi/4.5.1/../../../../arm-none-eabi/lib/thumb2\libc.a(lib_a-memmove.o)
                0x0000bd68                memmove
 .text          0x0000be08      0x41c c:/app/coide/gcc/sourcery g++ lite/bin/../lib/gcc/arm-none-eabi/4.5.1/../../../../arm-none-eabi/lib/thumb2\libc.a(lib_a-reallocr.o)
                0x0000be08                _realloc_r
 *fill*         0x0000c224        0x4 00
 .text          0x0000c228      0x278 c:/app/coide/gcc/sourcery g++ lite/bin/../lib/gcc/arm-none-eabi/4.5.1/thumb2\libgcc.a(_udivsi3.o)
                0x0000c228                __aeabi_uidiv
                0x0000c228                __udivsi3
                0x0000c484                __aeabi_uidivmod
 .text          0x0000c4a0        0x4 c:/app/coide/gcc/sourcery g++ lite/bin/../lib/gcc/arm-none-eabi/4.5.1/thumb2\libgcc.a(_dvmd_tls.o)
                0x0000c4a0                __aeabi_idiv0
                0x0000c4a0                __aeabi_ldiv0
 .text          0x0000c4a4       0x50 c:/app/coide/gcc/sourcery g++ lite/bin/../lib/gcc/arm-none-eabi/4.5.1/thumb2\libgcc.a(_arm_fixdfsi.o)
                0x0000c4a4                __aeabi_d2iz
                0x0000c4a4                __fixdfsi
 .text          0x0000c4f4       0x2c c:/app/coide/gcc/sourcery g++ lite/bin/../lib/gcc/arm-none-eabi/4.5.1/thumb2\libgcc.a(_aeabi_uldivmod.o)
                0x0000c4f4                __aeabi_uldivmod
 .text          0x0000c520       0x60 c:/app/coide/gcc/sourcery g++ lite/bin/../lib/gcc/arm-none-eabi/4.5.1/thumb2\libgcc.a(bpabi.o)
                0x0000c520                __gnu_ldivmod_helper
                0x0000c550                __gnu_uldivmod_helper
 .text          0x0000c580      0x364 c:/app/coide/gcc/sourcery g++ lite/bin/../lib/gcc/arm-none-eabi/4.5.1/thumb2\libgcc.a(_divdi3.o)
                0x0000c580                __divdi3
 .text          0x0000c8e4      0x314 c:/app/coide/gcc/sourcery g++ lite/bin/../lib/gcc/arm-none-eabi/4.5.1/thumb2\libgcc.a(_udivdi3.o)
                0x0000c8e4                __udivdi3
 *(.glue_7t)
 .glue_7t       0x00000000        0x0 linker stubs
 *(.glue_7)
 .glue_7        0x00000000        0x0 linker stubs
 *(.rodata .rodata* .gnu.linkonce.r.*)
 .rodata        0x0000cbf8      0x6f4 ..\obj\Recepcion_Infrarrojos.o
                0x0000cc24                xesperar
                0x0000cc4c                esperar
                0x0000cce8                xleer_on
                0x0000cd30                leer_on
                0x0000cdcc                xleer_off
                0x0000ce18                leer_off
                0x0000ce60                xleer_on_2
                0x0000ceac                leer_on_2
                0x0000cef4                xleer_off_2
                0x0000cf40                leer_off_2
                0x0000cfac                xpreguntar
                0x0000cfe8                preguntar
                0x0000d088                xactivado
                0x0000d0d4                activado
                0x0000d118                xperdida_senal
                0x0000d148                perdida_senal
                0x0000d158                xleer_off_3
                0x0000d1a4                leer_off_3
                0x0000d1b4                xleer_on_3
                0x0000d200                leer_on_3
                0x0000d210                xleer_off_4
                0x0000d25c                leer_off_4
                0x0000d26c                xleer_on_4
                0x0000d2b8                leer_on_4
                0x0000d2dc                activar_infrarrojos
 .rodata        0x0000d2ec        0x4 ..\obj\stellaris_1.o
                0x0000d2ec                stellaris_1_M
 .rodata        0x0000d2f0        0x8 ..\obj\Task_Control.o
 .rodata        0x0000d2f8       0x4c ..\obj\main.o
 .rodata        0x0000d344       0x78 ..\obj\framebuffer.o
                0x0000d344                g_puc_circ
                0x0000d380                g_puc_nada
 .rodata        0x0000d3bc       0x9c ..\obj\sysctl.o
 .rodata        0x0000d458      0x15c ..\obj\display.o
 .rodata        0x0000d5b4        0x8 ..\obj\tasks.o
 .rodata        0x0000d5bc      0x244 ..\obj\rit128x96x4.o
 .rodata        0x0000d800       0xa4 ..\obj\task_display.o
 .rodata        0x0000d8a4       0x20 c:/app/coide/gcc/sourcery g++ lite/bin/../lib/gcc/arm-none-eabi/4.5.1/../../../../arm-none-eabi/lib/thumb2\libc.a(lib_a-svfprintf.o)
 .rodata.str1.4
                0x0000d8c4       0x42 c:/app/coide/gcc/sourcery g++ lite/bin/../lib/gcc/arm-none-eabi/4.5.1/../../../../arm-none-eabi/lib/thumb2\libc.a(lib_a-svfprintf.o)
                                 0x44 (size before relaxing)
 *fill*         0x0000d906        0x2 00
 .rodata.str1.4
                0x0000d908       0x10 c:/app/coide/gcc/sourcery g++ lite/bin/../lib/gcc/arm-none-eabi/4.5.1/../../../../arm-none-eabi/lib/thumb2\libc.a(lib_a-dtoa.o)
                                 0x14 (size before relaxing)
 .rodata.str1.4
                0x0000d918        0x2 c:/app/coide/gcc/sourcery g++ lite/bin/../lib/gcc/arm-none-eabi/4.5.1/../../../../arm-none-eabi/lib/thumb2\libc.a(lib_a-impure.o)
                                  0x4 (size before relaxing)
 *fill*         0x0000d91a        0x2 00
 .rodata.str1.4
                0x0000d91c        0xc c:/app/coide/gcc/sourcery g++ lite/bin/../lib/gcc/arm-none-eabi/4.5.1/../../../../arm-none-eabi/lib/thumb2\libc.a(lib_a-locale.o)
                                 0x14 (size before relaxing)
 .rodata        0x0000d928      0x128 c:/app/coide/gcc/sourcery g++ lite/bin/../lib/gcc/arm-none-eabi/4.5.1/../../../../arm-none-eabi/lib/thumb2\libc.a(lib_a-mprec.o)
                0x0000d938                __mprec_tens
                0x0000da00                __mprec_bigtens
                0x0000da28                __mprec_tinytens
 .rodata        0x0000da50       0x20 c:/app/coide/gcc/sourcery g++ lite/bin/../lib/gcc/arm-none-eabi/4.5.1/../../../../arm-none-eabi/lib/thumb2\libc.a(lib_a-svfiprintf.o)
 .rodata.str1.4
                0x00000000       0x30 c:/app/coide/gcc/sourcery g++ lite/bin/../lib/gcc/arm-none-eabi/4.5.1/../../../../arm-none-eabi/lib/thumb2\libc.a(lib_a-svfiprintf.o)

.vfp11_veneer   0x0000da70        0x0
 .vfp11_veneer  0x00000000        0x0 linker stubs

.v4_bx          0x0000da70        0x0
 .v4_bx         0x00000000        0x0 linker stubs

.ARM.extab
 *(.ARM.extab* .gnu.linkonce.armextab.*)

.ARM.exidx      0x0000da70        0x8
 *(.ARM.exidx* .gnu.linkonce.armexidx.*)
 .ARM.exidx     0x0000da70        0x8 c:/app/coide/gcc/sourcery g++ lite/bin/../lib/gcc/arm-none-eabi/4.5.1/thumb2\libgcc.a(_divdi3.o)
 .ARM.exidx     0x0000da78        0x0 c:/app/coide/gcc/sourcery g++ lite/bin/../lib/gcc/arm-none-eabi/4.5.1/thumb2\libgcc.a(_udivdi3.o)
                                  0x8 (size before relaxing)
                0x0000da78                . = ALIGN (0x4)
                0x0000da78                _etext = .
                0x0000da78                _sidata = .

.data           0x20000000      0x620 load address 0x0000da78
                0x20000000                _sdata = .
 *(.data .data.*)
 .data          0x20000000       0x34 ..\obj\Recepcion_Infrarrojos.o
                0x20000000                xactivar_infrarrojos
 .data          0x20000034       0x10 ..\obj\system_lm3s.o
                0x20000034                SystemFrequency
                0x20000038                SystemFrequency_PwmClk
                0x2000003c                SystemFrequency_AdcClk
                0x20000040                SystemFrequency_CanClk
 *fill*         0x20000044        0x4 00
 .data          0x20000048       0x10 ..\obj\stellaris_1.o
                0x20000048                Kpx
                0x20000050                Kpy
 .data          0x20000058       0x10 ..\obj\Task_Control.o
                0x20000058                periodo
                0x2000005c                dif_max
                0x20000060                P_S3
                0x20000064                P_S4
 .data          0x20000068        0x4 ..\obj\tasks.o
 .data          0x2000006c        0x4 ..\obj\port.o
 .data          0x20000070       0x30 ..\obj\pwm_generico.o
 .data          0x200000a0       0xf4 c:/app/coide/gcc/sourcery g++ lite/bin/../lib/gcc/arm-none-eabi/4.5.1/../../../../arm-none-eabi/lib/thumb2\libc.a(lib_a-impure.o)
                0x200000a0                _impure_ptr
 .data          0x20000194       0x7c c:/app/coide/gcc/sourcery g++ lite/bin/../lib/gcc/arm-none-eabi/4.5.1/../../../../arm-none-eabi/lib/thumb2\libc.a(lib_a-locale.o)
                0x200001b4                __mb_cur_max
 .data          0x20000210      0x410 c:/app/coide/gcc/sourcery g++ lite/bin/../lib/gcc/arm-none-eabi/4.5.1/../../../../arm-none-eabi/lib/thumb2\libc.a(lib_a-mallocr.o)
                0x20000210                __malloc_av_
                0x20000618                __malloc_sbrk_base
                0x2000061c                __malloc_trim_threshold
                0x20000620                . = ALIGN (0x4)
                0x20000620                _edata = .

.bss            0x20000620     0x1e54 load address 0x0000e098
                0x20000620                _sbss = .
 *(.bss .bss.*)
 .bss           0x20000620       0x14 ..\obj\Recepcion_Infrarrojos.o
                0x20000620                g_time
                0x20000624                g_cycles
                0x20000628                g_comunicacion_activada
                0x2000062c                estado
                0x20000630                peticion
 *fill*         0x20000634        0x4 00
 .bss           0x20000638        0x8 ..\obj\stellaris_1.o
                0x20000638                diferencia_distancia
 .bss           0x20000640       0x38 ..\obj\Task_Control.o
                0x20000640                ref_motor1
                0x20000648                ref_motor2
                0x20000650                duty1
                0x20000654                duty2
                0x20000658                dif_motor
                0x2000065c                cntControl
                0x20000660                P_S1
                0x20000664                P_S2
                0x20000668                P_S5
                0x2000066c                P_S6
 .bss           0x20000678       0x18 ..\obj\main.o
                0x20000678                sens1
                0x2000067c                sens2
                0x20000680                sens3
                0x20000684                sens4
                0x20000688                sens5
                0x2000068c                sens6
 .bss           0x20000690        0x4 ..\obj\framebuffer.o
                0x20000690                g_display_element_kop
 .bss           0x20000694       0xfc ..\obj\tasks.o
                0x20000694                pxCurrentTCB
 .bss           0x20000790        0x2 ..\obj\egoera_makina.o
                0x20000790                fms_mv
                0x20000791                fms_mv_anterior
 *fill*         0x20000792        0x2 00
 .bss           0x20000794       0x20 ..\obj\Task_Seguridad.o
                0x20000794                gf_uSecho_widht_obs
                0x20000798                gf_uSecho_widht_esc
                0x2000079c                nivel_bateria
                0x200007a0                cntSegur
                0x200007a4                distancia_obs
                0x200007a8                distancia_esc
                0x200007ac                obstaculo
                0x200007ad                escalon
                0x200007ae                bateria
                0x200007af                g_parada_seguridad
                0x200007b0                boton_emerg
 .bss           0x200007b4        0xc ..\obj\rit128x96x4.o
 .bss           0x200007c0        0x8 ..\obj\ad.o
                0x200007c0                infra1
                0x200007c4                infra2
 .bss           0x200007c8        0x4 ..\obj\syscalls.o
 .bss           0x200007cc        0x4 ..\obj\task_display.o
                0x200007cc                seguridad
 .bss           0x200007d0     0x1408 ..\obj\heap_1.o
 .bss           0x20001bd8       0x18 ..\obj\ultrasonidos.o
                0x20001bd8                time_flanco_pos_obs
                0x20001bdc                time_flanco_neg_obs
                0x20001be0                time_flanco_pos_esc
                0x20001be4                time_flanco_neg_esc
                0x20001be8                flancoPos_Obs
                0x20001be9                flancoPos_Esc
                0x20001bea                echo_OK_Obs
                0x20001beb                echo_OK_Esc
                0x20001bec                g_cycles_us
 .bss           0x20001bf0        0x5 ..\obj\Task_Recibir_Infrarrojos.o
                0x20001bf0                g_arriba
                0x20001bf1                g_abajo
                0x20001bf2                g_izquierda
                0x20001bf3                g_derecha
                0x20001bf4                g_select
 *fill*         0x20001bf5        0x3 00
 .bss           0x20001bf8       0x34 c:/app/coide/gcc/sourcery g++ lite/bin/../lib/gcc/arm-none-eabi/4.5.1/../../../../arm-none-eabi/lib/thumb2\libc.a(lib_a-mallocr.o)
                0x20001bf8                __malloc_top_pad
                0x20001bfc                __malloc_current_mallinfo
                0x20001c24                __malloc_max_sbrked_mem
                0x20001c28                __malloc_max_total_mem
 *(COMMON)
 COMMON         0x20001c2c        0xc ..\obj\Recepcion_Infrarrojos.o
                0x20001c2c                g_ul_xTimeTimerOn
                0x20001c30                g_ul_xTimeTimerOff1
                0x20001c34                g_xTimeFlanco
 COMMON         0x20001c38       0x50 ..\obj\stellaris_1.o
                0x20001c38                stellaris_1_Y
                0x20001c48                stellaris_1_M_
                0x20001c50                stellaris_1_U
 COMMON         0x20001c88        0x4 ..\obj\main.o
                0x20001c88                xHandle_Task_Recibir_Infrarrojos
 COMMON         0x20001c8c      0x2d0 ..\obj\framebuffer.o
                0x20001c8c                g_display_elements
 COMMON         0x20001f5c        0xc ..\obj\ad.o
                0x20001f5c                ulADC1_Value
                0x20001f60                ulADC2_Value
                0x20001f64                ulADC3_Value
 COMMON         0x20001f68      0x400 ..\obj\task_display.o
                0x20001f68                str7
                0x20001fe8                str4
                0x20002068                str3
                0x200020e8                str5
                0x20002168                str1
                0x200021e8                str6
                0x20002268                str
                0x200022e8                str2
 COMMON         0x20002368      0x108 ..\obj\console.o
                0x20002368                consoleImage
 COMMON         0x20002470        0x4 c:/app/coide/gcc/sourcery g++ lite/bin/../lib/gcc/arm-none-eabi/4.5.1/../../../../arm-none-eabi/lib/thumb2\libc.a(lib_a-reent.o)
                0x20002470                errno
                0x20002474                . = ALIGN (0x4)
                0x20002474                _ebss = .

.co_stack       0x20002474      0x404 load address 0x0000feec
                0x20002478                . = ALIGN (0x8)
 *fill*         0x20002474        0x4 00
 *(.co_stack .co_stack.*)
 .co_stack      0x20002478      0x400 ..\obj\startup_lm3s.o
                0x20002478                pulStack
                0x20002878                . = ALIGN (0x4)
                0x20002878                _end = .
LOAD ..\obj\Recepcion_Infrarrojos.o
LOAD ..\obj\pines.o
LOAD ..\obj\system_lm3s.o
LOAD ..\obj\core_cm3.o
LOAD ..\obj\stellaris_1.o
LOAD ..\obj\timer.o
LOAD ..\obj\pwm.o
LOAD ..\obj\Task_Control.o
LOAD ..\obj\system_tick.o
LOAD ..\obj\main.o
LOAD ..\obj\framebuffer.o
LOAD ..\obj\sysctl.o
LOAD ..\obj\timers.o
LOAD ..\obj\gpio.o
LOAD ..\obj\display.o
LOAD ..\obj\display_RIT.o
LOAD ..\obj\tasks.o
LOAD ..\obj\egoera_makina.o
LOAD ..\obj\Task_Seguridad.o
LOAD ..\obj\interrupt.o
LOAD ..\obj\rit128x96x4.o
LOAD ..\obj\keypad.o
LOAD ..\obj\ad.o
LOAD ..\obj\startup_lm3s.o
LOAD ..\obj\list.o
LOAD ..\obj\syscalls.o
LOAD ..\obj\ssi.o
LOAD ..\obj\adc.o
LOAD ..\obj\queue.o
LOAD ..\obj\port.o
LOAD ..\obj\pwm_generico.o
LOAD ..\obj\croutine.o
LOAD ..\obj\task_display.o
LOAD ..\obj\cpu.o
LOAD ..\obj\console.o
LOAD ..\obj\systick.o
LOAD ..\obj\heap_1.o
LOAD ..\obj\ultrasonidos.o
LOAD ..\obj\Task_Idle.o
LOAD ..\obj\clock.o
LOAD ..\obj\Task_Recibir_Infrarrojos.o
START GROUP
LOAD c:/app/coide/gcc/sourcery g++ lite/bin/../lib/gcc/arm-none-eabi/4.5.1/thumb2\libgcc.a
LOAD c:/app/coide/gcc/sourcery g++ lite/bin/../lib/gcc/arm-none-eabi/4.5.1/../../../../arm-none-eabi/lib/thumb2\libc.a
END GROUP
OUTPUT(POPBL.elf elf32-littlearm)

.debug_abbrev   0x00000000     0x2121
 .debug_abbrev  0x00000000      0x1a4 ..\obj\Recepcion_Infrarrojos.o
 .debug_abbrev  0x000001a4       0xcf ..\obj\pines.o
 .debug_abbrev  0x00000273      0x112 ..\obj\system_lm3s.o
 .debug_abbrev  0x00000385       0xd7 ..\obj\core_cm3.o
 .debug_abbrev  0x0000045c       0xfa ..\obj\stellaris_1.o
 .debug_abbrev  0x00000556       0xb8 ..\obj\timer.o
 .debug_abbrev  0x0000060e       0xc7 ..\obj\pwm.o
 .debug_abbrev  0x000006d5       0xdb ..\obj\Task_Control.o
 .debug_abbrev  0x000007b0       0x49 ..\obj\system_tick.o
 .debug_abbrev  0x000007f9       0xbb ..\obj\main.o
 .debug_abbrev  0x000008b4      0x12d ..\obj\framebuffer.o
 .debug_abbrev  0x000009e1      0x115 ..\obj\sysctl.o
 .debug_abbrev  0x00000af6       0x2a ..\obj\timers.o
 .debug_abbrev  0x00000b20       0xf1 ..\obj\gpio.o
 .debug_abbrev  0x00000c11       0x7d ..\obj\display.o
 .debug_abbrev  0x00000c8e       0x84 ..\obj\display_RIT.o
 .debug_abbrev  0x00000d12      0x197 ..\obj\tasks.o
 .debug_abbrev  0x00000ea9       0xd6 ..\obj\egoera_makina.o
 .debug_abbrev  0x00000f7f       0xae ..\obj\Task_Seguridad.o
 .debug_abbrev  0x0000102d      0x104 ..\obj\interrupt.o
 .debug_abbrev  0x00001131       0xb2 ..\obj\rit128x96x4.o
 .debug_abbrev  0x000011e3       0x9b ..\obj\keypad.o
 .debug_abbrev  0x0000127e       0x9f ..\obj\ad.o
 .debug_abbrev  0x0000131d       0xa5 ..\obj\startup_lm3s.o
 .debug_abbrev  0x000013c2       0xb8 ..\obj\list.o
 .debug_abbrev  0x0000147a       0xe0 ..\obj\syscalls.o
 .debug_abbrev  0x0000155a       0xd8 ..\obj\ssi.o
 .debug_abbrev  0x00001632       0xec ..\obj\adc.o
 .debug_abbrev  0x0000171e      0x142 ..\obj\queue.o
 .debug_abbrev  0x00001860      0x133 ..\obj\port.o
 .debug_abbrev  0x00001993       0x73 ..\obj\pwm_generico.o
 .debug_abbrev  0x00001a06      0x188 ..\obj\croutine.o
 .debug_abbrev  0x00001b8e      0x10a ..\obj\task_display.o
 .debug_abbrev  0x00001c98       0x5e ..\obj\cpu.o
 .debug_abbrev  0x00001cf6       0xa0 ..\obj\console.o
 .debug_abbrev  0x00001d96       0x83 ..\obj\systick.o
 .debug_abbrev  0x00001e19       0xfe ..\obj\heap_1.o
 .debug_abbrev  0x00001f17       0xb4 ..\obj\ultrasonidos.o
 .debug_abbrev  0x00001fcb       0x43 ..\obj\Task_Idle.o
 .debug_abbrev  0x0000200e       0x36 ..\obj\clock.o
 .debug_abbrev  0x00002044       0xdd ..\obj\Task_Recibir_Infrarrojos.o

.debug_info     0x00000000     0x9321
 .debug_info    0x00000000      0xc16 ..\obj\Recepcion_Infrarrojos.o
 .debug_info    0x00000c16      0x296 ..\obj\pines.o
 .debug_info    0x00000eac      0x45a ..\obj\system_lm3s.o
 .debug_info    0x00001306      0x54c ..\obj\core_cm3.o
 .debug_info    0x00001852      0x30b ..\obj\stellaris_1.o
 .debug_info    0x00001b5d      0x5b4 ..\obj\timer.o
 .debug_info    0x00002111      0x950 ..\obj\pwm.o
 .debug_info    0x00002a61      0x45b ..\obj\Task_Control.o
 .debug_info    0x00002ebc       0x5b ..\obj\system_tick.o
 .debug_info    0x00002f17      0x16f ..\obj\main.o
 .debug_info    0x00003086      0x3b9 ..\obj\framebuffer.o
 .debug_info    0x0000343f      0x7f1 ..\obj\sysctl.o
 .debug_info    0x00003c30       0x50 ..\obj\timers.o
 .debug_info    0x00003c80      0x8a1 ..\obj\gpio.o
 .debug_info    0x00004521       0xa3 ..\obj\display.o
 .debug_info    0x000045c4      0x153 ..\obj\display_RIT.o
 .debug_info    0x00004717      0xaff ..\obj\tasks.o
 .debug_info    0x00005216      0x259 ..\obj\egoera_makina.o
 .debug_info    0x0000546f      0x27c ..\obj\Task_Seguridad.o
 .debug_info    0x000056eb      0x2b7 ..\obj\interrupt.o
 .debug_info    0x000059a2      0x3db ..\obj\rit128x96x4.o
 .debug_info    0x00005d7d      0x1bd ..\obj\keypad.o
 .debug_info    0x00005f3a      0x199 ..\obj\ad.o
 .debug_info    0x000060d3      0x135 ..\obj\startup_lm3s.o
 .debug_info    0x00006208      0x2aa ..\obj\list.o
 .debug_info    0x000064b2      0x444 ..\obj\syscalls.o
 .debug_info    0x000068f6      0x449 ..\obj\ssi.o
 .debug_info    0x00006d3f      0x809 ..\obj\adc.o
 .debug_info    0x00007548      0x731 ..\obj\queue.o
 .debug_info    0x00007c79      0x213 ..\obj\port.o
 .debug_info    0x00007e8c      0x107 ..\obj\pwm_generico.o
 .debug_info    0x00007f93      0x4b3 ..\obj\croutine.o
 .debug_info    0x00008446      0x3d7 ..\obj\task_display.o
 .debug_info    0x0000881d       0x99 ..\obj\cpu.o
 .debug_info    0x000088b6      0x1b2 ..\obj\console.o
 .debug_info    0x00008a68      0x12b ..\obj\systick.o
 .debug_info    0x00008b93      0x176 ..\obj\heap_1.o
 .debug_info    0x00008d09      0x310 ..\obj\ultrasonidos.o
 .debug_info    0x00009019       0x54 ..\obj\Task_Idle.o
 .debug_info    0x0000906d       0x46 ..\obj\clock.o
 .debug_info    0x000090b3      0x26e ..\obj\Task_Recibir_Infrarrojos.o

.debug_line     0x00000000     0x9bf6
 .debug_line    0x00000000      0x85c ..\obj\Recepcion_Infrarrojos.o
 .debug_line    0x0000085c      0x38d ..\obj\pines.o
 .debug_line    0x00000be9      0x267 ..\obj\system_lm3s.o
 .debug_line    0x00000e50      0x2d7 ..\obj\core_cm3.o
 .debug_line    0x00001127      0x438 ..\obj\stellaris_1.o
 .debug_line    0x0000155f      0x41e ..\obj\timer.o
 .debug_line    0x0000197d      0x417 ..\obj\pwm.o
 .debug_line    0x00001d94      0x682 ..\obj\Task_Control.o
 .debug_line    0x00002416       0xf9 ..\obj\system_tick.o
 .debug_line    0x0000250f      0x67c ..\obj\main.o
 .debug_line    0x00002b8b      0x4ff ..\obj\framebuffer.o
 .debug_line    0x0000308a      0x5f8 ..\obj\sysctl.o
 .debug_line    0x00003682      0x1fb ..\obj\timers.o
 .debug_line    0x0000387d      0x5ef ..\obj\gpio.o
 .debug_line    0x00003e6c      0x14c ..\obj\display.o
 .debug_line    0x00003fb8      0x395 ..\obj\display_RIT.o
 .debug_line    0x0000434d      0x7fd ..\obj\tasks.o
 .debug_line    0x00004b4a      0x37b ..\obj\egoera_makina.o
 .debug_line    0x00004ec5      0x5f6 ..\obj\Task_Seguridad.o
 .debug_line    0x000054bb      0x241 ..\obj\interrupt.o
 .debug_line    0x000056fc      0x324 ..\obj\rit128x96x4.o
 .debug_line    0x00005a20      0x385 ..\obj\keypad.o
 .debug_line    0x00005da5      0x3e5 ..\obj\ad.o
 .debug_line    0x0000618a       0x9c ..\obj\startup_lm3s.o
 .debug_line    0x00006226      0x441 ..\obj\list.o
 .debug_line    0x00006667      0x370 ..\obj\syscalls.o
 .debug_line    0x000069d7      0x313 ..\obj\ssi.o
 .debug_line    0x00006cea      0x3e5 ..\obj\adc.o
 .debug_line    0x000070cf      0x5f4 ..\obj\queue.o
 .debug_line    0x000076c3      0x288 ..\obj\port.o
 .debug_line    0x0000794b      0x1d9 ..\obj\pwm_generico.o
 .debug_line    0x00007b24      0x334 ..\obj\croutine.o
 .debug_line    0x00007e58      0x57b ..\obj\task_display.o
 .debug_line    0x000083d3       0xdd ..\obj\cpu.o
 .debug_line    0x000084b0      0x3f7 ..\obj\console.o
 .debug_line    0x000088a7      0x1c6 ..\obj\systick.o
 .debug_line    0x00008a6d      0x42d ..\obj\heap_1.o
 .debug_line    0x00008e9a      0x641 ..\obj\ultrasonidos.o
 .debug_line    0x000094db       0x70 ..\obj\Task_Idle.o
 .debug_line    0x0000954b      0x12c ..\obj\clock.o
 .debug_line    0x00009677      0x57f ..\obj\Task_Recibir_Infrarrojos.o

.debug_macinfo  0x00000000   0x134423
 .debug_macinfo
                0x00000000     0xc30b ..\obj\Recepcion_Infrarrojos.o
 .debug_macinfo
                0x0000c30b     0x9488 ..\obj\pines.o
 .debug_macinfo
                0x00015793     0x61d1 ..\obj\system_lm3s.o
 .debug_macinfo
                0x0001b964     0x1f65 ..\obj\core_cm3.o
 .debug_macinfo
                0x0001d8c9     0x3bdd ..\obj\stellaris_1.o
 .debug_macinfo
                0x000214a6     0x42cf ..\obj\timer.o
 .debug_macinfo
                0x00025775     0xf3b2 ..\obj\pwm.o
 .debug_macinfo
                0x00034b27     0xfb57 ..\obj\Task_Control.o
 .debug_macinfo
                0x0004467e     0x16c9 ..\obj\system_tick.o
 .debug_macinfo
                0x00045d47    0x109ca ..\obj\main.o
 .debug_macinfo
                0x00056711     0x4c4f ..\obj\framebuffer.o
 .debug_macinfo
                0x0005b360    0x1284d ..\obj\sysctl.o
 .debug_macinfo
                0x0006dbad     0x427f ..\obj\timers.o
 .debug_macinfo
                0x00071e2c    0x119e1 ..\obj\gpio.o
 .debug_macinfo
                0x0008380d     0x1fce ..\obj\display.o
 .debug_macinfo
                0x000857db     0x3d68 ..\obj\display_RIT.o
 .debug_macinfo
                0x00089543     0x6afa ..\obj\tasks.o
 .debug_macinfo
                0x0009003d     0x4c21 ..\obj\egoera_makina.o
 .debug_macinfo
                0x00094c5e    0x100b1 ..\obj\Task_Seguridad.o
 .debug_macinfo
                0x000a4d0f     0x76e6 ..\obj\interrupt.o
 .debug_macinfo
                0x000ac3f5    0x1090a ..\obj\rit128x96x4.o
 .debug_macinfo
                0x000bccff     0x946f ..\obj\keypad.o
 .debug_macinfo
                0x000c616e     0x58b5 ..\obj\ad.o
 .debug_macinfo
                0x000cba23     0x16a5 ..\obj\startup_lm3s.o
 .debug_macinfo
                0x000cd0c8     0x4f5e ..\obj\list.o
 .debug_macinfo
                0x000d2026     0x492d ..\obj\syscalls.o
 .debug_macinfo
                0x000d6953     0x57bf ..\obj\ssi.o
 .debug_macinfo
                0x000dc112     0x8145 ..\obj\adc.o
 .debug_macinfo
                0x000e4257     0x566d ..\obj\queue.o
 .debug_macinfo
                0x000e98c4     0x37bd ..\obj\port.o
 .debug_macinfo
                0x000ed081     0xab1a ..\obj\pwm_generico.o
 .debug_macinfo
                0x000f7b9b     0x3c8a ..\obj\croutine.o
 .debug_macinfo
                0x000fb825     0x7990 ..\obj\task_display.o
 .debug_macinfo
                0x001031b5     0x1680 ..\obj\cpu.o
 .debug_macinfo
                0x00104835     0x431d ..\obj\console.o
 .debug_macinfo
                0x00108b52     0x76ea ..\obj\systick.o
 .debug_macinfo
                0x0011023c     0x52fc ..\obj\heap_1.o
 .debug_macinfo
                0x00115538     0xf967 ..\obj\ultrasonidos.o
 .debug_macinfo
                0x00124e9f     0x1683 ..\obj\Task_Idle.o
 .debug_macinfo
                0x00126522     0x42b1 ..\obj\clock.o
 .debug_macinfo
                0x0012a7d3     0x9c50 ..\obj\Task_Recibir_Infrarrojos.o

.debug_loc      0x00000000     0x50a0
 .debug_loc     0x00000000      0x67c ..\obj\Recepcion_Infrarrojos.o
 .debug_loc     0x0000067c       0xe0 ..\obj\pines.o
 .debug_loc     0x0000075c       0x70 ..\obj\system_lm3s.o
 .debug_loc     0x000007cc      0x3f0 ..\obj\core_cm3.o
 .debug_loc     0x00000bbc       0x92 ..\obj\stellaris_1.o
 .debug_loc     0x00000c4e      0x508 ..\obj\timer.o
 .debug_loc     0x00001156      0x738 ..\obj\pwm.o
 .debug_loc     0x0000188e       0x64 ..\obj\Task_Control.o
 .debug_loc     0x000018f2       0x38 ..\obj\system_tick.o
 .debug_loc     0x0000192a       0x64 ..\obj\main.o
 .debug_loc     0x0000198e      0x18a ..\obj\framebuffer.o
 .debug_loc     0x00001b18      0x894 ..\obj\sysctl.o
 .debug_loc     0x000023ac      0x700 ..\obj\gpio.o
 .debug_loc     0x00002aac       0x90 ..\obj\display.o
 .debug_loc     0x00002b3c       0x9c ..\obj\display_RIT.o
 .debug_loc     0x00002bd8      0x574 ..\obj\tasks.o
 .debug_loc     0x0000314c       0x70 ..\obj\egoera_makina.o
 .debug_loc     0x000031bc       0x64 ..\obj\Task_Seguridad.o
 .debug_loc     0x00003220      0x244 ..\obj\interrupt.o
 .debug_loc     0x00003464      0x224 ..\obj\rit128x96x4.o
 .debug_loc     0x00003688       0x9c ..\obj\keypad.o
 .debug_loc     0x00003724       0x84 ..\obj\ad.o
 .debug_loc     0x000037a8       0x64 ..\obj\startup_lm3s.o
 .debug_loc     0x0000380c      0x118 ..\obj\list.o
 .debug_loc     0x00003924      0x1ec ..\obj\syscalls.o
 .debug_loc     0x00003b10      0x380 ..\obj\ssi.o
 .debug_loc     0x00003e90      0x5e8 ..\obj\adc.o
 .debug_loc     0x00004478      0x348 ..\obj\queue.o
 .debug_loc     0x000047c0      0x178 ..\obj\port.o
 .debug_loc     0x00004938       0x70 ..\obj\pwm_generico.o
 .debug_loc     0x000049a8      0x188 ..\obj\croutine.o
 .debug_loc     0x00004b30       0x38 ..\obj\task_display.o
 .debug_loc     0x00004b68      0x118 ..\obj\console.o
 .debug_loc     0x00004c80      0x1a4 ..\obj\systick.o
 .debug_loc     0x00004e24       0xc8 ..\obj\heap_1.o
 .debug_loc     0x00004eec      0x118 ..\obj\ultrasonidos.o
 .debug_loc     0x00005004       0x38 ..\obj\Task_Idle.o
 .debug_loc     0x0000503c       0x2c ..\obj\clock.o
 .debug_loc     0x00005068       0x38 ..\obj\Task_Recibir_Infrarrojos.o

.debug_pubnames
                0x00000000     0x2dc3
 .debug_pubnames
                0x00000000      0x8b0 ..\obj\Recepcion_Infrarrojos.o
 .debug_pubnames
                0x000008b0       0x8a ..\obj\pines.o
 .debug_pubnames
                0x0000093a       0x86 ..\obj\system_lm3s.o
 .debug_pubnames
                0x000009c0      0x159 ..\obj\core_cm3.o
 .debug_pubnames
                0x00000b19       0xce ..\obj\stellaris_1.o
 .debug_pubnames
                0x00000be7      0x1d2 ..\obj\timer.o
 .debug_pubnames
                0x00000db9      0x2d1 ..\obj\pwm.o
 .debug_pubnames
                0x0000108a       0xd0 ..\obj\Task_Control.o
 .debug_pubnames
                0x0000115a       0x34 ..\obj\system_tick.o
 .debug_pubnames
                0x0000118e       0x89 ..\obj\main.o
 .debug_pubnames
                0x00001217      0x13e ..\obj\framebuffer.o
 .debug_pubnames
                0x00001355      0x41f ..\obj\sysctl.o
 .debug_pubnames
                0x00001774      0x2a9 ..\obj\gpio.o
 .debug_pubnames
                0x00001a1d       0x66 ..\obj\display.o
 .debug_pubnames
                0x00001a83       0x72 ..\obj\display_RIT.o
 .debug_pubnames
                0x00001af5      0x1ee ..\obj\tasks.o
 .debug_pubnames
                0x00001ce3       0x5f ..\obj\egoera_makina.o
 .debug_pubnames
                0x00001d42       0xf8 ..\obj\Task_Seguridad.o
 .debug_pubnames
                0x00001e3a       0xd6 ..\obj\interrupt.o
 .debug_pubnames
                0x00001f10       0xce ..\obj\rit128x96x4.o
 .debug_pubnames
                0x00001fde       0x80 ..\obj\keypad.o
 .debug_pubnames
                0x0000205e       0xc3 ..\obj\ad.o
 .debug_pubnames
                0x00002121       0x4a ..\obj\startup_lm3s.o
 .debug_pubnames
                0x0000216b       0x71 ..\obj\list.o
 .debug_pubnames
                0x000021dc       0x71 ..\obj\syscalls.o
 .debug_pubnames
                0x0000224d      0x133 ..\obj\ssi.o
 .debug_pubnames
                0x00002380      0x2c3 ..\obj\adc.o
 .debug_pubnames
                0x00002643      0x111 ..\obj\queue.o
 .debug_pubnames
                0x00002754      0x10d ..\obj\port.o
 .debug_pubnames
                0x00002861       0x56 ..\obj\pwm_generico.o
 .debug_pubnames
                0x000028b7       0x96 ..\obj\croutine.o
 .debug_pubnames
                0x0000294d       0x79 ..\obj\task_display.o
 .debug_pubnames
                0x000029c6       0x37 ..\obj\cpu.o
 .debug_pubnames
                0x000029fd       0x86 ..\obj\console.o
 .debug_pubnames
                0x00002a83       0xd0 ..\obj\systick.o
 .debug_pubnames
                0x00002b53       0x64 ..\obj\heap_1.o
 .debug_pubnames
                0x00002bb7      0x149 ..\obj\ultrasonidos.o
 .debug_pubnames
                0x00002d00       0x21 ..\obj\Task_Idle.o
 .debug_pubnames
                0x00002d21       0x2e ..\obj\clock.o
 .debug_pubnames
                0x00002d4f       0x74 ..\obj\Task_Recibir_Infrarrojos.o

.debug_pubtypes
                0x00000000      0xa28
 .debug_pubtypes
                0x00000000       0x86 ..\obj\Recepcion_Infrarrojos.o
 .debug_pubtypes
                0x00000086       0x2f ..\obj\pines.o
 .debug_pubtypes
                0x000000b5       0x3b ..\obj\system_lm3s.o
 .debug_pubtypes
                0x000000f0       0x50 ..\obj\core_cm3.o
 .debug_pubtypes
                0x00000140       0xa7 ..\obj\stellaris_1.o
 .debug_pubtypes
                0x000001e7       0x1f ..\obj\timer.o
 .debug_pubtypes
                0x00000206       0x1f ..\obj\pwm.o
 .debug_pubtypes
                0x00000225       0xac ..\obj\Task_Control.o
 .debug_pubtypes
                0x000002d1       0x22 ..\obj\main.o
 .debug_pubtypes
                0x000002f3       0x3f ..\obj\framebuffer.o
 .debug_pubtypes
                0x00000332       0x1f ..\obj\sysctl.o
 .debug_pubtypes
                0x00000351       0x12 ..\obj\timers.o
 .debug_pubtypes
                0x00000363       0x1f ..\obj\gpio.o
 .debug_pubtypes
                0x00000382       0x12 ..\obj\display.o
 .debug_pubtypes
                0x00000394       0x12 ..\obj\display_RIT.o
 .debug_pubtypes
                0x000003a6      0x10c ..\obj\tasks.o
 .debug_pubtypes
                0x000004b2       0x65 ..\obj\egoera_makina.o
 .debug_pubtypes
                0x00000517       0x30 ..\obj\Task_Seguridad.o
 .debug_pubtypes
                0x00000547       0x1f ..\obj\interrupt.o
 .debug_pubtypes
                0x00000566       0x12 ..\obj\rit128x96x4.o
 .debug_pubtypes
                0x00000578       0x2f ..\obj\keypad.o
 .debug_pubtypes
                0x000005a7       0x12 ..\obj\ad.o
 .debug_pubtypes
                0x000005b9       0x7a ..\obj\list.o
 .debug_pubtypes
                0x00000633       0xaa ..\obj\syscalls.o
 .debug_pubtypes
                0x000006dd       0x1f ..\obj\ssi.o
 .debug_pubtypes
                0x000006fc       0x1f ..\obj\adc.o
 .debug_pubtypes
                0x0000071b       0xd4 ..\obj\queue.o
 .debug_pubtypes
                0x000007ef       0x33 ..\obj\port.o
 .debug_pubtypes
                0x00000822       0x12 ..\obj\pwm_generico.o
 .debug_pubtypes
                0x00000834       0xcd ..\obj\croutine.o
 .debug_pubtypes
                0x00000901       0x30 ..\obj\task_display.o
 .debug_pubtypes
                0x00000931       0x12 ..\obj\console.o
 .debug_pubtypes
                0x00000943       0x12 ..\obj\systick.o
 .debug_pubtypes
                0x00000955       0x2c ..\obj\heap_1.o
 .debug_pubtypes
                0x00000981       0x1f ..\obj\ultrasonidos.o
 .debug_pubtypes
                0x000009a0       0x12 ..\obj\clock.o
 .debug_pubtypes
                0x000009b2       0x76 ..\obj\Task_Recibir_Infrarrojos.o

.debug_aranges  0x00000000     0x1020
 .debug_aranges
                0x00000000      0x130 ..\obj\Recepcion_Infrarrojos.o
 .debug_aranges
                0x00000130       0x38 ..\obj\pines.o
 .debug_aranges
                0x00000168       0x28 ..\obj\system_lm3s.o
 .debug_aranges
                0x00000190       0xc8 ..\obj\core_cm3.o
 .debug_aranges
                0x00000258       0x30 ..\obj\stellaris_1.o
 .debug_aranges
                0x00000288       0xd0 ..\obj\timer.o
 .debug_aranges
                0x00000358      0x120 ..\obj\pwm.o
 .debug_aranges
                0x00000478       0x28 ..\obj\Task_Control.o
 .debug_aranges
                0x000004a0       0x20 ..\obj\system_tick.o
 .debug_aranges
                0x000004c0       0x28 ..\obj\main.o
 .debug_aranges
                0x000004e8       0x50 ..\obj\framebuffer.o
 .debug_aranges
                0x00000538      0x170 ..\obj\sysctl.o
 .debug_aranges
                0x000006a8      0x118 ..\obj\gpio.o
 .debug_aranges
                0x000007c0       0x30 ..\obj\display.o
 .debug_aranges
                0x000007f0       0x30 ..\obj\display_RIT.o
 .debug_aranges
                0x00000820       0xe8 ..\obj\tasks.o
 .debug_aranges
                0x00000908       0x28 ..\obj\egoera_makina.o
 .debug_aranges
                0x00000930       0x28 ..\obj\Task_Seguridad.o
 .debug_aranges
                0x00000958       0x70 ..\obj\interrupt.o
 .debug_aranges
                0x000009c8       0x68 ..\obj\rit128x96x4.o
 .debug_aranges
                0x00000a30       0x30 ..\obj\keypad.o
 .debug_aranges
                0x00000a60       0x30 ..\obj\ad.o
 .debug_aranges
                0x00000a90       0x28 ..\obj\startup_lm3s.o
 .debug_aranges
                0x00000ab8       0x40 ..\obj\list.o
 .debug_aranges
                0x00000af8       0x60 ..\obj\syscalls.o
 .debug_aranges
                0x00000b58       0x98 ..\obj\ssi.o
 .debug_aranges
                0x00000bf0       0xf0 ..\obj\adc.o
 .debug_aranges
                0x00000ce0       0x90 ..\obj\queue.o
 .debug_aranges
                0x00000d70       0x70 ..\obj\port.o
 .debug_aranges
                0x00000de0       0x28 ..\obj\pwm_generico.o
 .debug_aranges
                0x00000e08       0x50 ..\obj\croutine.o
 .debug_aranges
                0x00000e58       0x20 ..\obj\task_display.o
 .debug_aranges
                0x00000e78       0x30 ..\obj\cpu.o
 .debug_aranges
                0x00000ea8       0x40 ..\obj\console.o
 .debug_aranges
                0x00000ee8       0x60 ..\obj\systick.o
 .debug_aranges
                0x00000f48       0x38 ..\obj\heap_1.o
 .debug_aranges
                0x00000f80       0x40 ..\obj\ultrasonidos.o
 .debug_aranges
                0x00000fc0       0x20 ..\obj\Task_Idle.o
 .debug_aranges
                0x00000fe0       0x20 ..\obj\clock.o
 .debug_aranges
                0x00001000       0x20 ..\obj\Task_Recibir_Infrarrojos.o

.debug_ranges   0x00000000      0xda0
 .debug_ranges  0x00000000      0x120 ..\obj\Recepcion_Infrarrojos.o
 .debug_ranges  0x00000120       0x28 ..\obj\pines.o
 .debug_ranges  0x00000148       0x18 ..\obj\system_lm3s.o
 .debug_ranges  0x00000160       0xb8 ..\obj\core_cm3.o
 .debug_ranges  0x00000218       0x20 ..\obj\stellaris_1.o
 .debug_ranges  0x00000238       0xc0 ..\obj\timer.o
 .debug_ranges  0x000002f8      0x110 ..\obj\pwm.o
 .debug_ranges  0x00000408       0x18 ..\obj\Task_Control.o
 .debug_ranges  0x00000420       0x10 ..\obj\system_tick.o
 .debug_ranges  0x00000430       0x18 ..\obj\main.o
 .debug_ranges  0x00000448       0x40 ..\obj\framebuffer.o
 .debug_ranges  0x00000488      0x160 ..\obj\sysctl.o
 .debug_ranges  0x000005e8      0x108 ..\obj\gpio.o
 .debug_ranges  0x000006f0       0x20 ..\obj\display.o
 .debug_ranges  0x00000710       0x20 ..\obj\display_RIT.o
 .debug_ranges  0x00000730       0xd8 ..\obj\tasks.o
 .debug_ranges  0x00000808       0x18 ..\obj\egoera_makina.o
 .debug_ranges  0x00000820       0x18 ..\obj\Task_Seguridad.o
 .debug_ranges  0x00000838       0x60 ..\obj\interrupt.o
 .debug_ranges  0x00000898       0x58 ..\obj\rit128x96x4.o
 .debug_ranges  0x000008f0       0x20 ..\obj\keypad.o
 .debug_ranges  0x00000910       0x20 ..\obj\ad.o
 .debug_ranges  0x00000930       0x18 ..\obj\startup_lm3s.o
 .debug_ranges  0x00000948       0x30 ..\obj\list.o
 .debug_ranges  0x00000978       0x50 ..\obj\syscalls.o
 .debug_ranges  0x000009c8       0x88 ..\obj\ssi.o
 .debug_ranges  0x00000a50       0xe0 ..\obj\adc.o
 .debug_ranges  0x00000b30       0x80 ..\obj\queue.o
 .debug_ranges  0x00000bb0       0x60 ..\obj\port.o
 .debug_ranges  0x00000c10       0x18 ..\obj\pwm_generico.o
 .debug_ranges  0x00000c28       0x40 ..\obj\croutine.o
 .debug_ranges  0x00000c68       0x10 ..\obj\task_display.o
 .debug_ranges  0x00000c78       0x20 ..\obj\cpu.o
 .debug_ranges  0x00000c98       0x30 ..\obj\console.o
 .debug_ranges  0x00000cc8       0x50 ..\obj\systick.o
 .debug_ranges  0x00000d18       0x28 ..\obj\heap_1.o
 .debug_ranges  0x00000d40       0x30 ..\obj\ultrasonidos.o
 .debug_ranges  0x00000d70       0x10 ..\obj\Task_Idle.o
 .debug_ranges  0x00000d80       0x10 ..\obj\clock.o
 .debug_ranges  0x00000d90       0x10 ..\obj\Task_Recibir_Infrarrojos.o

.debug_str      0x00000000     0x4096
 .debug_str     0x00000000      0x8a6 ..\obj\Recepcion_Infrarrojos.o
                                0x973 (size before relaxing)
 .debug_str     0x000008a6       0xeb ..\obj\pines.o
                                0x193 (size before relaxing)
 .debug_str     0x00000991      0x1e1 ..\obj\system_lm3s.o
                                0x276 (size before relaxing)
 .debug_str     0x00000b72      0x17b ..\obj\core_cm3.o
                                0x22c (size before relaxing)
 .debug_str     0x00000ced      0x1eb ..\obj\stellaris_1.o
                                0x286 (size before relaxing)
 .debug_str     0x00000ed8      0x203 ..\obj\timer.o
                                0x238 (size before relaxing)
 .debug_str     0x000010db      0x364 ..\obj\pwm.o
                                0x3d4 (size before relaxing)
 .debug_str     0x0000143f       0xf7 ..\obj\Task_Control.o
                                0x2e5 (size before relaxing)
 .debug_str     0x00001536       0x5c ..\obj\system_tick.o
                                 0x7a (size before relaxing)
 .debug_str     0x00001592       0x62 ..\obj\main.o
                                0x197 (size before relaxing)
 .debug_str     0x000015f4      0x197 ..\obj\framebuffer.o
                                0x279 (size before relaxing)
 .debug_str     0x0000178b      0x482 ..\obj\sysctl.o
                                0x4ef (size before relaxing)
 .debug_str     0x00001c0d       0x3f ..\obj\timers.o
                                 0x92 (size before relaxing)
 .debug_str     0x00001c4c      0x30f ..\obj\gpio.o
                                0x399 (size before relaxing)
 .debug_str     0x00001f5b       0x88 ..\obj\display.o
                                 0xad (size before relaxing)
 .debug_str     0x00001fe3       0xb2 ..\obj\display_RIT.o
                                0x14f (size before relaxing)
 .debug_str     0x00002095      0x654 ..\obj\tasks.o
                                0x75c (size before relaxing)
 .debug_str     0x000026e9       0x96 ..\obj\egoera_makina.o
                                0x1cf (size before relaxing)
 .debug_str     0x0000277f       0xd2 ..\obj\Task_Seguridad.o
                                0x210 (size before relaxing)
 .debug_str     0x00002851      0x11f ..\obj\interrupt.o
                                0x1ac (size before relaxing)
 .debug_str     0x00002970      0x1a8 ..\obj\rit128x96x4.o
                                0x23d (size before relaxing)
 .debug_str     0x00002b18       0x83 ..\obj\keypad.o
                                0x172 (size before relaxing)
 .debug_str     0x00002b9b       0xbe ..\obj\ad.o
                                0x18b (size before relaxing)
 .debug_str     0x00002c59       0xaa ..\obj\startup_lm3s.o
                                 0xd5 (size before relaxing)
 .debug_str     0x00002d03       0xd0 ..\obj\list.o
                                0x203 (size before relaxing)
 .debug_str     0x00002dd3      0x163 ..\obj\syscalls.o
                                0x251 (size before relaxing)
 .debug_str     0x00002f36      0x194 ..\obj\ssi.o
                                0x204 (size before relaxing)
 .debug_str     0x000030ca      0x30c ..\obj\adc.o
                                0x3a8 (size before relaxing)
 .debug_str     0x000033d6      0x2d6 ..\obj\queue.o
                                0x47b (size before relaxing)
 .debug_str     0x000036ac      0x164 ..\obj\port.o
                                0x1f3 (size before relaxing)
 .debug_str     0x00003810       0xb8 ..\obj\pwm_generico.o
                                 0xfd (size before relaxing)
 .debug_str     0x000038c8      0x283 ..\obj\croutine.o
                                0x3d2 (size before relaxing)
 .debug_str     0x00003b4b       0x57 ..\obj\task_display.o
                                0x231 (size before relaxing)
 .debug_str     0x00003ba2       0x5f ..\obj\cpu.o
                                 0x7d (size before relaxing)
 .debug_str     0x00003c01       0xa0 ..\obj\console.o
                                0x167 (size before relaxing)
 .debug_str     0x00003ca1       0xde ..\obj\systick.o
                                0x11e (size before relaxing)
 .debug_str     0x00003d7f       0xcb ..\obj\heap_1.o
                                0x16e (size before relaxing)
 .debug_str     0x00003e4a      0x150 ..\obj\ultrasonidos.o
                                0x289 (size before relaxing)
 .debug_str     0x00003f9a       0x47 ..\obj\Task_Idle.o
                                 0x60 (size before relaxing)
 .debug_str     0x00003fe1       0x50 ..\obj\clock.o
                                 0x6a (size before relaxing)
 .debug_str     0x00004031       0x65 ..\obj\Task_Recibir_Infrarrojos.o
                                0x211 (size before relaxing)

.comment        0x00000000       0x2a
 .comment       0x00000000       0x2a ..\obj\Recepcion_Infrarrojos.o
                                 0x2b (size before relaxing)
 .comment       0x00000000       0x2b ..\obj\pines.o
 .comment       0x00000000       0x2b ..\obj\system_lm3s.o
 .comment       0x00000000       0x2b ..\obj\core_cm3.o
 .comment       0x00000000       0x2b ..\obj\stellaris_1.o
 .comment       0x00000000       0x2b ..\obj\timer.o
 .comment       0x00000000       0x2b ..\obj\pwm.o
 .comment       0x00000000       0x2b ..\obj\Task_Control.o
 .comment       0x00000000       0x2b ..\obj\system_tick.o
 .comment       0x00000000       0x2b ..\obj\main.o
 .comment       0x00000000       0x2b ..\obj\framebuffer.o
 .comment       0x00000000       0x2b ..\obj\sysctl.o
 .comment       0x00000000       0x2b ..\obj\timers.o
 .comment       0x00000000       0x2b ..\obj\gpio.o
 .comment       0x00000000       0x2b ..\obj\display.o
 .comment       0x00000000       0x2b ..\obj\display_RIT.o
 .comment       0x00000000       0x2b ..\obj\tasks.o
 .comment       0x00000000       0x2b ..\obj\egoera_makina.o
 .comment       0x00000000       0x2b ..\obj\Task_Seguridad.o
 .comment       0x00000000       0x2b ..\obj\interrupt.o
 .comment       0x00000000       0x2b ..\obj\rit128x96x4.o
 .comment       0x00000000       0x2b ..\obj\keypad.o
 .comment       0x00000000       0x2b ..\obj\ad.o
 .comment       0x00000000       0x2b ..\obj\startup_lm3s.o
 .comment       0x00000000       0x2b ..\obj\list.o
 .comment       0x00000000       0x2b ..\obj\syscalls.o
 .comment       0x00000000       0x2b ..\obj\ssi.o
 .comment       0x00000000       0x2b ..\obj\adc.o
 .comment       0x00000000       0x2b ..\obj\queue.o
 .comment       0x00000000       0x2b ..\obj\port.o
 .comment       0x00000000       0x2b ..\obj\pwm_generico.o
 .comment       0x00000000       0x2b ..\obj\croutine.o
 .comment       0x00000000       0x2b ..\obj\task_display.o
 .comment       0x00000000       0x2b ..\obj\cpu.o
 .comment       0x00000000       0x2b ..\obj\console.o
 .comment       0x00000000       0x2b ..\obj\systick.o
 .comment       0x00000000       0x2b ..\obj\heap_1.o
 .comment       0x00000000       0x2b ..\obj\ultrasonidos.o
 .comment       0x00000000       0x2b ..\obj\Task_Idle.o
 .comment       0x00000000       0x2b ..\obj\clock.o
 .comment       0x00000000       0x2b ..\obj\Task_Recibir_Infrarrojos.o

.ARM.attributes
                0x00000000       0x31
 .ARM.attributes
                0x00000000       0x31 ..\obj\Recepcion_Infrarrojos.o
 .ARM.attributes
                0x00000031       0x31 ..\obj\pines.o
 .ARM.attributes
                0x00000062       0x31 ..\obj\system_lm3s.o
 .ARM.attributes
                0x00000093       0x31 ..\obj\core_cm3.o
 .ARM.attributes
                0x000000c4       0x31 ..\obj\stellaris_1.o
 .ARM.attributes
                0x000000f5       0x31 ..\obj\timer.o
 .ARM.attributes
                0x00000126       0x31 ..\obj\pwm.o
 .ARM.attributes
                0x00000157       0x31 ..\obj\Task_Control.o
 .ARM.attributes
                0x00000188       0x31 ..\obj\system_tick.o
 .ARM.attributes
                0x000001b9       0x31 ..\obj\main.o
 .ARM.attributes
                0x000001ea       0x31 ..\obj\framebuffer.o
 .ARM.attributes
                0x0000021b       0x31 ..\obj\sysctl.o
 .ARM.attributes
                0x0000024c       0x31 ..\obj\timers.o
 .ARM.attributes
                0x0000027d       0x31 ..\obj\gpio.o
 .ARM.attributes
                0x000002ae       0x31 ..\obj\display.o
 .ARM.attributes
                0x000002df       0x31 ..\obj\display_RIT.o
 .ARM.attributes
                0x00000310       0x31 ..\obj\tasks.o
 .ARM.attributes
                0x00000341       0x31 ..\obj\egoera_makina.o
 .ARM.attributes
                0x00000372       0x31 ..\obj\Task_Seguridad.o
 .ARM.attributes
                0x000003a3       0x31 ..\obj\interrupt.o
 .ARM.attributes
                0x000003d4       0x31 ..\obj\rit128x96x4.o
 .ARM.attributes
                0x00000405       0x31 ..\obj\keypad.o
 .ARM.attributes
                0x00000436       0x31 ..\obj\ad.o
 .ARM.attributes
                0x00000467       0x31 ..\obj\startup_lm3s.o
 .ARM.attributes
                0x00000498       0x31 ..\obj\list.o
 .ARM.attributes
                0x000004c9       0x31 ..\obj\syscalls.o
 .ARM.attributes
                0x000004fa       0x31 ..\obj\ssi.o
 .ARM.attributes
                0x0000052b       0x31 ..\obj\adc.o
 .ARM.attributes
                0x0000055c       0x31 ..\obj\queue.o
 .ARM.attributes
                0x0000058d       0x31 ..\obj\port.o
 .ARM.attributes
                0x000005be       0x31 ..\obj\pwm_generico.o
 .ARM.attributes
                0x000005ef       0x31 ..\obj\croutine.o
 .ARM.attributes
                0x00000620       0x31 ..\obj\task_display.o
 .ARM.attributes
                0x00000651       0x31 ..\obj\cpu.o
 .ARM.attributes
                0x00000682       0x31 ..\obj\console.o
 .ARM.attributes
                0x000006b3       0x31 ..\obj\systick.o
 .ARM.attributes
                0x000006e4       0x31 ..\obj\heap_1.o
 .ARM.attributes
                0x00000715       0x31 ..\obj\ultrasonidos.o
 .ARM.attributes
                0x00000746       0x31 ..\obj\Task_Idle.o
 .ARM.attributes
                0x00000777       0x31 ..\obj\clock.o
 .ARM.attributes
                0x000007a8       0x31 ..\obj\Task_Recibir_Infrarrojos.o
 .ARM.attributes
                0x000007d9       0x1b c:/app/coide/gcc/sourcery g++ lite/bin/../lib/gcc/arm-none-eabi/4.5.1/thumb2\libgcc.a(_arm_addsubdf3.o)
 .ARM.attributes
                0x000007f4       0x1b c:/app/coide/gcc/sourcery g++ lite/bin/../lib/gcc/arm-none-eabi/4.5.1/thumb2\libgcc.a(_arm_muldivdf3.o)
 .ARM.attributes
                0x0000080f       0x1b c:/app/coide/gcc/sourcery g++ lite/bin/../lib/gcc/arm-none-eabi/4.5.1/thumb2\libgcc.a(_arm_cmpdf2.o)
 .ARM.attributes
                0x0000082a       0x1b c:/app/coide/gcc/sourcery g++ lite/bin/../lib/gcc/arm-none-eabi/4.5.1/thumb2\libgcc.a(_arm_truncdfsf2.o)
 .ARM.attributes
                0x00000845       0x1b c:/app/coide/gcc/sourcery g++ lite/bin/../lib/gcc/arm-none-eabi/4.5.1/thumb2\libgcc.a(_arm_addsubsf3.o)
 .ARM.attributes
                0x00000860       0x1b c:/app/coide/gcc/sourcery g++ lite/bin/../lib/gcc/arm-none-eabi/4.5.1/thumb2\libgcc.a(_arm_muldivsf3.o)
 .ARM.attributes
                0x0000087b       0x1b c:/app/coide/gcc/sourcery g++ lite/bin/../lib/gcc/arm-none-eabi/4.5.1/thumb2\libgcc.a(_arm_cmpsf2.o)
 .ARM.attributes
                0x00000896       0x1b c:/app/coide/gcc/sourcery g++ lite/bin/../lib/gcc/arm-none-eabi/4.5.1/thumb2\libgcc.a(_arm_fixunssfsi.o)
 .ARM.attributes
                0x000008b1       0x29 c:/app/coide/gcc/sourcery g++ lite/bin/../lib/gcc/arm-none-eabi/4.5.1/../../../../arm-none-eabi/lib/thumb2\libc.a(lib_a-memcpy.o)
 .ARM.attributes
                0x000008da       0x29 c:/app/coide/gcc/sourcery g++ lite/bin/../lib/gcc/arm-none-eabi/4.5.1/../../../../arm-none-eabi/lib/thumb2\libc.a(lib_a-memset.o)
 .ARM.attributes
                0x00000903       0x29 c:/app/coide/gcc/sourcery g++ lite/bin/../lib/gcc/arm-none-eabi/4.5.1/../../../../arm-none-eabi/lib/thumb2\libc.a(lib_a-sprintf.o)
 .ARM.attributes
                0x0000092c       0x29 c:/app/coide/gcc/sourcery g++ lite/bin/../lib/gcc/arm-none-eabi/4.5.1/../../../../arm-none-eabi/lib/thumb2\libc.a(lib_a-strlen.o)
 .ARM.attributes
                0x00000955       0x29 c:/app/coide/gcc/sourcery g++ lite/bin/../lib/gcc/arm-none-eabi/4.5.1/../../../../arm-none-eabi/lib/thumb2\libc.a(lib_a-strncpy.o)
 .ARM.attributes
                0x0000097e       0x29 c:/app/coide/gcc/sourcery g++ lite/bin/../lib/gcc/arm-none-eabi/4.5.1/../../../../arm-none-eabi/lib/thumb2\libc.a(lib_a-svfprintf.o)
 .ARM.attributes
                0x000009a7       0x29 c:/app/coide/gcc/sourcery g++ lite/bin/../lib/gcc/arm-none-eabi/4.5.1/../../../../arm-none-eabi/lib/thumb2\libc.a(lib_a-dtoa.o)
 .ARM.attributes
                0x000009d0       0x29 c:/app/coide/gcc/sourcery g++ lite/bin/../lib/gcc/arm-none-eabi/4.5.1/../../../../arm-none-eabi/lib/thumb2\libc.a(lib_a-impure.o)
 .ARM.attributes
                0x000009f9       0x29 c:/app/coide/gcc/sourcery g++ lite/bin/../lib/gcc/arm-none-eabi/4.5.1/../../../../arm-none-eabi/lib/thumb2\libc.a(lib_a-locale.o)
 .ARM.attributes
                0x00000a22       0x29 c:/app/coide/gcc/sourcery g++ lite/bin/../lib/gcc/arm-none-eabi/4.5.1/../../../../arm-none-eabi/lib/thumb2\libc.a(lib_a-malloc.o)
 .ARM.attributes
                0x00000a4b       0x29 c:/app/coide/gcc/sourcery g++ lite/bin/../lib/gcc/arm-none-eabi/4.5.1/../../../../arm-none-eabi/lib/thumb2\libc.a(lib_a-mallocr.o)
 .ARM.attributes
                0x00000a74       0x29 c:/app/coide/gcc/sourcery g++ lite/bin/../lib/gcc/arm-none-eabi/4.5.1/../../../../arm-none-eabi/lib/thumb2\libc.a(lib_a-memchr.o)
 .ARM.attributes
                0x00000a9d       0x29 c:/app/coide/gcc/sourcery g++ lite/bin/../lib/gcc/arm-none-eabi/4.5.1/../../../../arm-none-eabi/lib/thumb2\libc.a(lib_a-mlock.o)
 .ARM.attributes
                0x00000ac6       0x29 c:/app/coide/gcc/sourcery g++ lite/bin/../lib/gcc/arm-none-eabi/4.5.1/../../../../arm-none-eabi/lib/thumb2\libc.a(lib_a-mprec.o)
 .ARM.attributes
                0x00000aef       0x29 c:/app/coide/gcc/sourcery g++ lite/bin/../lib/gcc/arm-none-eabi/4.5.1/../../../../arm-none-eabi/lib/thumb2\libc.a(lib_a-s_fpclassify.o)
 .ARM.attributes
                0x00000b18       0x29 c:/app/coide/gcc/sourcery g++ lite/bin/../lib/gcc/arm-none-eabi/4.5.1/../../../../arm-none-eabi/lib/thumb2\libc.a(lib_a-sbrkr.o)
 .ARM.attributes
                0x00000b41       0x29 c:/app/coide/gcc/sourcery g++ lite/bin/../lib/gcc/arm-none-eabi/4.5.1/../../../../arm-none-eabi/lib/thumb2\libc.a(lib_a-strcmp.o)
 .ARM.attributes
                0x00000b6a       0x29 c:/app/coide/gcc/sourcery g++ lite/bin/../lib/gcc/arm-none-eabi/4.5.1/../../../../arm-none-eabi/lib/thumb2\libc.a(lib_a-svfiprintf.o)
 .ARM.attributes
                0x00000b93       0x29 c:/app/coide/gcc/sourcery g++ lite/bin/../lib/gcc/arm-none-eabi/4.5.1/../../../../arm-none-eabi/lib/thumb2\libc.a(lib_a-callocr.o)
 .ARM.attributes
                0x00000bbc       0x29 c:/app/coide/gcc/sourcery g++ lite/bin/../lib/gcc/arm-none-eabi/4.5.1/../../../../arm-none-eabi/lib/thumb2\libc.a(lib_a-freer.o)
 .ARM.attributes
                0x00000be5       0x29 c:/app/coide/gcc/sourcery g++ lite/bin/../lib/gcc/arm-none-eabi/4.5.1/../../../../arm-none-eabi/lib/thumb2\libc.a(lib_a-memmove.o)
 .ARM.attributes
                0x00000c0e       0x29 c:/app/coide/gcc/sourcery g++ lite/bin/../lib/gcc/arm-none-eabi/4.5.1/../../../../arm-none-eabi/lib/thumb2\libc.a(lib_a-reallocr.o)
 .ARM.attributes